n=17, S=[1, 2, 3, 4, 5, 6, 7, 8], kmax=5
Computing cc and f...
  cc+f: 1.7s
  α₁=1,651,334,601  α₂=1,482,234,998
Computing G_2 = cc ★ G_1...
  α_2 = 1,482,234,998  (7.3s)
Computing G_3 = cc ★ G_2...
  α_3 = 458,011,858  (6.0s)
Computing G_4 = cc ★ G_3...
  α_4 = 45,997,104  (4.5s)
Computing G_5 = cc ★ G_4...
  α_5 = 1,800,368  (3.3s)

=== RESULTS n=17 ===
H (OCF) = 13,689,269,499
H (ref) = 13,689,269,499
Match: True

Term breakdown:
  2^1 * α_1 =             3,302,669,202  (α_1=1,651,334,601)
  2^2 * α_2 =             5,928,939,992  (α_2=1,482,234,998)
  2^3 * α_3 =             3,664,094,864  (α_3=458,011,858)
  2^4 * α_4 =               735,953,664  (α_4=45,997,104)
  2^5 * α_5 =                57,611,776  (α_5=1,800,368)

Ratios:
  α₁/(2α₂) = 0.55704
  α₃/α₂ = 0.30900
  α₃/α₁ = 0.27736
