n=23, S=[1, 2, 3, 4, 5, 6, 7, 8, 9, 10, 11], kmax=7
Computing cycle_cc for n=23...
  cycle_cc: 383.1s
Precomputing popcounts...
  done: 0.5s

=== Modular run 1 (p=2147483647) ===
    k=1: G_1[full] ≡ 1210688482
    k=2: G_2[full] ≡ 132288948  [136.6s]
    k=3: G_3[full] ≡ 1831924376  [102.8s]
    k=4: G_4[full] ≡ 1880227089  [128.3s]
    k=5: G_5[full] ≡ 1967445535  [145.5s]
    k=6: G_6[full] ≡ 1277534964  [118.8s]
    k=7: G_7[full] ≡ 168654422  [98.1s]
  Total run 1: 732.1s

=== Modular run 2 (p=2147483629) ===
    k=1: G_1[full] ≡ 1222352752
    k=2: G_2[full] ≡ 157428900  [111.0s]
    k=3: G_3[full] ≡ 1863754856  [103.4s]
    k=4: G_4[full] ≡ 1902716739  [105.7s]
    k=5: G_5[full] ≡ 1978454605  [98.6s]
    k=6: G_6[full] ≡ 1280023068  [95.5s]
    k=7: G_7[full] ≡ 168969314  [96.4s]
  Total run 2: 612.2s

=== CRT recovery ===
  α_1 = 1,391,602,826,199,187
  α_2 = 1,499,656,616,321,278
  α_3 = 632,921,002,322,216
  α_4 = 111,796,734,828,336
  α_5 = 10,945,293,151,712
  α_6 = 412,282,843,184
  α_7 = 7,454,017,376

=== FINAL RESULTS n=23 (total: 1728.3s) ===
H = 16,011,537,490,557,279

Term breakdown:
  2^1 × α_1 =          2,783,205,652,398,374   (17.4%)   α_1=1,391,602,826,199,187
  2^2 × α_2 =          5,998,626,465,285,112   (37.5%)   α_2=1,499,656,616,321,278
  2^3 × α_3 =          5,063,368,018,577,728   (31.6%)   α_3=632,921,002,322,216
  2^4 × α_4 =          1,788,747,757,253,376   (11.2%)   α_4=111,796,734,828,336
  2^5 × α_5 =            350,249,380,854,784   (2.2%)   α_5=10,945,293,151,712
  2^6 × α_6 =             26,386,101,963,776   (0.2%)   α_6=412,282,843,184
  2^7 × α_7 =                954,114,224,128   (0.0%)   α_7=7,454,017,376

Ratios:
  α₁/(2α₂) = 0.463974
  α₃/α₂    = 0.422044
  8α₃/2α₁  = 1.819258  (>1 means 8α₃ > 2α₁)
