HUNT R=128 floor profile, rank=l1deg beam=400 ctrl=2 span=2 a2_from=64 prefilter=1200 seed=None rand_frac=0.0 c2=(3,6)
  row   0: st=    4 bestdeg= 126 bestL1=168924678844171432443777716099766351655 def2=639696404592508100111417604994921795 t=    0.0s
  row   1: st=    7 bestdeg= 125 bestL1=166306189365438096430953498997285968980 def2=205662572806361072309260555097080475 t=    0.0s
  row   2: st=   10 bestdeg= 124 bestL1=163959393644402783511093716253877911941 def2=111220026075148902553668025803154822 t=    0.0s
  row   3: st=   18 bestdeg= 123 bestL1=156433253415885571115608115988113879306 def2=29515983295920851400300787110622806 t=    0.1s
  row   4: st=   29 bestdeg= 122 bestL1=148438400666076536019077571150319984785 def2=6858559667559523472203634197261474 t=    0.1s
  row   5: st=   60 bestdeg= 121 bestL1=120514773887421208248932405161452770982 def2=3141326107132696854336247746468743 t=    0.3s
  row   6: st=   71 bestdeg= 120 bestL1=74470088672323797052969940934960087551 def2=593253775104370549048119220476411 t=    0.5s
  row   7: st=  139 bestdeg= 119 bestL1=56669630268193800931557642433591972354 def2=244325331393614644849788993028752 t=    0.7s
  row   8: st=  319 bestdeg= 118 bestL1=22787381358801863461217980849862314705 def2=37098474896935422831646483319348 t=    1.2s
  row   9: st=  400 bestdeg= 117 bestL1=20616627879101745280230929368535502116 def2=4837349334878483463964942764950 t=    2.4s
  row  10: st=  400 bestdeg= 116 bestL1=2871276540998663784966394268828797489 def2=1646635270848327840855484779087 t=    3.9s
  row  11: st=  400 bestdeg= 115 bestL1=501826487189943100249783777783721162 def2=168829980082655270381004480617 t=    5.6s
  row  12: st=  400 bestdeg= 114 bestL1=334754203913439367280331225645469999 def2=50760183953583092984493981236 t=    7.2s
  row  13: st=  400 bestdeg= 113 bestL1=24483642195193380252557347634555044 def2=4024596865414036781787274278 t=    9.0s
  row  14: st=  400 bestdeg= 112 bestL1=10361361195450004920865826504785937 def2=315819856348376734575607082 t=   10.6s
  row  15: st=  400 bestdeg= 111 bestL1=578914448544865439198377992226406 def2=63366373193822576752399801 t=   12.3s
  row  16: st=  400 bestdeg= 110 bestL1=21427081565579549861537071896911 def2=3101686455853469807107009 t=   14.0s
  row  17: st=  400 bestdeg= 109 bestL1=6709307354954900868637010209848 def2=632304148593635712641662 t=   15.7s
  row  18: st=  400 bestdeg= 108 bestL1=107970052969833853107516761329 def2=22089236387130667412669 t=   17.4s
  row  19: st=  400 bestdeg= 107 bestL1=24856810369161287175831035302 def2=594830362358910360954 t=   19.2s
  row  20: st=  400 bestdeg= 106 bestL1=212151977875767547008600009 def2=87823031874833162399 t=   20.9s
  row  21: st=  400 bestdeg= 105 bestL1=1801148478064697473287722 def2=1513684021515807181 t=   22.7s
  row  22: st=  400 bestdeg= 104 bestL1=707004715197278229513351 def2=171809123091419978 t=   24.5s
  row  23: st=  400 bestdeg= 103 bestL1=30459959678607500743036 def2=1672024123603884 t=   26.4s
  row  24: st=  400 bestdeg= 102 bestL1=11016494564355719185459 def2=1472108065032257329631 t=   28.0s
  row  25: st=  400 bestdeg= 101 bestL1=13579774320635408903280 def2=618832345502 t=   29.8s
  row  26: st=  400 bestdeg= 100 bestL1=9778311890349855944383 def2=1380178863 t=   31.7s
  row  27: st=  400 bestdeg=  99 bestL1=3741682205768562436698 def2=16034715799589 t=   33.7s
  row  28: st=  400 bestdeg=  98 bestL1=2892175221960683488813 def2=41239485596197 t=   35.9s
  row  29: st=  400 bestdeg=  97 bestL1=6769696707852788759466 def2=128 t=   38.1s
  row  30: st=  400 bestdeg=  96 bestL1=3312852146380407827955 def2=208 t=   40.4s
  row  31: st=  400 bestdeg=  95 bestL1=950177743236250698990 def2=10693756 t=   42.7s
  row  32: st=  400 bestdeg=  94 bestL1=264898233891668711715 def2=14838069847590807132321 t=   45.2s
  row  33: st=  400 bestdeg=  95 bestL1=444634630540721398172 def2=234912859045264110 t=   47.6s
  row  34: st=  400 bestdeg=  95 bestL1=104382810761307554149 def2=543919418862396101 t=   50.1s
  row  35: st=  400 bestdeg=  96 bestL1=69227722978982049774 def2=740855131081576030 t=   52.6s
  row  36: st=  400 bestdeg=  97 bestL1=87897356793423522683 def2=1309310448735771723 t=   55.3s
  row  37: st=  400 bestdeg=  97 bestL1=221546256861135501936 def2=1404460156343523552 t=   57.9s
  row  38: st=  400 bestdeg=  98 bestL1=76174654691362036295 def2=2082200098106290044 t=   60.7s
  row  39: st=  400 bestdeg=  98 bestL1=65407721911944300818 def2=258940000541202432649732 t=   63.6s
  row  40: st=  400 bestdeg=  99 bestL1=70754546796566328527 def2=62530807530635055344252521 t=   66.2s
  row  41: st=  400 bestdeg= 100 bestL1=72261237004374994492 def2=429732036832193666535322 t=   69.2s
  row  42: st=  400 bestdeg= 100 bestL1=121645145486120060967 def2=429731870746528805505436 t=   71.6s
  row  43: st=  400 bestdeg= 101 bestL1=95331218014711223940 def2=745736349582625572743662 t=   74.4s
  row  44: st=  400 bestdeg= 101 bestL1=33611830593212109057 def2=1428831950343275033520411 t=   77.6s
  row  45: st=  400 bestdeg= 102 bestL1=8627408510337402484 def2=406180684849923109087065537 t=   79.8s
  row  46: st=  400 bestdeg= 103 bestL1=5363212171892629655 def2=812361369815376753191124518 t=   81.9s
  row  47: st=  400 bestdeg= 103 bestL1=1161430944701884538 def2=812361369873112968570272137 t=   83.9s
  row  48: st=  400 bestdeg= 104 bestL1=1153024952693138161 def2=4067613857208336052704518 t=   85.9s
  row  49: st=  400 bestdeg= 104 bestL1=556069008701595570 def2=162259276829213328188080217585630 t=   88.0s
  row  50: st=  400 bestdeg= 105 bestL1=380696936964063263 def2=7497600208769671994053115 t=   90.0s
  row  51: st=  400 bestdeg= 106 bestL1=37202761431007924 def2=13909784495940727869896509 t=   91.9s
  row  52: st=  400 bestdeg= 106 bestL1=83644193693953773 def2=13909784497005114429127760 t=   93.8s
  row  53: st=  400 bestdeg= 107 bestL1=31777798203346814 def2=23736337644933688064609941 t=   96.1s
  row  54: st=  400 bestdeg= 107 bestL1=384035877762429 def2=38472295474437698067238349 t=   98.6s
  row  55: st=  400 bestdeg= 108 bestL1=360418546873960 def2=17188190374218713264087991758 t=  100.9s
  row  56: st=  400 bestdeg= 109 bestL1=563956921154911 def2=74677319697597112319371946 t=  103.5s
  row  57: st=  400 bestdeg= 109 bestL1=216486212983996 def2=74677319697573349472311523 t=  106.1s
  row  58: st=  400 bestdeg= 110 bestL1=315482699587199 def2=134867777704357209160887184 t=  108.5s
  row  59: st=  400 bestdeg= 110 bestL1=221493371812652 def2=10384593717069655256833076419758119 t=  111.1s
  row  60: st=  400 bestdeg= 111 bestL1=303867711584659 def2=226611874096457923106444456 t=  113.8s
  row  61: st=  400 bestdeg= 112 bestL1=311169142151500 def2=374627361284764337394227020 t=  116.4s
  row  62: st=  400 bestdeg= 112 bestL1=175275661479055 def2=20769187434139310511829217178455600 t=  119.2s
  row  63: st=  400 bestdeg= 113 bestL1=232134168304256 def2=41538374868278621019190167548654164 t=  121.7s
  row  64: st=  400 bestdeg= 113 bestL1=119439717449615 def2=1303288545997114431647474664 t=  124.2s
  row  65: st=  400 bestdeg= 114 bestL1=142722143679792 def2=1303288545968638844481594844 t=  126.7s
  row  66: st=  400 bestdeg= 115 bestL1=171419266638369 def2=2160211975224781381379227394 t=  129.3s
  row  67: st=  400 bestdeg= 115 bestL1=46932577785880 def2=2160211975036571000109705634 t=  131.8s
  row  68: st=  400 bestdeg= 116 bestL1=94762003841679 def2=3819364422809121748238311884 t=  134.3s
  row  69: st=  400 bestdeg= 116 bestL1=31155769011290 def2=2702192370876664743144939908246 t=  136.8s
  row  70: st=  400 bestdeg= 117 bestL1=44022610629205 def2=7254800110615151590520069500 t=  139.2s
  row  71: st=  400 bestdeg= 117 bestL1=32077389408984 def2=9525219363061637175452831039876 t=  141.9s
  row  72: st=  400 bestdeg= 118 bestL1=34354629364019 def2=12558897138873718259893400679 t=  144.7s
  row  73: st=  400 bestdeg= 119 bestL1=32757282891550 def2=20566153776947592739670467026 t=  148.1s
  row  74: st=  400 bestdeg= 119 bestL1=36036634574807 def2=17636156648098300910579741521307 t=  152.3s
  row  75: st=  400 bestdeg= 120 bestL1=38528049496174 def2=38497146362066348587241136197 t=  156.8s
  row  76: st=  400 bestdeg= 120 bestL1=50282508561813 def2=62196912857210884434542553923556 t=  161.6s
  row  77: st=  400 bestdeg= 121 bestL1=42315771508890 def2=70937970565300701676315609034 t=  166.2s
  row  78: st=  400 bestdeg= 122 bestL1=109375729367981 def2=120733680078103991748238715707 t=  171.2s
  row  79: st=  400 bestdeg= 122 bestL1=50399252372278 def2=115191225462240416755613757876475 t=  176.0s
  row  80: st=  400 bestdeg= 123 bestL1=54648814463275 def2=195584118253918937791457573619 t=  180.8s
  row  81: st=  400 bestdeg= 123 bestL1=87416498885342 def2=406425737358087913736220042261466 t=  185.8s
  row  82: st=  400 bestdeg= 124 bestL1=56460366186043 def2=384552589850237316064666408901 t=  190.7s
  row  83: st=  400 bestdeg= 125 bestL1=160359660076886 def2=690777725551486349123670887092 t=  196.2s
  row  84: st=  400 bestdeg= 125 bestL1=55432606327627 def2=752918545833219285459648210596990 t=  201.6s
  row  85: st=  400 bestdeg= 126 bestL1=96518366700924 def2=1158300513261784048995831737905 t=  206.7s
  row  86: st=  400 bestdeg= 126 bestL1=72595790986197 def2=2657651615130369053306694864801055 t=  212.1s
  row  87: st=  400 bestdeg= 127 bestL1=63401599567422 def2=1955303425708637178560074027701 t=  217.2s
  row  88: st=  400 bestdeg= 128 bestL1=162118682014461 def2=3813495142497996962756153378890 t=  222.6s
  row  89: st=  400 bestdeg= 128 bestL1=70407282458946 def2=4924654266742985488690426987924368 t=  228.3s
  row  90: st=  400 bestdeg= 129 bestL1=75358966797057 def2=6702937856609407259771550292401 t=  233.5s
  row  91: st=  400 bestdeg= 129 bestL1=131269230158546 def2=17390219922724596141070074004698412 t=  239.0s
  row  92: st=  400 bestdeg= 130 bestL1=76685082678217 def2=11091855354632172489993744570632 t=  244.2s
  row  93: st=  400 bestdeg= 131 bestL1=95330981009694 def2=32231988680742693036407061081451014 t=  249.7s
  row  94: st=  400 bestdeg= 131 bestL1=96122855840971 def2=32231781699688402251606161531037436 t=  255.6s
  row  95: st=  400 bestdeg= 132 bestL1=89121426989242 def2=37573131451936496568421832910364 t=  261.2s
  row  96: st=  400 bestdeg= 132 bestL1=199851007104779 def2=113860141566793108402696850603878932 t=  267.0s
  row  97: st=  400 bestdeg= 133 bestL1=92926316358606 def2=64783130225243311014974734760571 t=  272.6s
  row  98: st=  400 bestdeg= 134 bestL1=86416435261429 def2=105919143417821345575459604765706 t=  278.4s
  row  99: st=  400 bestdeg= 134 bestL1=147609612648558 def2=211051237581921024543813951079719069 t=  284.4s
  row 100: st=  400 bestdeg= 135 bestL1=113843176010033 def2=200355783736193193609414433256135 t=  290.5s
  row 101: st=  400 bestdeg= 135 bestL1=251430285296732 def2=745512295554480159329240969830995216 t=  296.5s
  row 102: st=  400 bestdeg= 136 bestL1=109730936115007 def2=745192695935147222793223997775804550 t=  302.1s
  row 103: st=  400 bestdeg= 137 bestL1=102198735170788 def2=618707859548334425507428196097444 t=  308.1s
  row 104: st=  400 bestdeg= 137 bestL1=324088583522905 def2=615495826280348367497443092606809 t=  314.1s
  row 105: st=  400 bestdeg= 138 bestL1=234699444444556 def2=2436407872178827521788413806059964349 t=  320.8s
  row 106: st=  154 bestdeg= 138 bestL1=194772667554939 def2=2787587832904344753028473168769450515879959 t=  325.1s
  row 107: st=  114 bestdeg= 139 bestL1=427405782348236 def2=2787582515992361613364981553572495093982017 t=  326.2s
  row 108: st=  114 bestdeg= 140 bestL1=548504877599737 def2=5575143764336790668075996646279611337680374 t=  327.2s
  row 109: st=  178 bestdeg= 140 bestL1=879466517347198 def2=5575101229040925550768063724445495353721198 t=  328.7s
  row 110: st=  178 bestdeg= 141 bestL1=831924975869443 def2=11150032316898390632304395761653207183044477 t=  330.5s
  row 111: st=  232 bestdeg= 141 bestL1=124128510459164 def2=22299384069062939387681864774137658512794994 t=  332.5s
  row 112: st=  228 bestdeg= 142 bestL1=1305006644693353359470464016563545729471586531317920791247 def2=2471151283672491838453726444278810974695517 t=  335.5s
  row 113: st=  228 bestdeg= 143 bestL1=4630015724884922981866336683603704210211371371750889917298 def2=54117536036189554953624081763101732281122868 t=  338.3s
  row 114: st=   76 bestdeg= 143 bestL1=54821155237261261840675310659631561767236230238624115246955 def2=70740935917756903526891978409449941405479300 t=  340.8s
  row 115: st=   76 bestdeg= 144 bestL1=236169222604613555693022590667647384974376524633782984107672 def2=200470246894279734101326933399123734174495103 t=  341.3s
  -> died at row 116
  absorb2 method hits: {}  unknown(relaxed-pass, unconstructed): 0
  final residuals dumped: /tmp/math-wt-boxeph-multifront/05-knowledge/results/amm12592_r128_endgame_states_el1b400.json
