======================================================================
AMPLITUDE TABLE vs FORMULA CHECK
======================================================================

Formula: amplitude = 2^s * (n-2-d)! / 2^{n-2}
where d = |S| = Walsh degree, s = # unrooted even-length components

(n,d,s)           Table      Formula   Match
---------------------------------------------
(3,1,0)             1/2          1/2   ✓
(5,1,0)             1/4          1/4   ✓
(5,3,0)             1/8          1/8   ✓
(7,1,0)             3/4          3/4   ✓
(7,3,0)            1/16         1/16   ✓
(7,3,1)             1/8          1/8   ✓
(7,5,0)            1/32         1/32   ✓
(9,1,0)             3/2         45/8   ✗ !!!
(9,3,0)             3/8         3/16   ✗ !!!
(9,3,1)             3/4          3/8   ✗ !!!
(9,5,0)            1/16         1/64   ✗ !!!
(9,7,0)           1/128        1/128   ✓

======================================================================
FOUND 4 MISMATCHES!
======================================================================
  n=9, d=1, s=0: table=3/2=1.5, formula=45/8=5.625, ratio=0.266667
  n=9, d=3, s=0: table=3/8=0.375, formula=3/16=0.1875, ratio=2.000000
  n=9, d=3, s=1: table=3/4=0.75, formula=3/8=0.375, ratio=2.000000
  n=9, d=5, s=0: table=1/16=0.0625, formula=1/64=0.015625, ratio=4.000000

All mismatches are at n=9. The formula works perfectly for n=3,5,7.
The n=9 row appears to contain incorrect values.

CORRECT n=9 amplitudes from the formula:
  d=1, s=0: 45/8 = 5.625
  d=1, s=2: 45/2 = 22.5
  d=3, s=0: 3/16 = 0.1875
  d=3, s=1: 3/8 = 0.375
  d=3, s=2: 3/4 = 0.75
  d=5, s=0: 1/64 = 0.015625
  d=5, s=1: 1/32 = 0.03125
  d=5, s=2: 1/16 = 0.0625
  d=7, s=0: 1/128 = 0.0078125
  d=7, s=1: 1/64 = 0.015625
  d=7, s=2: 1/32 = 0.03125

======================================================================
LADDER RATIO CHECK: H_amp(d,r) / M_amp(d-1,s=r-1)
Predicted: = n - d always
======================================================================

  n  H_deg   r        H_amp  M_deg   s        M_amp    Ratio   n-d
----------------------------------------------------------------------
  5      2   1     0.750000      1   0     0.250000     3.00     3 ✓
  5      4   1     0.125000      3   0     0.125000     1.00     1 ✓
  5      4   2     0.250000      3   1     0.250000     1.00     1 ✓
  7      2   1     3.750000      1   0     0.750000     5.00     5 ✓
  7      4   1     0.187500      3   0     0.062500     3.00     3 ✓
  7      4   2     0.375000      3   1     0.125000     3.00     3 ✓
  7      6   1     0.031250      5   0     0.031250     1.00     1 ✓
  7      6   2     0.062500      5   1     0.062500     1.00     1 ✓
  7      6   3     0.125000      5   2     0.125000     1.00     1 ✓
  9      2   1    39.375000      1   0     5.625000     7.00     7 ✓
  9      4   1     0.937500      3   0     0.187500     5.00     5 ✓
  9      4   2     1.875000      3   1     0.375000     5.00     5 ✓
  9      6   1     0.046875      5   0     0.015625     3.00     3 ✓
  9      6   2     0.093750      5   1     0.031250     3.00     3 ✓
  9      6   3     0.187500      5   2     0.062500     3.00     3 ✓
  9      8   1     0.007812      7   0     0.007812     1.00     1 ✓
  9      8   2     0.015625      7   1     0.015625     1.00     1 ✓
  9      8   3     0.031250      7   2     0.031250     1.00     1 ✓
  9      8   4     0.062500      7   3     0.062500     1.00     1 ✓

======================================================================
BIT ACCUMULATION: 2-adic structure of the ladder
======================================================================

The ladder ratio H_amp / M_amp = n - d. Let's look at its 2-adic valuation:

  n=5:
    d=2: ratio = 3 = 2^0 * 3
    d=4: ratio = 1 = 2^0 * 1

  n=7:
    d=2: ratio = 5 = 2^0 * 5
    d=4: ratio = 3 = 2^0 * 3
    d=6: ratio = 1 = 2^0 * 1

  n=9:
    d=2: ratio = 7 = 2^0 * 7
    d=4: ratio = 5 = 2^0 * 5
    d=6: ratio = 3 = 2^0 * 3
    d=8: ratio = 1 = 2^0 * 1

  n=11:
    d=2: ratio = 9 = 2^0 * 9
    d=4: ratio = 7 = 2^0 * 7
    d=6: ratio = 5 = 2^0 * 5
    d=8: ratio = 3 = 2^0 * 3

Done.
