BERGGREN POSITIVE-CUBE SLOPE ATLAS COMPLETION THROUGH 101
status=VERIFIED-EXACT+FINITE-EXACT
algorithm=Lagrange-Mollin-Matthews_PQa_plus_complete_unit_orbits_mod_2n
survivor_count=11;sympy_independent_matches=11
admissible_slopes=[(14,23),(26,29),(26,47),(98,101)]
blocked_padic_descent=(38,47):13,(50,53):11,(50,71):13
blocked_unit_orbits=(38,53):9x2,(62,95):1x60,(74,95):1x10,(74,101):6x34
row=14/23|K=85|C=676|classes=3|unit=285769:30996|reps=1079:117,89531:9711,7429994:805896|orbits=11:7,11:3,11:|good=0.1|p=0|branches=3|fallback=2
row=26/29|K=621|C=2692|classes=6|unit=7775:312|reps=5059:203,91:3,-91:3,2069:83,51634:2072,206:8|orbits=10:0.5,10:,10:,10:4.9,10:,10:|good=0.3|p=0|branches=6|fallback=0
row=26/47|K=165|C=2116|classes=9|unit=1079:84|reps=-79:5,-101:7,101:7,79:5,926:72,1234:96,3841:299,299:23,49634:3864|orbits=46:10.33,46:21.44,46:2.25,46:13.36,46:,46:,46:7.30,46:15.38,46:|good=0.1.2.3.6.7|p=0|branches=9|fallback=0
row=38/47|K=1189|C=5668|classes=0|unit=143698819617947177389973449:4167372038262395220808020|reps=|orbits=|good=|p=13|branches=0|fallback=0
row=38/53|K=989|C=5476|classes=9|unit=550271588560695:17497618534396|reps=94314449:2999025,1649306348024249:52444890712185,915:29,15974684955:507965429,154726:4920,9737495286090:309634336096,3820065:121471,394402610851:12541273395,40720097553491430:1294823771545304|orbits=2:,2:,2:,2:,2:,2:,2:,2:,2:|good=|p=0|branches=9|fallback=0
row=50/53|K=2397|C=9988|classes=0|unit=58751:1200|reps=|orbits=|good=|p=11|branches=0|fallback=0
row=50/71|K=1653|C=9412|classes=0|unit=1440734849:35436240|reps=|orbits=|good=|p=13|branches=0|fallback=0
row=62/95|K=2117|C=13924|classes=1|unit=4233:92|reps=499494:10856|orbits=60:|good=|p=0|branches=3|fallback=1
row=74/95|K=4293|C=21316|classes=1|unit=8777860001:133970200|reps=1281567560146:19559649200|orbits=10:|good=|p=0|branches=3|fallback=0
row=74/101|K=3901|C=20932|classes=6|unit=5748147049095545351905586396477471790556425435014523786335:92032219230966774224257115217399433513124573566147616568|reps=23463355157818151:375666215101113,113605458087329947188239639:1818910047921038947828233,529552963640075684611739973843627121:8478546917445350244506391098142897,2564002744329947928758088993804327407078008801:41051639886648962034725476961196964186034913,-5033614:-80592,11951672700421420258646396966214232155924776179166218034:191355397269284735893002425579209598587900067835006432|orbits=34:,34:,34:,34:,34:,34:|good=|p=0|branches=6|fallback=0
row=98/101|K=9405|C=38404|classes=6|unit=456191:4704|reps=1853:19,523:5,-523:5,4740643:48883,179218:1848,48878:504|orbits=34:2.19,34:9.26,34:8.25,34:14.31,34:,34:|good=0.1.2.3|p=0|branches=6|fallback=0
ledger_sha256=b7dbb454acd76e66031295b04709d3dcf48aa33cbc357c8fa5c03a1b142f1686
source_lf_sha256=09cd67a5bf0c2c0368e3e9ca4350d2cbb4c856ccc3bca4afa21254aaef26e184
scope=the_517_prime-screen exclusions are inherited from THM-3547;the four surviving slopes inherit explicit positive infinite rays;no asymptotic count or classification beyond n<=101
