======================================================================
MECHANISM: WHY β₁·β₃ = 0
======================================================================
  10000/32768, t=488s, β₁=1:1437, β₃=1:94
  20000/32768, t=1022s, β₁=1:2890, β₃=1:194
  30000/32768, t=1576s, β₁=1:4447, β₃=1:296

Done in 1688.9s
  Contractible: 27648
  β₁=1: 4800
  β₃=1: 320

======================================================================
CHAIN COMPLEX DIMENSIONS BY CLASS
======================================================================

--- β₁=1 (4800 tournaments) ---
  Ω dims distribution:
    Ω = [6, 15, 21, 20, 10]: 1440
    Ω = [6, 15, 19, 15, 6]: 720
    Ω = [6, 15, 18, 13, 5]: 720
    Ω = [6, 15, 22, 28, 22]: 720
    Ω = [6, 15, 18, 12, 3]: 480
    Ω = [6, 15, 20, 17, 6]: 480
    Ω = [6, 15, 24, 33, 27]: 240
  ker(∂) distribution:
    ker = [6, 10, 12, 8, 2]: 1440
    ker = [6, 10, 10, 5, 1]: 720
    ker = [6, 10, 9, 4, 1]: 720
    ker = [6, 10, 13, 15, 7]: 720
    ker = [6, 10, 9, 3, 0]: 480
    ker = [6, 10, 11, 6, 0]: 480
    ker = [6, 10, 15, 18, 9]: 240
  im(∂) distribution:
    im = [5, 9, 12, 8, 2]: 1440
    im = [5, 9, 10, 5, 1]: 720
    im = [5, 9, 9, 4, 1]: 720
    im = [5, 9, 13, 15, 7]: 720
    im = [5, 9, 9, 3, 0]: 480
    im = [5, 9, 11, 6, 0]: 480
    im = [5, 9, 15, 18, 9]: 240

--- β₃=1 (320 tournaments) ---
  Ω dims distribution:
    Ω = [6, 15, 21, 18, 9]: 240
    Ω = [6, 15, 18, 9, 0]: 80
  ker(∂) distribution:
    ker = [6, 10, 11, 7, 3]: 240
    ker = [6, 10, 8, 1, 0]: 80
  im(∂) distribution:
    im = [5, 10, 11, 6, 3]: 240
    im = [5, 10, 8, 0, 0]: 80

======================================================================
DIMENSION 3 COMPARISON: THE KEY LEVEL
======================================================================

--- β₁=1 ---
  dim(Ω₃): {12: 480, 13: 720, 15: 720, 17: 480, 20: 1440, 28: 720, 33: 240}
  dim(ker ∂₃): {3: 480, 4: 720, 5: 720, 6: 480, 8: 1440, 15: 720, 18: 240}
  dim(im ∂₄→Ω₃): {3: 480, 4: 720, 5: 720, 6: 480, 8: 1440, 15: 720, 18: 240}
  β₃ = ker-im: {0: 4800}

--- β₃=1 ---
  dim(Ω₃): {9: 80, 18: 240}
  dim(ker ∂₃): {1: 80, 7: 240}
  dim(im ∂₄→Ω₃): {0: 80, 6: 240}
  β₃ = ker-im: {1: 320}

--- contractible ---
  dim(Ω₃): {11: 1, 12: 33, 13: 28, 14: 10, 15: 20, 16: 3, 17: 5}
  dim(ker ∂₃): {3: 34, 4: 28, 5: 30, 6: 3, 7: 5}
  dim(im ∂₄→Ω₃): {3: 34, 4: 28, 5: 30, 6: 3, 7: 5}
  β₃ = ker-im: {0: 100}

======================================================================
3-CYCLE AND FREE-CYCLE STRUCTURE
======================================================================

--- β₁=1 ---
  c₃ (total 3-cycles): {4: 720, 5: 480, 6: 2160, 7: 480, 8: 960}
  Free 3-cycles: {4: 1920, 6: 1920, 8: 960}
  Score sequences (top 5):
    [1, 2, 2, 3, 3, 4]: 2160
    [2, 2, 2, 3, 3, 3]: 960
    [1, 1, 2, 3, 4, 4]: 720
    [1, 2, 2, 2, 4, 4]: 240
    [2, 2, 2, 2, 3, 4]: 240

--- β₃=1 ---
  c₃ (total 3-cycles): {2: 80, 8: 240}
  Free 3-cycles: {1: 80, 5: 240}
  Score sequences (top 5):
    [2, 2, 2, 3, 3, 3]: 240
    [1, 1, 1, 4, 4, 4]: 80

======================================================================
DOMINATION TEST: DO ALL β₃=1 HAVE 0 FREE 3-CYCLES?
======================================================================
  All β₃=1 tournaments have free3=0: False
  All β₁=1 tournaments have free3>0: True

======================================================================
EULER CHARACTERISTIC
======================================================================
  χ distribution (all n=6): {0: 5120, 1: 27648}

Done.
