======================================================================
PART 1: RIGOROUS VERIFICATION against OEIS
======================================================================

── A000568 (Tournaments, base=2, odd_only=True) ──
  n= 1:                    1  ✓  (0.0000s)
  n= 2:                    1  ✓  (0.0000s)
  n= 3:                    2  ✓  (0.0000s)
  n= 4:                    4  ✓  (0.0000s)
  n= 5:                   12  ✓  (0.0000s)
  n= 6:                   56  ✓  (0.0000s)
  n= 7:                  456  ✓  (0.0000s)
  n= 8:                 6880  ✓  (0.0000s)
  n= 9:               191536  ✓  (0.0000s)
  n=10:              9733056  ✓  (0.0000s)
  n=11:            903753248  ✓  (0.0000s)
  n=12:         154108311168  ✓  (0.0000s)
  n=13:       48542114686912  ✓  (0.0000s)
  n=14:    28401423719122304  ✓  (0.0001s)
  n=15: 31021002160355166848  ✓  (0.0001s)

── A000088 (Simple graphs, base=2, odd_only=False) ──
  n= 0:                    1  ✓  (0.0000s)
  n= 1:                    1  ✓  (0.0000s)
  n= 2:                    1  ✗ got 1  (0.0000s)
  n= 3:                    3  ✗ got 3  (0.0000s)
  n= 4:                    7  ✗ got 7  (0.0000s)
  n= 5:                   23  ✗ got 23  (0.0000s)
  n= 6:                  102  ✗ got 102  (0.0000s)
  n= 7:                  724  ✗ got 724  (0.0000s)
  n= 8:                 9374  ✗ got 9374  (0.0000s)
  n= 9:               230427  ✗ got 230427  (0.0001s)
  n=10:             10824018  ✗ got 10824018  (0.0001s)
  n=11:            960268919  ✗ got 960268919  (0.0001s)
  n=12:         159556099595  ✗ got 159556099595  (0.0002s)

── A000273 (Digraphs, base=2, odd_only=False) ──
  n= 0:                    1  ✓  (0.0000s)
  n= 1:                    1  ✓  (0.0000s)
  n= 2:                    3  ✓  (0.0000s)
  n= 3:                   16  ✓  (0.0000s)
  n= 4:                  218  ✓  (0.0000s)
  n= 5:                 9608  ✓  (0.0000s)
  n= 6:              1540944  ✓  (0.0001s)
  n= 7:            882033440  ✓  (0.0000s)
  n= 8:        1793359192848  ✓  (0.0000s)

── A000595 (Binary relations, base=2, odd_only=False) ──
  n= 0:                    1  ✓  (0.0000s)
  n= 1:                    2  ✓  (0.0000s)
  n= 2:                   10  ✓  (0.0000s)
  n= 3:                  104  ✓  (0.0000s)
  n= 4:                 3044  ✓  (0.0000s)
  n= 5:               291968  ✓  (0.0000s)
  n= 6:             96928992  ✓  (0.0000s)
  n= 7:         112282908928  ✓  (0.0000s)
  n= 8:      458297100061728  ✓  (0.0000s)

── A001174 (Oriented graphs, base=3, odd_only=False) ──
  n= 0:                    1  ✓  (0.0000s)
  n= 1:                    1  ✓  (0.0000s)
  n= 2:                    2  ✓  (0.0000s)
  n= 3:                    7  ✓  (0.0000s)
  n= 4:                   42  ✓  (0.0000s)
  n= 5:                  582  ✓  (0.0000s)
  n= 6:                21480  ✓  (0.0000s)
  n= 7:              2142288  ✓  (0.0000s)
  n= 8:            575016219  ✗ got 575016219  (0.0000s)

── A000666 (Symmetric relations, base=2, odd_only=False) ──
  n= 0:                    1  ✓  (0.0000s)
  n= 1:                    2  ✓  (0.0000s)
  n= 2:                    6  ✓  (0.0000s)
  n= 3:                   20  ✓  (0.0000s)
  n= 4:                   90  ✓  (0.0000s)
  n= 5:                  544  ✓  (0.0000s)
  n= 6:                 5096  ✓  (0.0000s)
  n= 7:                79264  ✓  (0.0000s)
  n= 8:              2208612  ✓  (0.0000s)
  n= 9:            113743760  ✗ got 113743760  (0.0001s)

ERRORS FOUND!

======================================================================
PART 2: Identity fraction and convergence per sequence
======================================================================

── A000568 (Tournaments) ──
    n  #parts      id_frac     coupling     budget=3     budget=6
    2       1   1.00000000   0.0000e+00 err3=0.00e+00 err6=0.00e+00 ✓
    3       2   0.66666667   3.3333e-01 err3=0.00e+00 err6=0.00e+00 ✓
    4       2   0.66666667   3.3333e-01 err3=0.00e+00 err6=0.00e+00 ✓
    5       3   0.71111111   2.8889e-01 err3=8.33e-02 err6=0.00e+00 ✓
    6       4   0.81269841   1.8730e-01 err3=7.14e-02 err6=0.00e+00 ✓
    7       5   0.91250348   8.7497e-02 err3=2.63e-02 err6=4.39e-03 ✓
    8       6   0.96767811   3.2322e-02 err3=5.96e-03 err6=5.81e-04 ✓
    9       8   0.98870424   1.1296e-02 err3=1.16e-03 err6=1.88e-04 ✓
   10      10   0.99617938   3.8206e-03 err3=1.73e-04 err6=2.54e-05 ✓
   11      12   0.99872098   1.2790e-03 err3=2.18e-05 err6=2.01e-06 ✓
   12      15   0.99957800   4.2200e-04 err3=2.56e-06 err6=1.35e-07 ✓
   13      18   0.99986336   1.3664e-04 err3=2.84e-07 err6=6.69e-09 ✓
   14      22   0.99995658   4.3421e-05 err3=3.03e-08 err6=2.78e-10 ✓
   15      27   0.99998644   1.3563e-05 err3=3.11e-09 err6=1.04e-11 ✓

── A000088 (Simple graphs) ──
    n  #parts      id_frac     coupling     budget=3     budget=6
    2       2   0.66666667   3.3333e-01 err3=0.00e+00 err6=0.00e+00 ✗
    3       3   0.44444444   5.5556e-01 err3=0.00e+00 err6=0.00e+00 ✗
    4       5   0.35555556   6.4444e-01 err3=1.43e-01 err6=0.00e+00 ✗
    5       7   0.37101449   6.2899e-01 err3=3.04e-01 err6=0.00e+00 ✗
    6      11   0.44473398   5.5527e-01 err3=2.84e-01 err6=0.00e+00 ✗
    7      15   0.57419722   4.2580e-01 err3=1.98e-01 err6=6.91e-03 ✗
    8      22   0.71019721   2.8980e-01 err3=1.15e-01 err6=9.71e-03 ✗
    9      30   0.82183156   1.7817e-01 err3=5.42e-02 err6=4.57e-03 ✗
   10      42   0.89577357   1.0423e-01 err3=2.22e-02 err6=1.43e-03 ✗
   11      56   0.93994225   6.0058e-02 err3=8.39e-03 err6=3.28e-04 ✗
   12      77   0.96544900   3.4551e-02 err3=3.03e-03 err6=6.15e-05 ✗
   13     101   0.98013518   1.9865e-02 err3=1.07e-03 err6=9.71e-06 ?
   14     135   0.98860824   1.1392e-02 err3=3.67e-04 err6=1.36e-06 ?
   15     176   0.99349568   6.5043e-03 err3=1.24e-04 err6=1.75e-07 ?

── A000273 (Digraphs) ──
    n  #parts      id_frac     coupling     budget=3     budget=6
    2       2   0.66666667   3.3333e-01 err3=0.00e+00 err6=0.00e+00 ✓
    3       3   0.66666667   3.3333e-01 err3=0.00e+00 err6=0.00e+00 ✓
    4       5   0.78287462   2.1713e-01 err3=4.59e-02 err6=0.00e+00 ✓
    5       7   0.90946434   9.0536e-02 err3=1.51e-02 err6=0.00e+00 ✓
    6      11   0.96778863   3.2211e-02 err3=3.27e-03 err6=0.00e+00 ✓
    7      15   0.98933695   1.0663e-02 err3=4.52e-04 err6=2.31e-07 ✓
    8      22   0.99653361   3.4664e-03 err3=5.36e-05 err6=3.99e-07 ✓
    9      30   0.99889616   1.1038e-03 err3=5.79e-06 err6=1.39e-08 ?
   10      42   0.99965615   3.4385e-04 err3=5.93e-07 err6=2.97e-10 ?
   11      56   0.99989504   1.0496e-04 err3=5.78e-08 err6=4.15e-12 ?
   12      77   0.99996852   3.1476e-05 err3=5.41e-09 err6=4.71e-14 ?

── A000595 (Binary relations) ──
    n  #parts      id_frac     coupling     budget=3     budget=6
    2       2   0.80000000   2.0000e-01 err3=0.00e+00 err6=0.00e+00 ✓
    3       3   0.82051282   1.7949e-01 err3=0.00e+00 err6=0.00e+00 ✓
    4       5   0.89706527   1.0293e-01 err3=1.18e-02 err6=0.00e+00 ✓
    5       7   0.95770861   4.2291e-02 err3=3.71e-03 err6=0.00e+00 ✓
    6      11   0.98467668   1.5323e-02 err3=7.49e-04 err6=0.00e+00 ✓
    7      15   0.99477668   5.2233e-03 err3=1.07e-04 err6=1.32e-08 ✓
    8      22   0.99827936   1.7206e-03 err3=1.29e-05 err6=2.49e-08 ✓
    9      30   0.99944940   5.5060e-04 err3=1.43e-06 err6=8.67e-10 ?
   10      42   0.99982821   1.7179e-04 err3=1.47e-07 err6=1.77e-11 ?
   11      56   0.99994754   5.2465e-05 err3=1.44e-08 err6=2.50e-13 ?
   12      77   0.99998426   1.5737e-05 err3=1.35e-09 err6=2.88e-15 ?

── A001174 (Oriented graphs) ──
    n  #parts      id_frac     coupling     budget=3     budget=6
    2       2   0.75000000   2.5000e-01 err3=0.00e+00 err6=0.00e+00 ✓
    3       3   0.64285714   3.5714e-01 err3=0.00e+00 err6=0.00e+00 ✓
    4       5   0.72321429   2.7679e-01 err3=4.76e-02 err6=0.00e+00 ✓
    5       7   0.84548969   1.5451e-01 err3=2.75e-02 err6=0.00e+00 ✓
    6      11   0.92779504   7.2205e-02 err3=9.31e-03 err6=0.00e+00 ✓
    7      15   0.96880854   3.1191e-02 err3=2.14e-03 err6=8.87e-06 ✓
    8      22   0.98672132   1.3279e-02 err3=4.38e-04 err6=3.27e-06 ✗
    9      30   0.99442547   5.5745e-03 err3=8.32e-05 err6=3.16e-07 ?
   10      42   0.99769847   2.3015e-03 err3=1.50e-05 err6=1.93e-08 ?
   11      56   0.99906601   9.3399e-04 err3=2.58e-06 err6=8.49e-10 ?
   12      77   0.99962701   3.7299e-04 err3=4.28e-07 err6=3.05e-11 ?
   13     101   0.99985316   1.4684e-04 err3=6.85e-08 err6=9.54e-13 ?
   14     135   0.99994291   5.7087e-05 err3=1.06e-08 err6=2.70e-14 ?
   15     176   0.99997805   2.1954e-05 err3=1.61e-09 err6=7.07e-16 ?

── A000666 (Symmetric relations) ──
    n  #parts      id_frac     coupling     budget=3     budget=6
    2       2   0.66666667   3.3333e-01 err3=0.00e+00 err6=0.00e+00 ✓
    3       3   0.53333333   4.6667e-01 err3=0.00e+00 err6=0.00e+00 ✓
    4       5   0.47407407   5.2593e-01 err3=1.11e-01 err6=0.00e+00 ✓
    5       7   0.50196078   4.9804e-01 err3=1.45e-01 err6=0.00e+00 ✓
    6      11   0.57156811   4.2843e-01 err3=1.38e-01 err6=0.00e+00 ✓
    7      15   0.67194443   3.2806e-01 err3=9.61e-02 err6=7.19e-04 ✓
    8      22   0.77168471   2.2832e-01 err3=5.42e-02 err6=1.76e-03 ✓
    9      30   0.85243091   1.4757e-01 err3=2.55e-02 err6=9.31e-04 ✗
   10      42   0.90869158   9.1308e-02 err3=1.06e-02 err6=3.16e-04 ?
   11      56   0.94487522   5.5125e-02 err3=4.08e-03 err6=7.57e-05 ?
   12      77   0.96723491   3.2765e-02 err3=1.49e-03 err6=1.44e-05 ?
   13     101   0.98076082   1.9239e-02 err3=5.29e-04 err6=2.30e-06 ?
   14     135   0.98882220   1.1178e-02 err3=1.83e-04 err6=3.25e-07 ?
   15     176   0.99356735   6.4327e-03 err3=6.18e-05 err6=4.22e-08 ?

======================================================================
PART 3: Budget needed for EXACT answer per sequence
======================================================================

── A000568 (Tournaments) ──
  n= 8: budget= 9 suffices (6 partitions)
  n=10: budget=12 suffices (10 partitions)
  n=12: budget=12 suffices (15 partitions)

── A000088 (Simple graphs) ──
  n= 8: budget= 9 suffices (22 partitions)
  n=10: budget=12 suffices (42 partitions)
  n=12: budget=12 suffices (77 partitions)

── A000273 (Digraphs) ──
  n= 8: budget= 9 suffices (22 partitions)
  n=10: budget=12 suffices (42 partitions)

── A000595 (Binary relations) ──
  n= 8: budget= 9 suffices (22 partitions)
  n=10: budget=12 suffices (42 partitions)

── A001174 (Oriented graphs) ──
  n= 8: budget= 9 suffices (22 partitions)
  n=10: budget=12 suffices (42 partitions)

── A000666 (Symmetric relations) ──
  n= 8: budget= 9 suffices (22 partitions)
  n=10: budget=12 suffices (42 partitions)
  n=12: budget=12 suffices (77 partitions)

======================================================================
PART 4: Convergence rate comparison
======================================================================

  Coupling constant g(n) = 1 - identity_fraction:
    n      A000568      A000088      A000273      A000595      A001174      A000666
    3   3.3333e-01   5.5556e-01   3.3333e-01   1.7949e-01   3.5714e-01   4.6667e-01
    4   3.3333e-01   6.4444e-01   2.1713e-01   1.0293e-01   2.7679e-01   5.2593e-01
    5   2.8889e-01   6.2899e-01   9.0536e-02   4.2291e-02   1.5451e-01   4.9804e-01
    6   1.8730e-01   5.5527e-01   3.2211e-02   1.5323e-02   7.2205e-02   4.2843e-01
    7   8.7497e-02   4.2580e-01   1.0663e-02   5.2233e-03   3.1191e-02   3.2806e-01
    8   3.2322e-02   2.8980e-01   3.4664e-03   1.7206e-03   1.3279e-02   2.2832e-01
    9   1.1296e-02   1.7817e-01   1.1038e-03   5.5060e-04   5.5745e-03   1.4757e-01
   10   3.8206e-03   1.0423e-01   3.4385e-04   1.7179e-04   2.3015e-03   9.1308e-02
   11   1.2790e-03   6.0058e-02   1.0496e-04   5.2465e-05   9.3399e-04   5.5125e-02
   12   4.2200e-04   3.4551e-02   3.1476e-05   1.5737e-05   3.7299e-04   3.2765e-02

======================================================================
PART 5: New exact values beyond OEIS
======================================================================

── A000568 (Tournaments): OEIS has n≤15 ──
  a(16) = 63530415842308265100288  (23 digits, 32 partitions, 0.000s)
  a(17) = 244912778438520759443245824  (27 digits, 38 partitions, 0.000s)
  a(18) = 1783398846284777975419600287232  (31 digits, 46 partitions, 0.000s)

── A000088 (Simple graphs): OEIS has n≤12 ──
  a(13) = 49519171164463  (14 digits, 101 partitions, 0.000s)
  a(14) = 28727446666324627  (17 digits, 135 partitions, 0.000s)
  a(15) = 31223670265319987415  (20 digits, 176 partitions, 0.000s)

── A000273 (Digraphs): OEIS has n≤8 ──
  a( 9) = 13027956824399552  (17 digits, 30 partitions, 0.000s)
  a(10) = 341260431952972580352  (21 digits, 42 partitions, 0.000s)
  a(11) = 32522909385055886111197440  (26 digits, 56 partitions, 0.000s)

── A000595 (Binary relations): OEIS has n≤8 ──
  a( 9) = 6666621572153927936  (19 digits, 30 partitions, 0.000s)
  a(10) = 349390545493499839161856  (24 digits, 42 partitions, 0.000s)
  a(11) = 66603421985078180758538636288  (29 digits, 56 partitions, 0.000s)

── A001174 (Oriented graphs): OEIS has n≤8 ──
  a( 9) = 415939243032  (12 digits, 30 partitions, 0.000s)
  a(10) = 816007449011040  (15 digits, 42 partitions, 0.000s)
  a(11) = 4374406209970747314  (19 digits, 56 partitions, 0.000s)

── A000666 (Symmetric relations): OEIS has n≤9 ──
  a(10) = 10926227136  (11 digits, 42 partitions, 0.000s)
  a(11) = 1956363435360  (13 digits, 56 partitions, 0.000s)
  a(12) = 652335084592096  (15 digits, 77 partitions, 0.000s)


DONE.
