n        : [0, 1, 2, 3, 4, 5, 6, 7, 8, 9, 10, 11, 12]
caterer  : [1, 2, 4, 7, 11, 16, 22, 29, 37, 46, 56, 67, 79]  (A000124, first 3 Pascal terms)
CAKE     : [1, 2, 4, 8, 15, 26, 42, 64, 93, 130, 176, 232, 299]  (A000125, first 4 Pascal terms)
MOSER    : [1, 1, 2, 4, 8, 16, 31, 57, 99, 163, 256, 386, 562]  (A000127 for n>=1 boundary points; natural n=0 term prepended)
BAGEL    : [1, 2, 6, 13, 24, 40, 62, 91, 128, 174, 230, 297, 376]  (solid torus by n planes)
2^n      : [1, 2, 4, 8, 16, 32, 64, 128, 256, 512, 1024, 2048, 4096]  (polyhedral/Pascal FULL row-sum)

-- BAGEL vs CAKE: exact algebraic identities --
  bagel(n) = C(n,3)+2*C(n,2)+2*C(n,1) = C(n,3)+n(n+1)
  bagel(n) == C(n,3)+n(n+1) for n>=1 ? True
  bagel - cake = [0, 0, 2, 5, 9, 14, 20, 27, 35, 44, 54, 65, 77]
  = T_n - 1 (triangular minus one) for n>=1 ? True   [numeric identity only; no shadow-lattice identification]
  Moser(n+1)-Moser(n) = cake(n-1) for n>=1 ? True
  bagel(n+1)-bagel(n) = caterer(n+1) for n>=1 ? True

-- FIBONACCI = shallow-diagonal (skip) sum of Pascal (polyhedral) --
  Pascal skip-sums: [1, 1, 2, 3, 5, 8, 13, 21, 34, 55, 89, 144, 233]  = Fibonacci

-- FULL-RANK gap-g kernels 1/(1 - x - x^{g+1}) (klein-S313 indexing) --
  g=1 (kernel 1-x-x^{2}): [1, 1, 2, 3, 5, 8, 13, 21, 34, 55, 89, 144, 233] (Fibonacci; binomial diagonal PASS? True)
  g=2 (kernel 1-x-x^{3}): [1, 1, 1, 2, 3, 4, 6, 9, 13, 19, 28, 41, 60] (higher-gap recurrence; binomial diagonal PASS? True)
  g=3 (kernel 1-x-x^{4}): [1, 1, 1, 1, 2, 3, 4, 5, 7, 10, 14, 19, 26] (higher-gap recurrence; binomial diagonal PASS? True)

SUMMARY: caterer/cake are Pascal-prefix sums; Moser/bagel are fixed binomial functionals;
The full-rank gap formula is sum_k C(d-g*k,k), with the listed g-bonacci kernels.
The identities share a binomial ambient array. No geometric or LRC/JC mechanism is asserted.
