CARTAN DECOMPOSITION: TOURNAMENT THEORY <-> GAUGE THEORY BRIDGE
======================================================================

Part 1: Dark/Active dimensional ratio = (n+1)/(n-1)
--------------------------------------------------
  n= 3: active=  3, dark=  5, ratio=1.6667 = (4)/(2)
  n= 4: active=  6, dark=  9, ratio=1.5000 = (5)/(3) <-- Napolitano's gl(4,R)
  n= 5: active= 10, dark= 14, ratio=1.4000 = (6)/(4)
  n= 6: active= 15, dark= 20, ratio=1.3333 = (7)/(5)
  n= 7: active= 21, dark= 27, ratio=1.2857 = (8)/(6) <-- Our Paley T_7
  n= 8: active= 28, dark= 35, ratio=1.2500 = (9)/(7)
  n= 9: active= 36, dark= 44, ratio=1.2222 = (10)/(8)
  n=10: active= 45, dark= 54, ratio=1.2000 = (11)/(9)
  n=11: active= 55, dark= 65, ratio=1.1818 = (12)/(10) <-- Our Paley T_11
  n=12: active= 66, dark= 77, ratio=1.1667 = (13)/(11)
  n=13: active= 78, dark= 90, ratio=1.1538 = (14)/(12)
  n=14: active= 91, dark=104, ratio=1.1429 = (15)/(13)
  n=15: active=105, dark=119, ratio=1.1333 = (16)/(14)
  n=16: active=120, dark=135, ratio=1.1250 = (17)/(15)
  n=17: active=136, dark=152, ratio=1.1176 = (18)/(16)
  n=18: active=153, dark=170, ratio=1.1111 = (19)/(17)
  n=19: active=171, dark=189, ratio=1.1053 = (20)/(18)
  n=20: active=190, dark=209, ratio=1.1000 = (21)/(19)

Part 2: Random attention Cartan decomposition
--------------------------------------------------
   n       anti       dark     scalar  dim_ratio   anti_gap
   3     0.0984     0.6346     0.2670     0.3333    -0.2350
   4     0.1317     0.6825     0.1857     0.3750    -0.2433
   5     0.1555     0.7090     0.1355     0.4000    -0.2445
   7     0.1868     0.7228     0.0904     0.4286    -0.2418
   9     0.2077     0.7280     0.0643     0.4444    -0.2367
  11     0.2212     0.7273     0.0514     0.4545    -0.2333
  13     0.2338     0.7261     0.0402     0.4615    -0.2278
  16     0.2447     0.7231     0.0322     0.4688    -0.2241
  20     0.2565     0.7192     0.0242     0.4750    -0.2185

  dim_ratio = n(n-1)/(2n^2) = (n-1)/(2n) = fraction of dimensions that are antisymmetric
  anti_gap = actual_anti - dim_ratio: negative means symmetric sector gets MORE than its dimensional share

======================================================================
KEY INSIGHT FOR NAPOLITANO CRITIQUE
======================================================================

The Napolitano paper claims that "dark modes" (symmetric sector of gl(4,R))
carry all self-knowledge. But the dark/active ratio is simply (n+1)/(n-1):
for n=4, dark has 10 dims vs active's 6. This is 67% of non-null space.

For RANDOM attention (softmax of Gaussian logits), the symmetric sector
gets even MORE than its dimensional share of energy. This is because:
1. Softmax produces POSITIVE matrices
2. The diagonal is always 1/n (contributing to symmetric only)
3. Cross-correlations between rows are positive on average

So the "discovery" that dark modes carry information may simply be:
(a) The symmetric sector is dimensionally larger, AND
(b) Random initialization already puts most energy there.

The INTERESTING question is whether TRAINED models shift this balance.
If training moves energy from symmetric to antisymmetric (tournament-like),
that would mean training makes attention more DIRECTIONAL.

======================================================================
WHAT TOURNAMENT THEORY ADDS
======================================================================

If attention becomes more tournament-like (higher anti_fraction) during
training, our theory provides:

1. H(T_attention) = I(Omega(T_attention), 2)
   The number of Hamiltonian paths through the attention tournament
   equals the independence polynomial of its conflict graph at x=2.
   This is a PARAMETER-FREE invariant.

2. Paley optimality: Among all tournaments, Paley T_p maximizes H.
   If H correlates with model performance, doubly-regular attention
   patterns should be optimal.

3. Path homology: beta_k(T_attention) detects topological features
   of the directed attention flow. Phase transitions in beta_k across
   layers would be principled analogs of Napolitano's "deconfinement."

4. Spectral flatness: Regular tournaments (all scores equal) have
   spectrally flat adjacency matrices. This is analogous to "uniform
   attention" but with DIRECTIONAL structure preserved.


OCF VERIFICATION on attention-derived tournaments (n=3)
--------------------------------------------------
  50/50 passed OCF verification

OCF VERIFICATION on attention-derived tournaments (n=4)
--------------------------------------------------
  50/50 passed OCF verification

OCF VERIFICATION on attention-derived tournaments (n=5)
--------------------------------------------------
  50/50 passed OCF verification

OCF VERIFICATION on attention-derived tournaments (n=6)
--------------------------------------------------
  50/50 passed OCF verification
