Building E_7: 2^15 = 32768 tilings...
  0/32768...
  4096/32768...
  8192/32768...
  12288/32768...
  16384/32768...
  20480/32768...
  24576/32768...
  28672/32768...
V=54, E=951

Checking for chordless 4-cycles (chordality test)...
  CHORDLESS 4-CYCLE: 1-9-16-13-1
  Edge counts: 3, 8, 9, 6
  E_7 is NOT chordal.
  Checking for odd holes (chordless 5-cycles)...

Complement analysis:
  Complement edges: 480
  Complement triangle: 0-4-32
    Edge counts: 0, 6, 11
  Complement triangle: 0-4-36
    Edge counts: 0, 6, 13
  Complement triangle: 0-4-38
    Edge counts: 0, 6, 14
  Total complement triangles: 1384

  α(E_7) >= 8
  Independent set edge counts: [0, 7, 9, 10, 11, 12, 14, 21]

DONE.
