h=40: s* = 57; mass covered 0.9998; never-started (A > s + all levels negative) mass 0.00e+00   (5s)
   kappa_c: F=0 mass, |W|, coherence  |  F>=1 mass, |W|, coherence  | ratio of coherences (F>=1 / F=0)
   0 : 4.878e-01 4.300e-01 0.8816  |  1.166e-02 9.147e-04 0.0785  |  0.089
   1 : 2.439e-01 2.151e-01 0.8819  |  6.139e-03 4.617e-04 0.0752  |  0.085
   2 : 1.219e-01 1.076e-01 0.8826  |  3.214e-03 2.528e-04 0.0786  |  0.089
   3 : 6.098e-02 5.381e-02 0.8823  |  1.604e-03 1.156e-04 0.0721  |  0.082
   4 : 3.049e-02 2.691e-02 0.8827  |  8.120e-04 6.003e-05 0.0739  |  0.084
   5 : 1.523e-02 1.346e-02 0.8838  |  4.152e-04 3.250e-05 0.0783  |  0.089
   6 : 7.623e-03 6.732e-03 0.8831  |  1.995e-04 1.448e-05 0.0726  |  0.082
   7 : 3.809e-03 3.367e-03 0.8840  |  1.001e-04 8.210e-06 0.0820  |  0.093
   8+: 3.808e-03 3.368e-03 0.8844  |  9.497e-05 7.651e-06 0.0806  |  0.091
   totals: F=0 mass 9.756e-01, |sum W| 8.604e-01, coherence 0.8819; F>=1 mass 2.424e-02, |sum W| 1.867e-03, coherence 0.0770; |W_1|/|W_0| = 0.0022
h=80: s* = 120; mass covered 0.9414; never-started (A > s + all levels negative) mass 0.00e+00   (28s)
   kappa_c: F=0 mass, |W|, coherence  |  F>=1 mass, |W|, coherence  | ratio of coherences (F>=1 / F=0)
   0 : 4.652e-01 4.171e-01 0.8966  |  9.756e-03 6.088e-04 0.0624  |  0.070
   1 : 2.307e-01 2.067e-01 0.8960  |  4.904e-03 3.040e-04 0.0620  |  0.069
   2 : 1.143e-01 1.023e-01 0.8954  |  2.464e-03 1.523e-04 0.0618  |  0.069
   3 : 5.653e-02 5.057e-02 0.8946  |  1.236e-03 7.570e-05 0.0613  |  0.068
   4 : 2.793e-02 2.496e-02 0.8938  |  6.201e-04 3.780e-05 0.0610  |  0.068
   5 : 1.378e-02 1.230e-02 0.8929  |  3.115e-04 1.891e-05 0.0607  |  0.068
   6 : 6.787e-03 6.053e-03 0.8918  |  1.561e-04 9.373e-06 0.0601  |  0.067
   7 : 3.337e-03 2.972e-03 0.8907  |  7.837e-05 4.687e-06 0.0598  |  0.067
   8+: 3.203e-03 2.844e-03 0.8880  |  7.873e-05 4.617e-06 0.0586  |  0.066
   totals: F=0 mass 9.218e-01, |sum W| 8.258e-01, coherence 0.8959; F>=1 mass 1.961e-02, |sum W| 1.216e-03, coherence 0.0620; |W_1|/|W_0| = 0.0015
h=120: s* = 184; mass covered 0.6255; never-started (A > s + all levels negative) mass 0.00e+00   (85s)
   kappa_c: F=0 mass, |W|, coherence  |  F>=1 mass, |W|, coherence  | ratio of coherences (F>=1 / F=0)
   0 : 3.115e-01 2.592e-01 0.8323  |  1.342e-02 7.533e-04 0.0561  |  0.067
   1 : 1.499e-01 1.244e-01 0.8299  |  6.628e-03 3.676e-04 0.0555  |  0.067
   2 : 7.194e-02 5.951e-02 0.8273  |  3.268e-03 1.791e-04 0.0548  |  0.066
   3 : 3.444e-02 2.840e-02 0.8245  |  1.609e-03 8.701e-05 0.0541  |  0.066
   4 : 1.644e-02 1.351e-02 0.8216  |  7.913e-04 4.219e-05 0.0533  |  0.065
   5 : 7.829e-03 6.408e-03 0.8186  |  3.886e-04 2.041e-05 0.0525  |  0.064
   6 : 3.716e-03 3.030e-03 0.8154  |  1.905e-04 9.845e-06 0.0517  |  0.063
   7 : 1.759e-03 1.428e-03 0.8120  |  9.330e-05 4.738e-06 0.0508  |  0.063
   8+: 1.563e-03 1.258e-03 0.8051  |  8.901e-05 4.346e-06 0.0488  |  0.061
   totals: F=0 mass 5.990e-01, |sum W| 4.971e-01, coherence 0.8299; F>=1 mass 2.648e-02, |sum W| 1.468e-03, coherence 0.0554; |W_1|/|W_0| = 0.0030
DONE
