{
  "atom_indices": "0..40",
  "checks": 8144,
  "conditional_degrees_for_eta_2_minus_k": [
    [
      1,
      7
    ],
    [
      4,
      7
    ],
    [
      10,
      9
    ],
    [
      20,
      9
    ],
    [
      40,
      13
    ],
    [
      80,
      15
    ],
    [
      160,
      21
    ]
  ],
  "continuous_zero_target_completion": [
    [
      "32/81",
      "111782799/337280000"
    ],
    [
      "1/2",
      "9/2125"
    ],
    [
      "16/25",
      "1305719/3968000"
    ],
    [
      "8/9",
      "107289/320000"
    ]
  ],
  "degree_controls": "odd1..17",
  "finite_laws": 70,
  "missing_atom_energy": "2340416951156736/582622237229761",
  "refinement_history": [
    [
      3,
      "0",
      "1"
    ],
    [
      5,
      "2877576421/29295000000",
      "8651793149929/19071045000000"
    ],
    [
      7,
      "12205919654649069343031/122085203579104500000000",
      "1366564665710434517441/13565022619900500000000"
    ],
    [
      9,
      "197421716927042474118103590331423/1974221575339763793377250000000000",
      "4145878250307930717614597803040117/41458653082135039660922250000000000"
    ],
    [
      11,
      "9090172732439657587559513996225236924897711660727/90901729377017324071880882774666941125000000000000",
      "3030057714341901409593643857484369170434096113091/30300576459005774690626960924888980375000000000000"
    ],
    [
      13,
      "113634786451899054139068785941506066689748336581933384523829907647/1136347864776337890485471233919685617860609880162812500000000000000",
      "1022713078530316718945299137044169194200880405756523479285530831177/10227130782987041014369241105277170560745488921465312500000000000000"
    ]
  ],
  "root_orbit_or_certificate_inputs": 0,
  "same_moment_arithmetic_floor": "1/1000",
  "same_moment_interval_optimizer_floor": "-811338319/7894961000",
  "sharper_norm_ceiling": "33835804361/69927165",
  "source_indices": "0..6",
  "status": "PASS; conditional arithmetic-shell certificates, no ROOT inputs",
  "type_hostiles": 14,
  "uniform_direct_moment_norm_bound": "<512"
}
