h=40: s* = 57 (delta = 6.40), |full| = 1.3832e-03, |full|/scale = 3.1555, arg full = +0.684, P_h = 2.9861e-03, |full|/P_h = 0.4632, P_h/scale = 6.8122  (3s)
   J: gamma_J = c_J/scale (modulus, arg); partial sum modulus; remainder
    0: 0.0590 +2.16   0.0590   0.998
    1: 0.1426 +1.76   0.1983   0.978
    2: 0.3108 +3.14   0.4161   1.060
    3: 0.8044 +0.24   0.5589   0.823
    4: 1.6331 +1.88   1.9336   0.804
    5: 2.5625 -0.86   1.5738   0.695
    6: 0.8286 +2.05   1.3919   0.567
    7: 1.8579 +0.41   3.2430   0.221
    8: 1.3832 +2.34   3.1271   0.218
    9: 0.6411 -1.32   2.7824   0.123
   10: 0.3297 +0.55   3.1080   0.024
   11: 0.0556 -2.01   3.0576   0.033
   12: 0.1869 +0.82   3.2432   0.033
   13: 0.1174 -2.20   3.1291   0.012
   14: 0.0265 +0.17   3.1521   0.005
   15: 0.0128 -0.41   3.1579   0.002
   16: 0.0153 -0.46   3.1642   0.004
   17: 0.0149 +2.92   3.1551   0.001
   18: 0.0017 -0.69   3.1554   0.000
   19: 0.0008 -0.92   3.1554   0.000
   20: 0.0002 -0.21   3.1555   0.000
   21: 0.0000 +2.41   3.1555   0.000
   22: 0.0000 -2.56   3.1555   0.000
   23: 0.0000 -1.55   3.1555   0.000
   24: 0.0000 -2.97   3.1555   0.000
h=80: s* = 120 (delta = 6.80), |full| = 6.4534e-05, |full|/scale = 3.7550, arg full = +0.746, P_h = 1.3956e-04, |full|/P_h = 0.4624, P_h/scale = 8.1202  (15s)
   J: gamma_J = c_J/scale (modulus, arg); partial sum modulus; remainder
    0: 0.0377 +2.35   0.0377   1.000
    1: 0.0981 +1.92   0.1333   0.991
    2: 0.2250 -2.98   0.2942   1.042
    3: 0.6228 +0.41   0.4389   0.884
    4: 1.3825 +2.07   1.5885   0.875
    5: 2.4329 -0.67   1.5430   0.742
    6: 0.9070 +2.26   1.2184   0.678
    7: 2.4126 +0.63   3.6308   0.111
    8: 2.1946 +2.56   3.5324   0.497
    9: 1.2802 -1.10   2.7779   0.304
   10: 0.8537 +0.78   3.6245   0.149
   11: 0.1923 -1.78   3.4537   0.143
   12: 0.8916 +1.04   4.3350   0.229
   13: 0.7963 -1.99   3.5682   0.112
   14: 0.2636 +0.38   3.8051   0.074
   15: 0.1938 -0.22   3.9078   0.050
   16: 0.3616 -0.27   4.0997   0.104
   17: 0.5726 +3.09   3.6996   0.059
   18: 0.1073 -0.52   3.7273   0.031
   19: 0.0890 -0.76   3.7312   0.009
   20: 0.0438 -0.06   3.7615   0.003
   21: 0.0089 +2.56   3.7594   0.001
   22: 0.0030 -2.42   3.7564   0.000
   23: 0.0021 -1.42   3.7552   0.000
   24: 0.0014 -2.85   3.7539   0.000
h=120: s* = 184 (delta = 6.20), |full| = 4.1197e-06, |full|/scale = 3.9711, arg full = +0.761, P_h = 9.3061e-06, |full|/P_h = 0.4427, P_h/scale = 8.9705  (44s)
   J: gamma_J = c_J/scale (modulus, arg); partial sum modulus; remainder
    0: 0.0323 +2.53   0.0323   1.002
    1: 0.0859 +2.10   0.1160   0.997
    2: 0.1997 -2.80   0.2593   1.044
    3: 0.5635 +0.59   0.3998   0.903
    4: 1.2837 +2.26   1.4632   0.946
    5: 2.3372 -0.47   1.5061   0.712
    6: 0.9098 +2.46   1.1457   0.713
    7: 2.5522 +0.84   3.6979   0.103
    8: 2.4730 +2.78   3.6256   0.721
    9: 1.5524 -0.87   2.6937   0.441
   10: 1.1256 +1.01   3.8138   0.328
   11: 0.2785 -1.55   3.5717   0.297
   12: 1.4332 +1.28   4.9804   0.474
   13: 1.4350 -1.75   3.6174   0.257
   14: 0.5379 +0.62   4.1189   0.209
   15: 0.4525 +0.02   4.4007   0.166
   16: 0.9757 -0.04   5.0531   0.275
   17: 1.8038 -2.95   3.6242   0.230
   18: 0.3985 -0.29   3.7612   0.130
   19: 0.3941 -0.53   3.8418   0.038
   20: 0.2335 +0.17   4.0350   0.021
   21: 0.0575 +2.78   4.0098   0.010
   22: 0.0240 -2.21   3.9862   0.004
   23: 0.0211 -1.21   3.9781   0.006
   24: 0.0178 -2.64   3.9608   0.006
h=160: s* = 247 (delta = 6.59), |full| = 3.1801e-07, |full|/scale = 4.2559, arg full = +0.541, P_h = 6.8868e-07, |full|/P_h = 0.4618, P_h/scale = 9.2164  (101s)
   J: gamma_J = c_J/scale (modulus, arg); partial sum modulus; remainder
    0: 0.0298 +2.49   0.0298   1.003
    1: 0.0801 +2.05   0.1079   1.002
    2: 0.1875 -2.84   0.2426   1.045
    3: 0.5338 +0.55   0.3802   0.920
    4: 1.2310 +2.22   1.3977   1.005
    5: 2.2786 -0.50   1.4820   0.693
    6: 0.9060 +2.44   1.1058   0.751
    7: 2.6093 +0.83   3.7147   0.285
    8: 2.6097 +2.77   3.6542   0.898
    9: 1.7002 -0.88   2.6334   0.576
   10: 1.2864 +1.01   3.9164   0.506
   11: 0.3340 -1.55   3.6317   0.464
   12: 1.8131 +1.28   5.4036   0.686
   13: 1.9257 -1.74   3.6023   0.408
   14: 0.7699 +0.63   4.3397   0.359
   15: 0.6946 +0.04   4.8236   0.296
   16: 1.6146 -0.01   6.0565   0.428
   17: 3.2352 -2.93   3.2833   0.440
   18: 0.7788 -0.26   3.6191   0.257
   19: 0.8437 -0.50   3.9530   0.074
   20: 0.5505 +0.20   4.4725   0.056
   21: 0.1502 +2.82   4.3744   0.028
   22: 0.0696 -2.17   4.3112   0.013
   23: 0.0687 -1.17   4.3024   0.022
   24: 0.0652 -2.60   4.2373   0.019
h=200: s* = 310 (delta = 6.99), |full| = 2.7274e-08, |full|/scale = 4.5999, arg full = +0.347, P_h = 5.4567e-08, |full|/P_h = 0.4998, P_h/scale = 9.2030  (192s)
   J: gamma_J = c_J/scale (modulus, arg); partial sum modulus; remainder
    0: 0.0282 +2.44   0.0282   1.003
    1: 0.0762 +2.01   0.1025   1.005
    2: 0.1791 -2.89   0.2312   1.044
    3: 0.5125 +0.51   0.3659   0.934
    4: 1.1903 +2.18   1.3485   1.043
    5: 2.2241 -0.54   1.4546   0.699
    6: 0.8953 +2.41   1.0730   0.791
    7: 2.6180 +0.79   3.6903   0.433
    8: 2.6673 +2.74   3.6383   1.010
    9: 1.7758 -0.90   2.5732   0.681
   10: 1.3777 +0.99   3.9488   0.639
   11: 0.3680 -1.56   3.6393   0.592
   12: 2.0620 +1.27   5.6464   0.830
   13: 2.2680 -1.75   3.5494   0.524
   14: 0.9421 +0.63   4.4653   0.478
   15: 0.8860 +0.04   5.1229   0.399
   16: 2.1539 -0.02   6.8809   0.531
   17: 4.5284 -2.93   2.8435   0.614
   18: 1.1475 -0.26   3.4083   0.365
   19: 1.3127 -0.50   4.1286   0.103
   20: 0.9075 +0.21   5.0284   0.095
   21: 0.2630 +2.82   4.8209   0.050
   22: 0.1301 -2.16   4.7159   0.025
   23: 0.1373 -1.16   4.7276   0.042
   24: 0.1397 -2.58   4.5921   0.039
gamma_J(h) moduli across levels (rows J, columns h):
   J= 0: 0.0590  0.0377  0.0323  0.0298  0.0282
   J= 1: 0.1426  0.0981  0.0859  0.0801  0.0762
   J= 2: 0.3108  0.2250  0.1997  0.1875  0.1791
   J= 3: 0.8044  0.6228  0.5635  0.5338  0.5125
   J= 4: 1.6331  1.3825  1.2837  1.2310  1.1903
   J= 5: 2.5625  2.4329  2.3372  2.2786  2.2241
   J= 6: 0.8286  0.9070  0.9098  0.9060  0.8953
   J= 7: 1.8579  2.4126  2.5522  2.6093  2.6180
   J= 8: 1.3832  2.1946  2.4730  2.6097  2.6673
   J= 9: 0.6411  1.2802  1.5524  1.7002  1.7758
   J=10: 0.3297  0.8537  1.1256  1.2864  1.3777
   J=11: 0.0556  0.1923  0.2785  0.3340  0.3680
   J=12: 0.1869  0.8916  1.4332  1.8131  2.0620
   J=13: 0.1174  0.7963  1.4350  1.9257  2.2680
   J=14: 0.0265  0.2636  0.5379  0.7699  0.9421
   J=15: 0.0128  0.1938  0.4525  0.6946  0.8860
   J=16: 0.0153  0.3616  0.9757  1.6146  2.1539
   J=17: 0.0149  0.5726  1.8038  3.2352  4.5284
   J=18: 0.0017  0.1073  0.3985  0.7788  1.1475
   J=19: 0.0008  0.0890  0.3941  0.8437  1.3127
   J=20: 0.0002  0.0438  0.2335  0.5505  0.9075
gamma_J(h) arguments across levels:
   J= 0: +2.16  +2.35  +2.53  +2.49  +2.44
   J= 1: +1.76  +1.92  +2.10  +2.05  +2.01
   J= 2: +3.14  -2.98  -2.80  -2.84  -2.89
   J= 3: +0.24  +0.41  +0.59  +0.55  +0.51
   J= 4: +1.88  +2.07  +2.26  +2.22  +2.18
   J= 5: -0.86  -0.67  -0.47  -0.50  -0.54
   J= 6: +2.05  +2.26  +2.46  +2.44  +2.41
   J= 7: +0.41  +0.63  +0.84  +0.83  +0.79
   J= 8: +2.34  +2.56  +2.78  +2.77  +2.74
   J= 9: -1.32  -1.10  -0.87  -0.88  -0.90
   J=10: +0.55  +0.78  +1.01  +1.01  +0.99
   J=11: -2.01  -1.78  -1.55  -1.55  -1.56
   J=12: +0.82  +1.04  +1.28  +1.28  +1.27
   J=13: -2.20  -1.99  -1.75  -1.74  -1.75
   J=14: +0.17  +0.38  +0.62  +0.63  +0.63
   J=15: -0.41  -0.22  +0.02  +0.04  +0.04
   J=16: -0.46  -0.27  -0.04  -0.01  -0.02
   J=17: +2.92  +3.09  -2.95  -2.93  -2.93
   J=18: -0.69  -0.52  -0.29  -0.26  -0.26
   J=19: -0.92  -0.76  -0.53  -0.50  -0.50
   J=20: -0.21  -0.06  +0.17  +0.20  +0.21
DONE
