predicted exponent theta*/ln 2 = -0.4380
h=20: pure-family max 8.8846e-03 at j = 26 (= h log2 3 - 5.70)
   u: family max / pure, predicted u^-0.438, argmax j offset (j_u - j_1 + log2 u)
     5: 0.351  0.494  +0.32
     7: 0.230  0.426  +0.81
    11: 0.424  0.350  +0.46
    13: 0.221  0.325  -0.30
    17: 0.304  0.289  +0.09
    19: 0.209  0.275  +0.25
    23: 0.278  0.253  +0.52
    25: 0.148  0.244  -1.36
    29: 0.118  0.229  -0.14
    31: 0.119  0.222  +0.95
    35: 0.108  0.211  +0.13
    37: 0.200  0.206  +0.21
    41: 0.044  0.197  -0.64
    43: 0.053  0.193  -1.57
    47: 0.271  0.185  +0.55
    49: 0.276  0.182  +0.61
    55: 0.137  0.173  +0.78
    65: 0.094  0.161  +1.02
    85: 0.135  0.143  +0.41
   127: 0.049  0.120  +0.99
   least-squares exponent over u = 5..127: -0.522 (prefactor 0.913)
h=30: pure-family max 3.2881e-03 at j = 42 (= h log2 3 - 5.55)
   u: family max / pure, predicted u^-0.438, argmax j offset (j_u - j_1 + log2 u)
     5: 0.289  0.494  +0.32
     7: 0.150  0.426  -0.19
    11: 0.354  0.350  -0.54
    13: 0.316  0.325  -0.30
    17: 0.279  0.289  +0.09
    19: 0.215  0.275  -0.75
    23: 0.207  0.253  -0.48
    25: 0.184  0.244  -1.36
    29: 0.134  0.229  -0.14
    31: 0.103  0.222  -0.05
    35: 0.076  0.211  +0.13
    37: 0.183  0.206  -0.79
    41: 0.048  0.197  -0.64
    43: 0.065  0.193  -1.57
    47: 0.211  0.185  -0.45
    49: 0.231  0.182  -0.39
    55: 0.081  0.173  -0.22
    65: 0.063  0.161  +0.02
    85: 0.091  0.143  -0.59
   127: 0.051  0.120  -0.01
   least-squares exponent over u = 5..127: -0.545 (prefactor 0.873)
h=40: pure-family max 1.3832e-03 at j = 57 (= h log2 3 - 6.40)
   u: family max / pure, predicted u^-0.438, argmax j offset (j_u - j_1 + log2 u)
     5: 0.235  0.494  +0.32
     7: 0.113  0.426  +0.81
    11: 0.320  0.350  +0.46
    13: 0.332  0.325  +0.70
    17: 0.253  0.289  +0.09
    19: 0.210  0.275  +0.25
    23: 0.194  0.253  -0.48
    25: 0.218  0.244  -0.36
    29: 0.134  0.229  +0.86
    31: 0.094  0.222  -0.05
    35: 0.070  0.211  +0.13
    37: 0.198  0.206  +0.21
    41: 0.053  0.197  +0.36
    43: 0.075  0.193  +0.43
    47: 0.171  0.185  +0.55
    49: 0.210  0.182  +0.61
    55: 0.063  0.173  -0.22
    65: 0.053  0.161  +1.02
    85: 0.076  0.143  +0.41
   127: 0.057  0.120  -0.01
   least-squares exponent over u = 5..127: -0.507 (prefactor 0.724)
h=50: pure-family max 6.1568e-04 at j = 73 (= h log2 3 - 6.25)
   u: family max / pure, predicted u^-0.438, argmax j offset (j_u - j_1 + log2 u)
     5: 0.203  0.494  +0.32
     7: 0.096  0.426  -0.19
    11: 0.296  0.350  +0.46
    13: 0.333  0.325  -0.30
    17: 0.243  0.289  +0.09
    19: 0.198  0.275  +0.25
    23: 0.205  0.253  -0.48
    25: 0.239  0.244  -0.36
    29: 0.135  0.229  -0.14
    31: 0.089  0.222  -0.05
    35: 0.080  0.211  -0.87
    37: 0.211  0.206  +0.21
    41: 0.060  0.197  -0.64
    43: 0.080  0.193  +0.43
    47: 0.149  0.185  -0.45
    49: 0.200  0.182  -0.39
    55: 0.057  0.173  -0.22
    65: 0.049  0.161  +0.02
    85: 0.072  0.143  +0.41
   127: 0.061  0.120  -0.01
   least-squares exponent over u = 5..127: -0.467 (prefactor 0.620)
DONE
