perfect-power clocks |2^K - q^X| = m^r (r>=2) or =1, q odd <=201, K<=400:
 q=3 (K,X)=(1,1) gap=-1 = -1^1  [all-odd; density X/K=1.0000 vs log_q 2=0.6309]
 q=3 (K,X)=(2,1) gap=1 = 1^1  [mixed; density X/K=0.5000 vs log_q 2=0.6309]
 q=3 (K,X)=(3,2) gap=-1 = -1^1  [mixed; density X/K=0.6667 vs log_q 2=0.6309]
 q=3 (K,X)=(5,4) gap=-49 = -7^2  [mixed; density X/K=0.8000 vs log_q 2=0.6309]
 q=3 (K,X)=(7,1) gap=125 = 5^3  [mixed; density X/K=0.1429 vs log_q 2=0.6309]
 q=5 (K,X)=(2,1) gap=-1 = -1^1  [mixed; density X/K=0.5000 vs log_q 2=0.4307]
 q=5 (K,X)=(4,2) gap=-9 = -3^2  [mixed; density X/K=0.5000 vs log_q 2=0.4307]
 q=5 (K,X)=(5,1) gap=27 = 3^3  [mixed; density X/K=0.2000 vs log_q 2=0.4307]
 q=7 (K,X)=(3,1) gap=1 = 1^1  [mixed; density X/K=0.3333 vs log_q 2=0.3562]
 q=7 (K,X)=(4,1) gap=9 = 3^2  [mixed; density X/K=0.2500 vs log_q 2=0.3562]
 q=7 (K,X)=(5,1) gap=25 = 5^2  [mixed; density X/K=0.2000 vs log_q 2=0.3562]
 q=7 (K,X)=(7,1) gap=121 = 11^2  [mixed; density X/K=0.1429 vs log_q 2=0.3562]
 q=7 (K,X)=(9,3) gap=169 = 13^2  [mixed; density X/K=0.3333 vs log_q 2=0.3562]
 q=7 (K,X)=(15,1) gap=32761 = 181^2  [mixed; density X/K=0.0667 vs log_q 2=0.3562]
 q=9 (K,X)=(3,1) gap=-1 = -1^1  [mixed; density X/K=0.3333 vs log_q 2=0.3155]
 q=9 (K,X)=(5,2) gap=-49 = -7^2  [mixed; density X/K=0.4000 vs log_q 2=0.3155]
 q=11 (K,X)=(1,1) gap=-9 = -3^2  [all-odd; density X/K=1.0000 vs log_q 2=0.2891]
 q=13 (K,X)=(2,1) gap=-9 = -3^2  [mixed; density X/K=0.5000 vs log_q 2=0.2702]
 q=13 (K,X)=(8,1) gap=243 = 3^5  [mixed; density X/K=0.1250 vs log_q 2=0.2702]
 q=13 (K,X)=(9,2) gap=343 = 7^3  [mixed; density X/K=0.2222 vs log_q 2=0.2702]
 q=15 (K,X)=(4,1) gap=1 = 1^1  [mixed; density X/K=0.2500 vs log_q 2=0.2560]
 q=15 (K,X)=(6,1) gap=49 = 7^2  [mixed; density X/K=0.1667 vs log_q 2=0.2560]
 q=17 (K,X)=(3,1) gap=-9 = -3^2  [mixed; density X/K=0.3333 vs log_q 2=0.2447]
 q=17 (K,X)=(4,1) gap=-1 = -1^1  [mixed; density X/K=0.2500 vs log_q 2=0.2447]
 q=17 (K,X)=(6,2) gap=-225 = -15^2  [mixed; density X/K=0.3333 vs log_q 2=0.2447]
 q=23 (K,X)=(5,1) gap=9 = 3^2  [mixed; density X/K=0.2000 vs log_q 2=0.2211]
 q=23 (K,X)=(11,1) gap=2025 = 45^2  [mixed; density X/K=0.0909 vs log_q 2=0.2211]
 q=25 (K,X)=(4,1) gap=-9 = -3^2  [mixed; density X/K=0.2500 vs log_q 2=0.2153]
 q=27 (K,X)=(1,1) gap=-25 = -5^2  [all-odd; density X/K=1.0000 vs log_q 2=0.2103]
 q=29 (K,X)=(1,1) gap=-27 = -3^3  [all-odd; density X/K=1.0000 vs log_q 2=0.2058]
 q=29 (K,X)=(2,1) gap=-25 = -5^2  [mixed; density X/K=0.5000 vs log_q 2=0.2058]
 q=31 (K,X)=(2,1) gap=-27 = -3^3  [mixed; density X/K=0.5000 vs log_q 2=0.2018]
 q=31 (K,X)=(5,1) gap=1 = 1^1  [mixed; density X/K=0.2000 vs log_q 2=0.2018]
 q=31 (K,X)=(8,1) gap=225 = 15^2  [mixed; density X/K=0.1250 vs log_q 2=0.2018]
 q=33 (K,X)=(3,1) gap=-25 = -5^2  [mixed; density X/K=0.3333 vs log_q 2=0.1982]
 q=33 (K,X)=(5,1) gap=-1 = -1^1  [mixed; density X/K=0.2000 vs log_q 2=0.1982]
 q=33 (K,X)=(7,2) gap=-961 = -31^2  [mixed; density X/K=0.2857 vs log_q 2=0.1982]
 q=35 (K,X)=(3,1) gap=-27 = -3^3  [mixed; density X/K=0.3333 vs log_q 2=0.1950]
 q=37 (K,X)=(6,1) gap=27 = 3^3  [mixed; density X/K=0.1667 vs log_q 2=0.1920]
 q=39 (K,X)=(6,1) gap=25 = 5^2  [mixed; density X/K=0.1667 vs log_q 2=0.1892]
 q=41 (K,X)=(4,1) gap=-25 = -5^2  [mixed; density X/K=0.2500 vs log_q 2=0.1867]
 q=41 (K,X)=(5,1) gap=-9 = -3^2  [mixed; density X/K=0.2000 vs log_q 2=0.1867]
 q=43 (K,X)=(4,1) gap=-27 = -3^3  [mixed; density X/K=0.2500 vs log_q 2=0.1843]
 q=47 (K,X)=(7,1) gap=81 = 3^4  [mixed; density X/K=0.1429 vs log_q 2=0.1800]
 q=51 (K,X)=(1,1) gap=-49 = -7^2  [all-odd; density X/K=1.0000 vs log_q 2=0.1763]
 q=53 (K,X)=(2,1) gap=-49 = -7^2  [mixed; density X/K=0.5000 vs log_q 2=0.1746]
 q=55 (K,X)=(6,1) gap=9 = 3^2  [mixed; density X/K=0.1667 vs log_q 2=0.1730]
 q=57 (K,X)=(3,1) gap=-49 = -7^2  [mixed; density X/K=0.3333 vs log_q 2=0.1714]
 q=57 (K,X)=(5,1) gap=-25 = -5^2  [mixed; density X/K=0.2000 vs log_q 2=0.1714]
 q=59 (K,X)=(5,1) gap=-27 = -3^3  [mixed; density X/K=0.2000 vs log_q 2=0.1700]
 q=63 (K,X)=(6,1) gap=1 = 1^1  [mixed; density X/K=0.1667 vs log_q 2=0.1673]
 q=63 (K,X)=(10,1) gap=961 = 31^2  [mixed; density X/K=0.1000 vs log_q 2=0.1673]
 q=65 (K,X)=(4,1) gap=-49 = -7^2  [mixed; density X/K=0.2500 vs log_q 2=0.1660]
 q=65 (K,X)=(6,1) gap=-1 = -1^1  [mixed; density X/K=0.1667 vs log_q 2=0.1660]
 q=65 (K,X)=(8,2) gap=-3969 = -63^2  [mixed; density X/K=0.2500 vs log_q 2=0.1660]
 q=71 (K,X)=(7,2) gap=-4913 = -17^3  [mixed; density X/K=0.2857 vs log_q 2=0.1626]
 q=71 (K,X)=(9,1) gap=441 = 21^2  [mixed; density X/K=0.1111 vs log_q 2=0.1626]
 q=73 (K,X)=(6,1) gap=-9 = -3^2  [mixed; density X/K=0.1667 vs log_q 2=0.1616]
 q=79 (K,X)=(7,1) gap=49 = 7^2  [mixed; density X/K=0.1429 vs log_q 2=0.1586]
 q=81 (K,X)=(5,1) gap=-49 = -7^2  [mixed; density X/K=0.2000 vs log_q 2=0.1577]
 q=83 (K,X)=(1,1) gap=-81 = -3^4  [all-odd; density X/K=1.0000 vs log_q 2=0.1569]
 q=85 (K,X)=(2,1) gap=-81 = -3^4  [mixed; density X/K=0.5000 vs log_q 2=0.1560]
 q=87 (K,X)=(8,1) gap=169 = 13^2  [mixed; density X/K=0.1250 vs log_q 2=0.1552]
 q=89 (K,X)=(3,1) gap=-81 = -3^4  [mixed; density X/K=0.3333 vs log_q 2=0.1544]
 q=89 (K,X)=(6,1) gap=-25 = -5^2  [mixed; density X/K=0.1667 vs log_q 2=0.1544]
 q=91 (K,X)=(6,1) gap=-27 = -3^3  [mixed; density X/K=0.1667 vs log_q 2=0.1537]
 q=97 (K,X)=(4,1) gap=-81 = -3^4  [mixed; density X/K=0.2500 vs log_q 2=0.1515]
 q=101 (K,X)=(7,1) gap=27 = 3^3  [mixed; density X/K=0.1429 vs log_q 2=0.1502]
 q=103 (K,X)=(7,1) gap=25 = 5^2  [mixed; density X/K=0.1429 vs log_q 2=0.1496]
 q=113 (K,X)=(5,1) gap=-81 = -3^4  [mixed; density X/K=0.2000 vs log_q 2=0.1466]
 q=113 (K,X)=(6,1) gap=-49 = -7^2  [mixed; density X/K=0.1667 vs log_q 2=0.1466]
 q=119 (K,X)=(7,1) gap=9 = 3^2  [mixed; density X/K=0.1429 vs log_q 2=0.1450]
 q=123 (K,X)=(1,1) gap=-121 = -11^2  [all-odd; density X/K=1.0000 vs log_q 2=0.1440]
 q=125 (K,X)=(2,1) gap=-121 = -11^2  [mixed; density X/K=0.5000 vs log_q 2=0.1436]
 q=127 (K,X)=(1,1) gap=-125 = -5^3  [all-odd; density X/K=1.0000 vs log_q 2=0.1431]
 q=127 (K,X)=(7,1) gap=1 = 1^1  [mixed; density X/K=0.1429 vs log_q 2=0.1431]
 q=127 (K,X)=(12,1) gap=3969 = 63^2  [mixed; density X/K=0.0833 vs log_q 2=0.1431]
 q=129 (K,X)=(2,1) gap=-125 = -5^3  [mixed; density X/K=0.5000 vs log_q 2=0.1426]
 q=129 (K,X)=(3,1) gap=-121 = -11^2  [mixed; density X/K=0.3333 vs log_q 2=0.1426]
 q=129 (K,X)=(7,1) gap=-1 = -1^1  [mixed; density X/K=0.1429 vs log_q 2=0.1426]
 q=129 (K,X)=(9,2) gap=-16129 = -127^2  [mixed; density X/K=0.2222 vs log_q 2=0.1426]
 q=131 (K,X)=(8,1) gap=125 = 5^3  [mixed; density X/K=0.1250 vs log_q 2=0.1422]
 q=133 (K,X)=(3,1) gap=-125 = -5^3  [mixed; density X/K=0.3333 vs log_q 2=0.1417]
 q=135 (K,X)=(8,1) gap=121 = 11^2  [mixed; density X/K=0.1250 vs log_q 2=0.1413]
 q=137 (K,X)=(4,1) gap=-121 = -11^2  [mixed; density X/K=0.2500 vs log_q 2=0.1409]
 q=137 (K,X)=(7,1) gap=-9 = -3^2  [mixed; density X/K=0.1429 vs log_q 2=0.1409]
 q=141 (K,X)=(4,1) gap=-125 = -5^3  [mixed; density X/K=0.2500 vs log_q 2=0.1401]
 q=145 (K,X)=(6,1) gap=-81 = -3^4  [mixed; density X/K=0.1667 vs log_q 2=0.1393]
 q=151 (K,X)=(9,1) gap=361 = 19^2  [mixed; density X/K=0.1111 vs log_q 2=0.1382]
 q=153 (K,X)=(5,1) gap=-121 = -11^2  [mixed; density X/K=0.2000 vs log_q 2=0.1378]
 q=153 (K,X)=(7,1) gap=-25 = -5^2  [mixed; density X/K=0.1429 vs log_q 2=0.1378]
 q=155 (K,X)=(7,1) gap=-27 = -3^3  [mixed; density X/K=0.1429 vs log_q 2=0.1374]
 q=157 (K,X)=(5,1) gap=-125 = -5^3  [mixed; density X/K=0.2000 vs log_q 2=0.1371]
 q=169 (K,X)=(9,1) gap=343 = 7^3  [mixed; density X/K=0.1111 vs log_q 2=0.1351]
 q=171 (K,X)=(1,1) gap=-169 = -13^2  [all-odd; density X/K=1.0000 vs log_q 2=0.1348]
 q=173 (K,X)=(2,1) gap=-169 = -13^2  [mixed; density X/K=0.5000 vs log_q 2=0.1345]
 q=175 (K,X)=(8,1) gap=81 = 3^4  [mixed; density X/K=0.1250 vs log_q 2=0.1342]
 q=177 (K,X)=(3,1) gap=-169 = -13^2  [mixed; density X/K=0.3333 vs log_q 2=0.1339]
 q=177 (K,X)=(7,1) gap=-49 = -7^2  [mixed; density X/K=0.1429 vs log_q 2=0.1339]
 q=183 (K,X)=(10,1) gap=841 = 29^2  [mixed; density X/K=0.1000 vs log_q 2=0.1331]
 q=185 (K,X)=(4,1) gap=-169 = -13^2  [mixed; density X/K=0.2500 vs log_q 2=0.1328]
 q=185 (K,X)=(6,1) gap=-121 = -11^2  [mixed; density X/K=0.1667 vs log_q 2=0.1328]
 q=189 (K,X)=(6,1) gap=-125 = -5^3  [mixed; density X/K=0.1667 vs log_q 2=0.1322]
 q=199 (K,X)=(11,1) gap=1849 = 43^2  [mixed; density X/K=0.0909 vs log_q 2=0.1309]
 q=201 (K,X)=(5,1) gap=-169 = -13^2  [mixed; density X/K=0.2000 vs log_q 2=0.1307]

Known Fermat-Catalan solutions (10):
 1^m+2^3=3^2
 2^5+7^2=3^4
 7^3+13^2=2^9
 2^7+17^3=71^2
 3^5+11^4=122^2
 17^7+76271^3=21063928^2
 1414^3+2213459^2=65^7
 9262^3+15312283^2=113^7
 43^8+96222^3=30042907^2
 33^8+1549034^2=15613^3
