multipliers u = [1, 5, 7, 11, 13, 17, 19, 23, 25, 29, 31, 35, 37, 41, 43, 47, 49]; levels h <= 60
h: max over all families, its multiplier u* (and exponent offset s-h), the pure-family value, ratio pure/max
   h=  1: max 5.773503e-01 at u=1 (s-h=-2361); pure family 5.773503e-01; pure/max = 1.0000
   h=  2: max 3.779236e-01 at u=1 (s-h=-2319); pure family 3.779236e-01; pure/max = 1.0000
   h=  3: max 2.522368e-01 at u=1 (s-h=-2277); pure family 2.522368e-01; pure/max = 1.0000
   h=  4: max 1.769989e-01 at u=1 (s-h=-2241); pure family 1.769989e-01; pure/max = 1.0000
   h=  5: max 1.292736e-01 at u=1 (s-h=-2187); pure family 1.292736e-01; pure/max = 1.0000
   h=  6: max 9.610639e-02 at u=1 (s-h=-1944); pure family 9.610639e-02; pure/max = 1.0000
   h=  7: max 7.587004e-02 at u=1 (s-h=-1457); pure family 7.587004e-02; pure/max = 1.0000
   h=  8: max 6.089074e-02 at u=1 (s-h=+1); pure family 6.089074e-02; pure/max = 1.0000
   h=  9: max 4.802615e-02 at u=1 (s-h=+1); pure family 4.802615e-02; pure/max = 1.0000
   h= 10: max 3.827832e-02 at u=1 (s-h=+2); pure family 3.827832e-02; pure/max = 1.0000
   h= 11: max 3.194419e-02 at u=1 (s-h=+2); pure family 3.194419e-02; pure/max = 1.0000
   h= 12: max 2.645817e-02 at u=1 (s-h=+2); pure family 2.645817e-02; pure/max = 1.0000
   h= 13: max 2.205243e-02 at u=1 (s-h=+3); pure family 2.205243e-02; pure/max = 1.0000
   h= 14: max 1.912799e-02 at u=1 (s-h=+3); pure family 1.912799e-02; pure/max = 1.0000
   h= 15: max 1.628448e-02 at u=1 (s-h=+3); pure family 1.628448e-02; pure/max = 1.0000
   h= 16: max 1.440949e-02 at u=1 (s-h=+4); pure family 1.440949e-02; pure/max = 1.0000
   h= 17: max 1.251069e-02 at u=1 (s-h=+4); pure family 1.251069e-02; pure/max = 1.0000
   h= 18: max 1.118727e-02 at u=1 (s-h=+5); pure family 1.118727e-02; pure/max = 1.0000
   h= 19: max 9.815710e-03 at u=1 (s-h=+5); pure family 9.815710e-03; pure/max = 1.0000
   h= 20: max 8.884593e-03 at u=1 (s-h=+6); pure family 8.884593e-03; pure/max = 1.0000
   h= 21: max 7.872133e-03 at u=1 (s-h=+7); pure family 7.872133e-03; pure/max = 1.0000
   h= 22: max 7.161169e-03 at u=1 (s-h=+7); pure family 7.161169e-03; pure/max = 1.0000
   h= 23: max 6.426482e-03 at u=1 (s-h=+8); pure family 6.426482e-03; pure/max = 1.0000
   h= 24: max 5.830815e-03 at u=1 (s-h=+8); pure family 5.830815e-03; pure/max = 1.0000
   h= 25: max 5.287607e-03 at u=1 (s-h=+9); pure family 5.287607e-03; pure/max = 1.0000
   h= 26: max 4.779553e-03 at u=1 (s-h=+9); pure family 4.779553e-03; pure/max = 1.0000
   h= 27: max 4.373017e-03 at u=1 (s-h=+10); pure family 4.373017e-03; pure/max = 1.0000
   h= 28: max 3.936399e-03 at u=1 (s-h=+10); pure family 3.936399e-03; pure/max = 1.0000
   h= 29: max 3.630045e-03 at u=1 (s-h=+11); pure family 3.630045e-03; pure/max = 1.0000
   h= 30: max 3.288110e-03 at u=1 (s-h=+12); pure family 3.288110e-03; pure/max = 1.0000
   h= 31: max 3.021646e-03 at u=1 (s-h=+12); pure family 3.021646e-03; pure/max = 1.0000
   h= 32: max 2.758464e-03 at u=1 (s-h=+13); pure family 2.758464e-03; pure/max = 1.0000
   h= 33: max 2.520597e-03 at u=1 (s-h=+13); pure family 2.520597e-03; pure/max = 1.0000
   h= 34: max 2.317614e-03 at u=1 (s-h=+14); pure family 2.317614e-03; pure/max = 1.0000
   h= 35: max 2.106202e-03 at u=1 (s-h=+14); pure family 2.106202e-03; pure/max = 1.0000
   h= 36: max 1.949569e-03 at u=1 (s-h=+15); pure family 1.949569e-03; pure/max = 1.0000
   h= 37: max 1.774564e-03 at u=1 (s-h=+16); pure family 1.774564e-03; pure/max = 1.0000
   h= 38: max 1.641542e-03 at u=1 (s-h=+16); pure family 1.641542e-03; pure/max = 1.0000
   h= 39: max 1.504612e-03 at u=1 (s-h=+17); pure family 1.504612e-03; pure/max = 1.0000
   h= 40: max 1.383199e-03 at u=1 (s-h=+17); pure family 1.383199e-03; pure/max = 1.0000
   h= 41: max 1.276163e-03 at u=1 (s-h=+18); pure family 1.276163e-03; pure/max = 1.0000
   h= 42: max 1.166205e-03 at u=1 (s-h=+18); pure family 1.166205e-03; pure/max = 1.0000
   h= 43: max 1.082647e-03 at u=1 (s-h=+19); pure family 1.082647e-03; pure/max = 1.0000
   h= 44: max 9.893211e-04 at u=1 (s-h=+20); pure family 9.893211e-04; pure/max = 1.0000
   h= 45: max 9.185846e-04 at u=1 (s-h=+20); pure family 9.185846e-04; pure/max = 1.0000
   h= 46: max 8.449073e-04 at u=1 (s-h=+21); pure family 8.449073e-04; pure/max = 1.0000
   h= 47: max 7.794109e-04 at u=1 (s-h=+21); pure family 7.794109e-04; pure/max = 1.0000
   h= 48: max 7.213630e-04 at u=1 (s-h=+22); pure family 7.213630e-04; pure/max = 1.0000
   h= 49: max 6.613112e-04 at u=1 (s-h=+22); pure family 6.613112e-04; pure/max = 1.0000
   h= 50: max 6.156771e-04 at u=1 (s-h=+23); pure family 6.156771e-04; pure/max = 1.0000
   h= 51: max 5.646737e-04 at u=1 (s-h=+24); pure family 5.646737e-04; pure/max = 1.0000
   h= 52: max 5.252696e-04 at u=1 (s-h=+24); pure family 5.252696e-04; pure/max = 1.0000
   h= 53: max 4.847749e-04 at u=1 (s-h=+25); pure family 4.847749e-04; pure/max = 1.0000
   h= 54: max 4.479589e-04 at u=1 (s-h=+25); pure family 4.479589e-04; pure/max = 1.0000
   h= 55: max 4.158870e-04 at u=1 (s-h=+26); pure family 4.158870e-04; pure/max = 1.0000
   h= 56: max 3.818699e-04 at u=1 (s-h=+26); pure family 3.818699e-04; pure/max = 1.0000
   h= 57: max 3.565319e-04 at u=1 (s-h=+27); pure family 3.565319e-04; pure/max = 1.0000
   h= 58: max 3.281584e-04 at u=1 (s-h=+28); pure family 3.281584e-04; pure/max = 1.0000
   h= 59: max 3.054319e-04 at u=1 (s-h=+28); pure family 3.054319e-04; pure/max = 1.0000
   h= 60: max 2.828142e-04 at u=1 (s-h=+29); pure family 2.828142e-04; pure/max = 1.0000
DONE
