N=1073741824 bad(odd-power first hits)=0
per dyadic range: density of first trunk hit at 4^j, j=2..12
[2^8,2^9): 0.93750 0.00391 0.03125 0.02344 0.00000 0.00000 0.00000 0.00000 0.00000 0.00000 0.00000  (tail>12: 0.000000)
[2^9,2^10): 0.93750 0.00195 0.02539 0.03320 0.00000 0.00000 0.00000 0.00000 0.00000 0.00000 0.00000  (tail>12: 0.000000)
[2^10,2^11): 0.93848 0.00098 0.02246 0.03613 0.00098 0.00000 0.00000 0.00000 0.00000 0.00000 0.00000  (tail>12: 0.000000)
[2^11,2^12): 0.93945 0.00049 0.02344 0.03564 0.00049 0.00000 0.00000 0.00000 0.00000 0.00000 0.00000  (tail>12: 0.000000)
[2^12,2^13): 0.93994 0.00024 0.02417 0.03467 0.00024 0.00049 0.00000 0.00000 0.00000 0.00000 0.00000  (tail>12: 0.000000)
[2^13,2^14): 0.93958 0.00012 0.02478 0.03491 0.00012 0.00024 0.00012 0.00000 0.00000 0.00000 0.00000  (tail>12: 0.000000)
[2^14,2^15): 0.93799 0.00006 0.02496 0.03619 0.00006 0.00018 0.00049 0.00000 0.00000 0.00000 0.00000  (tail>12: 0.000000)
[2^15,2^16): 0.93622 0.00003 0.02487 0.03815 0.00003 0.00015 0.00052 0.00000 0.00000 0.00000 0.00000  (tail>12: 0.000000)
[2^16,2^17): 0.93633 0.00002 0.02438 0.03864 0.00002 0.00014 0.00046 0.00002 0.00000 0.00000 0.00000  (tail>12: 0.000000)
[2^17,2^18): 0.93708 0.00001 0.02380 0.03845 0.00001 0.00011 0.00051 0.00001 0.00002 0.00000 0.00000  (tail>12: 0.000000)
[2^18,2^19): 0.93779 0.00000 0.02354 0.03803 0.00000 0.00010 0.00048 0.00000 0.00004 0.00000 0.00000  (tail>12: 0.000000)
[2^19,2^20): 0.93814 0.00000 0.02349 0.03780 0.00000 0.00008 0.00044 0.00000 0.00004 0.00000 0.00000  (tail>12: 0.000000)
[2^20,2^21): 0.93819 0.00000 0.02358 0.03766 0.00000 0.00008 0.00045 0.00000 0.00004 0.00000 0.00000  (tail>12: 0.000000)
[2^21,2^22): 0.93820 0.00000 0.02358 0.03762 0.00000 0.00008 0.00047 0.00000 0.00003 0.00000 0.00000  (tail>12: 0.000000)
[2^22,2^23): 0.93815 0.00000 0.02363 0.03762 0.00000 0.00009 0.00048 0.00000 0.00003 0.00000 0.00000  (tail>12: 0.000000)
[2^23,2^24): 0.93811 0.00000 0.02363 0.03766 0.00000 0.00008 0.00048 0.00000 0.00003 0.00000 0.00000  (tail>12: 0.000000)
[2^24,2^25): 0.93807 0.00000 0.02359 0.03774 0.00000 0.00008 0.00048 0.00000 0.00003 0.00000 0.00000  (tail>12: 0.000000)
[2^25,2^26): 0.93802 0.00000 0.02359 0.03779 0.00000 0.00008 0.00048 0.00000 0.00003 0.00000 0.00000  (tail>12: 0.000000)
[2^26,2^27): 0.93801 0.00000 0.02360 0.03779 0.00000 0.00008 0.00048 0.00000 0.00003 0.00000 0.00000  (tail>12: 0.000001)
[2^27,2^28): 0.93800 0.00000 0.02363 0.03777 0.00000 0.00008 0.00048 0.00000 0.00003 0.00000 0.00000  (tail>12: 0.000001)
[2^28,2^29): 0.93797 0.00000 0.02365 0.03778 0.00000 0.00008 0.00049 0.00000 0.00003 0.00000 0.00000  (tail>12: 0.000001)
[2^29,2^30): 0.93794 0.00000 0.02366 0.03780 0.00000 0.00008 0.00049 0.00000 0.00003 0.00000 0.00000  (tail>12: 0.000000)
[2^30,2^31): 0.00000 0.00000 0.00000 0.00000 0.00000 0.00000 0.00000 0.00000 0.00000 0.00000 0.00000  (tail>12: 0.000000)
cumulative [1,N] e_j = density of first trunk hit at 4^j:
  j=2 4^j=16 e_j=0.9379633 cum=0.9379633  D(4^j)=1-cum_{<j}=1.0000000
  j=3 4^j=64 e_j=0.0000000 cum=0.9379634  D(4^j)=1-cum_{<j}=0.0620367
  j=4 4^j=256 e_j=0.0236466 cum=0.9616099  D(4^j)=1-cum_{<j}=0.0620366
  j=5 4^j=1024 e_j=0.0377892 cum=0.9993991  D(4^j)=1-cum_{<j}=0.0383901
  j=6 4^j=4096 e_j=0.0000000 cum=0.9993991  D(4^j)=1-cum_{<j}=0.0006009
  j=7 4^j=16384 e_j=0.0000805 cum=0.9994796  D(4^j)=1-cum_{<j}=0.0006009
  j=8 4^j=65536 e_j=0.0004854 cum=0.9999650  D(4^j)=1-cum_{<j}=0.0005204
  j=9 4^j=262144 e_j=0.0000000 cum=0.9999650  D(4^j)=1-cum_{<j}=0.0000350
  j=10 4^j=1048576 e_j=0.0000323 cum=0.9999974  D(4^j)=1-cum_{<j}=0.0000350
  j=11 4^j=4194304 e_j=0.0000021 cum=0.9999995  D(4^j)=1-cum_{<j}=0.0000026
  j=12 4^j=16777216 e_j=0.0000000 cum=0.9999995  D(4^j)=1-cum_{<j}=0.0000005
  j=13 4^j=67108864 e_j=0.0000004 cum=0.9999999  D(4^j)=1-cum_{<j}=0.0000005
  j=14 4^j=268435456 e_j=0.0000001 cum=1.0000000  D(4^j)=1-cum_{<j}=0.0000001
  j=15 4^j=1073741824 e_j=0.0000000 cum=1.0000000  D(4^j)=1-cum_{<j}=0.0000000
