h=200 A=60 s=311 (delta=5.99)  recursion 0.3s, DP 0.0s
  f_h(s) direct = 2.326713e-08+1.341612e-08j  |.|=2.685799e-08;  sum_J c_J = 2.326713e-08+1.341612e-08j  |.|=2.685799e-08;  rel diff 9.81e-15
  |f_h(s)|/(h^-3/2 e^-hI) = 4.5298   arg = +0.523
  J: |c_J|, mass_h(J), |mu_hat_J(1)|, |W_J|/mass (top coherence), gamma_J = c_J/scale (mod, arg)
     0: 1.6614e-10 1.1615e-07 1.0000e+00 nan   0.0280 +2.62
     1: 4.4810e-10 2.0741e-07 5.7735e-01 0.0037   0.0756 +2.18
     2: 1.0532e-09 3.6527e-07 2.2215e-01 0.0130   0.1776 -2.72
     3: 3.0137e-09 6.3441e-07 1.5614e-01 0.0304   0.5083 +0.68
     4: 6.9984e-09 1.0868e-06 1.1802e-01 0.0546   1.1803 +2.36
     5: 1.3075e-08 1.8363e-06 8.6018e-02 0.0828   2.2051 -0.36
     6: 5.2616e-09 3.0605e-06 1.5217e-02 0.1130   0.8874 +2.58
     7: 1.5382e-08 5.0316e-06 2.1243e-02 0.1439   2.5943 +0.97
     8: 1.5665e-08 8.1605e-06 1.0978e-02 0.1749   2.6420 +2.91
     9: 1.0425e-08 1.3057e-05 3.8859e-03 0.2055   1.7582 -0.73
    10: 8.0828e-09 2.0610e-05 1.6653e-03 0.2355   1.3632 +1.16
    11: 2.1576e-09 3.2098e-05 2.5379e-04 0.2649   0.3639 -1.39
    12: 1.2080e-08 4.9322e-05 8.3460e-04 0.2935   2.0374 +1.44
    13: 1.3276e-08 7.4778e-05 5.5257e-04 0.3213   2.2391 -1.58
    14: 5.5099e-09 1.1187e-04 1.4140e-04 0.3483   0.9293 +0.79
    15: 5.1763e-09 1.6514e-04 8.3689e-05 0.3745   0.8730 +0.20
    16: 1.2570e-08 2.4056e-04 1.3066e-04 0.3999   2.1200 +0.15
    17: 2.6396e-08 3.4580e-04 1.7981e-04 0.4245   4.4518 -2.76
    18: 6.6801e-09 4.9055e-04 3.0377e-05 0.4483   1.1266 -0.09
    19: 7.6314e-09 6.8677e-04 2.3579e-05 0.4713   1.2871 -0.33
    20: 5.2680e-09 9.4890e-04 1.1251e-05 0.4934   0.8885 +0.37
    21: 1.5247e-09 1.2940e-03 2.2886e-06 0.5149   0.2571 +2.98
    22: 7.5262e-10 1.7415e-03 8.0704e-07 0.5355   0.1269 -2.00
    23: 7.9316e-10 2.3133e-03 6.1732e-07 0.5554   0.1338 -1.00
    24: 8.0571e-10 3.0330e-03 4.6232e-07 0.5746   0.1359 -2.43
    25: 1.7455e-09 3.9251e-03 7.4985e-07 0.5931   0.2944 +1.91
    30: 2.0471e-10 1.1723e-02 2.5855e-08 0.6754   0.0345 +2.27
    40: 9.2108e-12 3.9703e-02 2.9102e-10 0.7972   0.0016 +0.63
    50: 1.8553e-14 3.7237e-02 5.6888e-13 0.8758   0.0000 -1.36
    60: 1.5540e-17 9.6664e-03 1.7375e-15 0.9252   0.0000 +0.67
    80: 1.0435e-25 1.3057e-05 8.2074e-21 0.9737   0.0000 -2.07
   100: 9.9567e-36 7.7497e-11 1.2967e-25 0.9908   0.0000 +1.37
   150: 2.9614e-73 5.3115e-36 5.5819e-38 0.9989   0.0000 +0.62
   200: 3.7488e-144 2.3970e-94 1.5639e-50 nan   0.0000 +1.21
  partial sums |sum_{J'<=J} c_J'|/scale at J = 5,10,20,40,80,160,320: 1.4417 3.9121 4.9466 4.5307 4.5298 4.5298
  |mu_hat_n(1)| 3^(n/2): max 10.377 at n=131; n=1..12: 1.000 0.666 0.811 1.062 1.341 0.411 0.993 0.889 0.545 0.405 0.107 0.608
  least-squares rate of |mu_hat_n(1)| over n=20..200: 0.5678 per level (3^-1/2 = 0.5774, log2 3 - 1 = 0.5850)
  least-squares rate of |mu_hat_n(1)| over n=100..200: 0.5610 per level (3^-1/2 = 0.5774, log2 3 - 1 = 0.5850)
  least-squares rate of |mu_hat_n(1)| over n=150..200: 0.5678 per level (3^-1/2 = 0.5774, log2 3 - 1 = 0.5850)
  sup_n (log2 3 - 1)^-n |mu_hat_n(1)| over n<=h = 1.866; over 20<=n<=h = 1.866
