### (1) the 16 compatible classes mod 4 ###
  Lambda = {m : m2 + 2 m3 + 3 m4 = 0 mod 4} ; 16 of 64 classes, index 4
    (0, 0, 0), (0, 1, 2), (0, 2, 0), (0, 3, 2)
    (1, 0, 1), (1, 1, 3), (1, 2, 1), (1, 3, 3)
    (2, 0, 2), (2, 1, 0), (2, 2, 2), (2, 3, 0)
    (3, 0, 3), (3, 1, 1), (3, 2, 3), (3, 3, 1)

### (2) the observed relations are all compatible ###
  m=(-2, 1, 0)   m.(1,2,3) = 0     = 0 mod 4: True   d3-2d2=0   [(1,2,3)]
  m=(-3, 0, 1)   m.(1,2,3) = 0     = 0 mod 4: True   d4-3d2=0   [(1,2,3)]
  m=(1, 1, -1)   m.(1,2,3) = 0     = 0 mod 4: True   d2+d3-d4=0 [(5,9,14)]
  m=(9, -5, 0)   m.(1,2,3) = -1    = 0 mod 4: False  9d2-5d3=0  [(5,9,14)]

### (3) e for the observed directions ###
  direction        e      e=0 or 4|e ?   observed concentration
  (1, 2, 3)        0      YES            28.28x
  (2, 4, 6)        0      YES            28.29x
  (5, 9, 14)       1      no             6.33x
  (1, 2, 4)        1      no             ~0
  (2, 3, 4)        1      no             ~0
  (3, 5, 7)        1      no             ~0
  (11, 19, 37)     1      no             1.03x
  (211, 367, 593)  5      no             0.89x

### (4) IS THERE A SECOND FULL-CONCENTRATION FAMILY?  search 4 | e, d not ~ (1,2,3) ###
  triples 1<=d2<d3<d4<=25 with 4 | e and d not proportional to (1,2,3): 96
    (1, 2, 7)      e = 4
    (1, 2, 11)     e = 8
    (1, 2, 15)     e = 12
    (1, 2, 19)     e = 16
    (1, 2, 23)     e = 20
    (1, 6, 7)      e = 4
    (1, 6, 11)     e = 4
    (1, 6, 15)     e = 4
    (1, 6, 19)     e = 4
    (1, 6, 23)     e = 4
    (1, 10, 11)    e = 8
    (1, 10, 15)    e = 4

### (5) so the classification is ###
  e = 0        <=> d ~ (1,2,3)        -> geodesic passes through c -> FULL, 28.28x
  4 | e, e > 0 <=> (none found)       -> would be a second full family
  otherwise    -> partial or generic, governed by which relations lie in Lambda
DONE
