confined_confluent_observer_transport_audit_thm4274
field_gcd_pair_cells=340
field_gcd_kernel_equalities=340
field_gcd_common_words=421
field_gcd_prefix_pair_controls=97
integer_box_cells=348
integer_box_injective=204
integer_box_hostile=144
bounded_fibre_candidates=18
bounded_fibre_target_words=9
fibre_partition_pair_checks=324
bounded_fibre_subset_checks=512
unbounded_order_hostiles=9
merged_hazard_steps=6
heavy_fibre_rows=17
capacity_collision_cells=24
balanced_overload_cells=24
integral_torsion_hostile=PASS
nonmonic_prefix_hostile=PASS
resultant_bad_prime_no_degeneration=PASS
empty_candidate_edge=PASS
graph_specialization_hasse_repair=PASS
status=PASS
