n | shells | ceiling | corona levels (x: B/A) | width | floor(n/2)+1
n= 4 |    4 |    20 | [] | W=0 vs 3 DIFFER
n= 5 |    8 |    40 | [] | W=0 vs 3 DIFFER
n= 6 |   15 |    70 | [] | W=0 vs 4 DIFFER
n= 7 |   26 |   112 | [104:5/7, 112:1/3] | W=2 vs 4 DIFFER
   corona contiguous ending at ceiling: True; span x = 104..112
n= 8 |   40 |   168 | [136:10/12, 144:10/14, 152:11/15, 160:6/12, 168:1/10] | W=5 vs 5 MATCH
   THM-868 n=8 cross-check: PASS
   corona contiguous ending at ceiling: True; span x = 136..168
n= 9 |   62 |   240 | [168:26/28, 176:30/32, 184:27/31, 192:27/33, 200:26/32, 208:18/26, 216:18/36, 224:16/34, 232:7/25, 240:1/25] | W=10 vs 5 DIFFER
   corona contiguous ending at ceiling: True; span x = 168..240
n=10 |   87 |   330 | [210:70/72, 218:71/75, 226:62/66, 234:68/76, 242:72/82, 250:61/69, 258:62/76, 266:61/81, 274:56/76, 282:55/81, 290:44/76, 298:32/67, 306:30/82, 314:22/79, 322:8/62, 330:1/64] | W=16 vs 6 DIFFER
   corona contiguous ending at ceiling: True; span x = 210..330
n=11 |  120 |   440 | [248:153/155, 256:154/156, 264:147/151, 272:165/171, 280:163/171, 288:160/170, 296:171/185, 304:168/186, 312:158/178, 320:175/199, 328:164/194, 336:150/188, 344:163/209, 352:156/206, 360:136/188, 368:133/201, 376:125/203, 384:110/194, 392:99/197, 400:74/191, 408:55/182, 416:47/201, 424:29/188, 432:9/171, 440:1/178] | W=25 vs 6 DIFFER
   corona contiguous ending at ceiling: True; span x = 248..440
n=12 |  161 |   572 | [300:311/313, 308:354/358, 316:351/357, 324:362/372, 332:388/398, 340:376/388, 348:402/424, 356:426/448, 364:396/418, 372:412/446, 380:452/494, 388:418/458, 396:415/469, 404:450/514, 412:427/497, 420:418/502, 428:431/523, 436:408/512, 444:402/530, 452:410/544, 460:369/507, 468:358/532, 476:369/567, 484:324/518, 492:288/510, 500:274/546, 508:238/527, 516:204/518, 524:172/523, 532:122/504, 540:91/522, 548:70/522, 556:37/479, 564:10/490, 572:1/505] | W=35 vs 7 DIFFER
   corona contiguous ending at ceiling: True; span x = 300..572
n=13 |  209 |   728 | [344:705/707, 352:687/689, 360:744/748, 368:788/794, 376:797/805, 384:841/853, 392:882/900, 400:875/893, 408:952/978, 416:976/1010, 424:954/988, 432:1015/1057, 440:1069/1129, 448:1027/1085, 456:1063/1133, 464:1114/1202, 472:1101/1199, 480:1127/1241, 488:1148/1280, 496:1118/1252, 504:1159/1327, 512:1169/1361, 520:1116/1306, 528:1143/1365, 536:1170/1440, 544:1109/1373, 552:1110/1404, 560:1120/1462, 568:1066/1428, 576:1052/1447, 584:1034/1475, 592:972/1437, 600:960/1487, 608:925/1507, 616:836/1431, 624:804/1481, 632:768/1535, 640:659/1434, 648:588/1434, 656:523/1494, 664:439/1454, 672:368/1442, 680:287/1447, 688:198/1400, 696:145/1443, 704:100/1431, 712:46/1331, 720:11/1364, 728:1/1403] | W=49 vs 7 DIFFER
   corona contiguous ending at ceiling: True; span x = 344..728
n=14 |  267 |   910 | [406:1508/1510, 414:1555/1559, 422:1678/1684, 430:1749/1759, 438:1766/1780, 446:1917/1933, 454:1958/1980, 462:2008/2036, 470:2136/2170, 478:2192/2234, 486:2204/2254, 494:2371/2431, 502:2410/2480, 510:2426/2508, 518:2558/2652, 526:2640/2750, 534:2612/2740, 542:2745/2891, 550:2792/2958, 558:2801/2991, 566:2910/3124, 574:2946/3186, 582:2922/3188, 590:3068/3370, 598:3072/3406, 606:3022/3384, 614:3126/3530, 622:3166/3620, 630:3088/3570, 638:3160/3696, 646:3178/3766, 654:3134/3770, 662:3174/3870, 670:3150/3902, 678:3066/3866, 686:3124/4011, 694:3078/4032, 702:2962/3963, 710:2986/4090, 718:2967/4170, 726:2822/4064, 734:2795/4147, 742:2722/4192, 750:2589/4142, 758:2532/4208, 766:2414/4213, 774:2244/4154, 782:2181/4268, 790:2026/4248, 798:1808/4126, 806:1694/4236, 814:1543/4261, 822:1306/4100, 830:1135/4143, 838:970/4192, 846:792/4114, 854:636/4112, 862:467/4087, 870:316/4000, 878:223/4069, 886:138/4010, 894:56/3855, 902:12/3926, 910:1/3946] | W=64 vs 8 DIFFER
   corona contiguous ending at ceiling: True; span x = 406..910
n=15 |  336 |  1120 | [456:2982/2984, 464:3261/3263, 472:3296/3300, 480:3472/3478, 488:3728/3736, 496:3783/3795, 504:3960/3980, 512:4271/4293, 520:4269/4295, 528:4470/4510, 536:4801/4847, 544:4831/4881, 552:4965/5035, 560:5320/5402, 568:5355/5443, 576:5539/5651, 584:5850/5976, 592:5890/6032, 600:6054/6226, 608:6418/6608, 616:6385/6585, 624:6560/6822, 632:6916/7200, 640:6930/7230, 648:7012/7368, 656:7384/7794, 664:7389/7809, 672:7510/8000, 680:7805/8345, 688:7799/8383, 696:7898/8560, 704:8236/8962, 712:8150/8904, 720:8226/9094, 728:8553/9493, 736:8503/9481, 744:8470/9570, 752:8771/9991, 760:8712/9964, 768:8718/10114, 776:8920/10434, 784:8822/10413, 792:8818/10545, 800:9040/10913, 808:8848/10791, 816:8785/10927, 824:8989/11283, 832:8823/11208, 840:8659/11234, 848:8789/11591, 856:8639/11519, 864:8498/11594, 872:8518/11854, 880:8291/11755, 888:8127/11830, 896:8153/12129, 904:7836/11939, 912:7596/11993, 920:7582/12293, 928:7279/12144, 936:6924/12085, 944:6800/12362, 952:6449/12210, 960:6086/12221, 968:5844/12400, 976:5421/12222, 984:5016/12234, 992:4737/12444, 1000:4241/12177, 1008:3768/12145, 1016:3449/12368, 1024:3000/12142, 1032:2504/12015, 1040:2132/12187, 1048:1749/12005, 1056:1385/11938, 1064:1066/12001, 1072:745/11767, 1080:495/11720, 1088:332/11853, 1096:185/11518, 1104:67/11435, 1112:13/11583, 1120:1/11307] | W=84 vs 8 DIFFER
   corona contiguous ending at ceiling: True; span x = 456..1120
n=16 |  414 |  1360 | [528:6723/6725, 536:7084/7088, 544:7320/7326, 552:7790/7802, 560:8172/8188, 568:8296/8312, 576:8819/8847, 584:9342/9380, 592:9474/9512, 600:9874/9922, 608:10465/10533, 616:10720/10794, 624:11176/11266, 632:11622/11732, 640:11898/12018, 648:12460/12610, 656:12959/13139, 664:13084/13270, 672:13709/13931, 680:14332/14606, 688:14454/14734, 696:14904/15220, 704:15617/16007, 712:15818/16234, 720:16285/16741, 728:16814/17344, 736:17097/17675, 744:17660/18312, 752:18209/18947, 760:18240/19008, 768:18882/19754, 776:19526/20532, 784:19549/20581, 792:19946/21074, 800:20680/21984, 808:20806/22176, 816:21203/22669, 824:21696/23336, 832:21868/23618, 840:22316/24208, 848:22796/24876, 856:22716/24878, 864:23232/25620, 872:23778/26416, 880:23663/26373, 888:23908/26798, 896:24515/27767, 904:24460/27826, 912:24646/28199, 920:25002/28886, 928:24993/29092, 936:25240/29606, 944:25522/30223, 952:25244/30100, 960:25520/30738, 968:25854/31502, 976:25491/31283, 984:25470/31604, 992:25824/32526, 1000:25546/32464, 1008:25450/32696, 1016:25518/33302, 1024:25234/33365, 1032:25188/33710, 1040:25147/34204, 1048:24600/33970, 1056:24527/34483, 1064:24510/35122, 1072:23866/34727, 1080:23512/34904, 1088:23462/35714, 1096:22866/35466, 1104:22414/35505, 1112:22078/36022, 1120:21411/35907, 1128:20924/36104, 1136:20458/36460, 1144:19538/36046, 1152:18961/36370, 1160:18416/36854, 1168:17392/36267, 1176:16538/36294, 1184:15876/36954, 1192:14786/36518, 1200:13817/36400, 1208:12936/36758, 1216:11811/36476, 1224:10808/36472, 1232:9862/36653, 1240:8664/36104, 1248:7648/36249, 1256:6758/36588, 1264:5688/35843, 1272:4702/35718, 1280:3876/36203, 1288:3070/35628, 1296:2365/35330, 1304:1740/35536, 1312:1169/35122, 1320:760/34980, 1328:480/35033, 1336:242/34342, 1344:79/34355, 1352:14/34532, 1360:1/33657] | W=105 vs 9 DIFFER
   corona contiguous ending at ceiling: True; span x = 528..1360

widths: {4: 0, 5: 0, 6: 0, 7: 2, 8: 5, 9: 10, 10: 16, 11: 25, 12: 35, 13: 49, 14: 64, 15: 84, 16: 105}
even n: {4: 0, 6: 0, 8: 5, 10: 16, 12: 35, 14: 64, 16: 105}  -> floor(n/2)+1? False
odd  n: {5: 0, 7: 2, 9: 10, 11: 25, 13: 49, 15: 84}  -> pattern?     {5: (0, 3), 7: (2, 4), 9: (10, 5), 11: (25, 6), 13: (49, 7), 15: (84, 8)}
