{
  "balance_hostiles": [
    {
      "k": 5,
      "odd": 4,
      "extensions": 3,
      "balance": "1/3"
    },
    {
      "k": 7,
      "odd": 5,
      "extensions": 7,
      "balance": "3/7"
    },
    {
      "k": 10,
      "odd": 7,
      "extensions": 30,
      "balance": "7/15"
    }
  ],
  "same_band": {
    "start": 4067,
    "end": 2051,
    "odd_steps": 29,
    "halvings": 47,
    "intermediate_band_visit": 2429
  },
  "log_clock_repair": "3 log C < sum 1/m <= 4 log C; natural logarithms",
  "scope": "exact controls; no general first-return counterexample claimed"
}
