{
  "status": "PROVED affine joins and guarded families; FINITE-EXACT bounded minima",
  "source_words": 65535,
  "maximum_source_cost": 16,
  "controls": 768,
  "families": [
    {
      "s": 1,
      "e": 1,
      "u": [
        1,
        6,
        1
      ],
      "v": [
        1,
        2,
        1,
        3
      ],
      "minimum_cost": 8,
      "joins_through_cost16": 2614,
      "last_offset": 2,
      "preterminal_root_requires_M": "19/9",
      "union_cylinder_exponent_constant": 10,
      "absolute_union_density": "1/1024",
      "first_all_prefix_growth_r": 8,
      "growing_example": 236031,
      "child": 118015,
      "common_future": 478505,
      "growing_word": [
        1,
        1,
        1,
        1,
        1,
        1,
        1,
        1,
        2,
        1,
        6,
        1
      ]
    },
    {
      "s": 1,
      "e": 2,
      "u": [
        1,
        6,
        4,
        1
      ],
      "v": [
        2,
        1,
        1,
        1,
        3,
        3
      ],
      "minimum_cost": 12,
      "joins_through_cost16": 178,
      "last_offset": 2,
      "preterminal_root_requires_M": "313/81",
      "union_cylinder_exponent_constant": 16,
      "absolute_union_density": "1/65536",
      "first_all_prefix_growth_r": 13,
      "growing_example": 73580543,
      "child": 36790271,
      "common_future": 159293099,
      "growing_word": [
        1,
        1,
        1,
        1,
        1,
        1,
        1,
        1,
        1,
        1,
        1,
        1,
        1,
        2,
        2,
        1,
        6,
        4,
        1
      ]
    },
    {
      "s": 1,
      "e": 3,
      "u": [
        1,
        2,
        9,
        1
      ],
      "v": [
        1,
        1,
        1,
        1,
        1,
        2,
        5
      ],
      "minimum_cost": 13,
      "joins_through_cost16": 42,
      "last_offset": 4,
      "preterminal_root_requires_M": "2023/729",
      "union_cylinder_exponent_constant": 19,
      "absolute_union_density": "1/524288",
      "first_all_prefix_growth_r": 15,
      "growing_example": 13581352959,
      "child": 6790676479,
      "common_future": 24807944825,
      "growing_word": [
        1,
        1,
        1,
        1,
        1,
        1,
        1,
        1,
        1,
        1,
        1,
        1,
        1,
        1,
        1,
        2,
        2,
        2,
        1,
        2,
        9,
        1
      ]
    },
    {
      "s": 1,
      "e": 4,
      "u": [
        1,
        14,
        1
      ],
      "v": [
        2,
        2,
        1,
        3,
        3,
        1,
        3
      ],
      "minimum_cost": 16,
      "joins_through_cost16": 1,
      "last_offset": 2,
      "preterminal_root_requires_M": "5459/243",
      "union_cylinder_exponent_constant": 24,
      "absolute_union_density": "1/16777216",
      "first_all_prefix_growth_r": 24,
      "growing_example": 307417686474751,
      "child": 153708843237375,
      "common_future": 674602512456395,
      "growing_word": [
        1,
        1,
        1,
        1,
        1,
        1,
        1,
        1,
        1,
        1,
        1,
        1,
        1,
        1,
        1,
        1,
        1,
        1,
        1,
        1,
        1,
        1,
        1,
        1,
        2,
        2,
        2,
        2,
        1,
        14,
        1
      ]
    },
    {
      "s": 2,
      "e": 1,
      "u": [
        6,
        1
      ],
      "v": [
        1,
        1,
        3
      ],
      "minimum_cost": 7,
      "joins_through_cost16": 3398,
      "last_offset": 2,
      "preterminal_root_requires_M": "5/3",
      "union_cylinder_exponent_constant": 9,
      "absolute_union_density": "1/512",
      "first_all_prefix_growth_r": 9,
      "growing_example": 445439,
      "child": 222719,
      "common_future": 903035,
      "growing_word": [
        1,
        1,
        1,
        1,
        1,
        1,
        1,
        1,
        1,
        2,
        6,
        1
      ]
    },
    {
      "s": 2,
      "e": 2,
      "u": [
        10,
        1
      ],
      "v": [
        3,
        2,
        1,
        3
      ],
      "minimum_cost": 11,
      "joins_through_cost16": 428,
      "last_offset": 2,
      "preterminal_root_requires_M": "85/9",
      "union_cylinder_exponent_constant": 15,
      "absolute_union_density": "1/32768",
      "first_all_prefix_growth_r": 16,
      "growing_example": 2629959679,
      "child": 1314979839,
      "common_future": 4270161683,
      "growing_word": [
        1,
        1,
        1,
        1,
        1,
        1,
        1,
        1,
        1,
        1,
        1,
        1,
        1,
        1,
        1,
        1,
        2,
        2,
        10,
        1
      ]
    },
    {
      "s": 2,
      "e": 3,
      "u": [
        10,
        1
      ],
      "v": [
        1,
        1,
        1,
        3,
        3
      ],
      "minimum_cost": 11,
      "joins_through_cost16": 209,
      "last_offset": 2,
      "preterminal_root_requires_M": "85/27",
      "union_cylinder_exponent_constant": 17,
      "absolute_union_density": "1/131072",
      "first_all_prefix_growth_r": 17,
      "growing_example": 14322237439,
      "child": 7161118719,
      "common_future": 26161257809,
      "growing_word": [
        1,
        1,
        1,
        1,
        1,
        1,
        1,
        1,
        1,
        1,
        1,
        1,
        1,
        1,
        1,
        1,
        1,
        2,
        2,
        2,
        10,
        1
      ]
    },
    {
      "s": 2,
      "e": 4,
      "u": [
        3,
        1,
        11,
        1
      ],
      "v": [
        1,
        1,
        2,
        1,
        1,
        1,
        2,
        5
      ],
      "minimum_cost": 16,
      "joins_through_cost16": 3,
      "last_offset": 4,
      "preterminal_root_requires_M": "8173/2187",
      "union_cylinder_exponent_constant": 24,
      "absolute_union_density": "1/16777216",
      "first_all_prefix_growth_r": 21,
      "growing_example": 10898995412991,
      "child": 5449497706495,
      "common_future": 21259500274817,
      "growing_word": [
        1,
        1,
        1,
        1,
        1,
        1,
        1,
        1,
        1,
        1,
        1,
        1,
        1,
        1,
        1,
        1,
        1,
        1,
        1,
        1,
        1,
        2,
        2,
        2,
        2,
        3,
        1,
        11,
        1
      ]
    }
  ],
  "selector_universe": "all10000 odd sources through20000",
  "selected_sources": 60,
  "supplied_child_AST_transports": 8,
  "malformed_sources_rejected": 4,
  "unrelated_child_certificate_rejected": true,
  "absolute_removed_density": "25041/8388608",
  "absolute_remaining_necessary_kernel": "1023535/8388608",
  "odd_relative_remaining_necessary_kernel": "1023535/4194304",
  "scope": "Smaller dependency requires its own home certificate; not universal coverage"
}
PASS: all checks remain active under -O
