a_k from (1,3)[[1,6],[1,1]]^{k-1}(3,1)^T : [6, 21, 72, 249, 858, 2961]
recurrence a_k = 2a_{k-1}+5a_{k-2} holds : True
char poly x^2-2x-5 -> growth 1+sqrt6 = 3.449489742783178

realizable values < 1000 : [1, 6, 21, 42, 72, 216, 249, 432, 858, 996]
count 10  sum = 2893

DLO sequence (a_k=2a+5a) circuit +-+-+-+-+-+-+
   sign changes = 12 of 12   alternation index = 0.723772
metallic n=1  circuit +-+-+-+-+-+-   index = 0.700362
metallic n=2  circuit +-+-+-+-+-+-   index = 0.590433
metallic n=3  circuit +-+-+-+-+-+-   index = 0.547518

For a_k = P a_{k-1} + Q a_{k-2}, Simson gives a_{k-1}a_{k+1}-a_k^2 = (-Q)^{k-1} c,
so R_k - 1 ~ +-(Q/lambda^2)^k : the alternation MAGNITUDE decays at rate Q/lambda^2.

  (P,Q)     lambda    Q/lambda^2    alternation index
  (1,1)    1.6180    0.381966     0.700362   Fibonacci/golden
  (2,1)    2.4142    0.171573     0.607902   Pell/silver
  (3,1)    3.3028    0.091673     0.570654   bronze
  (2,5)    3.4495    0.420204     0.723772   DLO count
  (1,2)    2.0000    0.500000     0.756588   
  (1,3)    2.3028    0.565741     0.785948   
  (2,7)    3.8284    0.477592     0.746447   

index monotone increasing in Q/lambda^2 across all tested: True

DEGREE-3 FC CENSUS (the regime where the determinacy argument fails)

  homogeneous cubic, n=2, coeffs[-6,6], m=1..5: 0 survivors / 28560
  homogeneous cubic, n=2, coeffs[-9,9], m=1..4: 0 survivors / 130320

  two-term cubics with L(f)=L(f^2)=0, coeffs in [-40,40]: 0
