====================================================================================================
FLOWER SNARKS J_k (4k vertices): dyadic profiles
====================================================================================================
  J5 (n=20): girth=5 c4=0 c8=15 c16=180 connected=True
  J7 (n=28): girth=6 c4=0 c8=21 c16=441 connected=True
  J9 (n=36): girth=6 c4=0 c8=27 c16=567 c32=12096 connected=True

====================================================================================================
GIRTH-9 OBSERVATION: cubic girth>=9 => NO C8 for free; smallest such = (3,9)-cages, n=58.
At 32<=n<64 an {8,16,32}-avoider suffices for a counterexample; girth>=9 handles the 8.
(3,9)-cage check deferred to a HoG download if available -- see session notes.
====================================================================================================

====================================================================================================
DEEPER SA at n=20..26 girth>=5: confirm stage-1 floors (6,3,3,1) / try to reach 0 at 26
====================================================================================================
  n=20: min c8 = 6 over 16 deep restarts (250K iters each), distribution {6: 16}, prev floor 6  (235s)
    extremal witness (c8=6): girth=5 connected=True
    adj: 0:[9, 15, 16]; 1:[3, 10, 14]; 2:[7, 16, 18]; 3:[1, 4, 9]; 4:[3, 8, 12]; 5:[6, 16, 17]; 6:[5, 13, 18]; 7:[2, 10, 17]; 8:[4, 11, 13]; 9:[0, 3, 11]; 10:[1, 7, 13]; 11:[8, 9, 14]; 12:[4, 14, 15]; 13:[6, 8, 10]; 14:[1, 11, 12]; 15:[0, 12, 19]; 16:[0, 2, 5]; 17:[5, 7, 19]; 18:[2, 6, 19]; 19:[15, 17, 18]
  n=22: min c8 = 3 over 16 deep restarts (250K iters each), distribution {3: 16}, prev floor 3  (324s)
    extremal witness (c8=3): girth=5 connected=True
    adj: 0:[3, 7, 16]; 1:[7, 15, 21]; 2:[6, 9, 19]; 3:[0, 8, 15]; 4:[16, 20, 21]; 5:[7, 10, 19]; 6:[2, 14, 20]; 7:[0, 1, 5]; 8:[3, 13, 21]; 9:[2, 12, 18]; 10:[5, 12, 20]; 11:[12, 14, 16]; 12:[9, 10, 11]; 13:[8, 14, 18]; 14:[6, 11, 13]; 15:[1, 3, 17]; 16:[0, 4, 11]; 17:[15, 18, 19]; 18:[9, 13, 17]; 19:[2, 5, 17]; 20:[4, 6, 10]; 21:[1, 4, 8]
  n=24: min c8 = 3 over 16 deep restarts (250K iters each), distribution {3: 16}, prev floor 3  (401s)
    extremal witness (c8=3): girth=5 connected=True
    adj: 0:[1, 6, 21]; 1:[0, 16, 19]; 2:[8, 18, 21]; 3:[6, 13, 15]; 4:[7, 14, 19]; 5:[7, 9, 16]; 6:[0, 3, 18]; 7:[4, 5, 17]; 8:[2, 15, 20]; 9:[5, 12, 22]; 10:[13, 17, 20]; 11:[16, 18, 23]; 12:[9, 15, 17]; 13:[3, 10, 22]; 14:[4, 20, 23]; 15:[3, 8, 12]; 16:[1, 5, 11]; 17:[7, 10, 12]; 18:[2, 6, 11]; 19:[1, 4, 22]; 20:[8, 10, 14]; 21:[0, 2, 23]; 22:[9, 13, 19]; 23:[11, 14, 21]
