====================================================================================================
(B0) INDEPENDENT RECHECK: McGee graph cycle counts via networkx.simple_cycles
====================================================================================================
  McGee (LCF [12,7,-7]^8, n=24): nx cycle histogram up to length 9: c7=32, c8=34, c9=16
  girth = 7; |Aut| = 32
  my checker on same graph: c7=32 c8=34 c9=16 girth=7
  VERDICT: McGee HAS 8-cycles (c8=34) despite girth 7 -- S710's 'McGee -> C16' was an
  enumeration-order artifact, NOT a C8-free statement.

====================================================================================================
(B2) dihedral D_m, three reflections {s, s r^j, s r^k} (0<j<k<m), 2m<=80
     (bipartite cubic; canonical class = gap multiset {j, k-j, m-k} up to symmetry)
====================================================================================================
  checked 1841; C8-free: 672
    D_3 refl(0,1,2): n=6 girth=4 c4=9 c16=0 c32=None conn=True
    D_6 refl(0,2,4): n=12 girth=4 c4=18 c16=None c32=None conn=False
    D_9 refl(0,3,6): n=18 girth=4 c4=27 c16=None c32=None conn=False
    D_10 refl(0,1,5): n=20 girth=4 c4=5 c16=320 c32=None conn=True
    D_10 refl(0,2,5): n=20 girth=4 c4=5 c16=320 c32=None conn=True
    D_12 refl(0,1,6): n=24 girth=4 c4=6 c16=960 c32=None conn=True
    D_12 refl(0,4,8): n=24 girth=4 c4=36 c16=None c32=None conn=False
    D_14 refl(0,1,7): n=28 girth=4 c4=7 c16=896 c32=None conn=True
    D_14 refl(0,2,7): n=28 girth=4 c4=7 c16=896 c32=None conn=True
    D_14 refl(0,3,7): n=28 girth=4 c4=7 c16=896 c32=None conn=True
    D_15 refl(0,5,10): n=30 girth=4 c4=45 c16=None c32=None conn=False
    D_16 refl(0,1,8): n=32 girth=4 c4=8 c16=256 c32=384 conn=True
    D_16 refl(0,3,8): n=32 girth=4 c4=8 c16=256 c32=384 conn=True
    D_18 refl(0,1,9): n=36 girth=4 c4=9 c16=0 c32=-1 conn=True
    D_18 refl(0,2,9): n=36 girth=4 c4=9 c16=0 c32=-1 conn=True
    D_18 refl(0,4,9): n=36 girth=4 c4=9 c16=0 c32=-1 conn=True
    D_18 refl(0,6,12): n=36 girth=4 c4=54 c16=None c32=None conn=False
    D_19 refl(0,1,8): n=38 girth=6 c4=0 c16=1995 c32=-1 conn=True
    D_19 refl(0,2,5): n=38 girth=6 c4=0 c16=1995 c32=-1 conn=True
    D_19 refl(0,4,10): n=38 girth=6 c4=0 c16=1995 c32=-1 conn=True
    D_20 refl(0,1,10): n=40 girth=4 c4=10 c16=0 c32=-1 conn=True
    D_20 refl(0,2,10): n=40 girth=4 c4=10 c16=None c32=None conn=False
    D_20 refl(0,3,10): n=40 girth=4 c4=10 c16=0 c32=-1 conn=True
    D_20 refl(0,4,10): n=40 girth=4 c4=10 c16=None c32=None conn=False
    D_21 refl(0,1,5): n=42 girth=6 c4=0 c16=2583 c32=-1 conn=True
    D_21 refl(0,1,9): n=42 girth=6 c4=0 c16=2352 c32=-1 conn=True
    D_21 refl(0,2,5): n=42 girth=6 c4=0 c16=2352 c32=-1 conn=True
    D_21 refl(0,2,10): n=42 girth=6 c4=0 c16=2583 c32=-1 conn=True
    D_21 refl(0,4,10): n=42 girth=6 c4=0 c16=2352 c32=-1 conn=True
    D_21 refl(0,7,14): n=42 girth=4 c4=63 c16=None c32=None conn=False
    D_22 refl(0,1,5): n=44 girth=6 c4=0 c16=2464 c32=-1 conn=True
    D_22 refl(0,1,9): n=44 girth=6 c4=0 c16=2464 c32=-1 conn=True
    D_22 refl(0,1,11): n=44 girth=4 c4=11 c16=0 c32=-1 conn=True
    D_22 refl(0,2,5): n=44 girth=6 c4=0 c16=2464 c32=-1 conn=True
    D_22 refl(0,2,11): n=44 girth=4 c4=11 c16=0 c32=-1 conn=True
    D_22 refl(0,3,10): n=44 girth=6 c4=0 c16=2464 c32=-1 conn=True
    D_22 refl(0,3,11): n=44 girth=4 c4=11 c16=0 c32=-1 conn=True
    D_22 refl(0,4,11): n=44 girth=4 c4=11 c16=0 c32=-1 conn=True
    D_22 refl(0,5,11): n=44 girth=4 c4=11 c16=0 c32=-1 conn=True
    D_22 refl(0,6,13): n=44 girth=6 c4=0 c16=2464 c32=-1 conn=True
    D_23 refl(0,1,5): n=46 girth=6 c4=0 c16=2691 c32=-1 conn=True
    D_23 refl(0,1,7): n=46 girth=6 c4=0 c16=2691 c32=-1 conn=True
    D_23 refl(0,1,10): n=46 girth=6 c4=0 c16=2691 c32=-1 conn=True
    D_23 refl(0,2,5): n=46 girth=6 c4=0 c16=2691 c32=-1 conn=True
    D_23 refl(0,2,10): n=46 girth=6 c4=0 c16=2691 c32=-1 conn=True
    D_23 refl(0,2,11): n=46 girth=6 c4=0 c16=2691 c32=-1 conn=True
    D_23 refl(0,3,7): n=46 girth=6 c4=0 c16=2691 c32=-1 conn=True
    D_23 refl(0,3,11): n=46 girth=6 c4=0 c16=2691 c32=-1 conn=True
    D_23 refl(0,4,10): n=46 girth=6 c4=0 c16=2691 c32=-1 conn=True
    D_23 refl(0,5,12): n=46 girth=6 c4=0 c16=2691 c32=-1 conn=True
    D_23 refl(0,6,14): n=46 girth=6 c4=0 c16=2691 c32=-1 conn=True
    D_24 refl(0,1,5): n=48 girth=6 c4=0 c16=2922 c32=-1 conn=True
    D_24 refl(0,1,10): n=48 girth=6 c4=0 c16=2535 c32=-1 conn=True
    D_24 refl(0,1,12): n=48 girth=4 c4=12 c16=0 c32=-1 conn=True
    D_24 refl(0,2,5): n=48 girth=6 c4=0 c16=2535 c32=-1 conn=True
    D_24 refl(0,2,9): n=48 girth=6 c4=0 c16=2535 c32=-1 conn=True
    D_24 refl(0,2,12): n=48 girth=4 c4=12 c16=None c32=None conn=False
    D_24 refl(0,3,13): n=48 girth=6 c4=0 c16=2535 c32=-1 conn=True
    D_24 refl(0,4,11): n=48 girth=6 c4=0 c16=2922 c32=-1 conn=True
    D_24 refl(0,5,12): n=48 girth=4 c4=12 c16=0 c32=-1 conn=True
    D_24 refl(0,8,16): n=48 girth=4 c4=72 c16=None c32=None conn=False
    D_25 refl(0,1,5): n=50 girth=6 c4=0 c16=2650 c32=-1 conn=True
    D_25 refl(0,1,6): n=50 girth=6 c4=0 c16=2650 c32=-1 conn=True
    D_25 refl(0,1,10): n=50 girth=6 c4=0 c16=2550 c32=-1 conn=True
    D_25 refl(0,1,11): n=50 girth=6 c4=0 c16=2550 c32=-1 conn=True
    D_25 refl(0,2,5): n=50 girth=6 c4=0 c16=2550 c32=-1 conn=True
    D_25 refl(0,2,7): n=50 girth=6 c4=0 c16=2550 c32=-1 conn=True
    D_25 refl(0,2,10): n=50 girth=6 c4=0 c16=2650 c32=-1 conn=True
    D_25 refl(0,2,12): n=50 girth=6 c4=0 c16=2650 c32=-1 conn=True
    D_25 refl(0,3,8): n=50 girth=6 c4=0 c16=2550 c32=-1 conn=True
    D_25 refl(0,3,10): n=50 girth=6 c4=0 c16=2650 c32=-1 conn=True
    D_25 refl(0,3,13): n=50 girth=6 c4=0 c16=2650 c32=-1 conn=True
    D_25 refl(0,4,9): n=50 girth=6 c4=0 c16=2650 c32=-1 conn=True
    D_25 refl(0,4,10): n=50 girth=6 c4=0 c16=2550 c32=-1 conn=True
    D_25 refl(0,4,14): n=50 girth=6 c4=0 c16=2550 c32=-1 conn=True
    D_25 refl(0,5,11): n=50 girth=6 c4=0 c16=2650 c32=-1 conn=True
    D_25 refl(0,5,12): n=50 girth=6 c4=0 c16=2550 c32=-1 conn=True
    D_25 refl(0,5,13): n=50 girth=6 c4=0 c16=2550 c32=-1 conn=True
    D_25 refl(0,5,14): n=50 girth=6 c4=0 c16=2650 c32=-1 conn=True
    D_25 refl(0,6,15): n=50 girth=6 c4=0 c16=2550 c32=-1 conn=True
    D_25 refl(0,7,15): n=50 girth=6 c4=0 c16=2650 c32=-1 conn=True
    D_26 refl(0,1,5): n=52 girth=6 c4=0 c16=2743 c32=-1 conn=True
    D_26 refl(0,1,6): n=52 girth=6 c4=0 c16=2743 c32=-1 conn=True
    D_26 refl(0,1,8): n=52 girth=6 c4=0 c16=2483 c32=-1 conn=True
    D_26 refl(0,1,11): n=52 girth=6 c4=0 c16=2483 c32=-1 conn=True
    D_26 refl(0,1,13): n=52 girth=4 c4=13 c16=0 c32=-1 conn=True
    D_26 refl(0,2,5): n=52 girth=6 c4=0 c16=2483 c32=-1 conn=True
    D_26 refl(0,2,9): n=52 girth=6 c4=0 c16=2743 c32=-1 conn=True
    D_26 refl(0,2,13): n=52 girth=4 c4=13 c16=0 c32=-1 conn=True
    D_26 refl(0,3,7): n=52 girth=6 c4=0 c16=2483 c32=-1 conn=True
    D_26 refl(0,3,11): n=52 girth=6 c4=0 c16=2743 c32=-1 conn=True
    D_26 refl(0,3,13): n=52 girth=4 c4=13 c16=0 c32=-1 conn=True
    D_26 refl(0,3,14): n=52 girth=6 c4=0 c16=2743 c32=-1 conn=True
    D_26 refl(0,4,13): n=52 girth=4 c4=13 c16=0 c32=-1 conn=True
    D_26 refl(0,5,13): n=52 girth=4 c4=13 c16=0 c32=-1 conn=True
    D_26 refl(0,5,14): n=52 girth=6 c4=0 c16=2483 c32=-1 conn=True
    D_26 refl(0,6,13): n=52 girth=4 c4=13 c16=0 c32=-1 conn=True
    D_26 refl(0,6,15): n=52 girth=6 c4=0 c16=2483 c32=-1 conn=True
    D_26 refl(0,7,16): n=52 girth=6 c4=0 c16=2743 c32=-1 conn=True
    D_27 refl(0,1,5): n=54 girth=6 c4=0 c16=2889 c32=-1 conn=True
    D_27 refl(0,1,6): n=54 girth=6 c4=0 c16=2484 c32=-1 conn=True
    D_27 refl(0,1,8): n=54 girth=6 c4=0 c16=2889 c32=-1 conn=True
    D_27 refl(0,1,11): n=54 girth=6 c4=0 c16=2889 c32=-1 conn=True
    D_27 refl(0,1,12): n=54 girth=6 c4=0 c16=2484 c32=-1 conn=True
    D_27 refl(0,2,5): n=54 girth=6 c4=0 c16=2484 c32=-1 conn=True
    D_27 refl(0,2,7): n=54 girth=6 c4=0 c16=2889 c32=-1 conn=True
    D_27 refl(0,2,10): n=54 girth=6 c4=0 c16=2889 c32=-1 conn=True
    D_27 refl(0,2,12): n=54 girth=6 c4=0 c16=2484 c32=-1 conn=True
    D_27 refl(0,2,13): n=54 girth=6 c4=0 c16=2889 c32=-1 conn=True
    D_27 refl(0,3,7): n=54 girth=6 c4=0 c16=2484 c32=-1 conn=True
    D_27 refl(0,3,14): n=54 girth=6 c4=0 c16=2484 c32=-1 conn=True
    D_27 refl(0,4,10): n=54 girth=6 c4=0 c16=2484 c32=-1 conn=True
    D_27 refl(0,4,11): n=54 girth=6 c4=0 c16=2889 c32=-1 conn=True
    D_27 refl(0,4,14): n=54 girth=6 c4=0 c16=2889 c32=-1 conn=True
    D_27 refl(0,5,13): n=54 girth=6 c4=0 c16=2889 c32=-1 conn=True
    D_27 refl(0,6,14): n=54 girth=6 c4=0 c16=2484 c32=-1 conn=True
    D_27 refl(0,7,15): n=54 girth=6 c4=0 c16=2484 c32=-1 conn=True
    D_27 refl(0,9,18): n=54 girth=4 c4=81 c16=None c32=None conn=False
    D_28 refl(0,1,5): n=56 girth=6 c4=0 c16=2618 c32=-1 conn=True
    D_28 refl(0,1,6): n=56 girth=6 c4=0 c16=2331 c32=-1 conn=True
    D_28 refl(0,1,11): n=56 girth=6 c4=0 c16=2331 c32=-1 conn=True
    D_28 refl(0,1,12): n=56 girth=6 c4=0 c16=2618 c32=-1 conn=True
    D_28 refl(0,1,14): n=56 girth=4 c4=14 c16=0 c32=-1 conn=True
    D_28 refl(0,2,5): n=56 girth=6 c4=0 c16=2331 c32=-1 conn=True
    D_28 refl(0,2,11): n=56 girth=6 c4=0 c16=2331 c32=-1 conn=True
    D_28 refl(0,2,14): n=56 girth=4 c4=14 c16=None c32=None conn=False
    D_28 refl(0,3,8): n=56 girth=6 c4=0 c16=2618 c32=-1 conn=True
    D_28 refl(0,3,13): n=56 girth=6 c4=0 c16=2331 c32=-1 conn=True
    D_28 refl(0,3,14): n=56 girth=4 c4=14 c16=0 c32=-1 conn=True
    D_28 refl(0,3,15): n=56 girth=6 c4=0 c16=2618 c32=-1 conn=True
    D_28 refl(0,4,13): n=56 girth=6 c4=0 c16=2618 c32=-1 conn=True
    D_28 refl(0,4,14): n=56 girth=4 c4=14 c16=None c32=None conn=False
    D_28 refl(0,5,14): n=56 girth=4 c4=14 c16=0 c32=-1 conn=True
    D_28 refl(0,6,14): n=56 girth=4 c4=14 c16=None c32=None conn=False
    D_28 refl(0,6,15): n=56 girth=6 c4=0 c16=2331 c32=-1 conn=True
    D_28 refl(0,8,17): n=56 girth=6 c4=0 c16=2618 c32=-1 conn=True
    D_29 refl(0,1,5): n=58 girth=6 c4=0 c16=2697 c32=-1 conn=True
    D_29 refl(0,1,6): n=58 girth=6 c4=0 c16=2697 c32=-1 conn=True
    D_29 refl(0,1,7): n=58 girth=6 c4=0 c16=2697 c32=-1 conn=True
    D_29 refl(0,1,9): n=58 girth=6 c4=0 c16=2552 c32=-1 conn=True
    D_29 refl(0,1,12): n=58 girth=6 c4=0 c16=2552 c32=-1 conn=True
    D_29 refl(0,1,13): n=58 girth=6 c4=0 c16=2552 c32=-1 conn=True
    D_29 refl(0,2,5): n=58 girth=6 c4=0 c16=2552 c32=-1 conn=True
    D_29 refl(0,2,7): n=58 girth=6 c4=0 c16=2552 c32=-1 conn=True
    D_29 refl(0,2,10): n=58 girth=6 c4=0 c16=2697 c32=-1 conn=True
    D_29 refl(0,2,12): n=58 girth=6 c4=0 c16=2697 c32=-1 conn=True
    D_29 refl(0,2,13): n=58 girth=6 c4=0 c16=2552 c32=-1 conn=True
    D_29 refl(0,2,14): n=58 girth=6 c4=0 c16=2697 c32=-1 conn=True
    D_29 refl(0,3,7): n=58 girth=6 c4=0 c16=2552 c32=-1 conn=True
    D_29 refl(0,3,10): n=58 girth=6 c4=0 c16=2552 c32=-1 conn=True
    D_29 refl(0,3,11): n=58 girth=6 c4=0 c16=2697 c32=-1 conn=True
    D_29 refl(0,3,14): n=58 girth=6 c4=0 c16=2697 c32=-1 conn=True
    D_29 refl(0,3,15): n=58 girth=6 c4=0 c16=2697 c32=-1 conn=True
    D_29 refl(0,4,9): n=58 girth=6 c4=0 c16=2697 c32=-1 conn=True
    D_29 refl(0,4,10): n=58 girth=6 c4=0 c16=2552 c32=-1 conn=True
    D_29 refl(0,4,13): n=58 girth=6 c4=0 c16=2697 c32=-1 conn=True
    D_29 refl(0,4,14): n=58 girth=6 c4=0 c16=2552 c32=-1 conn=True
    D_29 refl(0,5,16): n=58 girth=6 c4=0 c16=2552 c32=-1 conn=True
    D_29 refl(0,6,13): n=58 girth=6 c4=0 c16=2697 c32=-1 conn=True
    D_29 refl(0,6,14): n=58 girth=6 c4=0 c16=2552 c32=-1 conn=True
    D_29 refl(0,6,15): n=58 girth=6 c4=0 c16=2552 c32=-1 conn=True
    D_29 refl(0,7,16): n=58 girth=6 c4=0 c16=2697 c32=-1 conn=True
    D_29 refl(0,8,17): n=58 girth=6 c4=0 c16=2552 c32=-1 conn=True
    D_29 refl(0,8,18): n=58 girth=6 c4=0 c16=2697 c32=-1 conn=True
    D_30 refl(0,1,5): n=60 girth=6 c4=0 c16=2970 c32=-1 conn=True
    D_30 refl(0,1,6): n=60 girth=6 c4=0 c16=2880 c32=-1 conn=True
    D_30 refl(0,1,7): n=60 girth=6 c4=0 c16=2655 c32=-1 conn=True
    D_30 refl(0,1,9): n=60 girth=6 c4=0 c16=2955 c32=-1 conn=True
    D_30 refl(0,1,12): n=60 girth=6 c4=0 c16=2550 c32=-1 conn=True
    D_30 refl(0,1,13): n=60 girth=6 c4=0 c16=2655 c32=-1 conn=True
    D_30 refl(0,1,15): n=60 girth=4 c4=15 c16=0 c32=-1 conn=True
    D_30 refl(0,2,5): n=60 girth=6 c4=0 c16=2340 c32=-1 conn=True
    D_30 refl(0,2,7): n=60 girth=6 c4=0 c16=2970 c32=-1 conn=True
    D_30 refl(0,2,11): n=60 girth=6 c4=0 c16=2955 c32=-1 conn=True
    D_30 refl(0,2,15): n=60 girth=4 c4=15 c16=0 c32=-1 conn=True
    D_30 refl(0,3,7): n=60 girth=6 c4=0 c16=2955 c32=-1 conn=True
    D_30 refl(0,3,8): n=60 girth=6 c4=0 c16=2340 c32=-1 conn=True
    D_30 refl(0,3,15): n=60 girth=4 c4=15 c16=None c32=None conn=False
    D_30 refl(0,3,16): n=60 girth=6 c4=0 c16=2955 c32=-1 conn=True
    D_30 refl(0,4,9): n=60 girth=6 c4=0 c16=2340 c32=-1 conn=True
    D_30 refl(0,4,15): n=60 girth=4 c4=15 c16=0 c32=-1 conn=True
    D_30 refl(0,5,11): n=60 girth=6 c4=0 c16=2880 c32=-1 conn=True
    D_30 refl(0,5,12): n=60 girth=6 c4=0 c16=2880 c32=-1 conn=True
    D_30 refl(0,5,13): n=60 girth=6 c4=0 c16=2970 c32=-1 conn=True
    D_30 refl(0,5,14): n=60 girth=6 c4=0 c16=2340 c32=-1 conn=True
    D_30 refl(0,5,16): n=60 girth=6 c4=0 c16=2970 c32=-1 conn=True
    D_30 refl(0,5,17): n=60 girth=6 c4=0 c16=2880 c32=-1 conn=True
    D_30 refl(0,6,13): n=60 girth=6 c4=0 c16=2550 c32=-1 conn=True
    D_30 refl(0,6,15): n=60 girth=4 c4=15 c16=None c32=None conn=False
    D_30 refl(0,6,17): n=60 girth=6 c4=0 c16=2655 c32=-1 conn=True
    D_30 refl(0,7,15): n=60 girth=4 c4=15 c16=0 c32=-1 conn=True
    D_30 refl(0,7,18): n=60 girth=6 c4=0 c16=2655 c32=-1 conn=True
    D_30 refl(0,10,20): n=60 girth=4 c4=90 c16=None c32=None conn=False
    D_31 refl(0,1,5): n=62 girth=6 c4=0 c16=2759 c32=-1 conn=True
    D_31 refl(0,1,6): n=62 girth=6 c4=0 c16=2883 c32=-1 conn=True
    D_31 refl(0,1,7): n=62 girth=6 c4=0 c16=2759 c32=-1 conn=True
    D_31 refl(0,1,9): n=62 girth=6 c4=0 c16=2759 c32=-1 conn=True
    D_31 refl(0,1,12): n=62 girth=6 c4=0 c16=2294 c32=-1 conn=True
    D_31 refl(0,1,13): n=62 girth=6 c4=0 c16=2294 c32=-1 conn=True
    D_31 refl(0,1,14): n=62 girth=6 c4=0 c16=2294 c32=-1 conn=True
    D_31 refl(0,2,5): n=62 girth=6 c4=0 c16=2294 c32=-1 conn=True
    D_31 refl(0,2,7): n=62 girth=6 c4=0 c16=2294 c32=-1 conn=True
    D_31 refl(0,2,9): n=62 girth=6 c4=0 c16=2294 c32=-1 conn=True
    D_31 refl(0,2,10): n=62 girth=6 c4=0 c16=2759 c32=-1 conn=True
    D_31 refl(0,2,12): n=62 girth=6 c4=0 c16=2883 c32=-1 conn=True
    D_31 refl(0,2,14): n=62 girth=6 c4=0 c16=2759 c32=-1 conn=True
    D_31 refl(0,2,15): n=62 girth=6 c4=0 c16=2759 c32=-1 conn=True
    D_31 refl(0,3,7): n=62 girth=6 c4=0 c16=2759 c32=-1 conn=True
    D_31 refl(0,3,8): n=62 girth=6 c4=0 c16=2294 c32=-1 conn=True
    D_31 refl(0,3,11): n=62 girth=6 c4=0 c16=2294 c32=-1 conn=True
    D_31 refl(0,3,13): n=62 girth=6 c4=0 c16=2759 c32=-1 conn=True
    D_31 refl(0,3,15): n=62 girth=6 c4=0 c16=2759 c32=-1 conn=True
    D_31 refl(0,3,16): n=62 girth=6 c4=0 c16=2883 c32=-1 conn=True
    D_31 refl(0,4,10): n=62 girth=6 c4=0 c16=2294 c32=-1 conn=True
    D_31 refl(0,4,11): n=62 girth=6 c4=0 c16=2883 c32=-1 conn=True
    D_31 refl(0,4,14): n=62 girth=6 c4=0 c16=2294 c32=-1 conn=True
    D_31 refl(0,4,15): n=62 girth=6 c4=0 c16=2759 c32=-1 conn=True
    D_31 refl(0,4,17): n=62 girth=6 c4=0 c16=2294 c32=-1 conn=True
    D_31 refl(0,5,11): n=62 girth=6 c4=0 c16=2759 c32=-1 conn=True
    D_31 refl(0,5,14): n=62 girth=6 c4=0 c16=2759 c32=-1 conn=True
    D_31 refl(0,6,14): n=62 girth=6 c4=0 c16=2759 c32=-1 conn=True
    D_31 refl(0,6,15): n=62 girth=6 c4=0 c16=2294 c32=-1 conn=True
    D_31 refl(0,6,16): n=62 girth=6 c4=0 c16=2294 c32=-1 conn=True
    D_31 refl(0,7,16): n=62 girth=6 c4=0 c16=2294 c32=-1 conn=True
    D_31 refl(0,7,18): n=62 girth=6 c4=0 c16=2759 c32=-1 conn=True
    D_31 refl(0,8,17): n=62 girth=6 c4=0 c16=2883 c32=-1 conn=True
    D_31 refl(0,8,19): n=62 girth=6 c4=0 c16=2294 c32=-1 conn=True
    D_31 refl(0,9,19): n=62 girth=6 c4=0 c16=2759 c32=-1 conn=True
    D_32 refl(0,1,5): n=64 girth=6 c4=0 c16=2484 c32=-1 conn=True
    D_32 refl(0,1,6): n=64 girth=6 c4=0 c16=2928 c32=-1 conn=True
    D_32 refl(0,1,7): n=64 girth=6 c4=0 c16=2232 c32=-1 conn=True
    D_32 refl(0,1,10): n=64 girth=6 c4=0 c16=2232 c32=-1 conn=True
    D_32 refl(0,1,13): n=64 girth=6 c4=0 c16=2484 c32=-1 conn=True
    D_32 refl(0,1,14): n=64 girth=6 c4=0 c16=2928 c32=-1 conn=True
    D_32 refl(0,1,16): n=64 girth=4 c4=16 c16=0 c32=65536 conn=True
    D_32 refl(0,2,5): n=64 girth=6 c4=0 c16=2232 c32=-1 conn=True
    D_32 refl(0,2,7): n=64 girth=6 c4=0 c16=2928 c32=-1 conn=True
    D_32 refl(0,2,11): n=64 girth=6 c4=0 c16=2928 c32=-1 conn=True
    D_32 refl(0,2,13): n=64 girth=6 c4=0 c16=2232 c32=-1 conn=True
    D_32 refl(0,2,16): n=64 girth=4 c4=16 c16=None c32=None conn=False
    D_32 refl(0,3,7): n=64 girth=6 c4=0 c16=2484 c32=-1 conn=True
    D_32 refl(0,3,10): n=64 girth=6 c4=0 c16=2928 c32=-1 conn=True
    D_32 refl(0,3,14): n=64 girth=6 c4=0 c16=2232 c32=-1 conn=True
    D_32 refl(0,3,15): n=64 girth=6 c4=0 c16=2484 c32=-1 conn=True
    D_32 refl(0,3,16): n=64 girth=4 c4=16 c16=0 c32=65536 conn=True
    D_32 refl(0,3,17): n=64 girth=6 c4=0 c16=2928 c32=-1 conn=True
    D_32 refl(0,4,13): n=64 girth=6 c4=0 c16=2484 c32=-1 conn=True
    D_32 refl(0,4,15): n=64 girth=6 c4=0 c16=2484 c32=-1 conn=True
    D_32 refl(0,5,12): n=64 girth=6 c4=0 c16=2484 c32=-1 conn=True
    D_32 refl(0,5,16): n=64 girth=4 c4=16 c16=0 c32=65536 conn=True
    D_32 refl(0,5,18): n=64 girth=6 c4=0 c16=2232 c32=-1 conn=True
    D_32 refl(0,6,15): n=64 girth=6 c4=0 c16=2232 c32=-1 conn=True
    D_32 refl(0,6,16): n=64 girth=4 c4=16 c16=None c32=None conn=False
    D_32 refl(0,6,17): n=64 girth=6 c4=0 c16=2928 c32=-1 conn=True
    D_32 refl(0,7,16): n=64 girth=4 c4=16 c16=0 c32=65536 conn=True
    D_32 refl(0,7,17): n=64 girth=6 c4=0 c16=2232 c32=-1 conn=True
    D_32 refl(0,9,19): n=64 girth=6 c4=0 c16=2928 c32=-1 conn=True
    D_32 refl(0,9,20): n=64 girth=6 c4=0 c16=2484 c32=-1 conn=True
    D_33 refl(0,1,5): n=66 girth=6 c4=0 c16=2475 c32=-1 conn=True
    D_33 refl(0,1,6): n=66 girth=6 c4=0 c16=2706 c32=-1 conn=True
    D_33 refl(0,1,7): n=66 girth=6 c4=0 c16=2013 c32=-1 conn=True
    D_33 refl(0,1,8): n=66 girth=6 c4=0 c16=2475 c32=-1 conn=True
    D_33 refl(0,1,10): n=66 girth=6 c4=0 c16=3036 c32=-1 conn=True
    D_33 refl(0,1,13): n=66 girth=6 c4=0 c16=2706 c32=-1 conn=True
    D_33 refl(0,1,14): n=66 girth=6 c4=0 c16=2475 c32=-1 conn=True
    D_33 refl(0,1,15): n=66 girth=6 c4=0 c16=2013 c32=-1 conn=True
    D_33 refl(0,2,5): n=66 girth=6 c4=0 c16=2013 c32=-1 conn=True
    D_33 refl(0,2,7): n=66 girth=6 c4=0 c16=2475 c32=-1 conn=True
    D_33 refl(0,2,9): n=66 girth=6 c4=0 c16=2706 c32=-1 conn=True
    D_33 refl(0,2,10): n=66 girth=6 c4=0 c16=2475 c32=-1 conn=True
    D_33 refl(0,2,12): n=66 girth=6 c4=0 c16=2706 c32=-1 conn=True
    D_33 refl(0,2,14): n=66 girth=6 c4=0 c16=2013 c32=-1 conn=True
    D_33 refl(0,2,15): n=66 girth=6 c4=0 c16=3036 c32=-1 conn=True
    D_33 refl(0,2,16): n=66 girth=6 c4=0 c16=2475 c32=-1 conn=True
    D_33 refl(0,3,7): n=66 girth=6 c4=0 c16=3036 c32=-1 conn=True
    D_33 refl(0,3,8): n=66 girth=6 c4=0 c16=2706 c32=-1 conn=True
    D_33 refl(0,3,16): n=66 girth=6 c4=0 c16=2013 c32=-1 conn=True
    D_33 refl(0,3,17): n=66 girth=6 c4=0 c16=2706 c32=-1 conn=True
    D_33 refl(0,4,9): n=66 girth=6 c4=0 c16=2013 c32=-1 conn=True
    D_33 refl(0,4,10): n=66 girth=6 c4=0 c16=2013 c32=-1 conn=True
    D_33 refl(0,4,13): n=66 girth=6 c4=0 c16=2706 c32=-1 conn=True
    D_33 refl(0,4,14): n=66 girth=6 c4=0 c16=2475 c32=-1 conn=True
    D_33 refl(0,4,17): n=66 girth=6 c4=0 c16=2475 c32=-1 conn=True
    D_33 refl(0,4,18): n=66 girth=6 c4=0 c16=2706 c32=-1 conn=True
    D_33 refl(0,5,13): n=66 girth=6 c4=0 c16=2475 c32=-1 conn=True
    D_33 refl(0,5,17): n=66 girth=6 c4=0 c16=3036 c32=-1 conn=True
    D_33 refl(0,6,14): n=66 girth=6 c4=0 c16=3036 c32=-1 conn=True
    D_33 refl(0,6,16): n=66 girth=6 c4=0 c16=2706 c32=-1 conn=True
    D_33 refl(0,7,15): n=66 girth=6 c4=0 c16=2706 c32=-1 conn=True
    D_33 refl(0,7,16): n=66 girth=6 c4=0 c16=2013 c32=-1 conn=True
    D_33 refl(0,7,17): n=66 girth=6 c4=0 c16=2475 c32=-1 conn=True
    D_33 refl(0,8,18): n=66 girth=6 c4=0 c16=2013 c32=-1 conn=True
    D_33 refl(0,8,20): n=66 girth=6 c4=0 c16=2013 c32=-1 conn=True
    D_33 refl(0,11,22): n=66 girth=4 c4=99 c16=None c32=None conn=False
    D_34 refl(0,1,5): n=68 girth=6 c4=0 c16=2431 c32=-1 conn=True
    D_34 refl(0,1,6): n=68 girth=6 c4=0 c16=2431 c32=-1 conn=True
    D_34 refl(0,1,7): n=68 girth=6 c4=0 c16=2431 c32=-1 conn=True
    D_34 refl(0,1,8): n=68 girth=6 c4=0 c16=2431 c32=-1 conn=True
    D_34 refl(0,1,10): n=68 girth=6 c4=0 c16=2975 c32=-1 conn=True
    D_34 refl(0,1,13): n=68 girth=6 c4=0 c16=1921 c32=-1 conn=True
    D_34 refl(0,1,14): n=68 girth=6 c4=0 c16=1921 c32=-1 conn=True
    D_34 refl(0,1,15): n=68 girth=6 c4=0 c16=2975 c32=-1 conn=True
    D_34 refl(0,1,17): n=68 girth=4 c4=17 c16=0 c32=0 conn=True
    D_34 refl(0,2,5): n=68 girth=6 c4=0 c16=1921 c32=-1 conn=True
    D_34 refl(0,2,7): n=68 girth=6 c4=0 c16=2975 c32=-1 conn=True
    D_34 refl(0,2,11): n=68 girth=6 c4=0 c16=2431 c32=-1 conn=True
    D_34 refl(0,2,13): n=68 girth=6 c4=0 c16=2431 c32=-1 conn=True
    D_34 refl(0,2,17): n=68 girth=4 c4=17 c16=0 c32=0 conn=True
    D_34 refl(0,3,7): n=68 girth=6 c4=0 c16=2975 c32=-1 conn=True
    D_34 refl(0,3,8): n=68 girth=6 c4=0 c16=1921 c32=-1 conn=True
    D_34 refl(0,3,11): n=68 girth=6 c4=0 c16=2975 c32=-1 conn=True
    D_34 refl(0,3,13): n=68 girth=6 c4=0 c16=2431 c32=-1 conn=True
    D_34 refl(0,3,15): n=68 girth=6 c4=0 c16=2431 c32=-1 conn=True
    D_34 refl(0,3,16): n=68 girth=6 c4=0 c16=2431 c32=-1 conn=True
    D_34 refl(0,3,17): n=68 girth=4 c4=17 c16=0 c32=0 conn=True
    D_34 refl(0,3,18): n=68 girth=6 c4=0 c16=2431 c32=-1 conn=True
    D_34 refl(0,4,9): n=68 girth=6 c4=0 c16=2431 c32=-1 conn=True
    D_34 refl(0,4,11): n=68 girth=6 c4=0 c16=1921 c32=-1 conn=True
    D_34 refl(0,4,17): n=68 girth=4 c4=17 c16=0 c32=0 conn=True
    D_34 refl(0,5,14): n=68 girth=6 c4=0 c16=2431 c32=-1 conn=True
    D_34 refl(0,5,16): n=68 girth=6 c4=0 c16=2975 c32=-1 conn=True
    D_34 refl(0,5,17): n=68 girth=4 c4=17 c16=0 c32=0 conn=True
    D_34 refl(0,6,15): n=68 girth=6 c4=0 c16=1921 c32=-1 conn=True
    D_34 refl(0,6,17): n=68 girth=4 c4=17 c16=0 c32=0 conn=True
    D_34 refl(0,6,19): n=68 girth=6 c4=0 c16=2975 c32=-1 conn=True
    D_34 refl(0,7,15): n=68 girth=6 c4=0 c16=2431 c32=-1 conn=True
    D_34 refl(0,7,17): n=68 girth=4 c4=17 c16=0 c32=0 conn=True
    D_34 refl(0,7,18): n=68 girth=6 c4=0 c16=1921 c32=-1 conn=True
    D_34 refl(0,7,19): n=68 girth=6 c4=0 c16=2431 c32=-1 conn=True
    D_34 refl(0,8,17): n=68 girth=4 c4=17 c16=0 c32=0 conn=True
    D_34 refl(0,9,19): n=68 girth=6 c4=0 c16=1921 c32=-1 conn=True
    D_34 refl(0,9,20): n=68 girth=6 c4=0 c16=2431 c32=-1 conn=True
    D_34 refl(0,9,21): n=68 girth=6 c4=0 c16=2975 c32=-1 conn=True
    D_34 refl(0,10,21): n=68 girth=6 c4=0 c16=2431 c32=-1 conn=True
    D_35 refl(0,1,5): n=70 girth=6 c4=0 c16=2310 c32=-1 conn=True
    D_35 refl(0,1,6): n=70 girth=6 c4=0 c16=2590 c32=-1 conn=True
    D_35 refl(0,1,7): n=70 girth=6 c4=0 c16=2660 c32=-1 conn=True
    D_35 refl(0,1,8): n=70 girth=6 c4=0 c16=2380 c32=-1 conn=True
    D_35 refl(0,1,10): n=70 girth=6 c4=0 c16=2310 c32=-1 conn=True
    D_35 refl(0,1,11): n=70 girth=6 c4=0 c16=1820 c32=-1 conn=True
    D_35 refl(0,1,14): n=70 girth=6 c4=0 c16=2380 c32=-1 conn=True
    D_35 refl(0,1,15): n=70 girth=6 c4=0 c16=2555 c32=-1 conn=True
    D_35 refl(0,1,16): n=70 girth=6 c4=0 c16=1820 c32=-1 conn=True
    D_35 refl(0,2,5): n=70 girth=6 c4=0 c16=1820 c32=-1 conn=True
    D_35 refl(0,2,7): n=70 girth=6 c4=0 c16=2555 c32=-1 conn=True
    D_35 refl(0,2,9): n=70 girth=6 c4=0 c16=2380 c32=-1 conn=True
    D_35 refl(0,2,10): n=70 girth=6 c4=0 c16=2310 c32=-1 conn=True
    D_35 refl(0,2,12): n=70 girth=6 c4=0 c16=2590 c32=-1 conn=True
    D_35 refl(0,2,14): n=70 girth=6 c4=0 c16=2660 c32=-1 conn=True
    D_35 refl(0,2,15): n=70 girth=6 c4=0 c16=1820 c32=-1 conn=True
    D_35 refl(0,2,16): n=70 girth=6 c4=0 c16=2380 c32=-1 conn=True
    D_35 refl(0,2,17): n=70 girth=6 c4=0 c16=2310 c32=-1 conn=True
    D_35 refl(0,3,7): n=70 girth=6 c4=0 c16=2380 c32=-1 conn=True
    D_35 refl(0,3,8): n=70 girth=6 c4=0 c16=2310 c32=-1 conn=True
    D_35 refl(0,3,10): n=70 girth=6 c4=0 c16=2555 c32=-1 conn=True
    D_35 refl(0,3,13): n=70 girth=6 c4=0 c16=1820 c32=-1 conn=True
    D_35 refl(0,3,14): n=70 girth=6 c4=0 c16=2380 c32=-1 conn=True
    D_35 refl(0,3,15): n=70 girth=6 c4=0 c16=2310 c32=-1 conn=True
    D_35 refl(0,3,17): n=70 girth=6 c4=0 c16=2660 c32=-1 conn=True
    D_35 refl(0,3,18): n=70 girth=6 c4=0 c16=2590 c32=-1 conn=True
    D_35 refl(0,4,9): n=70 girth=6 c4=0 c16=1820 c32=-1 conn=True
    D_35 refl(0,4,10): n=70 girth=6 c4=0 c16=1820 c32=-1 conn=True
    D_35 refl(0,4,11): n=70 girth=6 c4=0 c16=2660 c32=-1 conn=True
    D_35 refl(0,4,14): n=70 girth=6 c4=0 c16=2555 c32=-1 conn=True
    D_35 refl(0,4,15): n=70 girth=6 c4=0 c16=2590 c32=-1 conn=True
    D_35 refl(0,4,18): n=70 girth=6 c4=0 c16=2380 c32=-1 conn=True
    D_35 refl(0,4,19): n=70 girth=6 c4=0 c16=2310 c32=-1 conn=True
    D_35 refl(0,5,11): n=70 girth=6 c4=0 c16=2310 c32=-1 conn=True
    D_35 refl(0,5,12): n=70 girth=6 c4=0 c16=2555 c32=-1 conn=True
    D_35 refl(0,5,13): n=70 girth=6 c4=0 c16=2590 c32=-1 conn=True
    D_35 refl(0,5,14): n=70 girth=6 c4=0 c16=2555 c32=-1 conn=True
    D_35 refl(0,5,16): n=70 girth=6 c4=0 c16=1820 c32=-1 conn=True
    D_35 refl(0,5,17): n=70 girth=6 c4=0 c16=1820 c32=-1 conn=True
    D_35 refl(0,5,18): n=70 girth=6 c4=0 c16=2310 c32=-1 conn=True
    D_35 refl(0,5,19): n=70 girth=6 c4=0 c16=2555 c32=-1 conn=True
    D_35 refl(0,6,13): n=70 girth=6 c4=0 c16=2380 c32=-1 conn=True
    D_35 refl(0,6,14): n=70 girth=6 c4=0 c16=2380 c32=-1 conn=True
    D_35 refl(0,6,15): n=70 girth=6 c4=0 c16=1820 c32=-1 conn=True
    D_35 refl(0,6,16): n=70 girth=6 c4=0 c16=2310 c32=-1 conn=True
    D_35 refl(0,6,20): n=70 girth=6 c4=0 c16=2555 c32=-1 conn=True
    D_35 refl(0,7,15): n=70 girth=6 c4=0 c16=2555 c32=-1 conn=True
    D_35 refl(0,7,16): n=70 girth=6 c4=0 c16=2660 c32=-1 conn=True
    D_35 refl(0,7,17): n=70 girth=6 c4=0 c16=2555 c32=-1 conn=True
    D_35 refl(0,7,18): n=70 girth=6 c4=0 c16=2380 c32=-1 conn=True
    D_35 refl(0,7,19): n=70 girth=6 c4=0 c16=2380 c32=-1 conn=True
    D_35 refl(0,7,20): n=70 girth=6 c4=0 c16=2555 c32=-1 conn=True
    D_35 refl(0,8,18): n=70 girth=6 c4=0 c16=1820 c32=-1 conn=True
    D_35 refl(0,8,20): n=70 girth=6 c4=0 c16=1820 c32=-1 conn=True
    D_35 refl(0,8,21): n=70 girth=6 c4=0 c16=2660 c32=-1 conn=True
    D_35 refl(0,9,19): n=70 girth=6 c4=0 c16=2590 c32=-1 conn=True
    D_35 refl(0,9,20): n=70 girth=6 c4=0 c16=2310 c32=-1 conn=True
    D_35 refl(0,9,21): n=70 girth=6 c4=0 c16=2380 c32=-1 conn=True
    D_35 refl(0,10,21): n=70 girth=6 c4=0 c16=2555 c32=-1 conn=True
    D_35 refl(0,10,22): n=70 girth=6 c4=0 c16=2310 c32=-1 conn=True
    D_36 refl(0,1,5): n=72 girth=6 c4=0 c16=2259 c32=-1 conn=True
    D_36 refl(0,1,6): n=72 girth=6 c4=0 c16=2988 c32=-1 conn=True
    D_36 refl(0,1,7): n=72 girth=6 c4=0 c16=2988 c32=-1 conn=True
    D_36 refl(0,1,8): n=72 girth=6 c4=0 c16=2259 c32=-1 conn=True
    D_36 refl(0,1,11): n=72 girth=6 c4=0 c16=2871 c32=-1 conn=True
    D_36 refl(0,1,14): n=72 girth=6 c4=0 c16=2871 c32=-1 conn=True
    D_36 refl(0,1,15): n=72 girth=6 c4=0 c16=1782 c32=-1 conn=True
    D_36 refl(0,1,16): n=72 girth=6 c4=0 c16=2646 c32=-1 conn=True
    D_36 refl(0,1,18): n=72 girth=4 c4=18 c16=0 c32=0 conn=True
    D_36 refl(0,2,5): n=72 girth=6 c4=0 c16=1782 c32=-1 conn=True
    D_36 refl(0,2,7): n=72 girth=6 c4=0 c16=2871 c32=-1 conn=True
    D_36 refl(0,2,13): n=72 girth=6 c4=0 c16=2871 c32=-1 conn=True
    D_36 refl(0,2,15): n=72 girth=6 c4=0 c16=1782 c32=-1 conn=True
    D_36 refl(0,2,18): n=72 girth=4 c4=18 c16=None c32=None conn=False
    D_36 refl(0,3,7): n=72 girth=6 c4=0 c16=2646 c32=-1 conn=True
    D_36 refl(0,3,8): n=72 girth=6 c4=0 c16=2646 c32=-1 conn=True
    D_36 refl(0,3,10): n=72 girth=6 c4=0 c16=1782 c32=-1 conn=True
    D_36 refl(0,3,17): n=72 girth=6 c4=0 c16=1782 c32=-1 conn=True
    D_36 refl(0,3,18): n=72 girth=4 c4=18 c16=None c32=None conn=False
    D_36 refl(0,3,19): n=72 girth=6 c4=0 c16=2646 c32=-1 conn=True
    D_36 refl(0,4,15): n=72 girth=6 c4=0 c16=2646 c32=-1 conn=True
    D_36 refl(0,4,17): n=72 girth=6 c4=0 c16=2259 c32=-1 conn=True
    D_36 refl(0,4,18): n=72 girth=4 c4=18 c16=None c32=None conn=False
    D_36 refl(0,5,11): n=72 girth=6 c4=0 c16=2988 c32=-1 conn=True
    D_36 refl(0,5,16): n=72 girth=6 c4=0 c16=2259 c32=-1 conn=True
    D_36 refl(0,5,18): n=72 girth=4 c4=18 c16=0 c32=0 conn=True
    D_36 refl(0,5,19): n=72 girth=6 c4=0 c16=2871 c32=-1 conn=True
    D_36 refl(0,6,13): n=72 girth=6 c4=0 c16=2988 c32=-1 conn=True
    D_36 refl(0,6,17): n=72 girth=6 c4=0 c16=2988 c32=-1 conn=True
    D_36 refl(0,6,19): n=72 girth=6 c4=0 c16=2988 c32=-1 conn=True
    D_36 refl(0,7,17): n=72 girth=6 c4=0 c16=2871 c32=-1 conn=True
    D_36 refl(0,7,18): n=72 girth=4 c4=18 c16=0 c32=0 conn=True
    D_36 refl(0,7,20): n=72 girth=6 c4=0 c16=2259 c32=-1 conn=True
    D_36 refl(0,8,18): n=72 girth=4 c4=18 c16=None c32=None conn=False
    D_36 refl(0,8,19): n=72 girth=6 c4=0 c16=2259 c32=-1 conn=True
    D_36 refl(0,8,21): n=72 girth=6 c4=0 c16=2646 c32=-1 conn=True
    D_36 refl(0,10,21): n=72 girth=6 c4=0 c16=1782 c32=-1 conn=True
    D_36 refl(0,12,24): n=72 girth=4 c4=108 c16=None c32=None conn=False
    D_37 refl(0,1,5): n=74 girth=6 c4=0 c16=2220 c32=-1 conn=True
    D_37 refl(0,1,6): n=74 girth=6 c4=0 c16=2923 c32=-1 conn=True
    D_37 refl(0,1,7): n=74 girth=6 c4=0 c16=2923 c32=-1 conn=True
    D_37 refl(0,1,8): n=74 girth=6 c4=0 c16=1739 c32=-1 conn=True
    D_37 refl(0,1,9): n=74 girth=6 c4=0 c16=2220 c32=-1 conn=True
    D_37 refl(0,1,11): n=74 girth=6 c4=0 c16=2997 c32=-1 conn=True
    D_37 refl(0,1,14): n=74 girth=6 c4=0 c16=1739 c32=-1 conn=True
    D_37 refl(0,1,15): n=74 girth=6 c4=0 c16=2220 c32=-1 conn=True
    D_37 refl(0,1,16): n=74 girth=6 c4=0 c16=2923 c32=-1 conn=True
    D_37 refl(0,1,17): n=74 girth=6 c4=0 c16=1739 c32=-1 conn=True
    D_37 refl(0,2,5): n=74 girth=6 c4=0 c16=1739 c32=-1 conn=True
    D_37 refl(0,2,7): n=74 girth=6 c4=0 c16=2923 c32=-1 conn=True
    D_37 refl(0,2,9): n=74 girth=6 c4=0 c16=2220 c32=-1 conn=True
    D_37 refl(0,2,10): n=74 girth=6 c4=0 c16=2220 c32=-1 conn=True
    D_37 refl(0,2,11): n=74 girth=6 c4=0 c16=1739 c32=-1 conn=True
    D_37 refl(0,2,12): n=74 girth=6 c4=0 c16=2923 c32=-1 conn=True
    D_37 refl(0,2,14): n=74 girth=6 c4=0 c16=2923 c32=-1 conn=True
    D_37 refl(0,2,16): n=74 girth=6 c4=0 c16=1739 c32=-1 conn=True
    D_37 refl(0,2,17): n=74 girth=6 c4=0 c16=2997 c32=-1 conn=True
    D_37 refl(0,2,18): n=74 girth=6 c4=0 c16=2220 c32=-1 conn=True
    D_37 refl(0,3,7): n=74 girth=6 c4=0 c16=2997 c32=-1 conn=True
    D_37 refl(0,3,8): n=74 girth=6 c4=0 c16=2220 c32=-1 conn=True
    D_37 refl(0,3,11): n=74 girth=6 c4=0 c16=2923 c32=-1 conn=True
    D_37 refl(0,3,13): n=74 girth=6 c4=0 c16=2220 c32=-1 conn=True
    D_37 refl(0,3,14): n=74 girth=6 c4=0 c16=1739 c32=-1 conn=True
    D_37 refl(0,3,15): n=74 girth=6 c4=0 c16=2220 c32=-1 conn=True
    D_37 refl(0,3,16): n=74 girth=6 c4=0 c16=1739 c32=-1 conn=True
    D_37 refl(0,3,18): n=74 girth=6 c4=0 c16=2923 c32=-1 conn=True
    D_37 refl(0,3,19): n=74 girth=6 c4=0 c16=2923 c32=-1 conn=True
    D_37 refl(0,4,9): n=74 girth=6 c4=0 c16=1739 c32=-1 conn=True
    D_37 refl(0,4,10): n=74 girth=6 c4=0 c16=1739 c32=-1 conn=True
    D_37 refl(0,4,13): n=74 girth=6 c4=0 c16=2923 c32=-1 conn=True
    D_37 refl(0,4,14): n=74 girth=6 c4=0 c16=2923 c32=-1 conn=True
    D_37 refl(0,4,17): n=74 girth=6 c4=0 c16=2923 c32=-1 conn=True
    D_37 refl(0,4,18): n=74 girth=6 c4=0 c16=2220 c32=-1 conn=True
    D_37 refl(0,4,19): n=74 girth=6 c4=0 c16=1739 c32=-1 conn=True
    D_37 refl(0,4,20): n=74 girth=6 c4=0 c16=2220 c32=-1 conn=True
    D_37 refl(0,5,11): n=74 girth=6 c4=0 c16=1739 c32=-1 conn=True
    D_37 refl(0,5,12): n=74 girth=6 c4=0 c16=2923 c32=-1 conn=True
    D_37 refl(0,5,17): n=74 girth=6 c4=0 c16=2220 c32=-1 conn=True
    D_37 refl(0,5,18): n=74 girth=6 c4=0 c16=2997 c32=-1 conn=True
    D_37 refl(0,6,13): n=74 girth=6 c4=0 c16=2220 c32=-1 conn=True
    D_37 refl(0,6,14): n=74 girth=6 c4=0 c16=2997 c32=-1 conn=True
    D_37 refl(0,6,15): n=74 girth=6 c4=0 c16=1739 c32=-1 conn=True
    D_37 refl(0,6,16): n=74 girth=6 c4=0 c16=2220 c32=-1 conn=True
    D_37 refl(0,6,17): n=74 girth=6 c4=0 c16=2220 c32=-1 conn=True
    D_37 refl(0,6,21): n=74 girth=6 c4=0 c16=2923 c32=-1 conn=True
    D_37 refl(0,7,18): n=74 girth=6 c4=0 c16=2220 c32=-1 conn=True
    D_37 refl(0,7,19): n=74 girth=6 c4=0 c16=1739 c32=-1 conn=True
    D_37 refl(0,7,20): n=74 girth=6 c4=0 c16=1739 c32=-1 conn=True
    D_37 refl(0,8,17): n=74 girth=6 c4=0 c16=2923 c32=-1 conn=True
    D_37 refl(0,8,18): n=74 girth=6 c4=0 c16=1739 c32=-1 conn=True
    D_37 refl(0,8,19): n=74 girth=6 c4=0 c16=2923 c32=-1 conn=True
    D_37 refl(0,8,20): n=74 girth=6 c4=0 c16=1739 c32=-1 conn=True
    D_37 refl(0,9,20): n=74 girth=6 c4=0 c16=2923 c32=-1 conn=True
    D_37 refl(0,9,21): n=74 girth=6 c4=0 c16=2997 c32=-1 conn=True
    D_37 refl(0,9,22): n=74 girth=6 c4=0 c16=2220 c32=-1 conn=True
    D_37 refl(0,10,22): n=74 girth=6 c4=0 c16=1739 c32=-1 conn=True
    D_37 refl(0,10,23): n=74 girth=6 c4=0 c16=2923 c32=-1 conn=True
    D_37 refl(0,11,23): n=74 girth=6 c4=0 c16=2220 c32=-1 conn=True
    D_38 refl(0,1,5): n=76 girth=6 c4=0 c16=2147 c32=-1 conn=True
    D_38 refl(0,1,6): n=76 girth=6 c4=0 c16=2565 c32=-1 conn=True
    D_38 refl(0,1,7): n=76 girth=6 c4=0 c16=2565 c32=-1 conn=True
    D_38 refl(0,1,8): n=76 girth=6 c4=0 c16=1786 c32=-1 conn=True
    D_38 refl(0,1,9): n=76 girth=6 c4=0 c16=2527 c32=-1 conn=True
    D_38 refl(0,1,11): n=76 girth=6 c4=0 c16=2565 c32=-1 conn=True
    D_38 refl(0,1,12): n=76 girth=6 c4=0 c16=1786 c32=-1 conn=True
    D_38 refl(0,1,15): n=76 girth=6 c4=0 c16=2565 c32=-1 conn=True
    D_38 refl(0,1,16): n=76 girth=6 c4=0 c16=2147 c32=-1 conn=True
    D_38 refl(0,1,17): n=76 girth=6 c4=0 c16=2527 c32=-1 conn=True
    D_38 refl(0,1,19): n=76 girth=4 c4=19 c16=0 c32=0 conn=True
    D_38 refl(0,2,5): n=76 girth=6 c4=0 c16=1786 c32=-1 conn=True
    D_38 refl(0,2,7): n=76 girth=6 c4=0 c16=2527 c32=-1 conn=True
    D_38 refl(0,2,9): n=76 girth=6 c4=0 c16=2147 c32=-1 conn=True
    D_38 refl(0,2,13): n=76 girth=6 c4=0 c16=2565 c32=-1 conn=True
    D_38 refl(0,2,15): n=76 girth=6 c4=0 c16=2565 c32=-1 conn=True
    D_38 refl(0,2,16): n=76 girth=6 c4=0 c16=None c32=None conn=False
    D_38 refl(0,2,19): n=76 girth=4 c4=19 c16=0 c32=0 conn=True
    D_38 refl(0,3,7): n=76 girth=6 c4=0 c16=2565 c32=-1 conn=True
    D_38 refl(0,3,8): n=76 girth=6 c4=0 c16=2565 c32=-1 conn=True
    D_38 refl(0,3,10): n=76 girth=6 c4=0 c16=2147 c32=-1 conn=True
    D_38 refl(0,3,13): n=76 girth=6 c4=0 c16=2527 c32=-1 conn=True
    D_38 refl(0,3,14): n=76 girth=6 c4=0 c16=2527 c32=-1 conn=True
    D_38 refl(0,3,15): n=76 girth=6 c4=0 c16=2147 c32=-1 conn=True
    D_38 refl(0,3,17): n=76 girth=6 c4=0 c16=1786 c32=-1 conn=True
    D_38 refl(0,3,18): n=76 girth=6 c4=0 c16=2565 c32=-1 conn=True
    D_38 refl(0,3,19): n=76 girth=4 c4=19 c16=0 c32=0 conn=True
    D_38 refl(0,3,20): n=76 girth=6 c4=0 c16=2565 c32=-1 conn=True
    D_38 refl(0,4,9): n=76 girth=6 c4=0 c16=2527 c32=-1 conn=True
    D_38 refl(0,4,10): n=76 girth=6 c4=0 c16=None c32=None conn=False
    D_38 refl(0,4,11): n=76 girth=6 c4=0 c16=2565 c32=-1 conn=True
    D_38 refl(0,4,13): n=76 girth=6 c4=0 c16=1786 c32=-1 conn=True
    D_38 refl(0,4,19): n=76 girth=4 c4=19 c16=0 c32=0 conn=True
    D_38 refl(0,5,13): n=76 girth=6 c4=0 c16=2565 c32=-1 conn=True
    D_38 refl(0,5,17): n=76 girth=6 c4=0 c16=2565 c32=-1 conn=True
    D_38 refl(0,5,18): n=76 girth=6 c4=0 c16=2147 c32=-1 conn=True
    D_38 refl(0,5,19): n=76 girth=4 c4=19 c16=0 c32=0 conn=True
    D_38 refl(0,5,21): n=76 girth=6 c4=0 c16=1786 c32=-1 conn=True
    D_38 refl(0,6,15): n=76 girth=6 c4=0 c16=1786 c32=-1 conn=True
    D_38 refl(0,6,17): n=76 girth=6 c4=0 c16=2147 c32=-1 conn=True
    D_38 refl(0,6,19): n=76 girth=4 c4=19 c16=0 c32=0 conn=True
    D_38 refl(0,6,21): n=76 girth=6 c4=0 c16=2527 c32=-1 conn=True
    D_38 refl(0,7,16): n=76 girth=6 c4=0 c16=2565 c32=-1 conn=True
    D_38 refl(0,7,18): n=76 girth=6 c4=0 c16=1786 c32=-1 conn=True
    D_38 refl(0,7,19): n=76 girth=4 c4=19 c16=0 c32=0 conn=True
    D_38 refl(0,7,20): n=76 girth=6 c4=0 c16=2527 c32=-1 conn=True
    D_38 refl(0,8,17): n=76 girth=6 c4=0 c16=2147 c32=-1 conn=True
    D_38 refl(0,8,19): n=76 girth=4 c4=19 c16=0 c32=0 conn=True
    D_38 refl(0,8,20): n=76 girth=6 c4=0 c16=None c32=None conn=False
    D_38 refl(0,9,19): n=76 girth=4 c4=19 c16=0 c32=0 conn=True
    D_38 refl(0,9,21): n=76 girth=6 c4=0 c16=2565 c32=-1 conn=True
    D_38 refl(0,9,22): n=76 girth=6 c4=0 c16=2565 c32=-1 conn=True
    D_38 refl(0,9,23): n=76 girth=6 c4=0 c16=2565 c32=-1 conn=True
    D_38 refl(0,10,21): n=76 girth=6 c4=0 c16=2565 c32=-1 conn=True
    D_38 refl(0,10,23): n=76 girth=6 c4=0 c16=1786 c32=-1 conn=True
    D_38 refl(0,11,23): n=76 girth=6 c4=0 c16=2527 c32=-1 conn=True
    D_38 refl(0,11,24): n=76 girth=6 c4=0 c16=2147 c32=-1 conn=True
    D_39 refl(0,1,5): n=78 girth=6 c4=0 c16=2106 c32=-1 conn=True
    D_39 refl(0,1,6): n=78 girth=6 c4=0 c16=2496 c32=-1 conn=True
    D_39 refl(0,1,7): n=78 girth=6 c4=0 c16=2535 c32=-1 conn=True
    D_39 refl(0,1,8): n=78 girth=6 c4=0 c16=2106 c32=-1 conn=True
    D_39 refl(0,1,9): n=78 girth=6 c4=0 c16=2496 c32=-1 conn=True
    D_39 refl(0,1,11): n=78 girth=6 c4=0 c16=2106 c32=-1 conn=True
    D_39 refl(0,1,12): n=78 girth=6 c4=0 c16=2535 c32=-1 conn=True
    D_39 refl(0,1,15): n=78 girth=6 c4=0 c16=2496 c32=-1 conn=True
    D_39 refl(0,1,16): n=78 girth=6 c4=0 c16=1794 c32=-1 conn=True
    D_39 refl(0,1,17): n=78 girth=6 c4=0 c16=3159 c32=-1 conn=True
    D_39 refl(0,1,18): n=78 girth=6 c4=0 c16=1794 c32=-1 conn=True
    D_39 refl(0,2,5): n=78 girth=6 c4=0 c16=1794 c32=-1 conn=True
    D_39 refl(0,2,7): n=78 girth=6 c4=0 c16=3159 c32=-1 conn=True
    D_39 refl(0,2,9): n=78 girth=6 c4=0 c16=1794 c32=-1 conn=True
    D_39 refl(0,2,10): n=78 girth=6 c4=0 c16=2106 c32=-1 conn=True
    D_39 refl(0,2,11): n=78 girth=6 c4=0 c16=2496 c32=-1 conn=True
    D_39 refl(0,2,12): n=78 girth=6 c4=0 c16=2496 c32=-1 conn=True
    D_39 refl(0,2,14): n=78 girth=6 c4=0 c16=2535 c32=-1 conn=True
    D_39 refl(0,2,16): n=78 girth=6 c4=0 c16=2106 c32=-1 conn=True
    D_39 refl(0,2,17): n=78 girth=6 c4=0 c16=2535 c32=-1 conn=True
    D_39 refl(0,2,18): n=78 girth=6 c4=0 c16=2496 c32=-1 conn=True
    D_39 refl(0,2,19): n=78 girth=6 c4=0 c16=2106 c32=-1 conn=True
    D_39 refl(0,3,7): n=78 girth=6 c4=0 c16=2496 c32=-1 conn=True
    D_39 refl(0,3,8): n=78 girth=6 c4=0 c16=2496 c32=-1 conn=True
    D_39 refl(0,3,10): n=78 girth=6 c4=0 c16=2535 c32=-1 conn=True
    D_39 refl(0,3,11): n=78 girth=6 c4=0 c16=1794 c32=-1 conn=True
    D_39 refl(0,3,19): n=78 girth=6 c4=0 c16=2535 c32=-1 conn=True
    D_39 refl(0,3,20): n=78 girth=6 c4=0 c16=2496 c32=-1 conn=True
    D_39 refl(0,4,9): n=78 girth=6 c4=0 c16=2535 c32=-1 conn=True
    D_39 refl(0,4,10): n=78 girth=6 c4=0 c16=1794 c32=-1 conn=True
    D_39 refl(0,4,11): n=78 girth=6 c4=0 c16=2106 c32=-1 conn=True
    D_39 refl(0,4,14): n=78 girth=6 c4=0 c16=3159 c32=-1 conn=True
    D_39 refl(0,4,15): n=78 girth=6 c4=0 c16=2535 c32=-1 conn=True
    D_39 refl(0,4,18): n=78 girth=6 c4=0 c16=1794 c32=-1 conn=True
    D_39 refl(0,4,19): n=78 girth=6 c4=0 c16=2496 c32=-1 conn=True
    D_39 refl(0,4,20): n=78 girth=6 c4=0 c16=2106 c32=-1 conn=True
    D_39 refl(0,4,21): n=78 girth=6 c4=0 c16=2496 c32=-1 conn=True
    D_39 refl(0,5,12): n=78 girth=6 c4=0 c16=1794 c32=-1 conn=True
    D_39 refl(0,5,14): n=78 girth=6 c4=0 c16=2496 c32=-1 conn=True
    D_39 refl(0,5,16): n=78 girth=6 c4=0 c16=2106 c32=-1 conn=True
    D_39 refl(0,5,19): n=78 girth=6 c4=0 c16=2106 c32=-1 conn=True
    D_39 refl(0,5,21): n=78 girth=6 c4=0 c16=2535 c32=-1 conn=True
    D_39 refl(0,6,14): n=78 girth=6 c4=0 c16=2496 c32=-1 conn=True
    D_39 refl(0,6,16): n=78 girth=6 c4=0 c16=2496 c32=-1 conn=True
    D_39 refl(0,6,20): n=78 girth=6 c4=0 c16=2535 c32=-1 conn=True
    D_39 refl(0,6,22): n=78 girth=6 c4=0 c16=1794 c32=-1 conn=True
    D_39 refl(0,7,17): n=78 girth=6 c4=0 c16=2106 c32=-1 conn=True
    D_39 refl(0,7,19): n=78 girth=6 c4=0 c16=2496 c32=-1 conn=True
    D_39 refl(0,7,22): n=78 girth=6 c4=0 c16=2496 c32=-1 conn=True
    D_39 refl(0,8,17): n=78 girth=6 c4=0 c16=2535 c32=-1 conn=True
    D_39 refl(0,8,18): n=78 girth=6 c4=0 c16=2535 c32=-1 conn=True
    D_39 refl(0,8,19): n=78 girth=6 c4=0 c16=3159 c32=-1 conn=True
    D_39 refl(0,8,20): n=78 girth=6 c4=0 c16=1794 c32=-1 conn=True
    D_39 refl(0,8,22): n=78 girth=6 c4=0 c16=2106 c32=-1 conn=True
    D_39 refl(0,9,20): n=78 girth=6 c4=0 c16=1794 c32=-1 conn=True
    D_39 refl(0,10,21): n=78 girth=6 c4=0 c16=2496 c32=-1 conn=True
    D_39 refl(0,10,24): n=78 girth=6 c4=0 c16=1794 c32=-1 conn=True
    D_39 refl(0,11,23): n=78 girth=6 c4=0 c16=2496 c32=-1 conn=True
    D_39 refl(0,13,26): n=78 girth=4 c4=117 c16=None c32=None conn=False
    D_40 refl(0,1,5): n=80 girth=6 c4=0 c16=2125 c32=-1 conn=True
    D_40 refl(0,1,6): n=80 girth=6 c4=0 c16=2565 c32=-1 conn=True
    D_40 refl(0,1,7): n=80 girth=6 c4=0 c16=2420 c32=-1 conn=True
    D_40 refl(0,1,8): n=80 girth=6 c4=0 c16=2020 c32=-1 conn=True
    D_40 refl(0,1,9): n=80 girth=6 c4=0 c16=2190 c32=-1 conn=True
    D_40 refl(0,1,12): n=80 girth=6 c4=0 c16=2750 c32=-1 conn=True
    D_40 refl(0,1,15): n=80 girth=6 c4=0 c16=1845 c32=-1 conn=True
    D_40 refl(0,1,16): n=80 girth=6 c4=0 c16=2125 c32=-1 conn=True
    D_40 refl(0,1,17): n=80 girth=6 c4=0 c16=2020 c32=-1 conn=True
    D_40 refl(0,1,18): n=80 girth=6 c4=0 c16=2420 c32=-1 conn=True
    D_40 refl(0,1,20): n=80 girth=4 c4=20 c16=0 c32=0 conn=True
    D_40 refl(0,2,5): n=80 girth=6 c4=0 c16=1845 c32=-1 conn=True
    D_40 refl(0,2,7): n=80 girth=6 c4=0 c16=2565 c32=-1 conn=True
    D_40 refl(0,2,9): n=80 girth=6 c4=0 c16=2420 c32=-1 conn=True
    D_40 refl(0,2,13): n=80 girth=6 c4=0 c16=2420 c32=-1 conn=True
    D_40 refl(0,2,15): n=80 girth=6 c4=0 c16=2565 c32=-1 conn=True
    D_40 refl(0,2,17): n=80 girth=6 c4=0 c16=1845 c32=-1 conn=True
    D_40 refl(0,2,20): n=80 girth=4 c4=20 c16=None c32=None conn=False
    D_40 refl(0,3,7): n=80 girth=6 c4=0 c16=2750 c32=-1 conn=True
    D_40 refl(0,3,8): n=80 girth=6 c4=0 c16=2125 c32=-1 conn=True
    D_40 refl(0,3,11): n=80 girth=6 c4=0 c16=2020 c32=-1 conn=True
    D_40 refl(0,3,14): n=80 girth=6 c4=0 c16=2420 c32=-1 conn=True
    D_40 refl(0,3,15): n=80 girth=6 c4=0 c16=2125 c32=-1 conn=True
    D_40 refl(0,3,16): n=80 girth=6 c4=0 c16=2190 c32=-1 conn=True
    D_40 refl(0,3,18): n=80 girth=6 c4=0 c16=2565 c32=-1 conn=True
    D_40 refl(0,3,19): n=80 girth=6 c4=0 c16=2020 c32=-1 conn=True
    D_40 refl(0,3,20): n=80 girth=4 c4=20 c16=0 c32=0 conn=True
    D_40 refl(0,3,21): n=80 girth=6 c4=0 c16=2420 c32=-1 conn=True
    D_40 refl(0,4,9): n=80 girth=6 c4=0 c16=2125 c32=-1 conn=True
    D_40 refl(0,4,15): n=80 girth=6 c4=0 c16=2125 c32=-1 conn=True
    D_40 refl(0,4,17): n=80 girth=6 c4=0 c16=2750 c32=-1 conn=True
    D_40 refl(0,4,19): n=80 girth=6 c4=0 c16=2125 c32=-1 conn=True
    D_40 refl(0,4,20): n=80 girth=4 c4=20 c16=None c32=None conn=False
    D_40 refl(0,5,11): n=80 girth=6 c4=0 c16=1845 c32=-1 conn=True
    D_40 refl(0,5,12): n=80 girth=6 c4=0 c16=2125 c32=-1 conn=True
    D_40 refl(0,5,13): n=80 girth=6 c4=0 c16=2125 c32=-1 conn=True
    D_40 refl(0,5,14): n=80 girth=6 c4=0 c16=2565 c32=-1 conn=True
    D_40 refl(0,5,16): n=80 girth=6 c4=0 c16=2125 c32=-1 conn=True
    D_40 refl(0,5,17): n=80 girth=6 c4=0 c16=2125 c32=-1 conn=True
    D_40 refl(0,5,18): n=80 girth=6 c4=0 c16=1845 c32=-1 conn=True
    D_40 refl(0,5,19): n=80 girth=6 c4=0 c16=1845 c32=-1 conn=True
    D_40 refl(0,5,21): n=80 girth=6 c4=0 c16=2125 c32=-1 conn=True
    D_40 refl(0,5,22): n=80 girth=6 c4=0 c16=2565 c32=-1 conn=True
    D_40 refl(0,6,15): n=80 girth=6 c4=0 c16=1845 c32=-1 conn=True
    D_40 refl(0,6,19): n=80 girth=6 c4=0 c16=2420 c32=-1 conn=True
    D_40 refl(0,6,20): n=80 girth=4 c4=20 c16=None c32=None conn=False
    D_40 refl(0,6,21): n=80 girth=6 c4=0 c16=2565 c32=-1 conn=True
    D_40 refl(0,7,15): n=80 girth=6 c4=0 c16=2125 c32=-1 conn=True
    D_40 refl(0,7,16): n=80 girth=6 c4=0 c16=2020 c32=-1 conn=True
    D_40 refl(0,7,20): n=80 girth=4 c4=20 c16=0 c32=0 conn=True
    D_40 refl(0,7,22): n=80 girth=6 c4=0 c16=1845 c32=-1 conn=True
    D_40 refl(0,7,23): n=80 girth=6 c4=0 c16=2190 c32=-1 conn=True
    D_40 refl(0,8,17): n=80 girth=6 c4=0 c16=2020 c32=-1 conn=True
    D_40 refl(0,8,19): n=80 girth=6 c4=0 c16=2190 c32=-1 conn=True
    D_40 refl(0,8,20): n=80 girth=4 c4=20 c16=None c32=None conn=False
    D_40 refl(0,8,21): n=80 girth=6 c4=0 c16=2020 c32=-1 conn=True
    D_40 refl(0,8,23): n=80 girth=6 c4=0 c16=2125 c32=-1 conn=True
    D_40 refl(0,9,20): n=80 girth=4 c4=20 c16=0 c32=0 conn=True
    D_40 refl(0,9,21): n=80 girth=6 c4=0 c16=2750 c32=-1 conn=True
    D_40 refl(0,9,23): n=80 girth=6 c4=0 c16=2420 c32=-1 conn=True
    D_40 refl(0,9,24): n=80 girth=6 c4=0 c16=2125 c32=-1 conn=True
    D_40 refl(0,11,24): n=80 girth=6 c4=0 c16=2020 c32=-1 conn=True
    D_40 refl(0,11,25): n=80 girth=6 c4=0 c16=2565 c32=-1 conn=True
    D_40 refl(0,12,25): n=80 girth=6 c4=0 c16=2125 c32=-1 conn=True

(B3) dihedral D_m, {s, r^a, r^-a} (1<=a<m/2), 2m<=80:
  checked 380; C8-free: 13
    D_3 {s,r^+-1}: n=6 girth=3 c4=3 c16=0 c32=None conn=True
    D_6 {s,r^+-2}: n=12 girth=3 c4=6 c16=None c32=None conn=False
    D_9 {s,r^+-3}: n=18 girth=3 c4=9 c16=None c32=None conn=False
    D_12 {s,r^+-4}: n=24 girth=3 c4=12 c16=None c32=None conn=False
    D_15 {s,r^+-5}: n=30 girth=3 c4=15 c16=None c32=None conn=False
    D_18 {s,r^+-6}: n=36 girth=3 c4=18 c16=None c32=None conn=False
    D_21 {s,r^+-7}: n=42 girth=3 c4=21 c16=None c32=None conn=False
    D_24 {s,r^+-8}: n=48 girth=3 c4=24 c16=None c32=None conn=False
    D_27 {s,r^+-9}: n=54 girth=3 c4=27 c16=None c32=None conn=False
    D_30 {s,r^+-10}: n=60 girth=3 c4=30 c16=None c32=None conn=False
    D_33 {s,r^+-11}: n=66 girth=3 c4=33 c16=None c32=None conn=False
    D_36 {s,r^+-12}: n=72 girth=3 c4=36 c16=None c32=None conn=False
    D_39 {s,r^+-13}: n=78 girth=3 c4=39 c16=None c32=None conn=False

(B4) Z_2 x Z_m, S={(1,0),(0,+-a)}, m even, 2m<=80:
  checked 190; C8-free: 6
    Z2xZ_6 a=2: n=12 girth=3 c4=6 c16=None c32=None conn=False
    Z2xZ_12 a=4: n=24 girth=3 c4=12 c16=None c32=None conn=False
    Z2xZ_18 a=6: n=36 girth=3 c4=18 c16=None c32=None conn=False
    Z2xZ_24 a=8: n=48 girth=3 c4=24 c16=None c32=None conn=False
    Z2xZ_30 a=10: n=60 girth=3 c4=30 c16=None c32=None conn=False
    Z2xZ_36 a=12: n=72 girth=3 c4=36 c16=None c32=None conn=False

====================================================================================================
SUMMARY (B2-B4): C8-free cubic Cayley specimens (incl. disconnected/small): 691
  connected, n>=8, C8-free: ['D_10 refl(0,1,5)', 'D_10 refl(0,2,5)', 'D_12 refl(0,1,6)', 'D_14 refl(0,1,7)', 'D_14 refl(0,2,7)', 'D_14 refl(0,3,7)', 'D_16 refl(0,1,8)', 'D_16 refl(0,3,8)', 'D_18 refl(0,1,9)', 'D_18 refl(0,2,9)', 'D_18 refl(0,4,9)', 'D_19 refl(0,1,8)', 'D_19 refl(0,2,5)', 'D_19 refl(0,4,10)', 'D_20 refl(0,1,10)', 'D_20 refl(0,3,10)', 'D_21 refl(0,1,5)', 'D_21 refl(0,1,9)', 'D_21 refl(0,2,5)', 'D_21 refl(0,2,10)', 'D_21 refl(0,4,10)', 'D_22 refl(0,1,5)', 'D_22 refl(0,1,9)', 'D_22 refl(0,1,11)', 'D_22 refl(0,2,5)', 'D_22 refl(0,2,11)', 'D_22 refl(0,3,10)', 'D_22 refl(0,3,11)', 'D_22 refl(0,4,11)', 'D_22 refl(0,5,11)', 'D_22 refl(0,6,13)', 'D_23 refl(0,1,5)', 'D_23 refl(0,1,7)', 'D_23 refl(0,1,10)', 'D_23 refl(0,2,5)', 'D_23 refl(0,2,10)', 'D_23 refl(0,2,11)', 'D_23 refl(0,3,7)', 'D_23 refl(0,3,11)', 'D_23 refl(0,4,10)', 'D_23 refl(0,5,12)', 'D_23 refl(0,6,14)', 'D_24 refl(0,1,5)', 'D_24 refl(0,1,10)', 'D_24 refl(0,1,12)', 'D_24 refl(0,2,5)', 'D_24 refl(0,2,9)', 'D_24 refl(0,3,13)', 'D_24 refl(0,4,11)', 'D_24 refl(0,5,12)', 'D_25 refl(0,1,5)', 'D_25 refl(0,1,6)', 'D_25 refl(0,1,10)', 'D_25 refl(0,1,11)', 'D_25 refl(0,2,5)', 'D_25 refl(0,2,7)', 'D_25 refl(0,2,10)', 'D_25 refl(0,2,12)', 'D_25 refl(0,3,8)', 'D_25 refl(0,3,10)', 'D_25 refl(0,3,13)', 'D_25 refl(0,4,9)', 'D_25 refl(0,4,10)', 'D_25 refl(0,4,14)', 'D_25 refl(0,5,11)', 'D_25 refl(0,5,12)', 'D_25 refl(0,5,13)', 'D_25 refl(0,5,14)', 'D_25 refl(0,6,15)', 'D_25 refl(0,7,15)', 'D_26 refl(0,1,5)', 'D_26 refl(0,1,6)', 'D_26 refl(0,1,8)', 'D_26 refl(0,1,11)', 'D_26 refl(0,1,13)', 'D_26 refl(0,2,5)', 'D_26 refl(0,2,9)', 'D_26 refl(0,2,13)', 'D_26 refl(0,3,7)', 'D_26 refl(0,3,11)', 'D_26 refl(0,3,13)', 'D_26 refl(0,3,14)', 'D_26 refl(0,4,13)', 'D_26 refl(0,5,13)', 'D_26 refl(0,5,14)', 'D_26 refl(0,6,13)', 'D_26 refl(0,6,15)', 'D_26 refl(0,7,16)', 'D_27 refl(0,1,5)', 'D_27 refl(0,1,6)', 'D_27 refl(0,1,8)', 'D_27 refl(0,1,11)', 'D_27 refl(0,1,12)', 'D_27 refl(0,2,5)', 'D_27 refl(0,2,7)', 'D_27 refl(0,2,10)', 'D_27 refl(0,2,12)', 'D_27 refl(0,2,13)', 'D_27 refl(0,3,7)', 'D_27 refl(0,3,14)', 'D_27 refl(0,4,10)', 'D_27 refl(0,4,11)', 'D_27 refl(0,4,14)', 'D_27 refl(0,5,13)', 'D_27 refl(0,6,14)', 'D_27 refl(0,7,15)', 'D_28 refl(0,1,5)', 'D_28 refl(0,1,6)', 'D_28 refl(0,1,11)', 'D_28 refl(0,1,12)', 'D_28 refl(0,1,14)', 'D_28 refl(0,2,5)', 'D_28 refl(0,2,11)', 'D_28 refl(0,3,8)', 'D_28 refl(0,3,13)', 'D_28 refl(0,3,14)', 'D_28 refl(0,3,15)', 'D_28 refl(0,4,13)', 'D_28 refl(0,5,14)', 'D_28 refl(0,6,15)', 'D_28 refl(0,8,17)', 'D_29 refl(0,1,5)', 'D_29 refl(0,1,6)', 'D_29 refl(0,1,7)', 'D_29 refl(0,1,9)', 'D_29 refl(0,1,12)', 'D_29 refl(0,1,13)', 'D_29 refl(0,2,5)', 'D_29 refl(0,2,7)', 'D_29 refl(0,2,10)', 'D_29 refl(0,2,12)', 'D_29 refl(0,2,13)', 'D_29 refl(0,2,14)', 'D_29 refl(0,3,7)', 'D_29 refl(0,3,10)', 'D_29 refl(0,3,11)', 'D_29 refl(0,3,14)', 'D_29 refl(0,3,15)', 'D_29 refl(0,4,9)', 'D_29 refl(0,4,10)', 'D_29 refl(0,4,13)', 'D_29 refl(0,4,14)', 'D_29 refl(0,5,16)', 'D_29 refl(0,6,13)', 'D_29 refl(0,6,14)', 'D_29 refl(0,6,15)', 'D_29 refl(0,7,16)', 'D_29 refl(0,8,17)', 'D_29 refl(0,8,18)', 'D_30 refl(0,1,5)', 'D_30 refl(0,1,6)', 'D_30 refl(0,1,7)', 'D_30 refl(0,1,9)', 'D_30 refl(0,1,12)', 'D_30 refl(0,1,13)', 'D_30 refl(0,1,15)', 'D_30 refl(0,2,5)', 'D_30 refl(0,2,7)', 'D_30 refl(0,2,11)', 'D_30 refl(0,2,15)', 'D_30 refl(0,3,7)', 'D_30 refl(0,3,8)', 'D_30 refl(0,3,16)', 'D_30 refl(0,4,9)', 'D_30 refl(0,4,15)', 'D_30 refl(0,5,11)', 'D_30 refl(0,5,12)', 'D_30 refl(0,5,13)', 'D_30 refl(0,5,14)', 'D_30 refl(0,5,16)', 'D_30 refl(0,5,17)', 'D_30 refl(0,6,13)', 'D_30 refl(0,6,17)', 'D_30 refl(0,7,15)', 'D_30 refl(0,7,18)', 'D_31 refl(0,1,5)', 'D_31 refl(0,1,6)', 'D_31 refl(0,1,7)', 'D_31 refl(0,1,9)', 'D_31 refl(0,1,12)', 'D_31 refl(0,1,13)', 'D_31 refl(0,1,14)', 'D_31 refl(0,2,5)', 'D_31 refl(0,2,7)', 'D_31 refl(0,2,9)', 'D_31 refl(0,2,10)', 'D_31 refl(0,2,12)', 'D_31 refl(0,2,14)', 'D_31 refl(0,2,15)', 'D_31 refl(0,3,7)', 'D_31 refl(0,3,8)', 'D_31 refl(0,3,11)', 'D_31 refl(0,3,13)', 'D_31 refl(0,3,15)', 'D_31 refl(0,3,16)', 'D_31 refl(0,4,10)', 'D_31 refl(0,4,11)', 'D_31 refl(0,4,14)', 'D_31 refl(0,4,15)', 'D_31 refl(0,4,17)', 'D_31 refl(0,5,11)', 'D_31 refl(0,5,14)', 'D_31 refl(0,6,14)', 'D_31 refl(0,6,15)', 'D_31 refl(0,6,16)', 'D_31 refl(0,7,16)', 'D_31 refl(0,7,18)', 'D_31 refl(0,8,17)', 'D_31 refl(0,8,19)', 'D_31 refl(0,9,19)', 'D_32 refl(0,1,5)', 'D_32 refl(0,1,6)', 'D_32 refl(0,1,7)', 'D_32 refl(0,1,10)', 'D_32 refl(0,1,13)', 'D_32 refl(0,1,14)', 'D_32 refl(0,1,16)', 'D_32 refl(0,2,5)', 'D_32 refl(0,2,7)', 'D_32 refl(0,2,11)', 'D_32 refl(0,2,13)', 'D_32 refl(0,3,7)', 'D_32 refl(0,3,10)', 'D_32 refl(0,3,14)', 'D_32 refl(0,3,15)', 'D_32 refl(0,3,16)', 'D_32 refl(0,3,17)', 'D_32 refl(0,4,13)', 'D_32 refl(0,4,15)', 'D_32 refl(0,5,12)', 'D_32 refl(0,5,16)', 'D_32 refl(0,5,18)', 'D_32 refl(0,6,15)', 'D_32 refl(0,6,17)', 'D_32 refl(0,7,16)', 'D_32 refl(0,7,17)', 'D_32 refl(0,9,19)', 'D_32 refl(0,9,20)', 'D_33 refl(0,1,5)', 'D_33 refl(0,1,6)', 'D_33 refl(0,1,7)', 'D_33 refl(0,1,8)', 'D_33 refl(0,1,10)', 'D_33 refl(0,1,13)', 'D_33 refl(0,1,14)', 'D_33 refl(0,1,15)', 'D_33 refl(0,2,5)', 'D_33 refl(0,2,7)', 'D_33 refl(0,2,9)', 'D_33 refl(0,2,10)', 'D_33 refl(0,2,12)', 'D_33 refl(0,2,14)', 'D_33 refl(0,2,15)', 'D_33 refl(0,2,16)', 'D_33 refl(0,3,7)', 'D_33 refl(0,3,8)', 'D_33 refl(0,3,16)', 'D_33 refl(0,3,17)', 'D_33 refl(0,4,9)', 'D_33 refl(0,4,10)', 'D_33 refl(0,4,13)', 'D_33 refl(0,4,14)', 'D_33 refl(0,4,17)', 'D_33 refl(0,4,18)', 'D_33 refl(0,5,13)', 'D_33 refl(0,5,17)', 'D_33 refl(0,6,14)', 'D_33 refl(0,6,16)', 'D_33 refl(0,7,15)', 'D_33 refl(0,7,16)', 'D_33 refl(0,7,17)', 'D_33 refl(0,8,18)', 'D_33 refl(0,8,20)', 'D_34 refl(0,1,5)', 'D_34 refl(0,1,6)', 'D_34 refl(0,1,7)', 'D_34 refl(0,1,8)', 'D_34 refl(0,1,10)', 'D_34 refl(0,1,13)', 'D_34 refl(0,1,14)', 'D_34 refl(0,1,15)', 'D_34 refl(0,1,17)', 'D_34 refl(0,2,5)', 'D_34 refl(0,2,7)', 'D_34 refl(0,2,11)', 'D_34 refl(0,2,13)', 'D_34 refl(0,2,17)', 'D_34 refl(0,3,7)', 'D_34 refl(0,3,8)', 'D_34 refl(0,3,11)', 'D_34 refl(0,3,13)', 'D_34 refl(0,3,15)', 'D_34 refl(0,3,16)', 'D_34 refl(0,3,17)', 'D_34 refl(0,3,18)', 'D_34 refl(0,4,9)', 'D_34 refl(0,4,11)', 'D_34 refl(0,4,17)', 'D_34 refl(0,5,14)', 'D_34 refl(0,5,16)', 'D_34 refl(0,5,17)', 'D_34 refl(0,6,15)', 'D_34 refl(0,6,17)', 'D_34 refl(0,6,19)', 'D_34 refl(0,7,15)', 'D_34 refl(0,7,17)', 'D_34 refl(0,7,18)', 'D_34 refl(0,7,19)', 'D_34 refl(0,8,17)', 'D_34 refl(0,9,19)', 'D_34 refl(0,9,20)', 'D_34 refl(0,9,21)', 'D_34 refl(0,10,21)', 'D_35 refl(0,1,5)', 'D_35 refl(0,1,6)', 'D_35 refl(0,1,7)', 'D_35 refl(0,1,8)', 'D_35 refl(0,1,10)', 'D_35 refl(0,1,11)', 'D_35 refl(0,1,14)', 'D_35 refl(0,1,15)', 'D_35 refl(0,1,16)', 'D_35 refl(0,2,5)', 'D_35 refl(0,2,7)', 'D_35 refl(0,2,9)', 'D_35 refl(0,2,10)', 'D_35 refl(0,2,12)', 'D_35 refl(0,2,14)', 'D_35 refl(0,2,15)', 'D_35 refl(0,2,16)', 'D_35 refl(0,2,17)', 'D_35 refl(0,3,7)', 'D_35 refl(0,3,8)', 'D_35 refl(0,3,10)', 'D_35 refl(0,3,13)', 'D_35 refl(0,3,14)', 'D_35 refl(0,3,15)', 'D_35 refl(0,3,17)', 'D_35 refl(0,3,18)', 'D_35 refl(0,4,9)', 'D_35 refl(0,4,10)', 'D_35 refl(0,4,11)', 'D_35 refl(0,4,14)', 'D_35 refl(0,4,15)', 'D_35 refl(0,4,18)', 'D_35 refl(0,4,19)', 'D_35 refl(0,5,11)', 'D_35 refl(0,5,12)', 'D_35 refl(0,5,13)', 'D_35 refl(0,5,14)', 'D_35 refl(0,5,16)', 'D_35 refl(0,5,17)', 'D_35 refl(0,5,18)', 'D_35 refl(0,5,19)', 'D_35 refl(0,6,13)', 'D_35 refl(0,6,14)', 'D_35 refl(0,6,15)', 'D_35 refl(0,6,16)', 'D_35 refl(0,6,20)', 'D_35 refl(0,7,15)', 'D_35 refl(0,7,16)', 'D_35 refl(0,7,17)', 'D_35 refl(0,7,18)', 'D_35 refl(0,7,19)', 'D_35 refl(0,7,20)', 'D_35 refl(0,8,18)', 'D_35 refl(0,8,20)', 'D_35 refl(0,8,21)', 'D_35 refl(0,9,19)', 'D_35 refl(0,9,20)', 'D_35 refl(0,9,21)', 'D_35 refl(0,10,21)', 'D_35 refl(0,10,22)', 'D_36 refl(0,1,5)', 'D_36 refl(0,1,6)', 'D_36 refl(0,1,7)', 'D_36 refl(0,1,8)', 'D_36 refl(0,1,11)', 'D_36 refl(0,1,14)', 'D_36 refl(0,1,15)', 'D_36 refl(0,1,16)', 'D_36 refl(0,1,18)', 'D_36 refl(0,2,5)', 'D_36 refl(0,2,7)', 'D_36 refl(0,2,13)', 'D_36 refl(0,2,15)', 'D_36 refl(0,3,7)', 'D_36 refl(0,3,8)', 'D_36 refl(0,3,10)', 'D_36 refl(0,3,17)', 'D_36 refl(0,3,19)', 'D_36 refl(0,4,15)', 'D_36 refl(0,4,17)', 'D_36 refl(0,5,11)', 'D_36 refl(0,5,16)', 'D_36 refl(0,5,18)', 'D_36 refl(0,5,19)', 'D_36 refl(0,6,13)', 'D_36 refl(0,6,17)', 'D_36 refl(0,6,19)', 'D_36 refl(0,7,17)', 'D_36 refl(0,7,18)', 'D_36 refl(0,7,20)', 'D_36 refl(0,8,19)', 'D_36 refl(0,8,21)', 'D_36 refl(0,10,21)', 'D_37 refl(0,1,5)', 'D_37 refl(0,1,6)', 'D_37 refl(0,1,7)', 'D_37 refl(0,1,8)', 'D_37 refl(0,1,9)', 'D_37 refl(0,1,11)', 'D_37 refl(0,1,14)', 'D_37 refl(0,1,15)', 'D_37 refl(0,1,16)', 'D_37 refl(0,1,17)', 'D_37 refl(0,2,5)', 'D_37 refl(0,2,7)', 'D_37 refl(0,2,9)', 'D_37 refl(0,2,10)', 'D_37 refl(0,2,11)', 'D_37 refl(0,2,12)', 'D_37 refl(0,2,14)', 'D_37 refl(0,2,16)', 'D_37 refl(0,2,17)', 'D_37 refl(0,2,18)', 'D_37 refl(0,3,7)', 'D_37 refl(0,3,8)', 'D_37 refl(0,3,11)', 'D_37 refl(0,3,13)', 'D_37 refl(0,3,14)', 'D_37 refl(0,3,15)', 'D_37 refl(0,3,16)', 'D_37 refl(0,3,18)', 'D_37 refl(0,3,19)', 'D_37 refl(0,4,9)', 'D_37 refl(0,4,10)', 'D_37 refl(0,4,13)', 'D_37 refl(0,4,14)', 'D_37 refl(0,4,17)', 'D_37 refl(0,4,18)', 'D_37 refl(0,4,19)', 'D_37 refl(0,4,20)', 'D_37 refl(0,5,11)', 'D_37 refl(0,5,12)', 'D_37 refl(0,5,17)', 'D_37 refl(0,5,18)', 'D_37 refl(0,6,13)', 'D_37 refl(0,6,14)', 'D_37 refl(0,6,15)', 'D_37 refl(0,6,16)', 'D_37 refl(0,6,17)', 'D_37 refl(0,6,21)', 'D_37 refl(0,7,18)', 'D_37 refl(0,7,19)', 'D_37 refl(0,7,20)', 'D_37 refl(0,8,17)', 'D_37 refl(0,8,18)', 'D_37 refl(0,8,19)', 'D_37 refl(0,8,20)', 'D_37 refl(0,9,20)', 'D_37 refl(0,9,21)', 'D_37 refl(0,9,22)', 'D_37 refl(0,10,22)', 'D_37 refl(0,10,23)', 'D_37 refl(0,11,23)', 'D_38 refl(0,1,5)', 'D_38 refl(0,1,6)', 'D_38 refl(0,1,7)', 'D_38 refl(0,1,8)', 'D_38 refl(0,1,9)', 'D_38 refl(0,1,11)', 'D_38 refl(0,1,12)', 'D_38 refl(0,1,15)', 'D_38 refl(0,1,16)', 'D_38 refl(0,1,17)', 'D_38 refl(0,1,19)', 'D_38 refl(0,2,5)', 'D_38 refl(0,2,7)', 'D_38 refl(0,2,9)', 'D_38 refl(0,2,13)', 'D_38 refl(0,2,15)', 'D_38 refl(0,2,19)', 'D_38 refl(0,3,7)', 'D_38 refl(0,3,8)', 'D_38 refl(0,3,10)', 'D_38 refl(0,3,13)', 'D_38 refl(0,3,14)', 'D_38 refl(0,3,15)', 'D_38 refl(0,3,17)', 'D_38 refl(0,3,18)', 'D_38 refl(0,3,19)', 'D_38 refl(0,3,20)', 'D_38 refl(0,4,9)', 'D_38 refl(0,4,11)', 'D_38 refl(0,4,13)', 'D_38 refl(0,4,19)', 'D_38 refl(0,5,13)', 'D_38 refl(0,5,17)', 'D_38 refl(0,5,18)', 'D_38 refl(0,5,19)', 'D_38 refl(0,5,21)', 'D_38 refl(0,6,15)', 'D_38 refl(0,6,17)', 'D_38 refl(0,6,19)', 'D_38 refl(0,6,21)', 'D_38 refl(0,7,16)', 'D_38 refl(0,7,18)', 'D_38 refl(0,7,19)', 'D_38 refl(0,7,20)', 'D_38 refl(0,8,17)', 'D_38 refl(0,8,19)', 'D_38 refl(0,9,19)', 'D_38 refl(0,9,21)', 'D_38 refl(0,9,22)', 'D_38 refl(0,9,23)', 'D_38 refl(0,10,21)', 'D_38 refl(0,10,23)', 'D_38 refl(0,11,23)', 'D_38 refl(0,11,24)', 'D_39 refl(0,1,5)', 'D_39 refl(0,1,6)', 'D_39 refl(0,1,7)', 'D_39 refl(0,1,8)', 'D_39 refl(0,1,9)', 'D_39 refl(0,1,11)', 'D_39 refl(0,1,12)', 'D_39 refl(0,1,15)', 'D_39 refl(0,1,16)', 'D_39 refl(0,1,17)', 'D_39 refl(0,1,18)', 'D_39 refl(0,2,5)', 'D_39 refl(0,2,7)', 'D_39 refl(0,2,9)', 'D_39 refl(0,2,10)', 'D_39 refl(0,2,11)', 'D_39 refl(0,2,12)', 'D_39 refl(0,2,14)', 'D_39 refl(0,2,16)', 'D_39 refl(0,2,17)', 'D_39 refl(0,2,18)', 'D_39 refl(0,2,19)', 'D_39 refl(0,3,7)', 'D_39 refl(0,3,8)', 'D_39 refl(0,3,10)', 'D_39 refl(0,3,11)', 'D_39 refl(0,3,19)', 'D_39 refl(0,3,20)', 'D_39 refl(0,4,9)', 'D_39 refl(0,4,10)', 'D_39 refl(0,4,11)', 'D_39 refl(0,4,14)', 'D_39 refl(0,4,15)', 'D_39 refl(0,4,18)', 'D_39 refl(0,4,19)', 'D_39 refl(0,4,20)', 'D_39 refl(0,4,21)', 'D_39 refl(0,5,12)', 'D_39 refl(0,5,14)', 'D_39 refl(0,5,16)', 'D_39 refl(0,5,19)', 'D_39 refl(0,5,21)', 'D_39 refl(0,6,14)', 'D_39 refl(0,6,16)', 'D_39 refl(0,6,20)', 'D_39 refl(0,6,22)', 'D_39 refl(0,7,17)', 'D_39 refl(0,7,19)', 'D_39 refl(0,7,22)', 'D_39 refl(0,8,17)', 'D_39 refl(0,8,18)', 'D_39 refl(0,8,19)', 'D_39 refl(0,8,20)', 'D_39 refl(0,8,22)', 'D_39 refl(0,9,20)', 'D_39 refl(0,10,21)', 'D_39 refl(0,10,24)', 'D_39 refl(0,11,23)', 'D_40 refl(0,1,5)', 'D_40 refl(0,1,6)', 'D_40 refl(0,1,7)', 'D_40 refl(0,1,8)', 'D_40 refl(0,1,9)', 'D_40 refl(0,1,12)', 'D_40 refl(0,1,15)', 'D_40 refl(0,1,16)', 'D_40 refl(0,1,17)', 'D_40 refl(0,1,18)', 'D_40 refl(0,1,20)', 'D_40 refl(0,2,5)', 'D_40 refl(0,2,7)', 'D_40 refl(0,2,9)', 'D_40 refl(0,2,13)', 'D_40 refl(0,2,15)', 'D_40 refl(0,2,17)', 'D_40 refl(0,3,7)', 'D_40 refl(0,3,8)', 'D_40 refl(0,3,11)', 'D_40 refl(0,3,14)', 'D_40 refl(0,3,15)', 'D_40 refl(0,3,16)', 'D_40 refl(0,3,18)', 'D_40 refl(0,3,19)', 'D_40 refl(0,3,20)', 'D_40 refl(0,3,21)', 'D_40 refl(0,4,9)', 'D_40 refl(0,4,15)', 'D_40 refl(0,4,17)', 'D_40 refl(0,4,19)', 'D_40 refl(0,5,11)', 'D_40 refl(0,5,12)', 'D_40 refl(0,5,13)', 'D_40 refl(0,5,14)', 'D_40 refl(0,5,16)', 'D_40 refl(0,5,17)', 'D_40 refl(0,5,18)', 'D_40 refl(0,5,19)', 'D_40 refl(0,5,21)', 'D_40 refl(0,5,22)', 'D_40 refl(0,6,15)', 'D_40 refl(0,6,19)', 'D_40 refl(0,6,21)', 'D_40 refl(0,7,15)', 'D_40 refl(0,7,16)', 'D_40 refl(0,7,20)', 'D_40 refl(0,7,22)', 'D_40 refl(0,7,23)', 'D_40 refl(0,8,17)', 'D_40 refl(0,8,19)', 'D_40 refl(0,8,21)', 'D_40 refl(0,8,23)', 'D_40 refl(0,9,20)', 'D_40 refl(0,9,21)', 'D_40 refl(0,9,23)', 'D_40 refl(0,9,24)', 'D_40 refl(0,11,24)', 'D_40 refl(0,11,25)', 'D_40 refl(0,12,25)']
total time 560s
