====================================================================================================
C4-FREE HUNT (triangles allowed): rediscovery at n=22/24 + frontier push n=30/32
====================================================================================================

--- n=22: expect min c8 > 0 (Markstrom: smallest C4+C8-free cubic is n=24)
  [restart 0] best c8=2
  [restart 1] best c8=2
  [restart 2] best c8=2
  [restart 3] best c8=2
  [restart 4] best c8=2
  [restart 5] best c8=2
  [restart 6] best c8=2
  [restart 7] best c8=2
  [restart 8] best c8=2
  [restart 9] best c8=2
  n=22: min c8 over restarts = 2

--- n=24: expect c8=0 reachable (4 iso classes exist)
  [restart 0] best c8=0
  [restart 1] best c8=0
  [restart 2] best c8=0
  [restart 3] best c8=0
  [restart 4] best c8=0
  [restart 5] best c8=0
  [restart 6] best c8=0
  [restart 7] best c8=0
  [restart 8] best c8=0
  [restart 9] best c8=0
  n=24: min c8 over restarts = 0
  n=24: C8-free specimens found: 10, distinct iso classes: 3  (Markstrom: exactly 4 exist)
   class 0: girth=3 planar=False connected=True c3=6 c4=0 c5=2 c6=4 c7=2 c8=0 c16=207
     adj: 0:[3, 4, 5]; 1:[4, 9, 11]; 2:[3, 20, 21]; 3:[0, 2, 5]; 4:[0, 1, 17]; 5:[0, 3, 12]; 6:[15, 19, 22]; 7:[8, 14, 20]; 8:[7, 11, 14]; 9:[1, 12, 19]; 10:[13, 16, 17]; 11:[1, 8, 13]; 12:[5, 9, 22]; 13:[10, 11, 17]; 14:[7, 8, 19]; 15:[6, 22, 23]; 16:[10, 18, 23]; 17:[4, 10, 13]; 18:[16, 21, 23]; 19:[6, 9, 14]; 20:[2, 7, 21]; 21:[2, 18, 20]; 22:[6, 12, 15]; 23:[15, 16, 18]
   class 1: girth=3 planar=True connected=True c3=7 c4=0 c5=3 c6=6 c7=3 c8=0 c16=228
     adj: 0:[6, 17, 22]; 1:[2, 18, 23]; 2:[1, 13, 19]; 3:[8, 15, 16]; 4:[13, 14, 17]; 5:[9, 10, 11]; 6:[0, 10, 22]; 7:[12, 15, 20]; 8:[3, 9, 15]; 9:[5, 8, 18]; 10:[5, 6, 11]; 11:[5, 10, 23]; 12:[7, 16, 21]; 13:[2, 4, 17]; 14:[4, 19, 20]; 15:[3, 7, 8]; 16:[3, 12, 21]; 17:[0, 4, 13]; 18:[1, 9, 23]; 19:[2, 14, 20]; 20:[7, 14, 19]; 21:[12, 16, 22]; 22:[0, 6, 21]; 23:[1, 11, 18]
   class 2: girth=3 planar=False connected=True c3=4 c4=0 c5=0 c6=9 c7=12 c8=0 c16=315
     adj: 0:[1, 16, 21]; 1:[0, 2, 5]; 2:[1, 3, 10]; 3:[2, 17, 19]; 4:[5, 8, 17]; 5:[1, 4, 20]; 6:[9, 11, 23]; 7:[19, 20, 21]; 8:[4, 10, 13]; 9:[6, 13, 23]; 10:[2, 8, 13]; 11:[6, 18, 22]; 12:[15, 16, 20]; 13:[8, 9, 10]; 14:[17, 18, 21]; 15:[12, 16, 23]; 16:[0, 12, 15]; 17:[3, 4, 14]; 18:[11, 14, 22]; 19:[3, 7, 22]; 20:[5, 7, 12]; 21:[0, 7, 14]; 22:[11, 18, 19]; 23:[6, 9, 15]

====================================================================================================
FRONTIER PUSH: n=30 and n=32, C4-free regime (beyond Markstrom's exhaustive <29)
  At n=30: a {4,8,16}-avoider = GENUINE Erdos-Gyarfas counterexample (no C32 at n<32)
====================================================================================================

--- n=30
  [restart 0] best c8=0
  [restart 1] best c8=0
  [restart 2] best c8=0
  [restart 3] best c8=0
  [restart 4] best c8=0
  [restart 5] best c8=0
  [restart 6] best c8=0
  [restart 7] best c8=0
  [restart 8] best c8=0
  [restart 9] best c8=0
  n=30: min c8 = 0; C8-free specimens: 10
  n=30 spec0: c16 565 -> 469  (8000 c16-evals)
  n=30 spec1: c16 343 -> 271  (8000 c16-evals)
  n=30 spec2: c16 439 -> 396  (8000 c16-evals)
  n=30 spec3: c16 362 -> 318  (8000 c16-evals)
  n=30 BEST: c4=0 c8=0 c16=271 girth=3 connected=True
    adj: 0:[18, 24, 29]; 1:[12, 18, 22]; 2:[4, 9, 17]; 3:[6, 19, 21]; 4:[2, 9, 16]; 5:[10, 14, 17]; 6:[3, 7, 21]; 7:[6, 12, 25]; 8:[11, 20, 26]; 9:[2, 4, 15]; 10:[5, 17, 22]; 11:[8, 13, 20]; 12:[1, 7, 18]; 13:[11, 16, 27]; 14:[5, 23, 26]; 15:[9, 21, 28]; 16:[4, 13, 27]; 17:[2, 5, 10]; 18:[0, 1, 12]; 19:[3, 23, 28]; 20:[8, 11, 25]; 21:[3, 6, 15]; 22:[1, 10, 29]; 23:[14, 19, 26]; 24:[0, 28, 29]; 25:[7, 20, 27]; 26:[8, 14, 23]; 27:[13, 16, 25]; 28:[15, 19, 24]; 29:[0, 22, 24]

--- n=32
  [restart 0] best c8=0
  [restart 1] best c8=0
  [restart 2] best c8=0
  [restart 3] best c8=0
  [restart 4] best c8=0
  [restart 5] best c8=0
  [restart 6] best c8=0
  [restart 7] best c8=0
  [restart 8] best c8=0
  [restart 9] best c8=0
  n=32: min c8 = 0; C8-free specimens: 10
  n=32 spec0: c16 640 -> 446  (8000 c16-evals)
  n=32 spec1: c16 486 -> 379  (8000 c16-evals)
  n=32 spec2: c16 865 -> 865  (0 c16-evals)
  n=32 spec3: c16 720 -> 720  (238 c16-evals)
  n=32 BEST: c4=0 c8=0 c16=379 girth=3 connected=True
    adj: 0:[20, 21, 25]; 1:[9, 11, 14]; 2:[16, 18, 28]; 3:[10, 26, 31]; 4:[5, 15, 25]; 5:[4, 6, 17]; 6:[5, 17, 23]; 7:[15, 20, 30]; 8:[10, 18, 23]; 9:[1, 27, 31]; 10:[3, 8, 17]; 11:[1, 12, 29]; 12:[11, 28, 29]; 13:[14, 29, 31]; 14:[1, 13, 19]; 15:[4, 7, 25]; 16:[2, 18, 24]; 17:[5, 6, 10]; 18:[2, 8, 16]; 19:[14, 24, 28]; 20:[0, 7, 30]; 21:[0, 22, 27]; 22:[21, 26, 27]; 23:[6, 8, 26]; 24:[16, 19, 30]; 25:[0, 4, 15]; 26:[3, 22, 23]; 27:[9, 21, 22]; 28:[2, 12, 19]; 29:[11, 12, 13]; 30:[7, 20, 24]; 31:[3, 9, 13]

total time 1014s
