====================================================================================================
GIRTH-6 / GIRTH-7 C8-FREE HUNT (the girth ladder of C8-freeness)
====================================================================================================

### girth >= 6:
  n=28: min c8 = 1 (girth=6, conn=True, genfail=0) (22s)
  n=30: min c8 = 1 (girth=6, conn=True, genfail=0) (26s)
  n=32: min c8 = 0 (girth=6, conn=True, genfail=0) (12s)
    C8-FREE girth-6 SPECIMEN! c16=925 c32=87
    adj: 0:[2, 4, 24]; 1:[16, 22, 27]; 2:[0, 5, 30]; 3:[4, 10, 17]; 4:[0, 3, 19]; 5:[2, 14, 25]; 6:[9, 11, 14]; 7:[15, 21, 30]; 8:[13, 17, 30]; 9:[6, 22, 31]; 10:[3, 16, 29]; 11:[6, 24, 28]; 12:[15, 23, 29]; 13:[8, 16, 25]; 14:[5, 6, 19]; 15:[7, 12, 20]; 16:[1, 10, 13]; 17:[3, 8, 20]; 18:[19, 20, 26]; 19:[4, 14, 18]; 20:[15, 17, 18]; 21:[7, 24, 31]; 22:[1, 9, 26]; 23:[12, 27, 31]; 24:[0, 11, 21]; 25:[5, 13, 28]; 26:[18, 22, 29]; 27:[1, 23, 28]; 28:[11, 25, 27]; 29:[10, 12, 26]; 30:[2, 7, 8]; 31:[9, 21, 23]
  n=34: min c8 = 1 (girth=6, conn=True, genfail=0) (37s)
  n=36: min c8 = 0 (girth=6, conn=True, genfail=0) (19s)
    C8-FREE girth-6 SPECIMEN! c16=1049 c32=11963
    adj: 0:[11, 13, 28]; 1:[3, 15, 21]; 2:[9, 22, 26]; 3:[1, 18, 25]; 4:[7, 24, 31]; 5:[12, 30, 31]; 6:[9, 31, 32]; 7:[4, 16, 25]; 8:[12, 18, 23]; 9:[2, 6, 15]; 10:[17, 20, 25]; 11:[0, 19, 34]; 12:[5, 8, 29]; 13:[0, 17, 29]; 14:[15, 28, 35]; 15:[1, 9, 14]; 16:[7, 30, 34]; 17:[10, 13, 23]; 18:[3, 8, 22]; 19:[11, 22, 32]; 20:[10, 27, 34]; 21:[1, 23, 26]; 22:[2, 18, 19]; 23:[8, 17, 21]; 24:[4, 27, 33]; 25:[3, 7, 10]; 26:[2, 21, 35]; 27:[20, 24, 28]; 28:[0, 14, 27]; 29:[12, 13, 32]; 30:[5, 16, 33]; 31:[4, 5, 6]; 32:[6, 19, 29]; 33:[24, 30, 35]; 34:[11, 16, 20]; 35:[14, 26, 33]
  n=40: min c8 = 0 (girth=6, conn=True, genfail=0) (4s)
    C8-FREE girth-6 SPECIMEN! c16=1215 c32=100642
    adj: 0:[14, 33, 34]; 1:[15, 21, 24]; 2:[11, 26, 33]; 3:[12, 20, 37]; 4:[15, 37, 38]; 5:[16, 38, 39]; 6:[8, 10, 19]; 7:[8, 13, 35]; 8:[6, 7, 25]; 9:[14, 15, 29]; 10:[6, 18, 31]; 11:[2, 13, 37]; 12:[3, 22, 24]; 13:[7, 11, 39]; 14:[0, 9, 16]; 15:[1, 4, 9]; 16:[5, 14, 27]; 17:[18, 21, 25]; 18:[10, 17, 26]; 19:[6, 23, 29]; 20:[3, 32, 39]; 21:[1, 17, 23]; 22:[12, 25, 31]; 23:[19, 21, 30]; 24:[1, 12, 34]; 25:[8, 17, 22]; 26:[2, 18, 30]; 27:[16, 35, 36]; 28:[29, 32, 38]; 29:[9, 19, 28]; 30:[23, 26, 36]; 31:[10, 22, 32]; 32:[20, 28, 31]; 33:[0, 2, 35]; 34:[0, 24, 36]; 35:[7, 27, 33]; 36:[27, 30, 34]; 37:[3, 4, 11]; 38:[4, 5, 28]; 39:[5, 13, 20]
  n=44: min c8 = 0 (girth=6, conn=True, genfail=0) (5s)
    C8-FREE girth-6 SPECIMEN! c16=1324 c32=-1
    adj: 0:[2, 16, 39]; 1:[3, 9, 22]; 2:[0, 23, 38]; 3:[1, 6, 15]; 4:[8, 40, 41]; 5:[14, 35, 37]; 6:[3, 25, 27]; 7:[9, 20, 25]; 8:[4, 16, 32]; 9:[1, 7, 39]; 10:[24, 29, 30]; 11:[12, 16, 27]; 12:[11, 21, 37]; 13:[17, 27, 36]; 14:[5, 19, 43]; 15:[3, 31, 37]; 16:[0, 8, 11]; 17:[13, 21, 30]; 18:[28, 30, 40]; 19:[14, 24, 26]; 20:[7, 31, 34]; 21:[12, 17, 41]; 22:[1, 33, 38]; 23:[2, 29, 42]; 24:[10, 19, 36]; 25:[6, 7, 33]; 26:[19, 32, 34]; 27:[6, 11, 13]; 28:[18, 36, 42]; 29:[10, 23, 43]; 30:[10, 17, 18]; 31:[15, 20, 42]; 32:[8, 26, 38]; 33:[22, 25, 40]; 34:[20, 26, 35]; 35:[5, 34, 41]; 36:[13, 24, 28]; 37:[5, 12, 15]; 38:[2, 22, 32]; 39:[0, 9, 43]; 40:[4, 18, 33]; 41:[4, 21, 35]; 42:[23, 28, 31]; 43:[14, 29, 39]

### girth >= 7:
  n=30: min c8 = 18 (girth=7, conn=True, genfail=0) (10s)
  n=34: min c8 = 13 (girth=7, conn=True, genfail=0) (12s)
  n=38: min c8 = 7 (girth=7, conn=True, genfail=0) (17s)
  n=42: min c8 = 2 (girth=7, conn=True, genfail=0) (23s)
  n=46: min c8 = 1 (girth=7, conn=True, genfail=0) (27s)
