
==============================================================================
S1: pair types and cell matrices against brute force
==============================================================================
d=3: 66 edge pairs, 4 cell classes; formulas match brute force
d=4: 496 edge pairs, 6 cell classes; formulas match brute force
d=5: 3160 edge pairs, 8 cell classes; formulas match brute force
type counts add up to C(E,2) for d = 6, 10, 20, 64

==============================================================================
S2: atom bounds (Lemma 2)
==============================================================================
exact maximal atoms of Bin(N1,q) - Bin(N2,q) <= e^-x I_0(x) in 7 cases
series enclosure and both closed bounds checked on a grid x in [0.01, 1e5]; bound (2) exceeds the true value by 2.8e-05 (x=30) and 7.5e-07 (x=100)
Taylor remainder step checked on [0, 1/2]; C_4 = (75/1024) 2^(7/2) = 0.8286

==============================================================================
S3: Lemma H for every 2 <= L <= 60 (exact rational arithmetic)
==============================================================================
Lemma H holds in all 69310 cases; smallest ratio best/bound = 2.4459 at (L,h,a) = (59, 2, 28)

==============================================================================
S4: Theorem A chain -- toward-the-centre forest sums dominate g(L, Lambda)
==============================================================================
3042 (d, C, type) cases; smallest slack 19.9 nats at d=20, C=3, type X(9)
special types X(0), P(d-1), X(d-2): 63 cases; smallest slack 7.3 nats at d=20, C=3, X(d-2)

==============================================================================
S5: certified sparse table, 11 <= d <= 64
==============================================================================
  d  q (rational)                          M_d     U <=        tail <=     lnM/d^(1/3)
 11  222861/1024000                          492  0.95349086  0.04382090  2.7871
 12  494559/4096000                          543  0.93396591  0.06497403  2.7505
 13  5681/81920                              622  0.93430088  0.06270534  2.7359
 14  10403/256000                            724  0.93068529  0.06928310  2.7321
 15  155287/6553600                          843  0.94643315  0.05342962  2.7317
 16  90673/6553600                           978  0.94144631  0.05802286  2.7325
 17  1052691/131072000                      1129  0.93884429  0.06113297  2.7337
 18  1223837/262144000                      1306  0.93725654  0.06223008  2.7377
 19  1400923/524288000                      1490  0.94151823  0.05822074  2.7382
 20  1614059/1048576000                     1708  0.93527653  0.06435201  2.7421
 21  459133/524288000                       1936  0.93286757  0.06709204  2.7432
 22  2082059/4194304000                     2193  0.94770116  0.05191233  2.7455
 23  1176267/4194304000                     2464  0.92644587  0.07084907  2.7461
 24  331207/2097152000                      2774  0.94593670  0.05395847  2.7485
 25  1481233/16777216000                    3095  0.94809234  0.05153052  2.7488
 26  1656007/33554432000                    3454  0.95230840  0.04768395  2.7501
 27  1845761/67108864000                    3833  0.93214052  0.06621092  2.7505
 28  1/65536                                4254  0.95187451  0.04750444  2.7516
 29  22599/2684354560                       4688  0.95607469  0.04379412  2.7513
 30  5004947/1073741824000                  5179  0.95137631  0.04849663  2.7524
 31  5497383/2147483648000                  5681  0.95288147  0.04661436  2.7519
 32  6046957/4294967296000                  6242  0.95632316  0.04310674  2.7526
 33  52939/68719476736                      6823  0.95852123  0.04105533  2.7523
 34  7246457/17179869184000                 7463  0.96036725  0.03943140  2.7527
 35  7901081/34359738368000                 8127  0.96033344  0.03964454  2.7523
 36  8621929/68719476736000                 8857  0.95866492  0.04065031  2.7526
 37  9358381/137438953472000                9604  0.95997012  0.03990039  2.7519
 38  203499/5497558138880                  10431  0.95993254  0.03995793  2.7521
 39  11017147/549755813888000              11283  0.95923865  0.04051745  2.7515
 40  5969909/549755813888000               12216  0.95869994  0.04105807  2.7516
 41  2576067/439804651110400               13172  0.96269144  0.03688155  2.7509
 42  6956827/2199023255552000              14221  0.96591537  0.03365056  2.7510
 43  14973433/8796093022208000             15294  0.96724905  0.03243543  2.7502
 44  197/214748364800                      16469  0.96555499  0.03381236  2.7502
 45  17331657/35184372088832000            17674  0.96541431  0.03409503  2.7495
 46  18622661/70368744177664000            18978  0.96595190  0.03378695  2.7493
 47  4987297/35184372088832000             20317  0.96620906  0.03376261  2.7486
 48  1069591/14073748835532800             21777  0.96820855  0.03127281  2.7485
 49  5720211/140737488355328000            23268  0.96214135  0.03785760  2.7477
 50  24485831/1125899906842624000          24884  0.96013215  0.03931705  2.7475
 51  26096877/2251799813685248000          26536  0.97471244  0.02495601  2.7468
 52  27884361/4503599627370496000          28320  0.96636642  0.03334185  2.7465
 53  7429391/2251799813685248000           30150  0.95681340  0.04304046  2.7458
 54  3988127/2251799813685248000           32262  0.86332502  0.13521689  2.7466
 55  6754181/7205759403792793600           34186  0.92144304  0.07785459  2.7451
 56  35812997/72057594037927936000         36308  0.96712996  0.03274437  2.7444
 57  9586113/36028797018963968000          38726  0.85065821  0.14927675  2.7450
 58  2017107/14411518807585587200          40911  0.98161153  0.01820588  2.7433
 59  42805259/576460752303423488000        43347  0.96710224  0.03250573  2.7426
 60  45414131/1152921504606846976000       45966  0.96465642  0.03502393  2.7423
 61  48263011/2305843009213693952000       48740  0.90467709  0.09449701  2.7421
 62  639839/57646075230342348800           51658  0.88476896  0.11435897  2.7420
 63  13446593/2305843009213693952000       54415  0.97452018  0.02545243  2.7404
 64  28397833/9223372036854775808000       57738  0.99958142  0.00041343  2.7409
every certificate verified: edim_m(Q_d) <= M_d; lnM/d^(1/3) in [2.7317, 2.7871]

==============================================================================
S6: Theorem C, lambda = 5 d^(1/3), every 64 <= d <= 10^5 (interval arithmetic)
==============================================================================
U + e^(-m/3) < 1 for every d in [64, 100000]; largest value 0.6610 at d = 64
Theorem A, lambda = (d + 37)/4: U + e^(-m/3) < 1 for every d in [41, 63]; largest value 0.0539 at d = 41

==============================================================================
S7: Theorem C beyond 10^5 -- the hand estimates
==============================================================================
hand estimates of Theorem C checked at d = 1e5, 1e6, 1e8, 1e12, and each one shown monotone in d beyond 1e5

==============================================================================
S8: constants
==============================================================================
kappa_+ = (3 sqrt2 ln2)^(2/3) = 2.05261646879; kappa_- = ((3 sqrt2/4) ln2)^(2/3) = 0.814581385461; ratio 4^(2/3)

==============================================================================
S9: Theorem B sanity -- the entropy bound L5 evaluated exactly
==============================================================================
d =      50: L5 forces ln|S| >=   3.9883 = 1.0826 d^(1/3)   (minus (1/2) ln(pi d/2): 0.4904 d^(1/3))
d =     100: L5 forces ln|S| >=   5.1552 = 1.1107 d^(1/3)   (minus (1/2) ln(pi d/2): 0.5659 d^(1/3))
d =    1000: L5 forces ln|S| >=  10.7451 = 1.0745 d^(1/3)   (minus (1/2) ln(pi d/2): 0.7065 d^(1/3))
d =   10000: L5 forces ln|S| >=  21.3359 = 0.9903 d^(1/3)   (minus (1/2) ln(pi d/2): 0.7661 d^(1/3))
d =  100000: L5 forces ln|S| >=  42.7683 = 0.9214 d^(1/3)   (minus (1/2) ln(pi d/2): 0.7925 d^(1/3))
d = 1000000: L5 forces ln|S| >=  87.5800 = 0.8758 d^(1/3)   (minus (1/2) ln(pi d/2): 0.8045 d^(1/3))
the ratio decreases toward kappa_- = 0.8146; most of the excess is the factor sqrt(2/(pi L)) in b_L

==============================================================================
S10: Q_7 -- section 7 (pure-Python checks and the deposited exhaustive-search records)
==============================================================================
the known 19-set and the annealed 19-set both resolve Q_7; deleting one landmark of the known set
leaves defects [33, 27, 54, 45, 31, 30, 26, 30, 28, 45, 33, 39, 32, 30, 16, 17, 34, 14, 24]
Aut(Q_6)-orbits of a-subsets, a = 0..11: [1, 1, 6, 16, 103, 497, 3253, 19735, 120843, 681474, 3561696, 16938566]
W_min(11..14) = [14, 16, 18, 20] -> for k <= 13 every a >= 11 is excluded (Lemma 2)
deposited records, Q_7, k = 1..13: every (k, a) tiled, C leaves = DP leaves (1811532626925 in total),
representative counts = Burnside, nothing found => edim_m(Q_7) >= 14
(run with --q7 to rebuild the C search and re-run Q_6, k <= 13, and Q_7, k <= 10)

470160 checks
ALL CHECKS PASSED
