==============================================================================
Q(n,t) decided with Glucose3 + CEGAR  (R(n,2) hunt)
==============================================================================

--- n=2: Specker positive forces a finite cutoff R(2,2) ---
n=2 t=2: leaves=4
   SAT: witness with 1 edges (1 lazy clauses, 2 rounds, 0.0s)
   [Q(2,2) witness] meet-level histogram: {0: 1}
   [Q(2,2) witness] top (meetlevel, childgap, suffix-cmp) classes:
        (0, 1, ('=',)): 1
n=2 t=3: leaves=9
   SAT: witness with 6 edges (7 lazy clauses, 8 rounds, 0.0s)
   [Q(2,3) witness] meet-level histogram: {0: 6}
   [Q(2,3) witness] top (meetlevel, childgap, suffix-cmp) classes:
        (0, 1, ('<',)): 2
        (0, 1, ('=',)): 2
        (0, 2, ('=',)): 1
        (0, 2, ('>',)): 1
n=2 t=4: leaves=16
   SAT: witness with 18 edges (20 lazy clauses, 21 rounds, 0.0s)
   [Q(2,4) witness] meet-level histogram: {0: 18}
   [Q(2,4) witness] top (meetlevel, childgap, suffix-cmp) classes:
        (0, 1, ('<',)): 9
        (0, 2, ('<',)): 4
        (0, 2, ('=',)): 2
        (0, 3, ('=',)): 2
        (0, 3, ('<',)): 1
n=2 t=5: leaves=25
   SAT: witness with 40 edges (52 lazy clauses, 53 rounds, 0.0s)
   [Q(2,5) witness] meet-level histogram: {0: 33, 1: 7}
   [Q(2,5) witness] top (meetlevel, childgap, suffix-cmp) classes:
        (0, 1, ('<',)): 12
        (0, 2, ('<',)): 9
        (0, 3, ('<',)): 6
        (1, 2, ()): 2
        (1, 4, ()): 2
        (0, 4, ('<',)): 2
        (1, 1, ()): 2
        (1, 3, ()): 1
        (0, 2, ('>',)): 1
        (0, 4, ('=',)): 1
        (0, 2, ('=',)): 1
        (0, 1, ('>',)): 1
n=2 t=6: leaves=36
   SAT: witness with 77 edges (102 lazy clauses, 103 rounds, 0.0s)
   [Q(2,6) witness] meet-level histogram: {0: 67, 1: 10}
   [Q(2,6) witness] top (meetlevel, childgap, suffix-cmp) classes:
        (0, 1, ('<',)): 19
        (0, 3, ('<',)): 12
        (0, 2, ('<',)): 12
        (0, 4, ('<',)): 7
        (1, 1, ()): 6
        (1, 2, ()): 4
        (0, 2, ('=',)): 3
        (0, 5, ('<',)): 3
        (0, 2, ('>',)): 2
        (0, 3, ('>',)): 2
        (0, 1, ('=',)): 2
        (0, 1, ('>',)): 2
n=2 t=7: leaves=49
   SAT: witness with 143 edges (208 lazy clauses, 209 rounds, 0.0s)
   [Q(2,7) witness] meet-level histogram: {0: 122, 1: 21}
   [Q(2,7) witness] top (meetlevel, childgap, suffix-cmp) classes:
        (0, 1, ('<',)): 28
        (0, 2, ('<',)): 22
        (0, 3, ('<',)): 22
        (0, 4, ('<',)): 17
        (0, 5, ('<',)): 9
        (1, 1, ()): 8
        (1, 3, ()): 5
        (0, 1, ('>',)): 4
        (0, 6, ('<',)): 4
        (1, 2, ()): 3
        (1, 4, ()): 2
        (0, 2, ('=',)): 2
n=2 t=8: leaves=64
   SAT: witness with 208 edges (564 lazy clauses, 565 rounds, 0.2s)
   [Q(2,8) witness] meet-level histogram: {0: 179, 1: 29}
   [Q(2,8) witness] top (meetlevel, childgap, suffix-cmp) classes:
        (0, 1, ('<',)): 41
        (0, 3, ('<',)): 30
        (0, 2, ('<',)): 29
        (0, 4, ('<',)): 21
        (0, 5, ('<',)): 16
        (0, 6, ('<',)): 9
        (1, 1, ()): 6
        (1, 3, ()): 6
        (1, 2, ()): 6
        (0, 7, ('<',)): 5
        (0, 2, ('=',)): 5
        (1, 5, ()): 4

--- n=3: hunting strong-witness shadows (expect SAT to persist) ---
n=3 t=2: leaves=8
   SAT: witness with 1 edges (1 lazy clauses, 2 rounds, 0.0s)
   [Q(3,2) witness] meet-level histogram: {1: 1}
   [Q(3,2) witness] top (meetlevel, childgap, suffix-cmp) classes:
        (1, 1, ('=',)): 1
   full witness edge list:
       (0, 0, 0) -- (0, 1, 0)
n=3 t=3: leaves=27
   SAT: witness with 18 edges (22 lazy clauses, 23 rounds, 0.0s)
   [Q(3,3) witness] meet-level histogram: {0: 12, 1: 6}
   [Q(3,3) witness] top (meetlevel, childgap, suffix-cmp) classes:
        (1, 1, ('<',)): 2
        (0, 1, ('=', '<')): 2
        (0, 2, ('<', '<')): 2
        (0, 1, ('<', '<')): 2
        (1, 1, ('=',)): 2
        (0, 1, ('=', '=')): 2
        (0, 1, ('<', '=')): 2
        (1, 2, ('<',)): 1
        (0, 2, ('=', '<')): 1
        (0, 2, ('<', '=')): 1
        (1, 2, ('>',)): 1
   full witness edge list:
       (0, 0, 0) -- (0, 1, 0)
       (0, 0, 0) -- (0, 1, 1)
       (0, 0, 0) -- (0, 2, 1)
       (0, 0, 0) -- (1, 0, 0)
       (0, 0, 0) -- (1, 0, 1)
       (0, 0, 0) -- (1, 1, 0)
       (0, 0, 0) -- (1, 1, 1)
       (0, 0, 0) -- (2, 0, 2)
       (0, 0, 0) -- (2, 1, 0)
       (0, 0, 0) -- (2, 1, 1)
       (0, 0, 0) -- (2, 2, 2)
       (0, 0, 1) -- (0, 2, 0)
       (0, 1, 0) -- (0, 2, 0)
       (0, 1, 0) -- (0, 2, 2)
       (1, 0, 0) -- (2, 0, 0)
       (1, 0, 0) -- (2, 0, 1)
       (1, 0, 0) -- (2, 2, 0)
       (1, 0, 0) -- (2, 2, 1)
n=3 t=4: leaves=64
   SAT: witness with 90 edges (117 lazy clauses, 118 rounds, 0.0s)
   [Q(3,4) witness] meet-level histogram: {0: 56, 1: 26, 2: 8}
   [Q(3,4) witness] top (meetlevel, childgap, suffix-cmp) classes:
        (1, 1, ('<',)): 8
        (0, 1, ('=', '<')): 8
        (0, 2, ('<', '<')): 8
        (1, 2, ('<',)): 7
        (0, 1, ('>', '<')): 6
        (0, 1, ('<', '<')): 6
        (2, 1, ()): 4
        (1, 3, ('<',)): 4
        (0, 3, ('<', '<')): 4
        (0, 2, ('>', '<')): 4
        (2, 2, ()): 3
        (0, 1, ('<', '=')): 3
n=3 t=5: leaves=125
   SAT: witness with 223 edges (233 lazy clauses, 234 rounds, 0.2s)
   [Q(3,5) witness] meet-level histogram: {0: 162, 1: 52, 2: 9}
   [Q(3,5) witness] top (meetlevel, childgap, suffix-cmp) classes:
        (0, 1, ('<', '<')): 33
        (0, 2, ('<', '<')): 24
        (0, 3, ('<', '<')): 17
        (0, 1, ('=', '<')): 14
        (1, 1, ('<',)): 12
        (1, 2, ('<',)): 12
        (1, 3, ('<',)): 12
        (0, 1, ('<', '=')): 11
        (0, 2, ('=', '<')): 10
        (0, 2, ('<', '=')): 8
        (0, 3, ('=', '<')): 6
        (0, 4, ('<', '<')): 6
