==============================================================================
PER-CORE RESIDUE WINDOWS  ( 13*max(P) , K*(P) ]
==============================================================================
  cores with a NON-EMPTY residue window : 19 of 495
  total (core, k1) residue pairs        : 456
  widest single window                  : 60 values, at P = (1, 2, 3, 5, 7, 8, 9, 11), k1 in (143, 203]

==============================================================================
EXACT COUNTING OVER THE RESIDUE:  is  G(P,k1) > floor(k1 * 2/21) ?
==============================================================================
  (core, k1) pairs checked exactly : 456
  pairs FAILING  G > floor(k1*2/21) : 294  -> RESIDUE DOES NOT CLOSE
  first 10 failures (P, k1, G, needed):
     ((1, 2, 3, 5, 7, 8, 9, 11), 144, 10, 13)
     ((1, 2, 3, 5, 7, 8, 9, 11), 145, 10, 13)
     ((1, 2, 3, 5, 7, 8, 9, 11), 146, 10, 13)
     ((1, 2, 3, 5, 7, 8, 9, 11), 147, 12, 14)
     ((1, 2, 3, 5, 7, 8, 9, 11), 148, 12, 14)
     ((1, 2, 3, 5, 7, 8, 9, 11), 149, 10, 14)
     ((1, 2, 3, 5, 7, 8, 9, 11), 150, 14, 14)
     ((1, 2, 3, 5, 7, 8, 9, 11), 151, 10, 14)
     ((1, 2, 3, 5, 7, 8, 9, 11), 152, 12, 14)
     ((1, 2, 3, 5, 7, 8, 9, 11), 153, 8, 14)
  TIGHTEST pair : P = (1, 2, 3, 7, 8, 10, 11, 12), k1 = 160
     G(P,k1) = 8   floor(k1*2/21) = 15   surplus = -7
     |S(P)| = 0.196846   N = 24   K*(P) = 174.65

==============================================================================
VALIDATION:  G(P,k1)/k1  ->  |E_w(P)|  as k1 grows (measure vs exact count)
==============================================================================
  bottleneck core P* = (1, 2, 3, 5, 7, 8, 9, 11)
     k1=160    G=12     G/k1 = 0.075000   |E_w| = 0.081406   ratio 0.9213   (2/21 = 0.095238)
     k1=200    G=18     G/k1 = 0.090000   |E_w| = 0.094263   ratio 0.9548   (2/21 = 0.095238)
     k1=300    G=34     G/k1 = 0.113333   |E_w| = 0.114634   ratio 0.9887   (2/21 = 0.095238)
     k1=600    G=80     G/k1 = 0.133333   |E_w| = 0.138206   ratio 0.9647   (2/21 = 0.095238)
     k1=1200   G=180    G/k1 = 0.150000   |E_w| = 0.151063   ratio 0.9930   (2/21 = 0.095238)
     k1=2400   G=374    G/k1 = 0.155833   |E_w| = 0.157491   ratio 0.9895   (2/21 = 0.095238)
