########################################################################
# FACILITY-LOCATION POTENTIAL / PoA LOWER BOUND ON THE LONELY MEASURE (n=14)
########################################################################

========================================================================
r = 1/14 (LRC threshold)
========================================================================

=== AP {1..13}  |S|=13  r=0.071429 (1.8571=A_theory) ===
  S = [1, 2, 3, 4, 5, 6, 7, 8, 9, 10, 11, 12, 13]
  A (total coverage, 1st moment) = 1.85714
  Phi (Rosenthal congestion pot) = 4.40342
  C_max (peak coverage, <= n-1)  = 13
  needed Phi > C_max*(A-1)       = 11.14283   (Phi <= it)
  M(S)=max loneliness            = 0.071428   (covering-min target 14/183=0.076503)
  --- lonely measure |L| ---
  union-bound floor  1 - A       = 0.00000   (USELESS)
  POTENTIAL floor 1-A+Phi/Cmax   = -0.51842   (nonpositive)
  ACTUAL |L| (lonely measure)    = 0.00000
  bound/actual ratio             = nan

=== construction {1..12,182}  |S|=13  r=0.071429 (1.8571=A_theory) ===
  S = [1, 2, 3, 4, 5, 6, 7, 8, 9, 10, 11, 12, 182]
  A (total coverage, 1st moment) = 1.85714
  Phi (Rosenthal congestion pot) = 4.42611
  C_max (peak coverage, <= n-1)  = 13
  needed Phi > C_max*(A-1)       = 11.14285   (Phi <= it)
  M(S)=max loneliness            = 0.076502   (covering-min target 14/183=0.076503)
  --- lonely measure |L| ---
  union-bound floor  1 - A       = 0.00000   (USELESS)
  POTENTIAL floor 1-A+Phi/Cmax   = -0.51667   (nonpositive)
  ACTUAL |L| (lonely measure)    = 0.02390
  bound/actual ratio             = -21.619

========================================================================
r = 14/183 (covering-min)
========================================================================

=== AP {1..13}  |S|=13  r=0.076503 (1.9891=A_theory) ===
  S = [1, 2, 3, 4, 5, 6, 7, 8, 9, 10, 11, 12, 13]
  A (total coverage, 1st moment) = 1.98907
  Phi (Rosenthal congestion pot) = 4.85833
  C_max (peak coverage, <= n-1)  = 13
  needed Phi > C_max*(A-1)       = 12.85795   (Phi <= it)
  M(S)=max loneliness            = 0.071428   (covering-min target 14/183=0.076503)
  --- lonely measure |L| ---
  union-bound floor  1 - A       = 0.00000   (USELESS)
  POTENTIAL floor 1-A+Phi/Cmax   = -0.61536   (nonpositive)
  ACTUAL |L| (lonely measure)    = 0.00000
  bound/actual ratio             = nan

=== construction {1..12,182}  |S|=13  r=0.076503 (1.9891=A_theory) ===
  S = [1, 2, 3, 4, 5, 6, 7, 8, 9, 10, 11, 12, 182]
  A (total coverage, 1st moment) = 1.98907
  Phi (Rosenthal congestion pot) = 4.85486
  C_max (peak coverage, <= n-1)  = 13
  needed Phi > C_max*(A-1)       = 12.85796   (Phi <= it)
  M(S)=max loneliness            = 0.076502   (covering-min target 14/183=0.076503)
  --- lonely measure |L| ---
  union-bound floor  1 - A       = 0.00000   (USELESS)
  POTENTIAL floor 1-A+Phi/Cmax   = -0.61562   (nonpositive)
  ACTUAL |L| (lonely measure)    = 0.00000
  bound/actual ratio             = nan

########################################################################
# The GUARANTEED (t=0) congestion Phi_0 = 4r * sum_{i<j} 1/max(v_i,v_j)
########################################################################
  {1..13}        r=0.07143:  sum 1/max = 9.8199,  Phi_0 >= 2.8057
  {1..13}        r=0.07650:  sum 1/max = 9.8199,  Phi_0 >= 3.0050
  {1..12,182}    r=0.07143:  sum 1/max = 8.9627,  Phi_0 >= 2.5608
  {1..12,182}    r=0.07650:  sum 1/max = 8.9627,  Phi_0 >= 2.7427
