THM-2632 FAREY/V4/CRT EXACT REFEREE
GL2_F2_states=6 residue_edges=6 theta_sizes={0: 2, 1: 2, 2: 2}
state 0: U=((0, 1), (1, 0)) order=(2, 1, 0) inversions=(1, 1, 1)
state 1: U=((0, 1), (1, 1)) order=(2, 0, 1) inversions=(0, 1, 1)
state 2: U=((1, 0), (0, 1)) order=(0, 1, 2) inversions=(0, 0, 0)
state 3: U=((1, 0), (1, 1)) order=(1, 0, 2) inversions=(1, 0, 0)
state 4: U=((1, 1), (0, 1)) order=(0, 2, 1) inversions=(0, 0, 1)
state 5: U=((1, 1), (1, 0)) order=(1, 2, 0) inversions=(1, 1, 0)
omitted_cube_vertices=[(0, 1, 0), (1, 0, 1)]
left_S3_edge_orbits=[3, 3] labels=[['L'], ['R']]
edge_addresses=[('L', 0, 2), ('L', 1, 1), ('L', 2, 0), ('R', 0, 2), ('R', 1, 1), ('R', 2, 0)]
owner_parity=[((0, 0), 1, (0, 1, 1)), ((1, 0), 0, (0, 1, 1)), ((0, 1), 2, (0, 1, 1)), ((1, 1), 'none', (0, 0, 0))]
ternary_parameter_shadows=(((0, 1), (1, 0)), ((0, 1), (1, 0)), ((1, 0), (0, 1))) berggren_shadows=identity
graceful_C6=0 graceful_one_edge_deletions=6
path delete=('L', 2) edge=(0, 1) witness=(0, 3, 4, 1, 2, 5)
path delete=('R', 0) edge=(0, 5) witness=(0, 5, 4, 2, 1, 3)
path delete=('R', 1) edge=(1, 4) witness=(0, 2, 4, 1, 3, 5)
path delete=('R', 2) edge=(2, 3) witness=(0, 3, 2, 1, 4, 5)
path delete=('L', 0) edge=(2, 4) witness=(0, 2, 4, 1, 3, 5)
path delete=('L', 1) edge=(3, 5) witness=(0, 4, 3, 2, 1, 5)
norm_success (3, 'F')=(6, 8, 9, 10, 11)
norm_success (3, 'R')=(2, 3, 4, 5, 7)
norm_success (5, 'F')=(2, 8, 10, 11, 12)
norm_success (5, 'R')=(1, 2, 3, 5, 11)
norm_success (6, 'F')=(1, 3, 9, 11, 12)
norm_success (6, 'R')=(1, 2, 4, 10, 12)
norm_success_total=30 pure_linear_fixed_census={(0, 4): 15, (1, 2): 15}
Q6_PSL2_Z6=72 derived=12 derived_orders={1: 1, 2: 3, 3: 2, 6: 6} abelianization=C6
Q6_norm_law_checks=864 C2xC3_fixed_profile={0: (4, 4), 1: (2, 1), 2: (4, 1), 3: (2, 4), 4: (4, 1), 5: (2, 1)}
CRT_lifts=a+13k(k=0..5) same_mod13=YES exhaust_C6=YES
original_Hurwitz_mod2_shadow=root_C_order3 normalized_mod2_shadow=U_order2 full_Q6_orders=(6,6) normalization_CRT_singular=YES
AGL2_F2_cycle_census={(1, 1, 1, 1): 1, (2, 1, 1): 6, (2, 2): 3, (3, 1): 8, (4,): 6}
delta7_nonzero=6 delta7_class=(4,) h13_equals_h=YES
closed_radii (1,13)=15/182 (1,14)=15/196 mediant(2,27)=5/126
literal_open_radius (1,13)=1/14
Farey_radius_quasiconcavity=FALSE
ALL CHECKS PASSED
