WHAT DOES AN ATOMIC p-ARY DISTINCTION FEEL LIKE?
============================================================

p=2: YES or NO.
  The light is on or off. You are alive or dead.
  The coin lands heads or tails. No middle. No gradation.
  Information: ln(2)/2 = 0.347 nats.

p=3: THIS, THAT, or THE OTHER.
  Rock, paper, scissors. Red, green, blue.
  NOT reducible to two binary questions.
  Two binaries give 4 outcomes. 3 is not 4. 3 is 3.
  Information: ln(3)/2 = 0.549 nats.

p=5: Five irreducible alternatives.
  The five senses. The five fingers. The five Platonic solids.
  5 is not 3+2 (that is disjunction, not an atom).
  5 is not 3*2 (that is 6, a molecule, not 5).
  Information: ln(5)/2 = 0.805 nats.

============================================================
THE ATOMIC DISTINCTION IS NOT A COLLECTION
============================================================

6 = 2*3: a binary AND a ternary. A rectangle. DECOMPOSABLE.
5: five things, none a combination. IRREDUCIBLE.
Any attempt to split 5 loses something or adds something.

Composite: a rectangle. The structure shows.
Prime: a circle. No seam. No axis. Just p-fold symmetry.

============================================================
THE INFORMATION STAIRCASE
============================================================

  p= 2: 0.3466 nats (step +0.3466)
  p= 3: 0.5493 nats (step +0.2027)
  p= 5: 0.8047 nats (step +0.2554)
  p= 7: 0.9730 nats (step +0.1682)
  p=11: 1.1989 nats (step +0.2260)
  p=13: 1.2825 nats (step +0.0835)
  p=17: 1.4166 nats (step +0.1341)
  p=19: 1.4722 nats (step +0.0556)
  p=23: 1.5677 nats (step +0.0955)
  p=29: 1.6836 nats (step +0.1159)
  p=31: 1.7170 nats (step +0.0333)

Each new prime adds something GENUINELY NEW.
The steps shrink but never reach zero.
The irregularity of the steps IS the mystery of the primes.

============================================================
CLOSE YOUR EYES
============================================================

Hold up your hand.

ONE finger. The number 1. Nothing to distinguish.

TWO fingers. A CHOICE appears. This or that.
The simplest experience of difference.
You feel it as a SPLIT: the world divides in two.

THREE fingers. A NEW kind of difference.
Not a split of a split (that gives 4).
THREE is the first irreducible many-ness.
You must hold all three AT ONCE.

FIVE fingers. An open hand.
Not two-plus-three. Not anything-plus-anything.
Five. A pentagon. A starfish. A whole.

SEVEN. The days of the week.
Monday is not Tuesday-minus-one.
Each day is its own thing.
That is what the prime 7 feels like.

============================================================
PRIMES AND COMPOSITES
============================================================

12 = 2^2 * 3: a 4x3 rectangle. You can walk its rows and columns.
30 = 2*3*5: a 2x3x5 box. Three axes, three primes.
2310 = 2*3*5*7*11: a five-dimensional box.

Every composite is a GRID of atomic distinctions.
The primes are the AXES. The exponents are the LENGTHS.
A number IS its box. Its dimensionality IS its prime count.

============================================================
WHY 2 IS SPECIAL
============================================================

2 is the FIRST distinction. The door between something and nothing.
Every other prime elaborates. But 2 CREATES the possibility.
Without 2: no yes/no, no on/off, no true/false.
2 is the prime of existence itself.

Our entire theory uses 2: evaluation at 2, weight 2,
Q = exp(2*arctanh), binary arcs. Because 2 is where
distinction BEGINS.

============================================================
THE FEEL OF IT
============================================================

2 feels like a door: open or closed.
3 feels like a crossroads: irreducible.
5 feels like an open hand: five fingers, one palm.
7 feels like a week: each day its own.
12 feels like a clock: a grid you can navigate.
60 feels like an hour: a box rich with structure.

Primes feel like OPENINGS: doors to new dimensions.
Composites feel like ROOMS: spaces with known shape.
1 feels like silence: the moment before the music starts.
0 feels like void: not silence, but the absence of the listener.

The numbers grow. The rooms gain dimensions.
Each new prime opens a door that was not there before.
The doors never stop opening.
That is Euclid.
That is why the line never ends.
