THM-3462 EXACT DETERMINISTIC COMPANION
status=PROVED + VERIFIED-EXACT + INDEPENDENTLY AUDITED
arithmetic=stdlib integer/Fraction only; explicit exceptions remain active under -O
side_effects=stdout and read-only source/dependency hashing; no writes; no network
self_audit=imports:ast,collections,fractions,hashlib,itertools,json,math,pathlib,sys;asserts:0;banned_calls:0
script_lf_sha256=ac057c7acce3794ba7772bf548485436eee6f228633581e37d1c762d89892a95
dependency=01-canon/theorems/THM-3457-four-point-line-metric-turnpike-preorder-atlas.md
dependency_lf_sha256=1e0acb0775d6533ec29309e9835c22021b4d5c9eb41652f0be60c3565b7c01d5
interval_indicators=01:1000;12:0100;23:0010;34:0001;02:1100;13:0110;24:0011;03:1110;14:0111;04:1111
comparison_partition=total:45,forced:25,mixed:20
WALLS_LEXICOGRAPHIC_BEGIN
W00|c=d|coefficients=(0, 0, 1, -1)|mixed_pair_multiplicity=1
W01|b=c+d|coefficients=(0, 1, -1, -1)|mixed_pair_multiplicity=1
W02|b=c|coefficients=(0, 1, -1, 0)|mixed_pair_multiplicity=1
W03|b=d|coefficients=(0, 1, 0, -1)|mixed_pair_multiplicity=2
W04|b+c=d|coefficients=(0, 1, 1, -1)|mixed_pair_multiplicity=1
W05|a=b+c+d|coefficients=(1, -1, -1, -1)|mixed_pair_multiplicity=1
W06|a=b+c|coefficients=(1, -1, -1, 0)|mixed_pair_multiplicity=1
W07|a=b|coefficients=(1, -1, 0, 0)|mixed_pair_multiplicity=1
W08|a=c+d|coefficients=(1, 0, -1, -1)|mixed_pair_multiplicity=2
W09|a=c|coefficients=(1, 0, -1, 0)|mixed_pair_multiplicity=2
W10|a=d|coefficients=(1, 0, 0, -1)|mixed_pair_multiplicity=2
W11|a+b=c+d|coefficients=(1, 1, -1, -1)|mixed_pair_multiplicity=1
W12|a+b=c|coefficients=(1, 1, -1, 0)|mixed_pair_multiplicity=1
W13|a+b=d|coefficients=(1, 1, 0, -1)|mixed_pair_multiplicity=2
W14|a+b+c=d|coefficients=(1, 1, 1, -1)|mixed_pair_multiplicity=1
WALLS_LEXICOGRAPHIC_END
cramer_certificate=affine_equations:49,systems:211876,nonsingular:123706,positive_candidates:17143,covectors:477
fourier_motzkin_certificate=decisions:7053,terminal_covectors:477,level_counts:1,3,9,15,19,25,75,125,175,213,253,283,339,389,427,477
covector_sha256=38c1e9f857ebfe1ab5473bcab15695500fa5de7293cba436924199b4f0024eff
signature_sha256=ee30ec8827977bc514ab4b7430fd6f71c6eb9464694ebae865cd6d922f4e0ca6
tie_census=strict:114,2:162,2+2:124,2+2+2:36,2+2+2+2:5,3+2:14,3+2+2:16,3+2+2+2:3,3+3+2:2,4+3+2:1
projective_f_vector=(20, 125, 218, 114);euler_compact_support=-1
reversal=fixed:5,classes:241,fixed_ids:C124,C133,C144,C309,C428
s5_no_extra_collapse=236_orbits*120+5_orbits*60=28620
primitive_total_bound=coverage21:475,coverage22:475,coverage23:477,sharp_hostile:(6, 5, 4, 8),id:C226
primitive_height_bound=coverage9:465,coverage10:477,sharp_hostile:(2, 3, 4, 10),id:C006
ATLAS_BEGIN
C000|covector=---------------|dim=3|tie=strict|total_rep=(1, 2, 4, 8)|height_rep=(1, 2, 4, 8)|reverse=C476|signature=01<12<02<23<13<03<34<24<14<04
C001|covector=--------------0|dim=2|tie=2|total_rep=(1, 2, 4, 7)|height_rep=(1, 2, 4, 7)|reverse=C475|signature=01<12<02<23<13<34=03<24<14<04
C002|covector=--------------+|dim=3|tie=strict|total_rep=(2, 3, 6, 10)|height_rep=(2, 3, 6, 10)|reverse=C474|signature=01<12<02<23<13<34<03<24<14<04
C003|covector=------------0--|dim=2|tie=2|total_rep=(1, 2, 3, 7)|height_rep=(1, 2, 3, 7)|reverse=C463|signature=01<12<23=02<13<03<34<24<14<04
C004|covector=------------0-0|dim=1|tie=2+2|total_rep=(1, 2, 3, 6)|height_rep=(1, 2, 3, 6)|reverse=C462|signature=01<12<23=02<13<34=03<24<14<04
C005|covector=------------0-+|dim=2|tie=2|total_rep=(2, 3, 5, 9)|height_rep=(2, 3, 5, 9)|reverse=C461|signature=01<12<23=02<13<34<03<24<14<04
C006|covector=------------+--|dim=3|tie=strict|total_rep=(2, 3, 4, 10)|height_rep=(2, 3, 4, 10)|reverse=C452|signature=01<12<23<02<13<03<34<24<14<04
C007|covector=------------+-0|dim=2|tie=2|total_rep=(2, 3, 4, 9)|height_rep=(2, 3, 4, 9)|reverse=C451|signature=01<12<23<02<13<34=03<24<14<04
C008|covector=------------+-+|dim=3|tie=strict|total_rep=(2, 3, 4, 8)|height_rep=(2, 3, 4, 8)|reverse=C450|signature=01<12<23<02<13<34<03<24<14<04
C009|covector=-------0-------|dim=2|tie=2|total_rep=(1, 1, 3, 6)|height_rep=(1, 1, 3, 6)|reverse=C347|signature=01=12<02<23<13<03<34<24<14<04
C010|covector=-------0------0|dim=1|tie=2+2|total_rep=(1, 1, 3, 5)|height_rep=(1, 1, 3, 5)|reverse=C346|signature=01=12<02<23<13<34=03<24<14<04
C011|covector=-------0------+|dim=2|tie=2|total_rep=(2, 2, 5, 8)|height_rep=(2, 2, 5, 8)|reverse=C345|signature=01=12<02<23<13<34<03<24<14<04
C012|covector=-------0----0--|dim=1|tie=2+2|total_rep=(1, 1, 2, 5)|height_rep=(1, 1, 2, 5)|reverse=C336|signature=01=12<23=02<13<03<34<24<14<04
C013|covector=-------0----0-0|dim=0|tie=2+2+2|total_rep=(1, 1, 2, 4)|height_rep=(1, 1, 2, 4)|reverse=C335|signature=01=12<23=02<13<34=03<24<14<04
C014|covector=-------0----0-+|dim=1|tie=2+2|total_rep=(2, 2, 4, 7)|height_rep=(2, 2, 4, 7)|reverse=C334|signature=01=12<23=02<13<34<03<24<14<04
C015|covector=-------0----+--|dim=2|tie=2|total_rep=(2, 2, 3, 8)|height_rep=(2, 2, 3, 8)|reverse=C327|signature=01=12<23<02<13<03<34<24<14<04
C016|covector=-------0----+-0|dim=1|tie=2+2|total_rep=(2, 2, 3, 7)|height_rep=(2, 2, 3, 7)|reverse=C326|signature=01=12<23<02<13<34=03<24<14<04
C017|covector=-------0----+-+|dim=2|tie=2|total_rep=(2, 2, 3, 6)|height_rep=(2, 2, 3, 6)|reverse=C325|signature=01=12<23<02<13<34<03<24<14<04
C018|covector=-------+-------|dim=3|tie=strict|total_rep=(2, 1, 4, 8)|height_rep=(2, 1, 4, 8)|reverse=C284|signature=12<01<02<23<13<03<34<24<14<04
C019|covector=-------+------0|dim=2|tie=2|total_rep=(2, 1, 4, 7)|height_rep=(2, 1, 4, 7)|reverse=C283|signature=12<01<02<23<13<34=03<24<14<04
C020|covector=-------+------+|dim=3|tie=strict|total_rep=(2, 1, 4, 6)|height_rep=(2, 1, 4, 6)|reverse=C282|signature=12<01<02<23<13<34<03<24<14<04
C021|covector=-------+----0--|dim=2|tie=2|total_rep=(2, 1, 3, 7)|height_rep=(2, 1, 3, 7)|reverse=C271|signature=12<01<23=02<13<03<34<24<14<04
C022|covector=-------+----0-0|dim=1|tie=2+2|total_rep=(2, 1, 3, 6)|height_rep=(2, 1, 3, 6)|reverse=C270|signature=12<01<23=02<13<34=03<24<14<04
C023|covector=-------+----0-+|dim=2|tie=2|total_rep=(2, 1, 3, 5)|height_rep=(2, 1, 3, 5)|reverse=C269|signature=12<01<23=02<13<34<03<24<14<04
C024|covector=-------+----+--|dim=3|tie=strict|total_rep=(3, 2, 4, 10)|height_rep=(3, 2, 4, 10)|reverse=C260|signature=12<01<23<02<13<03<34<24<14<04
C025|covector=-------+----+-0|dim=2|tie=2|total_rep=(3, 2, 4, 9)|height_rep=(3, 2, 4, 9)|reverse=C259|signature=12<01<23<02<13<34=03<24<14<04
C026|covector=-------+----+-+|dim=3|tie=strict|total_rep=(3, 2, 4, 7)|height_rep=(3, 2, 4, 7)|reverse=C258|signature=12<01<23<02<13<34<03<24<14<04
C027|covector=-------+-0--+--|dim=2|tie=2+2|total_rep=(2, 1, 2, 6)|height_rep=(2, 1, 2, 6)|reverse=C245|signature=12<01=23<02=13<03<34<24<14<04
C028|covector=-------+-0--+-0|dim=1|tie=2+2+2|total_rep=(2, 1, 2, 5)|height_rep=(2, 1, 2, 5)|reverse=C244|signature=12<01=23<02=13<34=03<24<14<04
C029|covector=-------+-0--+-+|dim=2|tie=2+2|total_rep=(2, 1, 2, 4)|height_rep=(2, 1, 2, 4)|reverse=C243|signature=12<01=23<02=13<34<03<24<14<04
C030|covector=-------+-+--+--|dim=3|tie=strict|total_rep=(4, 2, 3, 10)|height_rep=(4, 2, 3, 10)|reverse=C236|signature=12<23<01<13<02<03<34<24<14<04
C031|covector=-------+-+--+-0|dim=2|tie=2|total_rep=(4, 2, 3, 9)|height_rep=(4, 2, 3, 9)|reverse=C235|signature=12<23<01<13<02<34=03<24<14<04
C032|covector=-------+-+--+-+|dim=3|tie=strict|total_rep=(4, 2, 3, 7)|height_rep=(4, 2, 3, 7)|reverse=C234|signature=12<23<01<13<02<34<03<24<14<04
C033|covector=-------+-+--+0+|dim=2|tie=2+2|total_rep=(4, 2, 3, 6)|height_rep=(4, 2, 3, 6)|reverse=C233|signature=12<23<01<13<34=02<24=03<14<04
C034|covector=-------+-+--+++|dim=3|tie=strict|total_rep=(6, 3, 4, 8)|height_rep=(6, 3, 4, 8)|reverse=C232|signature=12<23<01<13<34<02<24<03<14<04
C035|covector=------0+-+--+--|dim=2|tie=2|total_rep=(3, 1, 2, 7)|height_rep=(3, 1, 2, 7)|reverse=C215|signature=12<23<01=13<02<03<34<24<14<04
C036|covector=------0+-+--+-0|dim=1|tie=2+2|total_rep=(3, 1, 2, 6)|height_rep=(3, 1, 2, 6)|reverse=C214|signature=12<23<01=13<02<34=03<24<14<04
C037|covector=------0+-+--+-+|dim=2|tie=2|total_rep=(3, 1, 2, 5)|height_rep=(3, 1, 2, 5)|reverse=C213|signature=12<23<01=13<02<34<03<24<14<04
C038|covector=------0+-+--+0+|dim=1|tie=2+2+2|total_rep=(3, 1, 2, 4)|height_rep=(3, 1, 2, 4)|reverse=C212|signature=12<23<01=13<34=02<24=03<14<04
C039|covector=------0+-+--+++|dim=2|tie=2|total_rep=(5, 2, 3, 6)|height_rep=(5, 2, 3, 6)|reverse=C211|signature=12<23<01=13<34<02<24<03<14<04
C040|covector=------++-+--+--|dim=3|tie=strict|total_rep=(4, 1, 2, 8)|height_rep=(4, 1, 2, 8)|reverse=C198|signature=12<23<13<01<02<03<34<24<14<04
C041|covector=------++-+--+-0|dim=2|tie=2|total_rep=(4, 1, 2, 7)|height_rep=(4, 1, 2, 7)|reverse=C197|signature=12<23<13<01<02<34=03<24<14<04
C042|covector=------++-+--+-+|dim=3|tie=strict|total_rep=(4, 1, 2, 6)|height_rep=(4, 1, 2, 6)|reverse=C196|signature=12<23<13<01<02<34<03<24<14<04
C043|covector=------++-+--+0+|dim=2|tie=2+2|total_rep=(4, 1, 2, 5)|height_rep=(4, 1, 2, 5)|reverse=C195|signature=12<23<13<01<34=02<24=03<14<04
C044|covector=------++-+--+++|dim=3|tie=strict|total_rep=(6, 2, 3, 7)|height_rep=(6, 2, 3, 7)|reverse=C194|signature=12<23<13<01<34<02<24<03<14<04
C045|covector=------++-+0-+++|dim=2|tie=2+2|total_rep=(4, 1, 2, 4)|height_rep=(4, 1, 2, 4)|reverse=C193|signature=12<23<13<01=34<02<24<03=14<04
C046|covector=------++-++-+++|dim=3|tie=strict|total_rep=(6, 1, 3, 5)|height_rep=(6, 1, 3, 5)|reverse=C192|signature=12<23<13<34<01<02<24<14<03<04
C047|covector=------++-++0+++|dim=2|tie=2|total_rep=(5, 1, 2, 4)|height_rep=(5, 1, 2, 4)|reverse=C191|signature=12<23<13<34<01<02=24<14<03<04
C048|covector=------++-++++++|dim=3|tie=strict|total_rep=(8, 2, 3, 6)|height_rep=(8, 2, 3, 6)|reverse=C190|signature=12<23<13<34<01<24<02<14<03<04
C049|covector=------++0++++++|dim=2|tie=2+2|total_rep=(6, 1, 2, 4)|height_rep=(6, 1, 2, 4)|reverse=C189|signature=12<23<13<34<01=24<02=14<03<04
C050|covector=------+++++++++|dim=3|tie=strict|total_rep=(10, 2, 3, 6)|height_rep=(10, 2, 3, 6)|reverse=C188|signature=12<23<13<34<24<01<14<02<03<04
C051|covector=-----0+++++++++|dim=2|tie=2|total_rep=(7, 1, 2, 4)|height_rep=(7, 1, 2, 4)|reverse=C187|signature=12<23<13<34<24<01=14<02<03<04
C052|covector=-----++++++++++|dim=3|tie=strict|total_rep=(8, 1, 2, 4)|height_rep=(8, 1, 2, 4)|reverse=C186|signature=12<23<13<34<24<14<01<02<03<04
C053|covector=----0---------+|dim=2|tie=2|total_rep=(1, 2, 4, 6)|height_rep=(1, 2, 4, 6)|reverse=C473|signature=01<12<02<23<34=13<03<24<14<04
C054|covector=----0-------0-+|dim=1|tie=2+2|total_rep=(1, 2, 3, 5)|height_rep=(1, 2, 3, 5)|reverse=C460|signature=01<12<23=02<34=13<03<24<14<04
C055|covector=----0-------+-+|dim=2|tie=2|total_rep=(2, 3, 4, 7)|height_rep=(2, 3, 4, 7)|reverse=C449|signature=01<12<23<02<34=13<03<24<14<04
C056|covector=----0--0------+|dim=1|tie=2+2|total_rep=(1, 1, 3, 4)|height_rep=(1, 1, 3, 4)|reverse=C344|signature=01=12<02<23<34=13<03<24<14<04
C057|covector=----0--0----0-+|dim=0|tie=2+2+2|total_rep=(1, 1, 2, 3)|height_rep=(1, 1, 2, 3)|reverse=C333|signature=01=12<23=02<34=13<03<24<14<04
C058|covector=----0--0----+-+|dim=1|tie=2+2|total_rep=(2, 2, 3, 5)|height_rep=(2, 2, 3, 5)|reverse=C324|signature=01=12<23<02<34=13<03<24<14<04
C059|covector=----0--+------+|dim=2|tie=2|total_rep=(2, 1, 4, 5)|height_rep=(2, 1, 4, 5)|reverse=C281|signature=12<01<02<23<34=13<03<24<14<04
C060|covector=----0--+----0-+|dim=1|tie=2+2|total_rep=(2, 1, 3, 4)|height_rep=(2, 1, 3, 4)|reverse=C268|signature=12<01<23=02<34=13<03<24<14<04
C061|covector=----0--+----+-+|dim=2|tie=2|total_rep=(3, 2, 4, 6)|height_rep=(3, 2, 4, 6)|reverse=C257|signature=12<01<23<02<34=13<03<24<14<04
C062|covector=----0--+-0--+0+|dim=1|tie=3+2+2|total_rep=(2, 1, 2, 3)|height_rep=(2, 1, 2, 3)|reverse=C242|signature=12<01=23<34=02=13<24=03<14<04
C063|covector=----0--+-+--+++|dim=2|tie=2|total_rep=(4, 2, 3, 5)|height_rep=(4, 2, 3, 5)|reverse=C231|signature=12<23<01<34=13<02<24<03<14<04
C064|covector=----0-0+-+0-+++|dim=1|tie=3+2|total_rep=(3, 1, 2, 3)|height_rep=(3, 1, 2, 3)|reverse=C210|signature=12<23<01=34=13<02<24<03=14<04
C065|covector=----0-++-++-+++|dim=2|tie=2|total_rep=(5, 1, 3, 4)|height_rep=(5, 1, 3, 4)|reverse=C185|signature=12<23<34=13<01<02<24<14<03<04
C066|covector=----0-++-++0+++|dim=1|tie=2+2|total_rep=(4, 1, 2, 3)|height_rep=(4, 1, 2, 3)|reverse=C184|signature=12<23<34=13<01<02=24<14<03<04
C067|covector=----0-++-++++++|dim=2|tie=2|total_rep=(7, 2, 3, 5)|height_rep=(7, 2, 3, 5)|reverse=C183|signature=12<23<34=13<01<24<02<14<03<04
C068|covector=----0-++0++++++|dim=1|tie=2+2+2|total_rep=(5, 1, 2, 3)|height_rep=(5, 1, 2, 3)|reverse=C182|signature=12<23<34=13<01=24<02=14<03<04
C069|covector=----0-+++++++++|dim=2|tie=2|total_rep=(9, 2, 3, 5)|height_rep=(9, 2, 3, 5)|reverse=C181|signature=12<23<34=13<24<01<14<02<03<04
C070|covector=----00+++++++++|dim=1|tie=2+2|total_rep=(6, 1, 2, 3)|height_rep=(6, 1, 2, 3)|reverse=C180|signature=12<23<34=13<24<01=14<02<03<04
C071|covector=----0++++++++++|dim=2|tie=2|total_rep=(7, 1, 2, 3)|height_rep=(7, 1, 2, 3)|reverse=C179|signature=12<23<34=13<24<14<01<02<03<04
C072|covector=----+---------+|dim=3|tie=strict|total_rep=(1, 2, 4, 5)|height_rep=(1, 2, 4, 5)|reverse=C472|signature=01<12<02<23<34<13<03<24<14<04
C073|covector=----+-------0-+|dim=2|tie=2|total_rep=(1, 2, 3, 4)|height_rep=(1, 2, 3, 4)|reverse=C459|signature=01<12<23=02<34<13<03<24<14<04
C074|covector=----+-------+-+|dim=3|tie=strict|total_rep=(2, 3, 4, 6)|height_rep=(2, 3, 4, 6)|reverse=C448|signature=01<12<23<02<34<13<03<24<14<04
C075|covector=----+-------+0+|dim=2|tie=2+2|total_rep=(2, 3, 4, 5)|height_rep=(2, 3, 4, 5)|reverse=C447|signature=01<12<23<34=02<13<24=03<14<04
C076|covector=----+-------+++|dim=3|tie=strict|total_rep=(3, 4, 5, 6)|height_rep=(3, 4, 5, 6)|reverse=C446|signature=01<12<23<34<02<13<24<03<14<04
C077|covector=----+--0------+|dim=2|tie=2|total_rep=(2, 2, 5, 6)|height_rep=(2, 2, 5, 6)|reverse=C343|signature=01=12<02<23<34<13<03<24<14<04
C078|covector=----+--0----0-+|dim=1|tie=2+2|total_rep=(2, 2, 4, 5)|height_rep=(2, 2, 4, 5)|reverse=C332|signature=01=12<23=02<34<13<03<24<14<04
C079|covector=----+--0----+-+|dim=2|tie=2|total_rep=(3, 3, 5, 7)|height_rep=(3, 3, 5, 7)|reverse=C323|signature=01=12<23<02<34<13<03<24<14<04
C080|covector=----+--0----+0+|dim=1|tie=2+2+2|total_rep=(2, 2, 3, 4)|height_rep=(2, 2, 3, 4)|reverse=C322|signature=01=12<23<34=02<13<24=03<14<04
C081|covector=----+--0----+++|dim=2|tie=2|total_rep=(3, 3, 4, 5)|height_rep=(3, 3, 4, 5)|reverse=C321|signature=01=12<23<34<02<13<24<03<14<04
C082|covector=----+--+------+|dim=3|tie=strict|total_rep=(3, 2, 6, 7)|height_rep=(3, 2, 6, 7)|reverse=C280|signature=12<01<02<23<34<13<03<24<14<04
C083|covector=----+--+----0-+|dim=2|tie=2|total_rep=(3, 2, 5, 6)|height_rep=(3, 2, 5, 6)|reverse=C267|signature=12<01<23=02<34<13<03<24<14<04
C084|covector=----+--+----+-+|dim=3|tie=strict|total_rep=(4, 3, 6, 8)|height_rep=(4, 3, 6, 8)|reverse=C256|signature=12<01<23<02<34<13<03<24<14<04
C085|covector=----+--+----+0+|dim=2|tie=2+2|total_rep=(3, 2, 4, 5)|height_rep=(3, 2, 4, 5)|reverse=C255|signature=12<01<23<34=02<13<24=03<14<04
C086|covector=----+--+----+++|dim=3|tie=strict|total_rep=(4, 3, 5, 6)|height_rep=(4, 3, 5, 6)|reverse=C254|signature=12<01<23<34<02<13<24<03<14<04
C087|covector=----+--+-0--+++|dim=2|tie=2+2|total_rep=(3, 2, 3, 4)|height_rep=(3, 2, 3, 4)|reverse=C241|signature=12<01=23<34<02=13<24<03<14<04
C088|covector=----+--+-+--+++|dim=3|tie=strict|total_rep=(5, 3, 4, 6)|height_rep=(5, 3, 4, 6)|reverse=C230|signature=12<23<01<34<13<02<24<03<14<04
C089|covector=----+--+-+0-+++|dim=2|tie=2+2|total_rep=(4, 2, 3, 4)|height_rep=(4, 2, 3, 4)|reverse=C229|signature=12<23<01=34<13<02<24<03=14<04
C090|covector=----+--+-++-+++|dim=3|tie=strict|total_rep=(7, 3, 5, 6)|height_rep=(7, 3, 5, 6)|reverse=C228|signature=12<23<34<01<13<02<24<14<03<04
C091|covector=----+--+-++0+++|dim=2|tie=2|total_rep=(6, 3, 4, 5)|height_rep=(6, 3, 4, 5)|reverse=C227|signature=12<23<34<01<13<02=24<14<03<04
C092|covector=----+--+-++++++|dim=3|tie=strict|total_rep=(8, 4, 5, 6)|height_rep=(8, 4, 5, 6)|reverse=C226|signature=12<23<34<01<13<24<02<14<03<04
C093|covector=----+-0+-++-+++|dim=2|tie=2|total_rep=(6, 2, 4, 5)|height_rep=(6, 2, 4, 5)|reverse=C209|signature=12<23<34<01=13<02<24<14<03<04
C094|covector=----+-0+-++0+++|dim=1|tie=2+2|total_rep=(5, 2, 3, 4)|height_rep=(5, 2, 3, 4)|reverse=C208|signature=12<23<34<01=13<02=24<14<03<04
C095|covector=----+-0+-++++++|dim=2|tie=2|total_rep=(7, 3, 4, 5)|height_rep=(7, 3, 4, 5)|reverse=C207|signature=12<23<34<01=13<24<02<14<03<04
C096|covector=----+-++-++-+++|dim=3|tie=strict|total_rep=(8, 2, 5, 6)|height_rep=(8, 2, 5, 6)|reverse=C178|signature=12<23<34<13<01<02<24<14<03<04
C097|covector=----+-++-++0+++|dim=2|tie=2|total_rep=(7, 2, 4, 5)|height_rep=(7, 2, 4, 5)|reverse=C177|signature=12<23<34<13<01<02=24<14<03<04
C098|covector=----+-++-++++++|dim=3|tie=strict|total_rep=(6, 2, 3, 4)|height_rep=(6, 2, 3, 4)|reverse=C176|signature=12<23<34<13<01<24<02<14<03<04
C099|covector=----+-++0++++++|dim=2|tie=2+2|total_rep=(7, 2, 3, 4)|height_rep=(7, 2, 3, 4)|reverse=C175|signature=12<23<34<13<01=24<02=14<03<04
C100|covector=----+-+++++++++|dim=3|tie=strict|total_rep=(8, 2, 3, 4)|height_rep=(8, 2, 3, 4)|reverse=C174|signature=12<23<34<13<24<01<14<02<03<04
C101|covector=----+0+++++++++|dim=2|tie=2|total_rep=(9, 2, 3, 4)|height_rep=(9, 2, 3, 4)|reverse=C173|signature=12<23<34<13<24<01=14<02<03<04
C102|covector=----+++++++++++|dim=3|tie=strict|total_rep=(10, 2, 3, 4)|height_rep=(10, 2, 3, 4)|reverse=C172|signature=12<23<34<13<24<14<01<02<03<04
C103|covector=--0---------+--|dim=2|tie=2|total_rep=(1, 2, 2, 6)|height_rep=(1, 2, 2, 6)|reverse=C437|signature=01<12=23<02<13<03<34<24<14<04
C104|covector=--0---------+-0|dim=1|tie=2+2|total_rep=(1, 2, 2, 5)|height_rep=(1, 2, 2, 5)|reverse=C436|signature=01<12=23<02<13<34=03<24<14<04
C105|covector=--0---------+-+|dim=2|tie=2|total_rep=(2, 3, 3, 7)|height_rep=(2, 3, 3, 7)|reverse=C435|signature=01<12=23<02<13<34<03<24<14<04
C106|covector=--0----0-0--+--|dim=1|tie=3+2|total_rep=(1, 1, 1, 4)|height_rep=(1, 1, 1, 4)|reverse=C314|signature=01=12=23<02=13<03<34<24<14<04
C107|covector=--0----0-0--+-0|dim=0|tie=3+2+2|total_rep=(1, 1, 1, 3)|height_rep=(1, 1, 1, 3)|reverse=C313|signature=01=12=23<02=13<34=03<24<14<04
C108|covector=--0----0-0--+-+|dim=1|tie=3+2|total_rep=(2, 2, 2, 5)|height_rep=(2, 2, 2, 5)|reverse=C312|signature=01=12=23<02=13<34<03<24<14<04
C109|covector=--0----+-+--+--|dim=2|tie=2|total_rep=(3, 2, 2, 8)|height_rep=(3, 2, 2, 8)|reverse=C151|signature=12=23<01<13<02<03<34<24<14<04
C110|covector=--0----+-+--+-0|dim=1|tie=2+2|total_rep=(3, 2, 2, 7)|height_rep=(3, 2, 2, 7)|reverse=C150|signature=12=23<01<13<02<34=03<24<14<04
C111|covector=--0----+-+--+-+|dim=2|tie=2|total_rep=(3, 2, 2, 6)|height_rep=(3, 2, 2, 6)|reverse=C149|signature=12=23<01<13<02<34<03<24<14<04
C112|covector=--0----+-+--+0+|dim=1|tie=2+2+2|total_rep=(3, 2, 2, 5)|height_rep=(3, 2, 2, 5)|reverse=C148|signature=12=23<01<13<34=02<24=03<14<04
C113|covector=--0----+-+--+++|dim=2|tie=2|total_rep=(5, 3, 3, 7)|height_rep=(5, 3, 3, 7)|reverse=C147|signature=12=23<01<13<34<02<24<03<14<04
C114|covector=--0---0+-+--+--|dim=1|tie=2+2|total_rep=(2, 1, 1, 5)|height_rep=(2, 1, 1, 5)|reverse=C138|signature=12=23<01=13<02<03<34<24<14<04
C115|covector=--0---0+-+--+-0|dim=0|tie=2+2+2|total_rep=(2, 1, 1, 4)|height_rep=(2, 1, 1, 4)|reverse=C137|signature=12=23<01=13<02<34=03<24<14<04
C116|covector=--0---0+-+--+-+|dim=1|tie=2+2|total_rep=(4, 2, 2, 7)|height_rep=(4, 2, 2, 7)|reverse=C136|signature=12=23<01=13<02<34<03<24<14<04
C117|covector=--0---0+-+--+0+|dim=0|tie=2+2+2+2|total_rep=(2, 1, 1, 3)|height_rep=(2, 1, 1, 3)|reverse=C135|signature=12=23<01=13<34=02<24=03<14<04
C118|covector=--0---0+-+--+++|dim=1|tie=2+2|total_rep=(4, 2, 2, 5)|height_rep=(4, 2, 2, 5)|reverse=C134|signature=12=23<01=13<34<02<24<03<14<04
C119|covector=--0---++-+--+--|dim=2|tie=2|total_rep=(3, 1, 1, 6)|height_rep=(3, 1, 1, 6)|reverse=C129|signature=12=23<13<01<02<03<34<24<14<04
C120|covector=--0---++-+--+-0|dim=1|tie=2+2|total_rep=(3, 1, 1, 5)|height_rep=(3, 1, 1, 5)|reverse=C128|signature=12=23<13<01<02<34=03<24<14<04
C121|covector=--0---++-+--+-+|dim=2|tie=2|total_rep=(5, 2, 2, 8)|height_rep=(5, 2, 2, 8)|reverse=C127|signature=12=23<13<01<02<34<03<24<14<04
C122|covector=--0---++-+--+0+|dim=1|tie=2+2+2|total_rep=(3, 1, 1, 4)|height_rep=(3, 1, 1, 4)|reverse=C126|signature=12=23<13<01<34=02<24=03<14<04
C123|covector=--0---++-+--+++|dim=2|tie=2|total_rep=(5, 2, 2, 6)|height_rep=(5, 2, 2, 6)|reverse=C125|signature=12=23<13<01<34<02<24<03<14<04
C124|covector=--0---++-+00+++|dim=1|tie=2+2+2+2|total_rep=(3, 1, 1, 3)|height_rep=(3, 1, 1, 3)|reverse=C124|signature=12=23<13<01=34<02=24<03=14<04
C125|covector=--0---++-++++++|dim=2|tie=2|total_rep=(6, 2, 2, 5)|height_rep=(6, 2, 2, 5)|reverse=C123|signature=12=23<13<34<01<24<02<14<03<04
C126|covector=--0---++0++++++|dim=1|tie=2+2+2|total_rep=(4, 1, 1, 3)|height_rep=(4, 1, 1, 3)|reverse=C122|signature=12=23<13<34<01=24<02=14<03<04
C127|covector=--0---+++++++++|dim=2|tie=2|total_rep=(8, 2, 2, 5)|height_rep=(8, 2, 2, 5)|reverse=C121|signature=12=23<13<34<24<01<14<02<03<04
C128|covector=--0--0+++++++++|dim=1|tie=2+2|total_rep=(5, 1, 1, 3)|height_rep=(5, 1, 1, 3)|reverse=C120|signature=12=23<13<34<24<01=14<02<03<04
C129|covector=--0--++++++++++|dim=2|tie=2|total_rep=(6, 1, 1, 3)|height_rep=(6, 1, 1, 3)|reverse=C119|signature=12=23<13<34<24<14<01<02<03<04
C130|covector=--0-0-------+-+|dim=1|tie=2+2|total_rep=(1, 2, 2, 4)|height_rep=(1, 2, 2, 4)|reverse=C434|signature=01<12=23<02<34=13<03<24<14<04
C131|covector=--0-0--0-0--+0+|dim=0|tie=3+3+2|total_rep=(1, 1, 1, 2)|height_rep=(1, 1, 1, 2)|reverse=C311|signature=01=12=23<34=02=13<24=03<14<04
C132|covector=--0-0--+-+--+++|dim=1|tie=2+2|total_rep=(3, 2, 2, 4)|height_rep=(3, 2, 2, 4)|reverse=C146|signature=12=23<01<34=13<02<24<03<14<04
C133|covector=--0-0-0+-+00+++|dim=0|tie=3+2+2+2|total_rep=(2, 1, 1, 2)|height_rep=(2, 1, 1, 2)|reverse=C133|signature=12=23<01=34=13<02=24<03=14<04
C134|covector=--0-0-++-++++++|dim=1|tie=2+2|total_rep=(5, 2, 2, 4)|height_rep=(5, 2, 2, 4)|reverse=C118|signature=12=23<34=13<01<24<02<14<03<04
C135|covector=--0-0-++0++++++|dim=0|tie=2+2+2+2|total_rep=(3, 1, 1, 2)|height_rep=(3, 1, 1, 2)|reverse=C117|signature=12=23<34=13<01=24<02=14<03<04
C136|covector=--0-0-+++++++++|dim=1|tie=2+2|total_rep=(7, 2, 2, 4)|height_rep=(7, 2, 2, 4)|reverse=C116|signature=12=23<34=13<24<01<14<02<03<04
C137|covector=--0-00+++++++++|dim=0|tie=2+2+2|total_rep=(4, 1, 1, 2)|height_rep=(4, 1, 1, 2)|reverse=C115|signature=12=23<34=13<24<01=14<02<03<04
C138|covector=--0-0++++++++++|dim=1|tie=2+2|total_rep=(5, 1, 1, 2)|height_rep=(5, 1, 1, 2)|reverse=C114|signature=12=23<34=13<24<14<01<02<03<04
C139|covector=--0-+-------+-+|dim=2|tie=2|total_rep=(1, 3, 3, 5)|height_rep=(1, 3, 3, 5)|reverse=C433|signature=01<12=23<02<34<13<03<24<14<04
C140|covector=--0-+-------+0+|dim=1|tie=2+2+2|total_rep=(1, 2, 2, 3)|height_rep=(1, 2, 2, 3)|reverse=C432|signature=01<12=23<34=02<13<24=03<14<04
C141|covector=--0-+-------+++|dim=2|tie=2|total_rep=(2, 3, 3, 4)|height_rep=(2, 3, 3, 4)|reverse=C431|signature=01<12=23<34<02<13<24<03<14<04
C142|covector=--0-+--0-0--+++|dim=1|tie=3+2|total_rep=(2, 2, 2, 3)|height_rep=(2, 2, 2, 3)|reverse=C310|signature=01=12=23<34<02=13<24<03<14<04
C143|covector=--0-+--+-+--+++|dim=2|tie=2|total_rep=(4, 3, 3, 5)|height_rep=(4, 3, 3, 5)|reverse=C145|signature=12=23<01<34<13<02<24<03<14<04
C144|covector=--0-+--+-+00+++|dim=1|tie=2+2+2+2|total_rep=(3, 2, 2, 3)|height_rep=(3, 2, 2, 3)|reverse=C144|signature=12=23<01=34<13<02=24<03=14<04
C145|covector=--0-+--+-++++++|dim=2|tie=2|total_rep=(5, 3, 3, 4)|height_rep=(5, 3, 3, 4)|reverse=C143|signature=12=23<34<01<13<24<02<14<03<04
C146|covector=--0-+-0+-++++++|dim=1|tie=2+2|total_rep=(4, 2, 2, 3)|height_rep=(4, 2, 2, 3)|reverse=C132|signature=12=23<34<01=13<24<02<14<03<04
C147|covector=--0-+-++-++++++|dim=2|tie=2|total_rep=(7, 3, 3, 5)|height_rep=(7, 3, 3, 5)|reverse=C113|signature=12=23<34<13<01<24<02<14<03<04
C148|covector=--0-+-++0++++++|dim=1|tie=2+2+2|total_rep=(5, 2, 2, 3)|height_rep=(5, 2, 2, 3)|reverse=C112|signature=12=23<34<13<01=24<02=14<03<04
C149|covector=--0-+-+++++++++|dim=2|tie=2|total_rep=(6, 2, 2, 3)|height_rep=(6, 2, 2, 3)|reverse=C111|signature=12=23<34<13<24<01<14<02<03<04
C150|covector=--0-+0+++++++++|dim=1|tie=2+2|total_rep=(7, 2, 2, 3)|height_rep=(7, 2, 2, 3)|reverse=C110|signature=12=23<34<13<24<01=14<02<03<04
C151|covector=--0-+++++++++++|dim=2|tie=2|total_rep=(8, 2, 2, 3)|height_rep=(8, 2, 2, 3)|reverse=C109|signature=12=23<34<13<24<14<01<02<03<04
C152|covector=--+---------+--|dim=3|tie=strict|total_rep=(1, 3, 2, 7)|height_rep=(1, 3, 2, 7)|reverse=C426|signature=01<23<12<02<13<03<34<24<14<04
C153|covector=--+---------+-0|dim=2|tie=2|total_rep=(1, 3, 2, 6)|height_rep=(1, 3, 2, 6)|reverse=C425|signature=01<23<12<02<13<34=03<24<14<04
C154|covector=--+---------+-+|dim=3|tie=strict|total_rep=(2, 4, 3, 8)|height_rep=(2, 4, 3, 8)|reverse=C424|signature=01<23<12<02<13<34<03<24<14<04
C155|covector=--+------0--+--|dim=2|tie=2+2|total_rep=(1, 2, 1, 5)|height_rep=(1, 2, 1, 5)|reverse=C397|signature=01=23<12<02=13<03<34<24<14<04
C156|covector=--+------0--+-0|dim=1|tie=2+2+2|total_rep=(1, 2, 1, 4)|height_rep=(1, 2, 1, 4)|reverse=C396|signature=01=23<12<02=13<34=03<24<14<04
C157|covector=--+------0--+-+|dim=2|tie=2+2|total_rep=(2, 3, 2, 6)|height_rep=(2, 3, 2, 6)|reverse=C395|signature=01=23<12<02=13<34<03<24<14<04
C158|covector=--+------+--+--|dim=3|tie=strict|total_rep=(2, 3, 1, 7)|height_rep=(2, 3, 1, 7)|reverse=C382|signature=23<01<12<13<02<03<34<24<14<04
C159|covector=--+------+--+-0|dim=2|tie=2|total_rep=(2, 3, 1, 6)|height_rep=(2, 3, 1, 6)|reverse=C381|signature=23<01<12<13<02<34=03<24<14<04
C160|covector=--+------+--+-+|dim=3|tie=strict|total_rep=(3, 4, 2, 8)|height_rep=(3, 4, 2, 8)|reverse=C380|signature=23<01<12<13<02<34<03<24<14<04
C161|covector=--+------+--+0+|dim=2|tie=2+2|total_rep=(2, 3, 1, 5)|height_rep=(2, 3, 1, 5)|reverse=C379|signature=23<01<12<13<34=02<24=03<14<04
C162|covector=--+------+--+++|dim=3|tie=strict|total_rep=(4, 5, 2, 8)|height_rep=(4, 5, 2, 8)|reverse=C378|signature=23<01<12<13<34<02<24<03<14<04
C163|covector=--+------+-0+++|dim=2|tie=2|total_rep=(3, 4, 1, 6)|height_rep=(3, 4, 1, 6)|reverse=C377|signature=23<01<12<13<34<02=24<03<14<04
C164|covector=--+------+-++++|dim=3|tie=strict|total_rep=(4, 5, 1, 7)|height_rep=(4, 5, 1, 7)|reverse=C376|signature=23<01<12<13<34<24<02<03<14<04
C165|covector=--+----0-+--+--|dim=2|tie=2|total_rep=(2, 2, 1, 6)|height_rep=(2, 2, 1, 6)|reverse=C307|signature=23<01=12<13<02<03<34<24<14<04
C166|covector=--+----0-+--+-0|dim=1|tie=2+2|total_rep=(2, 2, 1, 5)|height_rep=(2, 2, 1, 5)|reverse=C306|signature=23<01=12<13<02<34=03<24<14<04
C167|covector=--+----0-+--+-+|dim=2|tie=2|total_rep=(3, 3, 2, 7)|height_rep=(3, 3, 2, 7)|reverse=C305|signature=23<01=12<13<02<34<03<24<14<04
C168|covector=--+----0-+--+0+|dim=1|tie=2+2+2|total_rep=(2, 2, 1, 4)|height_rep=(2, 2, 1, 4)|reverse=C304|signature=23<01=12<13<34=02<24=03<14<04
C169|covector=--+----0-+--+++|dim=2|tie=2|total_rep=(4, 4, 2, 7)|height_rep=(4, 4, 2, 7)|reverse=C303|signature=23<01=12<13<34<02<24<03<14<04
C170|covector=--+----0-+-0+++|dim=1|tie=2+2|total_rep=(3, 3, 1, 5)|height_rep=(3, 3, 1, 5)|reverse=C302|signature=23<01=12<13<34<02=24<03<14<04
C171|covector=--+----0-+-++++|dim=2|tie=2|total_rep=(4, 4, 1, 6)|height_rep=(4, 4, 1, 6)|reverse=C301|signature=23<01=12<13<34<24<02<03<14<04
C172|covector=--+----+-+--+--|dim=3|tie=strict|total_rep=(4, 3, 2, 10)|height_rep=(4, 3, 2, 10)|reverse=C102|signature=23<12<01<13<02<03<34<24<14<04
C173|covector=--+----+-+--+-0|dim=2|tie=2|total_rep=(4, 3, 2, 9)|height_rep=(4, 3, 2, 9)|reverse=C101|signature=23<12<01<13<02<34=03<24<14<04
C174|covector=--+----+-+--+-+|dim=3|tie=strict|total_rep=(4, 3, 2, 8)|height_rep=(4, 3, 2, 8)|reverse=C100|signature=23<12<01<13<02<34<03<24<14<04
C175|covector=--+----+-+--+0+|dim=2|tie=2+2|total_rep=(4, 3, 2, 7)|height_rep=(4, 3, 2, 7)|reverse=C099|signature=23<12<01<13<34=02<24=03<14<04
C176|covector=--+----+-+--+++|dim=3|tie=strict|total_rep=(4, 3, 2, 6)|height_rep=(4, 3, 2, 6)|reverse=C098|signature=23<12<01<13<34<02<24<03<14<04
C177|covector=--+----+-+-0+++|dim=2|tie=2|total_rep=(5, 4, 2, 7)|height_rep=(5, 4, 2, 7)|reverse=C097|signature=23<12<01<13<34<02=24<03<14<04
C178|covector=--+----+-+-++++|dim=3|tie=strict|total_rep=(6, 5, 2, 8)|height_rep=(6, 5, 2, 8)|reverse=C096|signature=23<12<01<13<34<24<02<03<14<04
C179|covector=--+---0+-+--+--|dim=2|tie=2|total_rep=(3, 2, 1, 7)|height_rep=(3, 2, 1, 7)|reverse=C071|signature=23<12<01=13<02<03<34<24<14<04
C180|covector=--+---0+-+--+-0|dim=1|tie=2+2|total_rep=(3, 2, 1, 6)|height_rep=(3, 2, 1, 6)|reverse=C070|signature=23<12<01=13<02<34=03<24<14<04
C181|covector=--+---0+-+--+-+|dim=2|tie=2|total_rep=(5, 3, 2, 9)|height_rep=(5, 3, 2, 9)|reverse=C069|signature=23<12<01=13<02<34<03<24<14<04
C182|covector=--+---0+-+--+0+|dim=1|tie=2+2+2|total_rep=(3, 2, 1, 5)|height_rep=(3, 2, 1, 5)|reverse=C068|signature=23<12<01=13<34=02<24=03<14<04
C183|covector=--+---0+-+--+++|dim=2|tie=2|total_rep=(5, 3, 2, 7)|height_rep=(5, 3, 2, 7)|reverse=C067|signature=23<12<01=13<34<02<24<03<14<04
C184|covector=--+---0+-+-0+++|dim=1|tie=2+2|total_rep=(3, 2, 1, 4)|height_rep=(3, 2, 1, 4)|reverse=C066|signature=23<12<01=13<34<02=24<03<14<04
C185|covector=--+---0+-+-++++|dim=2|tie=2|total_rep=(4, 3, 1, 5)|height_rep=(4, 3, 1, 5)|reverse=C065|signature=23<12<01=13<34<24<02<03<14<04
C186|covector=--+---++-+--+--|dim=3|tie=strict|total_rep=(4, 2, 1, 8)|height_rep=(4, 2, 1, 8)|reverse=C052|signature=23<12<13<01<02<03<34<24<14<04
C187|covector=--+---++-+--+-0|dim=2|tie=2|total_rep=(4, 2, 1, 7)|height_rep=(4, 2, 1, 7)|reverse=C051|signature=23<12<13<01<02<34=03<24<14<04
C188|covector=--+---++-+--+-+|dim=3|tie=strict|total_rep=(6, 3, 2, 10)|height_rep=(6, 3, 2, 10)|reverse=C050|signature=23<12<13<01<02<34<03<24<14<04
C189|covector=--+---++-+--+0+|dim=2|tie=2+2|total_rep=(4, 2, 1, 6)|height_rep=(4, 2, 1, 6)|reverse=C049|signature=23<12<13<01<34=02<24=03<14<04
C190|covector=--+---++-+--+++|dim=3|tie=strict|total_rep=(6, 3, 2, 8)|height_rep=(6, 3, 2, 8)|reverse=C048|signature=23<12<13<01<34<02<24<03<14<04
C191|covector=--+---++-+-0+++|dim=2|tie=2|total_rep=(4, 2, 1, 5)|height_rep=(4, 2, 1, 5)|reverse=C047|signature=23<12<13<01<34<02=24<03<14<04
C192|covector=--+---++-+-++++|dim=3|tie=strict|total_rep=(5, 3, 1, 6)|height_rep=(5, 3, 1, 6)|reverse=C046|signature=23<12<13<01<34<24<02<03<14<04
C193|covector=--+---++-+0++++|dim=2|tie=2+2|total_rep=(4, 2, 1, 4)|height_rep=(4, 2, 1, 4)|reverse=C045|signature=23<12<13<01=34<24<02<03=14<04
C194|covector=--+---++-++++++|dim=3|tie=strict|total_rep=(7, 3, 2, 6)|height_rep=(7, 3, 2, 6)|reverse=C044|signature=23<12<13<34<01<24<02<14<03<04
C195|covector=--+---++0++++++|dim=2|tie=2+2|total_rep=(5, 2, 1, 4)|height_rep=(5, 2, 1, 4)|reverse=C043|signature=23<12<13<34<01=24<02=14<03<04
C196|covector=--+---+++++++++|dim=3|tie=strict|total_rep=(6, 2, 1, 4)|height_rep=(6, 2, 1, 4)|reverse=C042|signature=23<12<13<34<24<01<14<02<03<04
C197|covector=--+--0+++++++++|dim=2|tie=2|total_rep=(7, 2, 1, 4)|height_rep=(7, 2, 1, 4)|reverse=C041|signature=23<12<13<34<24<01=14<02<03<04
C198|covector=--+--++++++++++|dim=3|tie=strict|total_rep=(8, 2, 1, 4)|height_rep=(8, 2, 1, 4)|reverse=C040|signature=23<12<13<34<24<14<01<02<03<04
C199|covector=--+-0-------+-+|dim=2|tie=2|total_rep=(1, 3, 2, 5)|height_rep=(1, 3, 2, 5)|reverse=C423|signature=01<23<12<02<34=13<03<24<14<04
C200|covector=--+-0----0--+0+|dim=1|tie=3+2+2|total_rep=(1, 2, 1, 3)|height_rep=(1, 2, 1, 3)|reverse=C394|signature=01=23<12<34=02=13<24=03<14<04
C201|covector=--+-0----+--+++|dim=2|tie=2|total_rep=(3, 4, 2, 6)|height_rep=(3, 4, 2, 6)|reverse=C375|signature=23<01<12<34=13<02<24<03<14<04
C202|covector=--+-0----+-0+++|dim=1|tie=2+2|total_rep=(2, 3, 1, 4)|height_rep=(2, 3, 1, 4)|reverse=C374|signature=23<01<12<34=13<02=24<03<14<04
C203|covector=--+-0----+-++++|dim=2|tie=2|total_rep=(3, 4, 1, 5)|height_rep=(3, 4, 1, 5)|reverse=C373|signature=23<01<12<34=13<24<02<03<14<04
C204|covector=--+-0--0-+--+++|dim=1|tie=2+2|total_rep=(3, 3, 2, 5)|height_rep=(3, 3, 2, 5)|reverse=C300|signature=23<01=12<34=13<02<24<03<14<04
C205|covector=--+-0--0-+-0+++|dim=0|tie=2+2+2|total_rep=(2, 2, 1, 3)|height_rep=(2, 2, 1, 3)|reverse=C299|signature=23<01=12<34=13<02=24<03<14<04
C206|covector=--+-0--0-+-++++|dim=1|tie=2+2|total_rep=(3, 3, 1, 4)|height_rep=(3, 3, 1, 4)|reverse=C298|signature=23<01=12<34=13<24<02<03<14<04
C207|covector=--+-0--+-+--+++|dim=2|tie=2|total_rep=(5, 4, 3, 7)|height_rep=(5, 4, 3, 7)|reverse=C095|signature=23<12<01<34=13<02<24<03<14<04
C208|covector=--+-0--+-+-0+++|dim=1|tie=2+2|total_rep=(4, 3, 2, 5)|height_rep=(4, 3, 2, 5)|reverse=C094|signature=23<12<01<34=13<02=24<03<14<04
C209|covector=--+-0--+-+-++++|dim=2|tie=2|total_rep=(5, 4, 2, 6)|height_rep=(5, 4, 2, 6)|reverse=C093|signature=23<12<01<34=13<24<02<03<14<04
C210|covector=--+-0-0+-+0++++|dim=1|tie=3+2|total_rep=(3, 2, 1, 3)|height_rep=(3, 2, 1, 3)|reverse=C064|signature=23<12<01=34=13<24<02<03=14<04
C211|covector=--+-0-++-++++++|dim=2|tie=2|total_rep=(6, 3, 2, 5)|height_rep=(6, 3, 2, 5)|reverse=C039|signature=23<12<34=13<01<24<02<14<03<04
C212|covector=--+-0-++0++++++|dim=1|tie=2+2+2|total_rep=(4, 2, 1, 3)|height_rep=(4, 2, 1, 3)|reverse=C038|signature=23<12<34=13<01=24<02=14<03<04
C213|covector=--+-0-+++++++++|dim=2|tie=2|total_rep=(5, 2, 1, 3)|height_rep=(5, 2, 1, 3)|reverse=C037|signature=23<12<34=13<24<01<14<02<03<04
C214|covector=--+-00+++++++++|dim=1|tie=2+2|total_rep=(6, 2, 1, 3)|height_rep=(6, 2, 1, 3)|reverse=C036|signature=23<12<34=13<24<01=14<02<03<04
C215|covector=--+-0++++++++++|dim=2|tie=2|total_rep=(7, 2, 1, 3)|height_rep=(7, 2, 1, 3)|reverse=C035|signature=23<12<34=13<24<14<01<02<03<04
C216|covector=--+-+-------+-+|dim=3|tie=strict|total_rep=(1, 4, 3, 6)|height_rep=(1, 4, 3, 6)|reverse=C422|signature=01<23<12<02<34<13<03<24<14<04
C217|covector=--+-+-------+0+|dim=2|tie=2+2|total_rep=(1, 3, 2, 4)|height_rep=(1, 3, 2, 4)|reverse=C421|signature=01<23<12<34=02<13<24=03<14<04
C218|covector=--+-+-------+++|dim=3|tie=strict|total_rep=(2, 4, 3, 5)|height_rep=(2, 4, 3, 5)|reverse=C420|signature=01<23<12<34<02<13<24<03<14<04
C219|covector=--+-+----0--+++|dim=2|tie=2+2|total_rep=(2, 3, 2, 4)|height_rep=(2, 3, 2, 4)|reverse=C393|signature=01=23<12<34<02=13<24<03<14<04
C220|covector=--+-+----+--+++|dim=3|tie=strict|total_rep=(4, 5, 3, 7)|height_rep=(4, 5, 3, 7)|reverse=C372|signature=23<01<12<34<13<02<24<03<14<04
C221|covector=--+-+----+-0+++|dim=2|tie=2|total_rep=(3, 4, 2, 5)|height_rep=(3, 4, 2, 5)|reverse=C371|signature=23<01<12<34<13<02=24<03<14<04
C222|covector=--+-+----+-++++|dim=3|tie=strict|total_rep=(4, 5, 2, 6)|height_rep=(4, 5, 2, 6)|reverse=C370|signature=23<01<12<34<13<24<02<03<14<04
C223|covector=--+-+--0-+--+++|dim=2|tie=2|total_rep=(4, 4, 3, 6)|height_rep=(4, 4, 3, 6)|reverse=C297|signature=23<01=12<34<13<02<24<03<14<04
C224|covector=--+-+--0-+-0+++|dim=1|tie=2+2|total_rep=(3, 3, 2, 4)|height_rep=(3, 3, 2, 4)|reverse=C296|signature=23<01=12<34<13<02=24<03<14<04
C225|covector=--+-+--0-+-++++|dim=2|tie=2|total_rep=(4, 4, 2, 5)|height_rep=(4, 4, 2, 5)|reverse=C295|signature=23<01=12<34<13<24<02<03<14<04
C226|covector=--+-+--+-+--+++|dim=3|tie=strict|total_rep=(6, 5, 4, 8)|height_rep=(6, 5, 4, 8)|reverse=C092|signature=23<12<01<34<13<02<24<03<14<04
C227|covector=--+-+--+-+-0+++|dim=2|tie=2|total_rep=(5, 4, 3, 6)|height_rep=(5, 4, 3, 6)|reverse=C091|signature=23<12<01<34<13<02=24<03<14<04
C228|covector=--+-+--+-+-++++|dim=3|tie=strict|total_rep=(6, 5, 3, 7)|height_rep=(6, 5, 3, 7)|reverse=C090|signature=23<12<01<34<13<24<02<03<14<04
C229|covector=--+-+--+-+0++++|dim=2|tie=2+2|total_rep=(4, 3, 2, 4)|height_rep=(4, 3, 2, 4)|reverse=C089|signature=23<12<01=34<13<24<02<03=14<04
C230|covector=--+-+--+-++++++|dim=3|tie=strict|total_rep=(6, 4, 3, 5)|height_rep=(6, 4, 3, 5)|reverse=C088|signature=23<12<34<01<13<24<02<14<03<04
C231|covector=--+-+-0+-++++++|dim=2|tie=2|total_rep=(5, 3, 2, 4)|height_rep=(5, 3, 2, 4)|reverse=C063|signature=23<12<34<01=13<24<02<14<03<04
C232|covector=--+-+-++-++++++|dim=3|tie=strict|total_rep=(8, 4, 3, 6)|height_rep=(8, 4, 3, 6)|reverse=C034|signature=23<12<34<13<01<24<02<14<03<04
C233|covector=--+-+-++0++++++|dim=2|tie=2+2|total_rep=(6, 3, 2, 4)|height_rep=(6, 3, 2, 4)|reverse=C033|signature=23<12<34<13<01=24<02=14<03<04
C234|covector=--+-+-+++++++++|dim=3|tie=strict|total_rep=(7, 3, 2, 4)|height_rep=(7, 3, 2, 4)|reverse=C032|signature=23<12<34<13<24<01<14<02<03<04
C235|covector=--+-+0+++++++++|dim=2|tie=2|total_rep=(9, 3, 2, 4)|height_rep=(9, 3, 2, 4)|reverse=C031|signature=23<12<34<13<24<01=14<02<03<04
C236|covector=--+-+++++++++++|dim=3|tie=strict|total_rep=(10, 3, 2, 4)|height_rep=(10, 3, 2, 4)|reverse=C030|signature=23<12<34<13<24<14<01<02<03<04
C237|covector=--+0+-------+++|dim=2|tie=2+2|total_rep=(1, 3, 2, 3)|height_rep=(1, 3, 2, 3)|reverse=C419|signature=01<23<12=34<02<13=24<03<14<04
C238|covector=--+0+----0-0+++|dim=1|tie=3+2+2|total_rep=(1, 2, 1, 2)|height_rep=(1, 2, 1, 2)|reverse=C392|signature=01=23<12=34<02=13=24<03<14<04
C239|covector=--+0+----+-++++|dim=2|tie=2+2|total_rep=(2, 3, 1, 3)|height_rep=(2, 3, 1, 3)|reverse=C369|signature=23<01<12=34<13=24<02<03<14<04
C240|covector=--+0+--0-+0++++|dim=1|tie=3+2+2|total_rep=(2, 2, 1, 2)|height_rep=(2, 2, 1, 2)|reverse=C294|signature=23<01=12=34<13=24<02<03=14<04
C241|covector=--+0+--+-++++++|dim=2|tie=2+2|total_rep=(4, 3, 2, 3)|height_rep=(4, 3, 2, 3)|reverse=C087|signature=23<12=34<01<13=24<02<14<03<04
C242|covector=--+0+-0+0++++++|dim=1|tie=3+2+2|total_rep=(3, 2, 1, 2)|height_rep=(3, 2, 1, 2)|reverse=C062|signature=23<12=34<01=13=24<02=14<03<04
C243|covector=--+0+-+++++++++|dim=2|tie=2+2|total_rep=(4, 2, 1, 2)|height_rep=(4, 2, 1, 2)|reverse=C029|signature=23<12=34<13=24<01<14<02<03<04
C244|covector=--+0+0+++++++++|dim=1|tie=2+2+2|total_rep=(5, 2, 1, 2)|height_rep=(5, 2, 1, 2)|reverse=C028|signature=23<12=34<13=24<01=14<02<03<04
C245|covector=--+0+++++++++++|dim=2|tie=2+2|total_rep=(6, 2, 1, 2)|height_rep=(6, 2, 1, 2)|reverse=C027|signature=23<12=34<13=24<14<01<02<03<04
C246|covector=--+++-------+++|dim=3|tie=strict|total_rep=(1, 5, 3, 4)|height_rep=(1, 5, 3, 4)|reverse=C418|signature=01<23<34<12<02<24<13<03<14<04
C247|covector=--+++------0+++|dim=2|tie=2|total_rep=(1, 4, 2, 3)|height_rep=(1, 4, 2, 3)|reverse=C417|signature=01<23<34<12<02=24<13<03<14<04
C248|covector=--+++------++++|dim=3|tie=strict|total_rep=(2, 6, 3, 4)|height_rep=(2, 6, 3, 4)|reverse=C416|signature=01<23<34<12<24<02<13<03<14<04
C249|covector=--+++----0-++++|dim=2|tie=2+2|total_rep=(2, 4, 2, 3)|height_rep=(2, 4, 2, 3)|reverse=C391|signature=01=23<34<12<24<02=13<03<14<04
C250|covector=--+++----+-++++|dim=3|tie=strict|total_rep=(3, 5, 2, 4)|height_rep=(3, 5, 2, 4)|reverse=C368|signature=23<01<34<12<24<13<02<03<14<04
C251|covector=--+++----+0++++|dim=2|tie=2+2|total_rep=(3, 4, 2, 3)|height_rep=(3, 4, 2, 3)|reverse=C365|signature=23<01=34<12<24<13<02<03=14<04
C252|covector=--+++----++++++|dim=3|tie=strict|total_rep=(5, 6, 3, 4)|height_rep=(5, 6, 3, 4)|reverse=C362|signature=23<34<01<12<24<13<02<14<03<04
C253|covector=--+++--0-++++++|dim=2|tie=2|total_rep=(4, 4, 2, 3)|height_rep=(4, 4, 2, 3)|reverse=C293|signature=23<34<01=12<24<13<02<14<03<04
C254|covector=--+++--+-++++++|dim=3|tie=strict|total_rep=(6, 5, 3, 4)|height_rep=(6, 5, 3, 4)|reverse=C086|signature=23<34<12<01<24<13<02<14<03<04
C255|covector=--+++--+0++++++|dim=2|tie=2+2|total_rep=(5, 4, 2, 3)|height_rep=(5, 4, 2, 3)|reverse=C085|signature=23<34<12<01=24<13<02=14<03<04
C256|covector=--+++--++++++++|dim=3|tie=strict|total_rep=(8, 6, 3, 4)|height_rep=(8, 6, 3, 4)|reverse=C084|signature=23<34<12<24<01<13<14<02<03<04
C257|covector=--+++-0++++++++|dim=2|tie=2|total_rep=(6, 4, 2, 3)|height_rep=(6, 4, 2, 3)|reverse=C061|signature=23<34<12<24<01=13<14<02<03<04
C258|covector=--+++-+++++++++|dim=3|tie=strict|total_rep=(7, 4, 2, 3)|height_rep=(7, 4, 2, 3)|reverse=C026|signature=23<34<12<24<13<01<14<02<03<04
C259|covector=--+++0+++++++++|dim=2|tie=2|total_rep=(9, 4, 2, 3)|height_rep=(9, 4, 2, 3)|reverse=C025|signature=23<34<12<24<13<01=14<02<03<04
C260|covector=--+++++++++++++|dim=3|tie=strict|total_rep=(10, 4, 2, 3)|height_rep=(10, 4, 2, 3)|reverse=C024|signature=23<34<12<24<13<14<01<02<03<04
C261|covector=-0+++------++++|dim=2|tie=2|total_rep=(1, 5, 2, 3)|height_rep=(1, 5, 2, 3)|reverse=C415|signature=01<23<34<12=24<02<13<03<14<04
C262|covector=-0+++----0-++++|dim=1|tie=2+2+2|total_rep=(1, 3, 1, 2)|height_rep=(1, 3, 1, 2)|reverse=C390|signature=01=23<34<12=24<02=13<03<14<04
C263|covector=-0+++----+-++++|dim=2|tie=2|total_rep=(2, 4, 1, 3)|height_rep=(2, 4, 1, 3)|reverse=C367|signature=23<01<34<12=24<13<02<03<14<04
C264|covector=-0+++----+0++++|dim=1|tie=2+2+2|total_rep=(2, 3, 1, 2)|height_rep=(2, 3, 1, 2)|reverse=C364|signature=23<01=34<12=24<13<02<03=14<04
C265|covector=-0+++----++++++|dim=2|tie=2|total_rep=(4, 5, 2, 3)|height_rep=(4, 5, 2, 3)|reverse=C361|signature=23<34<01<12=24<13<02<14<03<04
C266|covector=-0+++--00++++++|dim=1|tie=3+2|total_rep=(3, 3, 1, 2)|height_rep=(3, 3, 1, 2)|reverse=C292|signature=23<34<01=12=24<13<02=14<03<04
C267|covector=-0+++--++++++++|dim=2|tie=2|total_rep=(6, 5, 2, 3)|height_rep=(6, 5, 2, 3)|reverse=C083|signature=23<34<12=24<01<13<14<02<03<04
C268|covector=-0+++-0++++++++|dim=1|tie=2+2|total_rep=(4, 3, 1, 2)|height_rep=(4, 3, 1, 2)|reverse=C060|signature=23<34<12=24<01=13<14<02<03<04
C269|covector=-0+++-+++++++++|dim=2|tie=2|total_rep=(5, 3, 1, 2)|height_rep=(5, 3, 1, 2)|reverse=C023|signature=23<34<12=24<13<01<14<02<03<04
C270|covector=-0+++0+++++++++|dim=1|tie=2+2|total_rep=(6, 3, 1, 2)|height_rep=(6, 3, 1, 2)|reverse=C022|signature=23<34<12=24<13<01=14<02<03<04
C271|covector=-0+++++++++++++|dim=2|tie=2|total_rep=(7, 3, 1, 2)|height_rep=(7, 3, 1, 2)|reverse=C021|signature=23<34<12=24<13<14<01<02<03<04
C272|covector=-++++------++++|dim=3|tie=strict|total_rep=(1, 6, 2, 3)|height_rep=(1, 6, 2, 3)|reverse=C414|signature=01<23<34<24<12<02<13<03<14<04
C273|covector=-++++----0-++++|dim=2|tie=2+2|total_rep=(1, 4, 1, 2)|height_rep=(1, 4, 1, 2)|reverse=C389|signature=01=23<34<24<12<02=13<03<14<04
C274|covector=-++++----+-++++|dim=3|tie=strict|total_rep=(2, 5, 1, 3)|height_rep=(2, 5, 1, 3)|reverse=C366|signature=23<01<34<24<12<13<02<03<14<04
C275|covector=-++++----+0++++|dim=2|tie=2+2|total_rep=(2, 4, 1, 2)|height_rep=(2, 4, 1, 2)|reverse=C363|signature=23<01=34<24<12<13<02<03=14<04
C276|covector=-++++----++++++|dim=3|tie=strict|total_rep=(4, 6, 2, 3)|height_rep=(4, 6, 2, 3)|reverse=C360|signature=23<34<01<24<12<13<02<14<03<04
C277|covector=-++++---0++++++|dim=2|tie=2+2|total_rep=(3, 4, 1, 2)|height_rep=(3, 4, 1, 2)|reverse=C359|signature=23<34<01=24<12<13<02=14<03<04
C278|covector=-++++---+++++++|dim=3|tie=strict|total_rep=(4, 5, 1, 2)|height_rep=(4, 5, 1, 2)|reverse=C358|signature=23<34<24<01<12<13<14<02<03<04
C279|covector=-++++--0+++++++|dim=2|tie=2|total_rep=(4, 4, 1, 2)|height_rep=(4, 4, 1, 2)|reverse=C291|signature=23<34<24<01=12<13<14<02<03<04
C280|covector=-++++--++++++++|dim=3|tie=strict|total_rep=(7, 6, 2, 3)|height_rep=(7, 6, 2, 3)|reverse=C082|signature=23<34<24<12<01<13<14<02<03<04
C281|covector=-++++-0++++++++|dim=2|tie=2|total_rep=(5, 4, 1, 2)|height_rep=(5, 4, 1, 2)|reverse=C059|signature=23<34<24<12<01=13<14<02<03<04
C282|covector=-++++-+++++++++|dim=3|tie=strict|total_rep=(6, 4, 1, 2)|height_rep=(6, 4, 1, 2)|reverse=C020|signature=23<34<24<12<13<01<14<02<03<04
C283|covector=-++++0+++++++++|dim=2|tie=2|total_rep=(7, 4, 1, 2)|height_rep=(7, 4, 1, 2)|reverse=C019|signature=23<34<24<12<13<01=14<02<03<04
C284|covector=-++++++++++++++|dim=3|tie=strict|total_rep=(8, 4, 1, 2)|height_rep=(8, 4, 1, 2)|reverse=C018|signature=23<34<24<12<13<14<01<02<03<04
C285|covector=0---+---------+|dim=2|tie=2|total_rep=(1, 2, 4, 4)|height_rep=(1, 2, 4, 4)|reverse=C471|signature=01<12<02<23=34<13<03<24<14<04
C286|covector=0---+-------00+|dim=1|tie=3+2|total_rep=(1, 2, 3, 3)|height_rep=(1, 2, 3, 3)|reverse=C458|signature=01<12<23=34=02<13<24=03<14<04
C287|covector=0---+-------+++|dim=2|tie=2|total_rep=(2, 3, 4, 4)|height_rep=(2, 3, 4, 4)|reverse=C445|signature=01<12<23=34<02<13<24<03<14<04
C288|covector=0---+--0------+|dim=1|tie=2+2|total_rep=(1, 1, 3, 3)|height_rep=(1, 1, 3, 3)|reverse=C342|signature=01=12<02<23=34<13<03<24<14<04
C289|covector=0---+--0----00+|dim=0|tie=3+2+2|total_rep=(1, 1, 2, 2)|height_rep=(1, 1, 2, 2)|reverse=C331|signature=01=12<23=34=02<13<24=03<14<04
C290|covector=0---+--0----+++|dim=1|tie=2+2|total_rep=(2, 2, 3, 3)|height_rep=(2, 2, 3, 3)|reverse=C320|signature=01=12<23=34<02<13<24<03<14<04
C291|covector=0---+--+------+|dim=2|tie=2|total_rep=(2, 1, 4, 4)|height_rep=(2, 1, 4, 4)|reverse=C279|signature=12<01<02<23=34<13<03<24<14<04
C292|covector=0---+--+----00+|dim=1|tie=3+2|total_rep=(2, 1, 3, 3)|height_rep=(2, 1, 3, 3)|reverse=C266|signature=12<01<23=34=02<13<24=03<14<04
C293|covector=0---+--+----+++|dim=2|tie=2|total_rep=(3, 2, 4, 4)|height_rep=(3, 2, 4, 4)|reverse=C253|signature=12<01<23=34<02<13<24<03<14<04
C294|covector=0---+--+-00-+++|dim=1|tie=3+2+2|total_rep=(2, 1, 2, 2)|height_rep=(2, 1, 2, 2)|reverse=C240|signature=12<01=23=34<02=13<24<03=14<04
C295|covector=0---+--+-++-+++|dim=2|tie=2|total_rep=(5, 2, 4, 4)|height_rep=(5, 2, 4, 4)|reverse=C225|signature=12<23=34<01<13<02<24<14<03<04
C296|covector=0---+--+-++0+++|dim=1|tie=2+2|total_rep=(4, 2, 3, 3)|height_rep=(4, 2, 3, 3)|reverse=C224|signature=12<23=34<01<13<02=24<14<03<04
C297|covector=0---+--+-++++++|dim=2|tie=2|total_rep=(6, 3, 4, 4)|height_rep=(6, 3, 4, 4)|reverse=C223|signature=12<23=34<01<13<24<02<14<03<04
C298|covector=0---+-0+-++-+++|dim=1|tie=2+2|total_rep=(4, 1, 3, 3)|height_rep=(4, 1, 3, 3)|reverse=C206|signature=12<23=34<01=13<02<24<14<03<04
C299|covector=0---+-0+-++0+++|dim=0|tie=2+2+2|total_rep=(3, 1, 2, 2)|height_rep=(3, 1, 2, 2)|reverse=C205|signature=12<23=34<01=13<02=24<14<03<04
C300|covector=0---+-0+-++++++|dim=1|tie=2+2|total_rep=(5, 2, 3, 3)|height_rep=(5, 2, 3, 3)|reverse=C204|signature=12<23=34<01=13<24<02<14<03<04
C301|covector=0---+-++-++-+++|dim=2|tie=2|total_rep=(6, 1, 4, 4)|height_rep=(6, 1, 4, 4)|reverse=C171|signature=12<23=34<13<01<02<24<14<03<04
C302|covector=0---+-++-++0+++|dim=1|tie=2+2|total_rep=(5, 1, 3, 3)|height_rep=(5, 1, 3, 3)|reverse=C170|signature=12<23=34<13<01<02=24<14<03<04
C303|covector=0---+-++-++++++|dim=2|tie=2|total_rep=(7, 2, 4, 4)|height_rep=(7, 2, 4, 4)|reverse=C169|signature=12<23=34<13<01<24<02<14<03<04
C304|covector=0---+-++0++++++|dim=1|tie=2+2+2|total_rep=(4, 1, 2, 2)|height_rep=(4, 1, 2, 2)|reverse=C168|signature=12<23=34<13<01=24<02=14<03<04
C305|covector=0---+-+++++++++|dim=2|tie=2|total_rep=(7, 2, 3, 3)|height_rep=(7, 2, 3, 3)|reverse=C167|signature=12<23=34<13<24<01<14<02<03<04
C306|covector=0---+0+++++++++|dim=1|tie=2+2|total_rep=(5, 1, 2, 2)|height_rep=(5, 1, 2, 2)|reverse=C166|signature=12<23=34<13<24<01=14<02<03<04
C307|covector=0---+++++++++++|dim=2|tie=2|total_rep=(6, 1, 2, 2)|height_rep=(6, 1, 2, 2)|reverse=C165|signature=12<23=34<13<24<14<01<02<03<04
C308|covector=0-00+-------+++|dim=1|tie=3+2|total_rep=(1, 2, 2, 2)|height_rep=(1, 2, 2, 2)|reverse=C430|signature=01<12=23=34<02<13=24<03<14<04
C309|covector=0-00+--0-000+++|dim=0|tie=4+3+2|total_rep=(1, 1, 1, 1)|height_rep=(1, 1, 1, 1)|reverse=C309|signature=01=12=23=34<02=13=24<03=14<04
C310|covector=0-00+--+-++++++|dim=1|tie=3+2|total_rep=(3, 2, 2, 2)|height_rep=(3, 2, 2, 2)|reverse=C142|signature=12=23=34<01<13=24<02<14<03<04
C311|covector=0-00+-0+0++++++|dim=0|tie=3+3+2|total_rep=(2, 1, 1, 1)|height_rep=(2, 1, 1, 1)|reverse=C131|signature=12=23=34<01=13=24<02=14<03<04
C312|covector=0-00+-+++++++++|dim=1|tie=3+2|total_rep=(5, 2, 2, 2)|height_rep=(5, 2, 2, 2)|reverse=C108|signature=12=23=34<13=24<01<14<02<03<04
C313|covector=0-00+0+++++++++|dim=0|tie=3+2+2|total_rep=(3, 1, 1, 1)|height_rep=(3, 1, 1, 1)|reverse=C107|signature=12=23=34<13=24<01=14<02<03<04
C314|covector=0-00+++++++++++|dim=1|tie=3+2|total_rep=(4, 1, 1, 1)|height_rep=(4, 1, 1, 1)|reverse=C106|signature=12=23=34<13=24<14<01<02<03<04
C315|covector=0-+++-------+++|dim=2|tie=2|total_rep=(1, 4, 3, 3)|height_rep=(1, 4, 3, 3)|reverse=C413|signature=01<23=34<12<02<24<13<03<14<04
C316|covector=0-+++------0+++|dim=1|tie=2+2|total_rep=(1, 3, 2, 2)|height_rep=(1, 3, 2, 2)|reverse=C412|signature=01<23=34<12<02=24<13<03<14<04
C317|covector=0-+++------++++|dim=2|tie=2|total_rep=(2, 5, 3, 3)|height_rep=(2, 5, 3, 3)|reverse=C411|signature=01<23=34<12<24<02<13<03<14<04
C318|covector=0-+++----00++++|dim=1|tie=3+2+2|total_rep=(2, 3, 2, 2)|height_rep=(2, 3, 2, 2)|reverse=C388|signature=01=23=34<12<24<02=13<03=14<04
C319|covector=0-+++----++++++|dim=2|tie=2|total_rep=(4, 5, 3, 3)|height_rep=(4, 5, 3, 3)|reverse=C357|signature=23=34<01<12<24<13<02<14<03<04
C320|covector=0-+++--0-++++++|dim=1|tie=2+2|total_rep=(3, 3, 2, 2)|height_rep=(3, 3, 2, 2)|reverse=C290|signature=23=34<01=12<24<13<02<14<03<04
C321|covector=0-+++--+-++++++|dim=2|tie=2|total_rep=(5, 4, 3, 3)|height_rep=(5, 4, 3, 3)|reverse=C081|signature=23=34<12<01<24<13<02<14<03<04
C322|covector=0-+++--+0++++++|dim=1|tie=2+2+2|total_rep=(4, 3, 2, 2)|height_rep=(4, 3, 2, 2)|reverse=C080|signature=23=34<12<01=24<13<02=14<03<04
C323|covector=0-+++--++++++++|dim=2|tie=2|total_rep=(7, 5, 3, 3)|height_rep=(7, 5, 3, 3)|reverse=C079|signature=23=34<12<24<01<13<14<02<03<04
C324|covector=0-+++-0++++++++|dim=1|tie=2+2|total_rep=(5, 3, 2, 2)|height_rep=(5, 3, 2, 2)|reverse=C058|signature=23=34<12<24<01=13<14<02<03<04
C325|covector=0-+++-+++++++++|dim=2|tie=2|total_rep=(6, 3, 2, 2)|height_rep=(6, 3, 2, 2)|reverse=C017|signature=23=34<12<24<13<01<14<02<03<04
C326|covector=0-+++0+++++++++|dim=1|tie=2+2|total_rep=(7, 3, 2, 2)|height_rep=(7, 3, 2, 2)|reverse=C016|signature=23=34<12<24<13<01=14<02<03<04
C327|covector=0-+++++++++++++|dim=2|tie=2|total_rep=(8, 3, 2, 2)|height_rep=(8, 3, 2, 2)|reverse=C015|signature=23=34<12<24<13<14<01<02<03<04
C328|covector=00+++------++++|dim=1|tie=2+2|total_rep=(1, 4, 2, 2)|height_rep=(1, 4, 2, 2)|reverse=C410|signature=01<23=34<12=24<02<13<03<14<04
C329|covector=00+++----00++++|dim=0|tie=3+2+2+2|total_rep=(1, 2, 1, 1)|height_rep=(1, 2, 1, 1)|reverse=C387|signature=01=23=34<12=24<02=13<03=14<04
C330|covector=00+++----++++++|dim=1|tie=2+2|total_rep=(3, 4, 2, 2)|height_rep=(3, 4, 2, 2)|reverse=C356|signature=23=34<01<12=24<13<02<14<03<04
C331|covector=00+++--00++++++|dim=0|tie=3+2+2|total_rep=(2, 2, 1, 1)|height_rep=(2, 2, 1, 1)|reverse=C289|signature=23=34<01=12=24<13<02=14<03<04
C332|covector=00+++--++++++++|dim=1|tie=2+2|total_rep=(5, 4, 2, 2)|height_rep=(5, 4, 2, 2)|reverse=C078|signature=23=34<12=24<01<13<14<02<03<04
C333|covector=00+++-0++++++++|dim=0|tie=2+2+2|total_rep=(3, 2, 1, 1)|height_rep=(3, 2, 1, 1)|reverse=C057|signature=23=34<12=24<01=13<14<02<03<04
C334|covector=00+++-+++++++++|dim=1|tie=2+2|total_rep=(7, 4, 2, 2)|height_rep=(7, 4, 2, 2)|reverse=C014|signature=23=34<12=24<13<01<14<02<03<04
C335|covector=00+++0+++++++++|dim=0|tie=2+2+2|total_rep=(4, 2, 1, 1)|height_rep=(4, 2, 1, 1)|reverse=C013|signature=23=34<12=24<13<01=14<02<03<04
C336|covector=00+++++++++++++|dim=1|tie=2+2|total_rep=(5, 2, 1, 1)|height_rep=(5, 2, 1, 1)|reverse=C012|signature=23=34<12=24<13<14<01<02<03<04
C337|covector=0++++------++++|dim=2|tie=2|total_rep=(1, 5, 2, 2)|height_rep=(1, 5, 2, 2)|reverse=C409|signature=01<23=34<24<12<02<13<03<14<04
C338|covector=0++++----00++++|dim=1|tie=3+2+2|total_rep=(1, 3, 1, 1)|height_rep=(1, 3, 1, 1)|reverse=C386|signature=01=23=34<24<12<02=13<03=14<04
C339|covector=0++++----++++++|dim=2|tie=2|total_rep=(3, 5, 2, 2)|height_rep=(3, 5, 2, 2)|reverse=C355|signature=23=34<01<24<12<13<02<14<03<04
C340|covector=0++++---0++++++|dim=1|tie=2+2+2|total_rep=(2, 3, 1, 1)|height_rep=(2, 3, 1, 1)|reverse=C354|signature=23=34<01=24<12<13<02=14<03<04
C341|covector=0++++---+++++++|dim=2|tie=2|total_rep=(3, 4, 1, 1)|height_rep=(3, 4, 1, 1)|reverse=C353|signature=23=34<24<01<12<13<14<02<03<04
C342|covector=0++++--0+++++++|dim=1|tie=2+2|total_rep=(3, 3, 1, 1)|height_rep=(3, 3, 1, 1)|reverse=C288|signature=23=34<24<01=12<13<14<02<03<04
C343|covector=0++++--++++++++|dim=2|tie=2|total_rep=(6, 5, 2, 2)|height_rep=(6, 5, 2, 2)|reverse=C077|signature=23=34<24<12<01<13<14<02<03<04
C344|covector=0++++-0++++++++|dim=1|tie=2+2|total_rep=(4, 3, 1, 1)|height_rep=(4, 3, 1, 1)|reverse=C056|signature=23=34<24<12<01=13<14<02<03<04
C345|covector=0++++-+++++++++|dim=2|tie=2|total_rep=(8, 5, 2, 2)|height_rep=(8, 5, 2, 2)|reverse=C011|signature=23=34<24<12<13<01<14<02<03<04
C346|covector=0++++0+++++++++|dim=1|tie=2+2|total_rep=(5, 3, 1, 1)|height_rep=(5, 3, 1, 1)|reverse=C010|signature=23=34<24<12<13<01=14<02<03<04
C347|covector=0++++++++++++++|dim=2|tie=2|total_rep=(6, 3, 1, 1)|height_rep=(6, 3, 1, 1)|reverse=C009|signature=23=34<24<12<13<14<01<02<03<04
C348|covector=+---+---------+|dim=3|tie=strict|total_rep=(1, 2, 5, 4)|height_rep=(1, 2, 5, 4)|reverse=C470|signature=01<12<02<34<23<13<03<24<14<04
C349|covector=+---+--------0+|dim=2|tie=2+2|total_rep=(1, 2, 4, 3)|height_rep=(1, 2, 4, 3)|reverse=C469|signature=01<12<34=02<23<13<24=03<14<04
C350|covector=+---+--------++|dim=3|tie=strict|total_rep=(2, 3, 6, 4)|height_rep=(2, 3, 6, 4)|reverse=C468|signature=01<12<34<02<23<13<24<03<14<04
C351|covector=+---+-------0++|dim=2|tie=2|total_rep=(2, 3, 5, 4)|height_rep=(2, 3, 5, 4)|reverse=C457|signature=01<12<34<23=02<13<24<03<14<04
C352|covector=+---+-------+++|dim=3|tie=strict|total_rep=(3, 4, 6, 5)|height_rep=(3, 4, 6, 5)|reverse=C444|signature=01<12<34<23<02<13<24<03<14<04
C353|covector=+---+--0------+|dim=2|tie=2|total_rep=(1, 1, 4, 3)|height_rep=(1, 1, 4, 3)|reverse=C341|signature=01=12<02<34<23<13<03<24<14<04
C354|covector=+---+--0-----0+|dim=1|tie=2+2+2|total_rep=(1, 1, 3, 2)|height_rep=(1, 1, 3, 2)|reverse=C340|signature=01=12<34=02<23<13<24=03<14<04
C355|covector=+---+--0-----++|dim=2|tie=2|total_rep=(2, 2, 5, 3)|height_rep=(2, 2, 5, 3)|reverse=C339|signature=01=12<34<02<23<13<24<03<14<04
C356|covector=+---+--0----0++|dim=1|tie=2+2|total_rep=(2, 2, 4, 3)|height_rep=(2, 2, 4, 3)|reverse=C330|signature=01=12<34<23=02<13<24<03<14<04
C357|covector=+---+--0----+++|dim=2|tie=2|total_rep=(3, 3, 5, 4)|height_rep=(3, 3, 5, 4)|reverse=C319|signature=01=12<34<23<02<13<24<03<14<04
C358|covector=+---+--+------+|dim=3|tie=strict|total_rep=(2, 1, 5, 4)|height_rep=(2, 1, 5, 4)|reverse=C278|signature=12<01<02<34<23<13<03<24<14<04
C359|covector=+---+--+-----0+|dim=2|tie=2+2|total_rep=(2, 1, 4, 3)|height_rep=(2, 1, 4, 3)|reverse=C277|signature=12<01<34=02<23<13<24=03<14<04
C360|covector=+---+--+-----++|dim=3|tie=strict|total_rep=(3, 2, 6, 4)|height_rep=(3, 2, 6, 4)|reverse=C276|signature=12<01<34<02<23<13<24<03<14<04
C361|covector=+---+--+----0++|dim=2|tie=2|total_rep=(3, 2, 5, 4)|height_rep=(3, 2, 5, 4)|reverse=C265|signature=12<01<34<23=02<13<24<03<14<04
C362|covector=+---+--+----+++|dim=3|tie=strict|total_rep=(4, 3, 6, 5)|height_rep=(4, 3, 6, 5)|reverse=C252|signature=12<01<34<23<02<13<24<03<14<04
C363|covector=+---+--+--0--++|dim=2|tie=2+2|total_rep=(2, 1, 4, 2)|height_rep=(2, 1, 4, 2)|reverse=C275|signature=12<01=34<02<23<13<24<03=14<04
C364|covector=+---+--+--0-0++|dim=1|tie=2+2+2|total_rep=(2, 1, 3, 2)|height_rep=(2, 1, 3, 2)|reverse=C264|signature=12<01=34<23=02<13<24<03=14<04
C365|covector=+---+--+--0-+++|dim=2|tie=2+2|total_rep=(3, 2, 4, 3)|height_rep=(3, 2, 4, 3)|reverse=C251|signature=12<01=34<23<02<13<24<03=14<04
C366|covector=+---+--+--+--++|dim=3|tie=strict|total_rep=(3, 1, 5, 2)|height_rep=(3, 1, 5, 2)|reverse=C274|signature=12<34<01<02<23<13<24<14<03<04
C367|covector=+---+--+--+-0++|dim=2|tie=2|total_rep=(3, 1, 4, 2)|height_rep=(3, 1, 4, 2)|reverse=C263|signature=12<34<01<23=02<13<24<14<03<04
C368|covector=+---+--+--+-+++|dim=3|tie=strict|total_rep=(4, 2, 5, 3)|height_rep=(4, 2, 5, 3)|reverse=C250|signature=12<34<01<23<02<13<24<14<03<04
C369|covector=+---+--+-0+-+++|dim=2|tie=2+2|total_rep=(3, 1, 3, 2)|height_rep=(3, 1, 3, 2)|reverse=C239|signature=12<34<01=23<02=13<24<14<03<04
C370|covector=+---+--+-++-+++|dim=3|tie=strict|total_rep=(6, 2, 5, 4)|height_rep=(6, 2, 5, 4)|reverse=C222|signature=12<34<23<01<13<02<24<14<03<04
C371|covector=+---+--+-++0+++|dim=2|tie=2|total_rep=(5, 2, 4, 3)|height_rep=(5, 2, 4, 3)|reverse=C221|signature=12<34<23<01<13<02=24<14<03<04
C372|covector=+---+--+-++++++|dim=3|tie=strict|total_rep=(7, 3, 5, 4)|height_rep=(7, 3, 5, 4)|reverse=C220|signature=12<34<23<01<13<24<02<14<03<04
C373|covector=+---+-0+-++-+++|dim=2|tie=2|total_rep=(5, 1, 4, 3)|height_rep=(5, 1, 4, 3)|reverse=C203|signature=12<34<23<01=13<02<24<14<03<04
C374|covector=+---+-0+-++0+++|dim=1|tie=2+2|total_rep=(4, 1, 3, 2)|height_rep=(4, 1, 3, 2)|reverse=C202|signature=12<34<23<01=13<02=24<14<03<04
C375|covector=+---+-0+-++++++|dim=2|tie=2|total_rep=(6, 2, 4, 3)|height_rep=(6, 2, 4, 3)|reverse=C201|signature=12<34<23<01=13<24<02<14<03<04
C376|covector=+---+-++-++-+++|dim=3|tie=strict|total_rep=(7, 1, 5, 4)|height_rep=(7, 1, 5, 4)|reverse=C164|signature=12<34<23<13<01<02<24<14<03<04
C377|covector=+---+-++-++0+++|dim=2|tie=2|total_rep=(6, 1, 4, 3)|height_rep=(6, 1, 4, 3)|reverse=C163|signature=12<34<23<13<01<02=24<14<03<04
C378|covector=+---+-++-++++++|dim=3|tie=strict|total_rep=(8, 2, 5, 4)|height_rep=(8, 2, 5, 4)|reverse=C162|signature=12<34<23<13<01<24<02<14<03<04
C379|covector=+---+-++0++++++|dim=2|tie=2+2|total_rep=(5, 1, 3, 2)|height_rep=(5, 1, 3, 2)|reverse=C161|signature=12<34<23<13<01=24<02=14<03<04
C380|covector=+---+-+++++++++|dim=3|tie=strict|total_rep=(8, 2, 4, 3)|height_rep=(8, 2, 4, 3)|reverse=C160|signature=12<34<23<13<24<01<14<02<03<04
C381|covector=+---+0+++++++++|dim=2|tie=2|total_rep=(6, 1, 3, 2)|height_rep=(6, 1, 3, 2)|reverse=C159|signature=12<34<23<13<24<01=14<02<03<04
C382|covector=+---+++++++++++|dim=3|tie=strict|total_rep=(7, 1, 3, 2)|height_rep=(7, 1, 3, 2)|reverse=C158|signature=12<34<23<13<24<14<01<02<03<04
C383|covector=+--0+--------++|dim=2|tie=2+2|total_rep=(1, 2, 4, 2)|height_rep=(1, 2, 4, 2)|reverse=C467|signature=01<12=34<02<23<13=24<03<14<04
C384|covector=+--0+-------0++|dim=1|tie=2+2+2|total_rep=(1, 2, 3, 2)|height_rep=(1, 2, 3, 2)|reverse=C456|signature=01<12=34<23=02<13=24<03<14<04
C385|covector=+--0+-------+++|dim=2|tie=2+2|total_rep=(2, 3, 4, 3)|height_rep=(2, 3, 4, 3)|reverse=C443|signature=01<12=34<23<02<13=24<03<14<04
C386|covector=+--0+--0--0--++|dim=1|tie=3+2+2|total_rep=(1, 1, 3, 1)|height_rep=(1, 1, 3, 1)|reverse=C338|signature=01=12=34<02<23<13=24<03=14<04
C387|covector=+--0+--0--0-0++|dim=0|tie=3+2+2+2|total_rep=(1, 1, 2, 1)|height_rep=(1, 1, 2, 1)|reverse=C329|signature=01=12=34<23=02<13=24<03=14<04
C388|covector=+--0+--0--0-+++|dim=1|tie=3+2+2|total_rep=(2, 2, 3, 2)|height_rep=(2, 2, 3, 2)|reverse=C318|signature=01=12=34<23<02<13=24<03=14<04
C389|covector=+--0+--+--+--++|dim=2|tie=2+2|total_rep=(2, 1, 4, 1)|height_rep=(2, 1, 4, 1)|reverse=C273|signature=12=34<01<02<23<13=24<14<03<04
C390|covector=+--0+--+--+-0++|dim=1|tie=2+2+2|total_rep=(2, 1, 3, 1)|height_rep=(2, 1, 3, 1)|reverse=C262|signature=12=34<01<23=02<13=24<14<03<04
C391|covector=+--0+--+--+-+++|dim=2|tie=2+2|total_rep=(3, 2, 4, 2)|height_rep=(3, 2, 4, 2)|reverse=C249|signature=12=34<01<23<02<13=24<14<03<04
C392|covector=+--0+--+-0+0+++|dim=1|tie=3+2+2|total_rep=(2, 1, 2, 1)|height_rep=(2, 1, 2, 1)|reverse=C238|signature=12=34<01=23<02=13=24<14<03<04
C393|covector=+--0+--+-++++++|dim=2|tie=2+2|total_rep=(4, 2, 3, 2)|height_rep=(4, 2, 3, 2)|reverse=C219|signature=12=34<23<01<13=24<02<14<03<04
C394|covector=+--0+-0+0++++++|dim=1|tie=3+2+2|total_rep=(3, 1, 2, 1)|height_rep=(3, 1, 2, 1)|reverse=C200|signature=12=34<23<01=13=24<02=14<03<04
C395|covector=+--0+-+++++++++|dim=2|tie=2+2|total_rep=(6, 2, 3, 2)|height_rep=(6, 2, 3, 2)|reverse=C157|signature=12=34<23<13=24<01<14<02<03<04
C396|covector=+--0+0+++++++++|dim=1|tie=2+2+2|total_rep=(4, 1, 2, 1)|height_rep=(4, 1, 2, 1)|reverse=C156|signature=12=34<23<13=24<01=14<02<03<04
C397|covector=+--0+++++++++++|dim=2|tie=2+2|total_rep=(5, 1, 2, 1)|height_rep=(5, 1, 2, 1)|reverse=C155|signature=12=34<23<13=24<14<01<02<03<04
C398|covector=+--++--------++|dim=3|tie=strict|total_rep=(1, 3, 5, 2)|height_rep=(1, 3, 5, 2)|reverse=C466|signature=01<34<12<02<23<24<13<03<14<04
C399|covector=+--++-------0++|dim=2|tie=2|total_rep=(1, 3, 4, 2)|height_rep=(1, 3, 4, 2)|reverse=C455|signature=01<34<12<23=02<24<13<03<14<04
C400|covector=+--++-------+++|dim=3|tie=strict|total_rep=(2, 4, 5, 3)|height_rep=(2, 4, 5, 3)|reverse=C442|signature=01<34<12<23<02<24<13<03<14<04
C401|covector=+--++-----0--++|dim=2|tie=2+2|total_rep=(1, 2, 4, 1)|height_rep=(1, 2, 4, 1)|reverse=C465|signature=01=34<12<02<23<24<13<03=14<04
C402|covector=+--++-----0-0++|dim=1|tie=2+2+2|total_rep=(1, 2, 3, 1)|height_rep=(1, 2, 3, 1)|reverse=C454|signature=01=34<12<23=02<24<13<03=14<04
C403|covector=+--++-----0-+++|dim=2|tie=2+2|total_rep=(2, 3, 4, 2)|height_rep=(2, 3, 4, 2)|reverse=C441|signature=01=34<12<23<02<24<13<03=14<04
C404|covector=+--++-----+--++|dim=3|tie=strict|total_rep=(2, 3, 6, 1)|height_rep=(2, 3, 6, 1)|reverse=C464|signature=34<01<12<02<23<24<13<14<03<04
C405|covector=+--++-----+-0++|dim=2|tie=2|total_rep=(2, 3, 5, 1)|height_rep=(2, 3, 5, 1)|reverse=C453|signature=34<01<12<23=02<24<13<14<03<04
C406|covector=+--++-----+-+++|dim=3|tie=strict|total_rep=(3, 4, 6, 2)|height_rep=(3, 4, 6, 2)|reverse=C440|signature=34<01<12<23<02<24<13<14<03<04
C407|covector=+--++-----+0+++|dim=2|tie=2|total_rep=(2, 3, 4, 1)|height_rep=(2, 3, 4, 1)|reverse=C439|signature=34<01<12<23<02=24<13<14<03<04
C408|covector=+--++-----+++++|dim=3|tie=strict|total_rep=(3, 4, 5, 1)|height_rep=(3, 4, 5, 1)|reverse=C438|signature=34<01<12<23<24<02<13<14<03<04
C409|covector=+--++--0--+--++|dim=2|tie=2|total_rep=(2, 2, 5, 1)|height_rep=(2, 2, 5, 1)|reverse=C337|signature=34<01=12<02<23<24<13<14<03<04
C410|covector=+--++--0--+-0++|dim=1|tie=2+2|total_rep=(2, 2, 4, 1)|height_rep=(2, 2, 4, 1)|reverse=C328|signature=34<01=12<23=02<24<13<14<03<04
C411|covector=+--++--0--+-+++|dim=2|tie=2|total_rep=(3, 3, 5, 2)|height_rep=(3, 3, 5, 2)|reverse=C317|signature=34<01=12<23<02<24<13<14<03<04
C412|covector=+--++--0--+0+++|dim=1|tie=2+2|total_rep=(2, 2, 3, 1)|height_rep=(2, 2, 3, 1)|reverse=C316|signature=34<01=12<23<02=24<13<14<03<04
C413|covector=+--++--0--+++++|dim=2|tie=2|total_rep=(3, 3, 4, 1)|height_rep=(3, 3, 4, 1)|reverse=C315|signature=34<01=12<23<24<02<13<14<03<04
C414|covector=+--++--+--+--++|dim=3|tie=strict|total_rep=(3, 2, 6, 1)|height_rep=(3, 2, 6, 1)|reverse=C272|signature=34<12<01<02<23<24<13<14<03<04
C415|covector=+--++--+--+-0++|dim=2|tie=2|total_rep=(3, 2, 5, 1)|height_rep=(3, 2, 5, 1)|reverse=C261|signature=34<12<01<23=02<24<13<14<03<04
C416|covector=+--++--+--+-+++|dim=3|tie=strict|total_rep=(4, 3, 6, 2)|height_rep=(4, 3, 6, 2)|reverse=C248|signature=34<12<01<23<02<24<13<14<03<04
C417|covector=+--++--+--+0+++|dim=2|tie=2|total_rep=(3, 2, 4, 1)|height_rep=(3, 2, 4, 1)|reverse=C247|signature=34<12<01<23<02=24<13<14<03<04
C418|covector=+--++--+--+++++|dim=3|tie=strict|total_rep=(4, 3, 5, 1)|height_rep=(4, 3, 5, 1)|reverse=C246|signature=34<12<01<23<24<02<13<14<03<04
C419|covector=+--++--+-0+++++|dim=2|tie=2+2|total_rep=(3, 2, 3, 1)|height_rep=(3, 2, 3, 1)|reverse=C237|signature=34<12<01=23<24<02=13<14<03<04
C420|covector=+--++--+-++++++|dim=3|tie=strict|total_rep=(5, 3, 4, 2)|height_rep=(5, 3, 4, 2)|reverse=C218|signature=34<12<23<01<24<13<02<14<03<04
C421|covector=+--++--+0++++++|dim=2|tie=2+2|total_rep=(4, 2, 3, 1)|height_rep=(4, 2, 3, 1)|reverse=C217|signature=34<12<23<01=24<13<02=14<03<04
C422|covector=+--++--++++++++|dim=3|tie=strict|total_rep=(6, 3, 4, 1)|height_rep=(6, 3, 4, 1)|reverse=C216|signature=34<12<23<24<01<13<14<02<03<04
C423|covector=+--++-0++++++++|dim=2|tie=2|total_rep=(5, 2, 3, 1)|height_rep=(5, 2, 3, 1)|reverse=C199|signature=34<12<23<24<01=13<14<02<03<04
C424|covector=+--++-+++++++++|dim=3|tie=strict|total_rep=(8, 3, 4, 2)|height_rep=(8, 3, 4, 2)|reverse=C154|signature=34<12<23<24<13<01<14<02<03<04
C425|covector=+--++0+++++++++|dim=2|tie=2|total_rep=(6, 2, 3, 1)|height_rep=(6, 2, 3, 1)|reverse=C153|signature=34<12<23<24<13<01=14<02<03<04
C426|covector=+--++++++++++++|dim=3|tie=strict|total_rep=(7, 2, 3, 1)|height_rep=(7, 2, 3, 1)|reverse=C152|signature=34<12<23<24<13<14<01<02<03<04
C427|covector=+-0++-------+++|dim=2|tie=2|total_rep=(1, 3, 3, 2)|height_rep=(1, 3, 3, 2)|reverse=C429|signature=01<34<12=23<02<24<13<03<14<04
C428|covector=+-0++-----00+++|dim=1|tie=2+2+2+2|total_rep=(1, 2, 2, 1)|height_rep=(1, 2, 2, 1)|reverse=C428|signature=01=34<12=23<02=24<13<03=14<04
C429|covector=+-0++-----+++++|dim=2|tie=2|total_rep=(2, 3, 3, 1)|height_rep=(2, 3, 3, 1)|reverse=C427|signature=34<01<12=23<24<02<13<14<03<04
C430|covector=+-0++--0-0+++++|dim=1|tie=3+2|total_rep=(2, 2, 2, 1)|height_rep=(2, 2, 2, 1)|reverse=C308|signature=34<01=12=23<24<02=13<14<03<04
C431|covector=+-0++--+-++++++|dim=2|tie=2|total_rep=(4, 3, 3, 2)|height_rep=(4, 3, 3, 2)|reverse=C141|signature=34<12=23<01<24<13<02<14<03<04
C432|covector=+-0++--+0++++++|dim=1|tie=2+2+2|total_rep=(3, 2, 2, 1)|height_rep=(3, 2, 2, 1)|reverse=C140|signature=34<12=23<01=24<13<02=14<03<04
C433|covector=+-0++--++++++++|dim=2|tie=2|total_rep=(5, 3, 3, 1)|height_rep=(5, 3, 3, 1)|reverse=C139|signature=34<12=23<24<01<13<14<02<03<04
C434|covector=+-0++-0++++++++|dim=1|tie=2+2|total_rep=(4, 2, 2, 1)|height_rep=(4, 2, 2, 1)|reverse=C130|signature=34<12=23<24<01=13<14<02<03<04
C435|covector=+-0++-+++++++++|dim=2|tie=2|total_rep=(7, 3, 3, 2)|height_rep=(7, 3, 3, 2)|reverse=C105|signature=34<12=23<24<13<01<14<02<03<04
C436|covector=+-0++0+++++++++|dim=1|tie=2+2|total_rep=(5, 2, 2, 1)|height_rep=(5, 2, 2, 1)|reverse=C104|signature=34<12=23<24<13<01=14<02<03<04
C437|covector=+-0++++++++++++|dim=2|tie=2|total_rep=(6, 2, 2, 1)|height_rep=(6, 2, 2, 1)|reverse=C103|signature=34<12=23<24<13<14<01<02<03<04
C438|covector=+-+++-------+++|dim=3|tie=strict|total_rep=(1, 5, 4, 3)|height_rep=(1, 5, 4, 3)|reverse=C408|signature=01<34<23<12<02<24<13<03<14<04
C439|covector=+-+++------0+++|dim=2|tie=2|total_rep=(1, 4, 3, 2)|height_rep=(1, 4, 3, 2)|reverse=C407|signature=01<34<23<12<02=24<13<03<14<04
C440|covector=+-+++------++++|dim=3|tie=strict|total_rep=(2, 6, 4, 3)|height_rep=(2, 6, 4, 3)|reverse=C406|signature=01<34<23<12<24<02<13<03<14<04
C441|covector=+-+++-----0++++|dim=2|tie=2+2|total_rep=(2, 4, 3, 2)|height_rep=(2, 4, 3, 2)|reverse=C403|signature=01=34<23<12<24<02<13<03=14<04
C442|covector=+-+++-----+++++|dim=3|tie=strict|total_rep=(3, 5, 4, 2)|height_rep=(3, 5, 4, 2)|reverse=C400|signature=34<01<23<12<24<02<13<14<03<04
C443|covector=+-+++----0+++++|dim=2|tie=2+2|total_rep=(3, 4, 3, 2)|height_rep=(3, 4, 3, 2)|reverse=C385|signature=34<01=23<12<24<02=13<14<03<04
C444|covector=+-+++----++++++|dim=3|tie=strict|total_rep=(5, 6, 4, 3)|height_rep=(5, 6, 4, 3)|reverse=C352|signature=34<23<01<12<24<13<02<14<03<04
C445|covector=+-+++--0-++++++|dim=2|tie=2|total_rep=(4, 4, 3, 2)|height_rep=(4, 4, 3, 2)|reverse=C287|signature=34<23<01=12<24<13<02<14<03<04
C446|covector=+-+++--+-++++++|dim=3|tie=strict|total_rep=(6, 5, 4, 3)|height_rep=(6, 5, 4, 3)|reverse=C076|signature=34<23<12<01<24<13<02<14<03<04
C447|covector=+-+++--+0++++++|dim=2|tie=2+2|total_rep=(5, 4, 3, 2)|height_rep=(5, 4, 3, 2)|reverse=C075|signature=34<23<12<01=24<13<02=14<03<04
C448|covector=+-+++--++++++++|dim=3|tie=strict|total_rep=(6, 4, 3, 2)|height_rep=(6, 4, 3, 2)|reverse=C074|signature=34<23<12<24<01<13<14<02<03<04
C449|covector=+-+++-0++++++++|dim=2|tie=2|total_rep=(7, 4, 3, 2)|height_rep=(7, 4, 3, 2)|reverse=C055|signature=34<23<12<24<01=13<14<02<03<04
C450|covector=+-+++-+++++++++|dim=3|tie=strict|total_rep=(8, 4, 3, 2)|height_rep=(8, 4, 3, 2)|reverse=C008|signature=34<23<12<24<13<01<14<02<03<04
C451|covector=+-+++0+++++++++|dim=2|tie=2|total_rep=(9, 4, 3, 2)|height_rep=(9, 4, 3, 2)|reverse=C007|signature=34<23<12<24<13<01=14<02<03<04
C452|covector=+-+++++++++++++|dim=3|tie=strict|total_rep=(10, 4, 3, 2)|height_rep=(10, 4, 3, 2)|reverse=C006|signature=34<23<12<24<13<14<01<02<03<04
C453|covector=+0+++------++++|dim=2|tie=2|total_rep=(1, 5, 3, 2)|height_rep=(1, 5, 3, 2)|reverse=C405|signature=01<34<23<12=24<02<13<03<14<04
C454|covector=+0+++-----0++++|dim=1|tie=2+2+2|total_rep=(1, 3, 2, 1)|height_rep=(1, 3, 2, 1)|reverse=C402|signature=01=34<23<12=24<02<13<03=14<04
C455|covector=+0+++-----+++++|dim=2|tie=2|total_rep=(2, 4, 3, 1)|height_rep=(2, 4, 3, 1)|reverse=C399|signature=34<01<23<12=24<02<13<14<03<04
C456|covector=+0+++----0+++++|dim=1|tie=2+2+2|total_rep=(2, 3, 2, 1)|height_rep=(2, 3, 2, 1)|reverse=C384|signature=34<01=23<12=24<02=13<14<03<04
C457|covector=+0+++----++++++|dim=2|tie=2|total_rep=(4, 5, 3, 2)|height_rep=(4, 5, 3, 2)|reverse=C351|signature=34<23<01<12=24<13<02<14<03<04
C458|covector=+0+++--00++++++|dim=1|tie=3+2|total_rep=(3, 3, 2, 1)|height_rep=(3, 3, 2, 1)|reverse=C286|signature=34<23<01=12=24<13<02=14<03<04
C459|covector=+0+++--++++++++|dim=2|tie=2|total_rep=(4, 3, 2, 1)|height_rep=(4, 3, 2, 1)|reverse=C073|signature=34<23<12=24<01<13<14<02<03<04
C460|covector=+0+++-0++++++++|dim=1|tie=2+2|total_rep=(5, 3, 2, 1)|height_rep=(5, 3, 2, 1)|reverse=C054|signature=34<23<12=24<01=13<14<02<03<04
C461|covector=+0+++-+++++++++|dim=2|tie=2|total_rep=(9, 5, 3, 2)|height_rep=(9, 5, 3, 2)|reverse=C005|signature=34<23<12=24<13<01<14<02<03<04
C462|covector=+0+++0+++++++++|dim=1|tie=2+2|total_rep=(6, 3, 2, 1)|height_rep=(6, 3, 2, 1)|reverse=C004|signature=34<23<12=24<13<01=14<02<03<04
C463|covector=+0+++++++++++++|dim=2|tie=2|total_rep=(7, 3, 2, 1)|height_rep=(7, 3, 2, 1)|reverse=C003|signature=34<23<12=24<13<14<01<02<03<04
C464|covector=+++++------++++|dim=3|tie=strict|total_rep=(1, 6, 3, 2)|height_rep=(1, 6, 3, 2)|reverse=C404|signature=01<34<23<24<12<02<13<03<14<04
C465|covector=+++++-----0++++|dim=2|tie=2+2|total_rep=(1, 4, 2, 1)|height_rep=(1, 4, 2, 1)|reverse=C401|signature=01=34<23<24<12<02<13<03=14<04
C466|covector=+++++-----+++++|dim=3|tie=strict|total_rep=(2, 5, 3, 1)|height_rep=(2, 5, 3, 1)|reverse=C398|signature=34<01<23<24<12<02<13<14<03<04
C467|covector=+++++----0+++++|dim=2|tie=2+2|total_rep=(2, 4, 2, 1)|height_rep=(2, 4, 2, 1)|reverse=C383|signature=34<01=23<24<12<02=13<14<03<04
C468|covector=+++++----++++++|dim=3|tie=strict|total_rep=(4, 6, 3, 2)|height_rep=(4, 6, 3, 2)|reverse=C350|signature=34<23<01<24<12<13<02<14<03<04
C469|covector=+++++---0++++++|dim=2|tie=2+2|total_rep=(3, 4, 2, 1)|height_rep=(3, 4, 2, 1)|reverse=C349|signature=34<23<01=24<12<13<02=14<03<04
C470|covector=+++++---+++++++|dim=3|tie=strict|total_rep=(4, 5, 2, 1)|height_rep=(4, 5, 2, 1)|reverse=C348|signature=34<23<24<01<12<13<14<02<03<04
C471|covector=+++++--0+++++++|dim=2|tie=2|total_rep=(4, 4, 2, 1)|height_rep=(4, 4, 2, 1)|reverse=C285|signature=34<23<24<01=12<13<14<02<03<04
C472|covector=+++++--++++++++|dim=3|tie=strict|total_rep=(5, 4, 2, 1)|height_rep=(5, 4, 2, 1)|reverse=C072|signature=34<23<24<12<01<13<14<02<03<04
C473|covector=+++++-0++++++++|dim=2|tie=2|total_rep=(6, 4, 2, 1)|height_rep=(6, 4, 2, 1)|reverse=C053|signature=34<23<24<12<01=13<14<02<03<04
C474|covector=+++++-+++++++++|dim=3|tie=strict|total_rep=(10, 6, 3, 2)|height_rep=(10, 6, 3, 2)|reverse=C002|signature=34<23<24<12<13<01<14<02<03<04
C475|covector=+++++0+++++++++|dim=2|tie=2|total_rep=(7, 4, 2, 1)|height_rep=(7, 4, 2, 1)|reverse=C001|signature=34<23<24<12<13<01=14<02<03<04
C476|covector=+++++++++++++++|dim=3|tie=strict|total_rep=(8, 4, 2, 1)|height_rep=(8, 4, 2, 1)|reverse=C000|signature=34<23<24<12<13<14<01<02<03<04
ATLAS_END
semantic_sha256=90323a5738e47db6643fea438d3a6b7e3d744b6119568f1e35b2bd03b3297d88
VERDICT=PASS: exact 477-preorder atlas, f-vector (20,125,218,114), 241 reversal classes, and 28620 labelled signatures certified
