MINOR_ENVELOPE 0 1 36 [(1, (1, (1,), (0,), 2)), (2, (0, (0,), (0,), 1))]
MINOR_ENVELOPE 0 2 225 [(3, (2, (1, 3), (0, 1), 12)), (4, (0, (0, 1), (0, 1), 1))]
MINOR_ENVELOPE 0 3 400 [(6, (6, (1, 3, 5), (0, 1, 2), 2880)), (7, (2, (0, 1, 3), (0, 1, 2), 12))]
MINOR_ENVELOPE 0 4 225 [(11, (6, (0, 1, 3, 5), (0, 1, 2, 3), 16320)), (12, (4, (0, 1, 2, 3), (0, 1, 2, 3), 16))]
MINOR_ENVELOPE 0 5 36 [(17, (7, (0, 1, 2, 3, 5), (0, 1, 2, 3, 4), 90240))]
MINOR_ENVELOPE 0 6 1 [(24, (12, (0, 1, 2, 3, 4, 5), (0, 1, 2, 3, 4, 5), 207360000))]
MINOR_ENVELOPE 1 1 36 [(1, (1, (1,), (0,), 2)), (2, (0, (0,), (0,), 1))]
MINOR_ENVELOPE 1 2 225 [(3, (2, (1, 3), (0, 1), 36)), (4, (0, (0, 1), (0, 1), 1))]
MINOR_ENVELOPE 1 3 400 [(6, (6, (1, 3, 5), (0, 1, 2), 1728)), (7, (2, (0, 1, 3), (0, 1, 2), 60))]
MINOR_ENVELOPE 1 4 225 [(11, (7, (0, 1, 3, 5), (0, 1, 2, 3), 12672)), (12, (4, (0, 1, 2, 3), (0, 1, 2, 3), 1296))]
MINOR_ENVELOPE 1 5 36 [(17, (7, (0, 1, 2, 3, 5), (0, 1, 2, 3, 4), 590976))]
MINOR_ENVELOPE 1 6 1 [(24, (12, (0, 1, 2, 3, 4, 5), (0, 1, 2, 3, 4, 5), 26873856))]
SCALE 0 [(0, 0, 0, 0, 2, 2, 3, 5), (0, 0, 0, 0, 2, 2, 3, 5)]
SCALE 1 [(0, 0, 2, 2, 5, 7, 8, 12), (0, 0, 2, 2, 5, 7, 8, 12)]
SCALE 2 [(0, 0, 3, 5, 8, 12, 13, 19), (0, 0, 3, 5, 8, 12, 13, 19)]
SCALE 3 [(0, 0, 4, 7, 12, 16, 19, 26), (0, 0, 4, 7, 12, 17, 18, 26)]
SCALE 4 [(0, 0, 5, 9, 16, 20, 25, 33), (0, 0, 5, 9, 16, 21, 24, 33)]
SCALE 5 [(0, 0, 6, 11, 19, 25, 31, 40), (0, 0, 6, 11, 19, 26, 30, 40)]
SCALE 6 [(0, 0, 7, 13, 22, 30, 37, 47), (0, 0, 7, 13, 22, 31, 36, 47)]
SCALE 7 [(0, 0, 8, 15, 25, 35, 43, 54), (0, 0, 8, 15, 25, 36, 42, 54)]
SCALE 8 [(0, 0, 9, 17, 28, 40, 49, 61), (0, 0, 9, 17, 28, 41, 48, 61)]
SCALE 9 [(0, 0, 10, 19, 31, 45, 55, 68), (0, 0, 10, 19, 31, 46, 54, 68)]
SCALE 10 [(0, 0, 11, 21, 34, 50, 61, 75), (0, 0, 11, 21, 34, 51, 60, 75)]
SCALE 11 [(0, 0, 12, 23, 37, 55, 67, 82), (0, 0, 12, 23, 37, 56, 66, 82)]
SCALE 12 [(0, 0, 13, 25, 40, 60, 73, 89), (0, 0, 13, 25, 40, 61, 72, 89)]
SCALE 13 [(0, 0, 14, 27, 43, 65, 79, 96), (0, 0, 14, 27, 43, 66, 78, 96)]
SCALE 14 [(0, 0, 15, 29, 46, 70, 85, 103), (0, 0, 15, 29, 46, 71, 84, 103)]
SCALE 15 [(0, 0, 16, 31, 49, 75, 91, 110), (0, 0, 16, 31, 49, 76, 90, 110)]
SCALE 16 [(0, 0, 17, 33, 52, 80, 97, 117), (0, 0, 17, 33, 52, 81, 96, 117)]
SCALE 17 [(0, 0, 18, 35, 55, 85, 103, 124), (0, 0, 18, 35, 55, 86, 102, 124)]
SCALE 18 [(0, 0, 19, 37, 58, 90, 109, 131), (0, 0, 19, 37, 58, 91, 108, 131)]
SCALE 19 [(0, 0, 20, 39, 61, 95, 115, 138), (0, 0, 20, 39, 61, 96, 114, 138)]
SCALE 20 [(0, 0, 21, 41, 64, 100, 121, 145), (0, 0, 21, 41, 64, 101, 120, 145)]
COMPLETE_HEAD 40 cases 9880 isometry_types 54 twins 2
FIRST_HEIGHT_ORDERED_METRIC_TWIN (((0, 8, 24, 32), (0, 0, 4, 7, 12, 17, 18, 26)), ((0, 8, 16, 40), (0, 0, 4, 7, 12, 16, 19, 26)), (3, 3, 4, 5, 3, 3))
SEMANTIC_SHA256 48b5a19755729118aab7aa587ae14ea37d0328c187caa1ab224f21fe1a62903b
EXPLICIT_GATES 175798
RESULT=PASS metric-only four-node Smith claim REFUTED; three-node theorem unaffected
