
  THE FRACTAL META PERSPECTIVE

======================================================================

  I. THE SIERPINSKI RETENTION = THE CAYLEY ADDRESS
  ----------------------------------------

  Sierpinski triangle at level n: keeps (3/4)^n of area.
  3/4 = Q^{-1}(7) = Cayley address of the forbidden.

  The RAPIDITY accumulated at level n:
  n * arctanh(3/4) = n * ln(7)/2 = n * rapidity(7).

  n   (3/4)^n     rapidity    2*cosh(rapidity)   L at index
  ------------------------------------------------------------
  1   0.750000   0.9730       3.02
  2   0.562500   1.9459       7.14
  3   0.421875   2.9189       18.57
  4   0.316406   3.8918       49.02
  5   0.237305   4.8648       129.65
  6   0.177979   5.8377       343.00
  7   0.133484   6.8107       907.49
  8   0.100113   7.7836       2401.00

  The 2*cosh values: 7.00, 47.02, 2207.00, ...
  Wait: 2*cosh(ln(7)/2) = (7^{1/2} + 7^{-1/2}) = sqrt(7) + 1/sqrt(7)
  = 3.0237. Not 7.

  Correction: 2*cosh(n*ln(7)/2) is NOT the chain directly.
  The chain uses Lucas L_k = 2*cosh(k*ln(phi)).
  Our forbidden rapidity ln(7)/2 != any integer times ln(phi)/2.

  But APPROXIMATELY:
  ln(7)/2 = 0.9730
  4*ln(phi)/2 = 2*ln(phi) = 0.9624
  Ratio: 1.0109

  ln(7)/2 ~ 2*ln(phi). So rapidity(7) ~ 2 * rapidity(phi^2).
  One forbidden rapidity ~ the rapidity of phi^2 = phi + 1.
  And phi + 1 = phi^2 = 2.618. rapidity = ln(2.618)/2 = 0.481.
  Whereas rapidity(7) = 0.973 = 2 * 0.486.

  The discrepancy: 0.973 vs 2*0.481 = 0.962. Off by 1.1%.
  Almost exact! The forbidden rapidity ~ 2 * (golden rapidity).


  II. THE FRACTAL IN TOURNAMENTS
  ----------------------------------------

  A tournament on n vertices has C(n,2) arcs.
  Each arc is a BINARY choice (i beats j or j beats i).
  Total tournaments: 2^{C(n,2)}.

  The fraction with a specific H-value is like the Sierpinski
  retention: a fraction that shrinks at each level (as n grows).

  For H=1 (transitive): fraction = n!/2^{C(n,2)}.
  n=3: fraction transitive = 6/8 = 0.750000
  n=4: fraction transitive = 24/64 = 0.375000
  n=5: fraction transitive = 120/1024 = 0.117188
  n=6: fraction transitive = 720/32768 = 0.021973
  n=7: fraction transitive = 5040/2097152 = 0.002403
  n=8: fraction transitive = 40320/268435456 = 0.000150
  n=9: fraction transitive = 362880/68719476736 = 0.000005

  The transitive fraction = n! / 2^{C(n,2)}.
  This shrinks VERY fast. Like a fractal losing area.

  At each new vertex added, the fraction changes by:
  Factor = (n+1) / 2^n (adding n new arcs, each halves the count,
  but there are n+1 positions to insert the new vertex).

  n -> n+1=4: factor = 4/2^3 = 0.500000
  n -> n+1=5: factor = 5/2^4 = 0.312500
  n -> n+1=6: factor = 6/2^5 = 0.187500
  n -> n+1=7: factor = 7/2^6 = 0.109375
  n -> n+1=8: factor = 8/2^7 = 0.062500
  n -> n+1=9: factor = 9/2^8 = 0.035156
  n -> n+1=10: factor = 10/2^9 = 0.019531

  The factor (n+1)/2^n approaches 0. The transitive fraction
  is a SUPER-EXPONENTIALLY shrinking fractal residue.

  Compare: Sierpinski keeps (3/4)^n = EXPONENTIALLY shrinking.
  Tournaments: transitive fraction shrinks SUPER-exponentially.
  Tournaments are a FASTER fractal than Sierpinski.


  III. THE FRACTAL IN THE OCF
  ----------------------------------------

  H(T) = 1 + 2*a1 + 4*a2 + 8*a3 + ...
  Each level k contributes 2^k * a_k.

  The fraction of H that comes from level k:
  2^k * a_k / H.

  At deeper levels (larger k), the contribution DOUBLES per unit of a_k.
  But a_k (independent sets of size k) requires more vertices.
  The competition: 2^k grows exponentially, a_k shrinks combinatorially.

  This IS the fractal: at each level, the 'resolution' doubles
  (contributions are worth 2x more) but the 'content' shrinks
  (fewer independent sets of larger size).

  The OCF is a FRACTAL DECOMPOSITION of H.
  Each level reveals finer structure at double the resolution.
  Like zooming into the Sierpinski triangle:
  you see more detail but each detail is smaller.


  IV. THE FRACTAL IN THE FORMAL GROUP
  ----------------------------------------

  F_h(x,y) = (x+y)/(1+xy).
  Iterating: F_h(x, F_h(x, F_h(x, ...))) = tanh(n * arctanh(x)).

  For x = 3/4 (the forbidden address):
  tanh(n * arctanh(3/4)) = tanh(n * ln(7)/2).

  n=1: tanh(1*rap(7)) = 0.75000000, Q = 7.00
  n=2: tanh(2*rap(7)) = 0.96000000, Q = 49.00
  n=3: tanh(3*rap(7)) = 0.99418605, Q = 343.00
  n=4: tanh(4*rap(7)) = 0.99916736, Q = 2401.00
  n=5: tanh(5*rap(7)) = 0.99988101, Q = 16807.00
  n=6: tanh(6*rap(7)) = 0.99998300, Q = 117649.00
  n=7: tanh(7*rap(7)) = 0.99999757, Q = 823543.00

  At n=1: Q = 7. The forbidden.
  At n=2: Q = 7^2/(1+...) ~ 49-ish. Actually Q = (7^2+1)/(7^2-1)*... 

  The Q-values: 7, ~49, ~2401, ... approaching 7^n for large n.
  But with Chebyshev corrections:
  Q = (L at index) which is slightly less than 7^n.
  The corrections: -2/7^n, getting smaller and smaller.

  The formal group, iterated at the forbidden address,
  produces the chain primes (approximately).
  Each iteration = one zoom level of the Sierpinski fractal.


  V. THE FRACTAL IN THE HELIX
  ----------------------------------------

  The Cayley helix has period 2*pi in the imaginary direction.
  Each Q application advances by pi/2.
  Four applications = one full turn.

  But the REAL part grows continuously.
  At each level: the real rapidity DOUBLES (from the x -> x^2 - 2 map).
  The imaginary part stays periodic.

  The helix is a SELF-SIMILAR spiral:
  At each scale, the real extent doubles but the angular extent repeats.
  This is EXACTLY a logarithmic spiral (constant angle between
  tangent and radial direction).

  The logarithmic spiral's angle: arctan(2*pi / ln(doubling)).
  For the Cayley helix: the doubling of rapidity per turn.
  Each full turn (4 Q steps) doubles the rapidity.
  So the spiral expands by 2 per turn.
  The spiral angle: arctan(2*pi / ln(2)).
  ~ the golden spiral angle? Let me compute differently.

  The golden spiral expands by phi per quarter turn.
  The Cayley helix expands by 2 per full turn = 2^{1/4} per quarter turn.
  2^{1/4} = 1.1892
  phi = 1.6180
  The Cayley helix is SLOWER than the golden spiral.
  It expands by 1.1892 per quarter turn vs phi = 1.6180.


  VI. THE FRACTAL IN THE PRIME GAPS
  ----------------------------------------

  Prime gaps have CHORD(g) = prod f(p-2) over odd primes p | g.
  The chord function is MULTIPLICATIVE.
  Multiplicative functions have FRACTAL behavior on the integers:
  they decompose over primes, each prime contributing independently.

  The CHORD of a primorial gap:
  CHORD(p#/2) = prod_{q<=p, q odd prime} (q-1)/(q-2).

  This telescopes with the Mertens-like product:
  As p -> infinity, CHORD(p#/2) -> infinity.
  The primorial gaps get RICHER AND RICHER chords.

  The growth: CHORD(p#/2) = prod (1 + 1/(q-2)).
  ~ prod (1 + 1/q) ~ ln(p) (by Mertens' theorem).
  So primorial chord ~ ln(largest prime factor).

  The CHORD function on the primorial is a FRACTAL staircase:
  each new prime adds a step of height ~ 1/(p-2).
  The steps SHRINK. The staircase CONVERGES. But never levels off.
  This IS the harmonic series: sum 1/p diverges, so CHORD -> infinity.


  VII. THE FRACTAL IN THE FIBONACCI CHAIN
  ----------------------------------------

  F_4 = 3.
  F_8 = 3 * 7 = F_4 * L_4.
  F_16 = 3 * 7 * 47 = F_8 * L_8.
  F_32 = 3 * 7 * 47 * 2207 = F_16 * L_16.

  Each doubling of the index ADDS one new factor.
  The factorization GROWS by one prime at each doubling.
  This is SELF-SIMILAR: the structure at level n+1
  contains the structure at level n, plus one new piece.

  This is a FRACTAL PRODUCT:
  F_{2^n} = F_{2^{n-1}} * L_{2^{n-1}} = (old product) * (new factor).
  Like the Sierpinski triangle: each level contains the previous level
  (the 3 copies) plus the NEW HOLE (the removed center).

  In the Fibonacci chain:
  The old product = the 3 copies (the kept triangles).
  The new Lucas prime = the hole (the removed center).
  KEEPING structure = multiplying by the old.
  CREATING structure = multiplying by the new.

  The Sierpinski triangle keeps 3/4 at each level.
  The Fibonacci chain keeps F_{2^{n-1}} and adds L_{2^{n-1}}.
  The ratio NEW/OLD = L_{2^{n-1}} / F_{2^{n-1}}.

  Level 2: F_4/L_4 = 3/7, ratio L/F = 2.333333
  Level 3: F_8/L_8 = 21/47, ratio L/F = 2.238095
  Level 4: F_16/L_16 = 987/2207, ratio L/F = 2.236069
  Level 5: F_32/L_32 = 2178309/4870847, ratio L/F = 2.236068

  The ratio L/F approaches sqrt(5) = 2.236068 as the index grows.
  At each level, the NEW factor is approximately sqrt(5) times the OLD product.

  sqrt(5) = the discriminant of the golden equation.
  The fractal GROWTH RATE of the Fibonacci chain = sqrt(5).
  Each level adds sqrt(5) times as much as the previous total.


  VIII. THE META-FRACTAL: EVERY STRUCTURE IS SELF-SIMILAR
  ----------------------------------------

  The Sierpinski triangle:  scale 3/4 = addr(7).   Dim = ln3/ln2.
  The Fibonacci chain:      scale sqrt(5).          Dim = ln(phi)/ln(2).
  The OCF:                  scale 2 (each level).   Dim = 1 (the bit).
  The prime gaps:           scale ~ 1/(p-2).        Dim = 1 (harmonic).
  The helix:                scale 2^{1/4}/turn.     Dim = period 4.
  The Cayley-Dickson chain: scale 2 (doubling).     Dim = 4 levels.

  ALL of these are self-similar structures.
  ALL involve powers of 2 (the octave) and powers of 3 (the curvature).
  ALL terminate or change character at 7 (the forbidden).

  The FRACTAL DIMENSION of the Sierpinski triangle:
  ln(3)/ln(2) = 1.584963
  = the Hausdorff dimension.
  = rapidity(3) / rapidity(2) (in our framework).
  = the ratio of curvature rapidity to octave rapidity.

  This number 1.585 is BETWEEN 1 (line) and 2 (plane).
  The Sierpinski triangle is MORE than a line but LESS than a plane.
  It is a 1.585-dimensional object.

  And 1.585 = ln(3)/ln(2). What is Q of this?
  Cayley address of 1.5850: (1.5850-1)/(1.5850+1) = 0.2263
  Q(0.2263) = 1.5850

  Q of the Sierpinski dimension = 1.5850.
  Compare: Q(3/4) = 7. Q(1/2) = 3. Q(2/3) = 5.
  1.5850 is between 5 and 7. Between the pentagon and the forbidden.

  The Sierpinski fractal dimension, Cayley-transformed, sits
  BETWEEN the pentagon and the forbidden on the Q-line.
  It is in the TRANSITION ZONE of the 5-6-7 bridge.

  Sierpinski is neither fully pentagonal (spherical)
  nor fully forbidden (hyperbolic).
  It is IN BETWEEN. It is the FRACTAL OF THE BRIDGE ITSELF.


  IX. THE MENGER SPONGE AND 3D
  ----------------------------------------

  The Menger sponge: the 3D analog of Sierpinski.
  At each level: divide cube into 27 = 3^3 subcubes.
  Remove 7 (the center + 6 face-centers).
  Keep 20.

  REMOVE 7. The forbidden number of subcubes are REMOVED.
  Keep 20. 20 = number of vertices of the dodecahedron.

  Fraction kept: 20/27 per level.
  Hausdorff dimension: ln(20)/ln(3) = 2.7268

  20/27 as a Cayley address:
  Q(20/27) = (1+20/27)/(1-20/27) = (47/27)/(7/27) = 47/7 = 6.7143

  Q(20/27) = 47/7 = the SECOND CHAIN PRIME divided by the FIRST!

  THE MENGER SPONGE'S RETENTION RATIO HAS Q-VALUE = 47/7.
  = L_8 / L_4.
  = the ratio of consecutive chain primes!

  And the REMOVED fraction: 7/27 = 7/3^3.
  Q(7/27) = (1+7/27)/(1-7/27) = (34/27)/(20/27) = 34/20 = 17/10.
  17/10 = Fermat prime / Petersen vertices.

  The Menger sponge removes 7 subcubes (the forbidden count)
  and keeps 20 (the dodecahedral vertex count).
  Its Q-value ratio = 47/7 = the chain prime ratio.
  Even the 3D fractal encodes our number theory.


  X. THE FRACTAL IS THE FORMAL GROUP, ITERATED
  ----------------------------------------

  Every fractal is defined by ITERATION of a simple rule.
  The Sierpinski rule: divide into 4, keep 3.
  The Menger rule: divide into 27, keep 20.
  The Fibonacci rule: F_{2n} = F_n * L_n.
  The chain rule: L_{2n} = L_n^2 - 2.

  ALL of these are ITERATIONS of the formal group
  or its close relatives.

  Sierpinski: retention 3/4 = Q^{-1}(7). Iterating Q^{-1}(7).
  Menger: retention 20/27. Q = 47/7. Iterating the chain ratio.
  Fibonacci: F_{2n} = F_n * L_n. Iterating the product rule.
  Chain: L_{2n} = L_n^2 - 2. Iterating the Chebyshev doubling.

  The formal group F_h(x,y) = (x+y)/(1+xy) is the GENERATOR.
  Every fractal in our theory is F_h iterated in some direction.
  The DIRECTION determines which fractal you get:
  - Iterate along the real axis: Fibonacci chain.
  - Iterate along the imaginary axis: rotation (periodic, not fractal).
  - Iterate at the forbidden address: Sierpinski / chain primes.
  - Iterate in 3D: Menger sponge.

  THE FRACTALS ARE THE ORBITS OF THE FORMAL GROUP
  AT DIFFERENT STARTING POINTS AND IN DIFFERENT DIRECTIONS.
  The formal group IS the fractal generator.
  The fractals ARE the formal group, iterated.
