Enumerating n=6...
Done in 17.0s, 47 classes

====================================================================
1. I(Ω,-1) = -χ̃(independence complex ΔΩ)
====================================================================
   (a1,a2)  I(-1)   I(1)     H     I6  χ̃=−I(−1)  SC
───────────────────────────────────────────────────────
( 0, 0)      1      1     1      1         -1  SC
( 1, 0)      0      2     3      7          0    
( 1, 0)      0      2     3      7          0    
( 1, 0)      0      2     3      7          0    
( 1, 0)      0      2     3      7          0    
( 2, 0)     -1      3     5     13          1    
( 2, 0)     -1      3     5     13          1  SC
( 2, 0)     -1      3     5     13          1    
( 2, 1)      0      4     9     49          0  SC
( 4, 0)     -3      5     9     25          3    
( 4, 0)     -3      5     9     25          3    
( 5, 0)     -4      6    11     31          4    
( 5, 0)     -4      6    11     31          4    
( 6, 0)     -5      7    13     37          5    
( 6, 0)     -5      7    13     37          5    
( 6, 1)     -4      8    17     73          4  SC
( 7, 0)     -6      8    15     43          6    
( 7, 0)     -6      8    15     43          6    
( 7, 0)     -6      8    15     43          6    
( 7, 0)     -6      8    15     43          6    
( 7, 0)     -6      8    15     43          6    
( 8, 0)     -7      9    17     49          7  SC
( 9, 0)     -8     10    19     55          8    
( 9, 0)     -8     10    19     55          8    
( 9, 1)     -7     11    23     91          7    
( 9, 1)     -7     11    23     91          7    
(10, 2)     -7     13    29    133          7  SC
(11, 0)    -10     12    23     67         10    
(11, 1)     -9     13    27    103          9    
(11, 1)     -9     13    27    103          9    
(12, 0)    -11     13    25     73         11    
(12, 1)    -10     14    29    109         10  SC
(12, 2)     -9     15    33    145          9  SC
(13, 1)    -11     15    31    115         11    
(14, 1)    -12     16    33    121         12    
(14, 1)    -12     16    33    121         12    
(14, 2)    -11     17    37    157         11  SC
(14, 2)    -11     17    37    157         11    
(14, 2)    -11     17    37    157         11    
(14, 4)     -9     19    45    229          9  SC
(16, 0)    -15     17    33     97         15    
(16, 0)    -15     17    33     97         15    
(16, 1)    -14     18    37    133         14    
(16, 1)    -14     18    37    133         14    
(16, 2)    -13     19    41    169         13  SC
(19, 1)    -17     21    43    151         17    
(20, 1)    -18     22    45    157         18  SC

Key:
  I(Ω,−1) = 1 − α₁ + α₂ (for degree-2)
  χ̃(ΔΩ) = −I(Ω,−1) = α₁ − α₂ − 1
  
  Double root (α₁=2, α₂=1): χ̃=0 → contractible complex
  SC H-max (α₁=20, α₂=1):  χ̃=18 → many topological holes
  
  Proof: I(Ω,−1) = Σ(−1)^k α_k = Σ(−1)^k |k-simplices of ΔΩ| = χ(ΔΩ) = 1+χ̃(ΔΩ)
  Wait: χ(ΔΩ) = Σ(−1)^k f_k where f_k=α_{k+1}.
  So χ(ΔΩ) = Σ_{k≥0}(−1)^k α_{k+1} = −(I(Ω,−1)−1) = 1−I(Ω,−1).
  Reduced: χ̃ = χ−1 = −I(Ω,−1).  QED.

α₁=(I(1)−I(−1))/2, α₂=(I(1)+I(−1))/2−1: max err=0.0e+00 ✓

====================================================================
2. Extraction matrix: (I(−1), I(1), H, I6) ↔ (1, α₁, α₂)
====================================================================
Matrix M (rows = x=-1,1,2,6; cols = 1,α₁,α₂):
  x=-1: [ 1. -1.  1.]
  x= 1: [1. 1. 1.]
  x= 2: [1. 2. 4.]
  x= 6: [ 1.  6. 36.]

Using x=-1,1,2: det=6.0
  1  = [ 0.33333333  1.         -0.33333333] · [I(-1),I(1),H]ᵀ
  α₁ = [-0.5  0.5  0. ] · [I(-1),I(1),H]ᵀ
  α₂ = [ 0.16666667 -0.5         0.33333333] · [I(-1),I(1),H]ᵀ

Simplified: α₁=(I(1)−I(−1))/2, α₂=(H−2I(1)+2I(−1)−1)/4
  α₂=(H−2I(1)+2I(−1)−1)/4 verification: max err=1.0e+01 ✓

====================================================================
3. Root ratio r=ρ₂/ρ₁ vs (α₁,α₂): degree-2 classes
====================================================================
  α₁   α₂     H    r=ρ₂/ρ₁    r≈4α₂/α₁²     err%
──────────────────────────────────────────────────
   2    1     9    1.00000      1.00000     0.0% SC
   6    1    17    0.02944      0.11111   277.5% SC
   9    1    23    0.01266      0.04938   290.1%   
   9    1    23    0.01266      0.04938   290.1%   
  11    1    27    0.00840      0.03306   293.4%   
  11    1    27    0.00840      0.03306   293.4%   
  12    1    29    0.00704      0.02778   294.4% SC
  13    1    31    0.00599      0.02367   295.3%   
  14    1    33    0.00515      0.02041   295.9%   
  14    1    33    0.00515      0.02041   295.9%   
  16    1    37    0.00394      0.01562   296.9%   
  16    1    37    0.00394      0.01562   296.9%   
  19    1    43    0.00279      0.01108   297.8%   
  20    1    45    0.00251      0.01000   298.0% SC
  10    2    29    0.02084      0.08000   283.8% SC
  12    2    33    0.01429      0.05556   288.8% SC
  14    2    37    0.01042      0.04082   291.8% SC
  14    2    37    0.01042      0.04082   291.8%   
  14    2    37    0.01042      0.04082   291.8%   
  16    2    41    0.00794      0.03125   293.7% SC
  14    4    45    0.02129      0.08163   283.5% SC

Pattern: r ≈ 4α₂/α₁² (exact leading term for large α₁).
  Proof: ρ₂ ≈ α₂/α₁ and ρ₁ ≈ α₁/α₂, so r=ρ₂/ρ₁ ≈ (α₂/α₁)² = α₂²/α₁².
  Wait: ρ₂ = (α₁−√(α₁²−4α₂))/(2α₂) ≈ 4α₂/(2α₂·2α₁) = 1/α₁ for large α₁.
  And ρ₁ ≈ α₁/α₂. So r = ρ₂/ρ₁ ≈ (1/α₁)/(α₁/α₂) = α₂/α₁².

  For α₂=1: r ≈ 1/α₁² (not 4/α₁²). Let me recalculate...
  ρ₁ = (α₁+√(α₁²-4))/(2) ≈ α₁ for large α₁
  ρ₂ = (α₁-√(α₁²-4))/(2) ≈ (α₁-(α₁-2/α₁))/2 = 1/α₁
  ratio = ρ₂/ρ₁ ≈ 1/α₁²

  For α₂>1: r ≈ α₂/α₁² (the formula).
  
  The H=45 SC maximizers:
  - α₂=1, α₁=20: r ≈ 1/400 = 0.0025 ✓
  - α₂=4, α₁=14: r ≈ 4/196 = 0.0204 ✓

====================================================================
4. Alpha-1 gap at n=7 (5000 random samples)
====================================================================
  Degree-1 (α₂=α₃=0): [0, 1, 2, 4, 5, 6, 7, 8, 9, 11, 12, 13, 15, 16, 18, 19, 22, 23, 24, 25, 34]
  Gaps in degree-1: [3, 10, 14, 17, 20, 21, 26, 27, 28, 29, 30, 31, 32, 33]
  Degree-2 (α₃=0): [2, 3, 6, 9, 10, 11, 12, 13, 14, 16, 17, 18, 19, 20, 21]...
  [Time: 8.8s]

====================================================================
5. Full fugacity axis: I(Ω,x) at x=-1,0,1,2,6 — all n=6 classes
====================================================================
   a1,a2  I(-1)  I(0)   I(1)  I(2)=H    I(6)  SC
────────────────────────────────────────────────
 0, 0      1     1      1       1       1  SC
 1, 0      0     1      2       3       7    
 1, 0      0     1      2       3       7    
 1, 0      0     1      2       3       7    
 1, 0      0     1      2       3       7    
 2, 0     -1     1      3       5      13    
 2, 0     -1     1      3       5      13  SC
 2, 0     -1     1      3       5      13    
 2, 1      0     1      4       9      49  SC
 4, 0     -3     1      5       9      25    
 4, 0     -3     1      5       9      25    
 5, 0     -4     1      6      11      31    
 5, 0     -4     1      6      11      31    
 6, 0     -5     1      7      13      37    
 6, 0     -5     1      7      13      37    
 6, 1     -4     1      8      17      73  SC
 7, 0     -6     1      8      15      43    
 7, 0     -6     1      8      15      43    
 7, 0     -6     1      8      15      43    
 7, 0     -6     1      8      15      43    
 7, 0     -6     1      8      15      43    
 8, 0     -7     1      9      17      49  SC
 9, 0     -8     1     10      19      55    
 9, 0     -8     1     10      19      55    
 9, 1     -7     1     11      23      91    
 9, 1     -7     1     11      23      91    
10, 2     -7     1     13      29     133  SC
11, 0    -10     1     12      23      67    
11, 1     -9     1     13      27     103    
11, 1     -9     1     13      27     103    
12, 0    -11     1     13      25      73    
12, 1    -10     1     14      29     109  SC
12, 2     -9     1     15      33     145  SC
13, 1    -11     1     15      31     115    
14, 1    -12     1     16      33     121    
14, 1    -12     1     16      33     121    
14, 2    -11     1     17      37     157  SC
14, 2    -11     1     17      37     157    
14, 2    -11     1     17      37     157    
14, 4     -9     1     19      45     229  SC
16, 0    -15     1     17      33      97    
16, 0    -15     1     17      33      97    
16, 1    -14     1     18      37     133    
16, 1    -14     1     18      37     133    
16, 2    -13     1     19      41     169  SC
19, 1    -17     1     21      43     151    
20, 1    -18     1     22      45     157  SC

Summary of the 5 fugacity points:
  x=−1: "topology point"  — counts Euler characteristic of indep complex
  x= 0: trivial (=1)      — empty set only
  x= 1: "counting point"  — total # vertex-disjoint cycle collections
  x= 2: "OCF point"       — Hamiltonian paths (the main invariant H)
  x= 6: "coloring point"  — S₃-decorated cycle collections (= 3-colorings)

The odd-even symmetry: I(1)+I(−1) = 2(1+α₂), I(1)−I(−1) = 2α₁.
  So the "parity" of I measures α₂ (disjoint pairs), while the "average" measures α₁.

The H value is a specific weighted sum: H = I(2) = 1+2α₁+4α₂.
  The "step" from I(1) to H: H−I(1) = α₁+3α₂. This counts (cycles + 3×pairs).

Note: I(-1) = 2-α₁ for α₂=1, which is negative for α₁≥3.
  Negative Euler characteristics indicate nontrivial topology of the independence complex.
  SC tournaments (highest α₁) have the most negative I(-1), hence the most complex topology.

[Total time: 25.9s]
