============================================================================================
CASE  a=1,   b=1,    c=1      (klein's row 1)      B(r) = [Fraction(1, 1)]   W(r) = r*a*c = [Fraction(0, 1), Fraction(1, 1)]
============================================================================================
  m    deg   c_D (top)        E_r[psi_m]           SHARE      RATIO      one sign?
  2    1     1                3/2                  0.6667     0.5000     True
  4    2     3/2              25/4                 0.4800     1.0000     True
  6    3     10/3             331/6                0.3625     1.5000     True
  8    4     35/4             5937/8               0.2830     2.0000     True
  10   5     126/5            133651/10            0.2263     2.5000     True
  12   6     77               3609673/12           0.1843     3.0000     True
  14   7     1716/7           113525595/14         0.1524     3.5000     True
  16   8     6435/8           4070168161/16        0.1275     4.0000     True
  18   9     24310/9          163716695587/18      0.1078     4.5000     True
  20   10    46189/5          7296866339961/20     0.0919     5.0000     True

============================================================================================
CASE  a=1,   b=0,    c=1      (klein's row 2)      B(r) = []   W(r) = r*a*c = [Fraction(0, 1), Fraction(1, 1)]
============================================================================================
  m    deg   c_D (top)        E_r[psi_m]           SHARE      RATIO      one sign?
  2    1     1                1                    1.0000     0.0000     True
  4    2     3/2              3                    1.0000     0.0000     True
  6    3     10/3             20                   1.0000     0.0000     True
  8    4     35/4             210                  1.0000     0.0000     True
  10   5     126/5            3024                 1.0000     0.0000     True
  12   6     77               55440                1.0000     0.0000     True
  14   7     1716/7           1235520              1.0000     0.0000     True
  16   8     6435/8           32432400             1.0000     0.0000     True
  18   9     24310/9          980179200            1.0000     0.0000     True
  20   10    46189/5          33522128640          1.0000     0.0000     True

============================================================================================
CASE  a=1,   b=1+r,  c=1+2r   (klein's row 4)      B(r) = [Fraction(1, 1), Fraction(1, 1)]   W(r) = r*a*c = [Fraction(0, 1), Fraction(1, 1), Fraction(2, 1)]
============================================================================================
  m    deg   c_D (top)        E_r[psi_m]           SHARE      RATIO      one sign?
  2    2     5/2              15/2                 0.6667     0.4000     True
  4    4     49/4             1841/4               0.6388     0.4490     True
  6    6     581/6            659287/6             0.6345     0.4578     True
  8    8     7393/8           469665345/8          0.6347     0.4575     True
  10   10    19457/2          555522507551/10      0.6355     0.4558     True
  12   12    1305745/12       983086024119025/12   0.6362     0.4542     True
  14   14    17760965/14      24315639561251416..  0.6368     0.4531     True
  16   16    243954113/16     80101876731808087..  0.6372     0.4521     True
  18   18    3375949829/18    33901638944763847..  0.6376     0.4514     True
  20   20    46995614449/20   17925887140688256..  0.6378     0.4509     True

============================================================================================
CASE  a=1+r, b=2,    c=1      (klein's VOID row, redone)      B(r) = [Fraction(2, 1)]   W(r) = r*a*c = [Fraction(0, 1), Fraction(1, 1), Fraction(1, 1)]
============================================================================================
  m    deg   c_D (top)        E_r[psi_m]           SHARE      RATIO      one sign?
  2    2     1                5                    0.4000     0.5000     True
  4    4     3/2              97                   0.3711     0.5000     True
  6    6     10/3             19172/3              0.3755     0.5000     True
  8    8     35/4             928946               0.3798     0.5000     True
  10   10    126/5            1195356752/5         0.3825     0.5000     True
  12   12    77               287909518480/3       0.3843     0.5000     True
  14   14    1716/7           387953030206016/7    0.3856     0.5000     True
  16   16    6435/8           43536389419787536    0.3866     0.5000     True
  18   18    24310/9          40185367765155301..  0.3873     0.5000     True
  20   20    46189/5          28969704084004368..  0.3879     0.5000     True

============================================================================================
CASE  a=1,   b=3,    c=1      (new: large B)      B(r) = [Fraction(3, 1)]   W(r) = r*a*c = [Fraction(0, 1), Fraction(1, 1)]
============================================================================================
  m    deg   c_D (top)        E_r[psi_m]           SHARE      RATIO      one sign?
  2    1     1                11/2                 0.1818     4.5000     True
  4    2     3/2              201/4                0.0597     9.0000     True
  6    3     10/3             1633/2               0.0245     13.5000    True
  8    4     35/4             147345/8             0.0114     18.0000    True
  10   5     126/5            5238459/10           0.0058     22.5000    True
  12   6     77               71372403/4           0.0031     27.0000    True
  14   7     1716/7           9867008979/14        0.0018     31.5000    True
  16   8     6435/8           505212273441/16      0.0010     36.0000    True
  18   9     24310/9          3157621320915/2      0.0006     40.5000    True
  20   10    46189/5          1740363304031721/20  0.0004     45.0000    True

============================================================================================
CASE  a=1,   b=1,    c=-1     (new: sign mix)      B(r) = [Fraction(1, 1)]   W(r) = r*a*c = [Fraction(0, 1), Fraction(-1, 1)]
============================================================================================
  m    deg   c_D (top)        E_r[psi_m]           SHARE      RATIO      one sign?
  2    1     -1               -1/2                 2.0000     0.5000     False
  4    2     3/2              1/4                  12.0000    1.0000     False
  6    3     -10/3            31/6                 3.8710     1.5000     False
  8    4     35/4             -895/8               1.8771     2.0000     False
  10   5     -126/5           22591/10             1.3386     2.5000     False
  12   6     77               -604031/12           1.1014     3.0000     False
  14   7     -1716/7          17669471/14          0.9789     3.5000     False
  16   8     6435/8           -567425279/16        0.9145     4.0000     False
  18   9     -24310/9         19919950975/18       0.8857     4.5000     False
  20   10    46189/5          -759627879679/20     0.8826     5.0000     False

