progress=1000/8879
progress=2000/8879
progress=3000/8879
progress=4000/8879
progress=5000/8879
progress=6000/8879
progress=7000/8879
progress=8000/8879
GMC ALL-WIDTH DIRECT MODULAR MACAULAY RANK PROBE
universe=all_n0_M3..30+all_extreme_depths_M3..15+random3000_M3..120_n0..2000_seed20260729
hostile=n0_support(0,5,6,10)_p41;rank34;common_roots=(1:22:0),(1:39:38);pivot34_minor=12
hostile_QC_rank=30;hostile_form_sha256=dc29c15792f64a9759c3a450626ab2a413ad197a4cb9217f1de09f13b811b586
hostile_kummer=all_factorial_arguments_at_most40<41;all_factorial_valuations_zero
cases=8879
rank_histogram=34:3,35:89,36:8787
rank35_count=89
rank34_count=3
rank_le33_count=0
width_minima=3:35,4:35,5:36,6:35,7:35,8:35,9:35,10:34,11:35,12:35,13:35,14:35,15:34,16:35,17:35,18:35,19:34,20:35,21:35,22:35,23:35,24:35,25:35,26:35,27:35,28:35,29:35,30:35,31:36,32:36,33:36,34:36,35:36,36:36,37:36,38:36,39:36,40:36,41:36,42:36,43:36,44:36,45:36,46:36,47:36,48:36,49:36,50:35,51:36,52:36,53:36,54:36,55:36,56:36,57:36,58:36,59:36,60:36,61:36,62:36,63:36,64:36,65:36,66:36,67:36,68:36,69:36,70:36,71:36,72:36,73:36,74:36,75:36,76:36,77:36,78:36,79:36,80:36,81:36,82:36,83:36,84:36,85:36,86:36,87:36,88:36,89:36,90:36,91:36,92:36,93:36,94:36,95:36,96:36,97:35,98:36,99:36,100:36,101:36,102:36,103:36,104:36,105:36,106:36,107:36,108:36,109:36,110:36,111:36,112:36,113:36,114:36,115:36,116:36,117:36,118:36,119:36,120:36
prime_count=854
record_sha256=571df3c4de09417e3d19635788a8bac1140c1ff2a54144249749dbc3f75030cb
rank34_cases=(0, 5, 6, 10, 41):Fp_roots=((1, 22, 0), (1, 39, 38)):next=43:rank36;(0, 4, 7, 15, 61):Fp_roots=():next=67:rank36;(0, 8, 16, 19, 79):Fp_roots=((1, 29, 51), (1, 49, 20)):next=83:rank36
first_rank35=(0, 3, 4, 6, 29);(0, 1, 5, 10, 41);(0, 2, 5, 10, 41);(0, 2, 6, 10, 41);(0, 3, 5, 10, 41);(0, 4, 5, 10, 41);(0, 5, 7, 10, 41);(0, 5, 8, 10, 41);(0, 5, 9, 10, 41);(0, 2, 7, 11, 47);(0, 7, 10, 11, 47);(0, 2, 10, 12, 53);(0, 3, 8, 12, 53);(0, 10, 11, 12, 53);(0, 5, 12, 14, 59);(0, 6, 13, 14, 59);(0, 8, 11, 14, 59);(0, 1, 11, 15, 61);(0, 5, 9, 15, 61);(0, 1, 13, 16, 67)
scope=finite-exact hostile refutes rank>=35;rank>=34 remains finite-exact evidence only
all_exact_checks=PASS
