====================================================================================================
shape                |O|     gap   flatF    IPR   entH  defectD oddgirth
====================================================================================================
doublet {0,1}          2   0.198   0.600  0.667  0.845    0.222        7
pair-d2 {0,2}          2   0.198   0.600  0.667  0.845    0.222        7
arc-3 {0,1,2}          3   0.308   0.500  0.474  0.712    0.667        3
diffset {1,2,4}        3   2.000   1.000  0.600  0.877    0.000        3
singleton {0}          1   1.000   1.000  1.000  1.000    0.000      inf
arc-4 {0,1,2,3}        4   0.308   0.500  0.364  0.622    0.667        3
5-core {0,1,2,3,4}     5   0.198   0.600  0.269  0.522    0.222        3
co-singleton           6   1.000   1.000  0.194  0.342    0.000        3

====================================================================================================
 RANK CORRELATIONS over all 127 cores (Spearman): which graders are the SAME axis vs distinct?
====================================================================================================

                gap    flatF      IPR     entH  defectD oddgirth      |O|
       gap     1.00     0.50     0.15     0.39    -0.44    -0.21    -0.06
     flatF     0.50     1.00     0.20     0.43    -0.86     0.14    -0.05
       IPR     0.15     0.20     1.00     0.92    -0.03     0.76    -0.96
      entH     0.39     0.43     0.92     1.00    -0.27     0.61    -0.85
   defectD    -0.44    -0.86    -0.03    -0.27     1.00    -0.05    -0.12
  oddgirth    -0.21     0.14     0.76     0.61    -0.05     1.00    -0.77
       |O|    -0.06    -0.05    -0.96    -0.85    -0.12    -0.77     1.00

  (|corr|~1 => same axis; ~0 => independent grader. Look for graders that are NOT just g in disguise.)
