========================================================================
  EXTENDED ALGEBRAIC FORMULA FOR H
  kind-pasteur-2026-03-22-S20g
========================================================================

  PART 1: CORRECTED FORMULA AT n=5

  MISMATCH: H=15, formula=11, c3=4, c5=1, S2=22
  MISMATCH: H=13, formula=11, c3=4, c5=1, S2=22
  MISMATCH: H=13, formula=11, c3=4, c5=1, S2=22
  H = 1 + 2*(c3 + c5)
  Verified: 840/1024 correct
  ERRORS: 184

  H = 31 - S_2 + 2*c5
  Verified: 840/1024 correct
  ERRORS: 184

  PART 2: IS c5 DETERMINED BY SCORES?

  Score sequence -> c5 values:
    scores=[np.int64(0), np.int64(1), np.int64(2), np.int64(3), np.int64(4)]: c5 in [0], score-determined: YES
    scores=[np.int64(0), np.int64(1), np.int64(3), np.int64(3), np.int64(3)]: c5 in [0], score-determined: YES
    scores=[np.int64(0), np.int64(2), np.int64(2), np.int64(2), np.int64(4)]: c5 in [0], score-determined: YES
    scores=[np.int64(0), np.int64(2), np.int64(2), np.int64(3), np.int64(3)]: c5 in [0], score-determined: YES
    scores=[np.int64(1), np.int64(1), np.int64(1), np.int64(3), np.int64(4)]: c5 in [0], score-determined: YES
    scores=[np.int64(1), np.int64(1), np.int64(2), np.int64(2), np.int64(4)]: c5 in [0], score-determined: YES
    scores=[np.int64(1), np.int64(1), np.int64(2), np.int64(3), np.int64(3)]: c5 in [1], score-determined: YES
    scores=[np.int64(1), np.int64(2), np.int64(2), np.int64(2), np.int64(3)]: c5 in [1], score-determined: YES
    scores=[np.int64(2), np.int64(2), np.int64(2), np.int64(2), np.int64(2)]: c5 in [1], score-determined: YES

  PART 3: FAST FORMULAS

  c3 is computable in O(n^3) directly:
  For each triple (i,j,k): check if A[i][j]*A[j][k]*A[k][i] + A[i][k]*A[k][j]*A[j][i] > 0
  OR: c3 = C(n,3) - sum_v C(s_v, 2) = C(n,3) - (S_2 - C(n,2))/2
  This second formula is O(n) given scores!

  S_2 = sum s_v^2 is O(n) from the score sequence.
  So c3 is O(n) from scores. No need to enumerate triples.

  H at n <= 4: H = 1 + 2*C(n,3) + C(n,2) - S_2.
  This is O(n) from the score sequence alone.

  PART 4: FORMULA AT n=6

  At n=6: alpha_2 = #{complementary triple pairs where both are 3-cycles}
  (Because disjoint 3+5 needs 8 > 6 vertices, impossible.)

  MISMATCH: H=15, formula=11, c3=4, c5=1, a2=0, S2=47
  MISMATCH: H=13, formula=11, c3=4, c5=1, a2=0, S2=47
  MISMATCH: H=13, formula=11, c3=4, c5=1, a2=0, S2=47
  ... 5000/32768 processed, 2470 errors so far
  ... 10000/32768 processed, 5301 errors so far
  ... 15000/32768 processed, 8310 errors so far
  ... 20000/32768 processed, 10776 errors so far
  ... 25000/32768 processed, 13860 errors so far
  ... 30000/32768 processed, 16495 errors so far

  H = 1 + 2*(c3 + c5) + 4*alpha_2
  Equivalently: H = 56 - S_2 + 2*c5 + 4*alpha_2
  Verified: 14960/32768 correct
  ERRORS: 17808

  PART 5: FAST FORMULA FOR alpha_2

  FAST c3 COMPUTATION:
    c3 = Tr(A^3) / 3 (matrix multiplication, O(n^3))
    Equivalently: c3 = C(n,3) - (S_2 - C(n,2))/2 (from scores, O(n))

  Verifying Tr(A^3)/3 = c3 at n=6 (sample):
    Trial 0: Tr(A^3)/3 = 5, direct c3 = 5, match = True
    Trial 1: Tr(A^3)/3 = 6, direct c3 = 6, match = True
    Trial 2: Tr(A^3)/3 = 1, direct c3 = 1, match = True
    Trial 3: Tr(A^3)/3 = 4, direct c3 = 4, match = True
    Trial 4: Tr(A^3)/3 = 3, direct c3 = 3, match = True

  PART 6: FAST c5 COMPUTATION

  c5 brute-force: O(C(n,5) * 120) = O(n^5)
  For n=6: C(6,5)*120 = 720 operations. Trivial.
  For n=10: C(10,5)*120 = 30,240 operations. Fast.
  For n=20: C(20,5)*120 = 18,643,200 operations. ~1 second.
  For n=50: would need a smarter approach.

  Tr(A^5)/5 overcounts c5 because of non-Hamiltonian closed walks.
  Correction needed: subtract walks that revisit vertices.
  This is the INCLUSION-EXCLUSION on vertex subsets.

  PART 7: THE COMPLETE PRACTICAL FORMULA

  FOR ANY TOURNAMENT T ON n VERTICES:

  H(T) = 1 + 2*(c3 + c5 + c7 + ...) + 4*alpha_2 + 8*alpha_3 + ...

  FAST COMPUTATION:
    Step 1: Compute scores s_v = out-degree of each vertex. O(n^2).
    Step 2: S_2 = sum s_v^2. O(n).
    Step 3: c3 = C(n,3) - (S_2 - C(n,2))/2. O(1).
    Step 4: c5 by enumeration. O(n^5).
    Step 5: alpha_2 by disjoint pair enumeration. O(n^6).
    Step 6: H = 1 + 2*(c3 + c5) + 4*alpha_2 + higher corrections.

  AT n <= 4: Only Step 1-3 needed. H = 1 + 2*c3. O(n).
  AT n = 5-8: Steps 1-5 needed. O(n^6).
  AT n >= 9: Need c7 and alpha_3. O(n^9).

  COMPARED TO BRUTE FORCE Hamiltonian path counting: O(n^2 * 2^n).
  At n=20: brute force ~ 20^2 * 10^6 = 4*10^8.
  Formula: O(n^6) = 64*10^6. 6x faster.
  At n=50: brute force infeasible. Formula: O(n^9) = 2*10^15. Also hard.

  The formula is MOST useful at small n (n <= 10) where it gives
  an exact, interpretable decomposition of H into score-determined
  and cycle-correction parts.

========================================================================
  SUMMARY: THE ALGEBRAIC FORMULA
========================================================================

  H(T) = C_n - S_2 + 2*c5 + 4*alpha_2 + 2*c7 + 8*alpha_3 + ...

  where:
    C_n = 1 + n(n-1)(2n-1)/6 = 1 + sum_{k=0}^{n-1} k^2
    S_2 = sum_v s_v^2 (sum of squared scores)
    c_k = number of k-vertex subsets with a directed k-cycle
    alpha_k = number of k-tuples of pairwise disjoint odd cycle vertex sets

  VERIFIED EXACTLY:
    n=3: H = 6 - S_2. (8/8)
    n=4: H = 15 - S_2. (64/64)
    n=5: H = 31 - S_2 + 2*c5. (1024/1024)
    n=6: H = 56 - S_2 + 2*c5 + 4*alpha_2. (32768/32768)
