
============================================================
LOG STRUCTURE ANALYSIS n=4, m=3
============================================================

LINEAR COEFFICIENTS (H vs log H):
Tile        skip     c_k(H)    λ_k(logH)   log(1+c_k)  match
(4, 1)         3          4     1.609438     1.609438      ✓
(3, 1)         2          2     1.098612     1.098612      ✓
(4, 2)         2          2     1.098612     1.098612      ✓

All log-linear = log(1 + 2^(s-1)): True

QUADRATIC COEFFICIENTS (log H) — the 'interaction energy':
  (4, 1)  -(3, 1)   s=(3,2) {'lower'}      : λ₂= -1.0986, c₂(H)=    -2, odds=0.3333, log(odds)=-1.0986
  (4, 1)  -(4, 2)   s=(3,2) {'upper'}      : λ₂= -1.0986, c₂(H)=    -2, odds=0.3333, log(odds)=-1.0986
  (3, 1)  -(4, 2)   s=(2,2) disjoint       : λ₂= -0.5878, c₂(H)=     0, odds=0.5556, log(odds)=-0.5878

============================================================
THE ENERGY LANDSCAPE
============================================================
  Mean field prediction: 3.34
  Actual mean H: 4.00
  Ratio: 0.8359

  Field strength by skip:
    skip 2: 1.0986 = log(1+2^1) = log(3)
    skip 3: 1.6094 = log(1+2^2) = log(5)

  Coupling statistics:
    Negative (repulsive): 3 couplings, mean=-0.9283
    No positive couplings
    Zero: 0

============================================================
LOG STRUCTURE ANALYSIS n=5, m=6
============================================================

LINEAR COEFFICIENTS (H vs log H):
Tile        skip     c_k(H)    λ_k(logH)   log(1+c_k)  match
(5, 1)         4          8     2.197225     2.197225      ✓
(4, 1)         3          4     1.609438     1.609438      ✓
(3, 1)         2          2     1.098612     1.098612      ✓
(5, 2)         3          4     1.609438     1.609438      ✓
(4, 2)         2          2     1.098612     1.098612      ✓
(5, 3)         2          2     1.098612     1.098612      ✓

All log-linear = log(1 + 2^(s-1)): True

QUADRATIC COEFFICIENTS (log H) — the 'interaction energy':
  (5, 1)  -(4, 1)   s=(4,3) {'lower'}      : λ₂= -1.4088, c₂(H)=    -2, odds=0.2444, log(odds)=-1.4088
  (5, 1)  -(3, 1)   s=(4,2) {'lower'}      : λ₂= -1.0986, c₂(H)=    -2, odds=0.3333, log(odds)=-1.0986
  (5, 1)  -(5, 2)   s=(4,3) {'upper'}      : λ₂= -1.4088, c₂(H)=    -2, odds=0.2444, log(odds)=-1.4088
  (5, 1)  -(4, 2)   s=(4,2) disjoint       : λ₂= -0.5878, c₂(H)=     4, odds=0.5556, log(odds)=-0.5878
  (5, 1)  -(5, 3)   s=(4,2) {'upper'}      : λ₂= -1.0986, c₂(H)=    -2, odds=0.3333, log(odds)=-1.0986
  (4, 1)  -(3, 1)   s=(3,2) {'lower'}      : λ₂= -1.0986, c₂(H)=    -2, odds=0.3333, log(odds)=-1.0986
  (4, 1)  -(5, 2)   s=(3,3) disjoint       : λ₂= -0.6539, c₂(H)=     4, odds=0.5200, log(odds)=-0.6539
  (4, 1)  -(4, 2)   s=(3,2) {'upper'}      : λ₂= -1.0986, c₂(H)=    -2, odds=0.3333, log(odds)=-1.0986
  (4, 1)  -(5, 3)   s=(3,2) disjoint       : λ₂= -0.5108, c₂(H)=     2, odds=0.6000, log(odds)=-0.5108
  (3, 1)  -(5, 2)   s=(2,3) disjoint       : λ₂= -0.5108, c₂(H)=     2, odds=0.6000, log(odds)=-0.5108
  (3, 1)  -(4, 2)   s=(2,2) disjoint       : λ₂= -0.5878, c₂(H)=     0, odds=0.5556, log(odds)=-0.5878
  (5, 2)  -(4, 2)   s=(3,2) {'lower'}      : λ₂= -1.0986, c₂(H)=    -2, odds=0.3333, log(odds)=-1.0986
  (5, 2)  -(5, 3)   s=(3,2) {'upper'}      : λ₂= -1.0986, c₂(H)=    -2, odds=0.3333, log(odds)=-1.0986
  (4, 2)  -(5, 3)   s=(2,2) disjoint       : λ₂= -0.5878, c₂(H)=     0, odds=0.5556, log(odds)=-0.5878

============================================================
THE ENERGY LANDSCAPE
============================================================
  Mean field prediction: 3.14
  Actual mean H: 9.88
  Ratio: 0.3179

  Field strength by skip:
    skip 2: 1.0986 = log(1+2^1) = log(3)
    skip 3: 1.6094 = log(1+2^2) = log(5)
    skip 4: 2.1972 = log(1+2^3) = log(9)

  Coupling statistics:
    Negative (repulsive): 14 couplings, mean=-0.9177
    No positive couplings
    Zero: 1

============================================================
LOG STRUCTURE ANALYSIS n=6, m=10
============================================================

LINEAR COEFFICIENTS (H vs log H):
Tile        skip     c_k(H)    λ_k(logH)   log(1+c_k)  match
(6, 1)         5         16     2.833213     2.833213      ✓
(5, 1)         4          8     2.197225     2.197225      ✓
(4, 1)         3          4     1.609438     1.609438      ✓
(3, 1)         2          2     1.098612     1.098612      ✓
(6, 2)         4          8     2.197225     2.197225      ✓
(5, 2)         3          4     1.609438     1.609438      ✓
(4, 2)         2          2     1.098612     1.098612      ✓
(6, 3)         3          4     1.609438     1.609438      ✓
(5, 3)         2          2     1.098612     1.098612      ✓
(6, 4)         2          2     1.098612     1.098612      ✓

All log-linear = log(1 + 2^(s-1)): True

QUADRATIC COEFFICIENTS (log H) — the 'interaction energy':
  (6, 1)  -(5, 1)   s=(5,4) {'lower'}      : λ₂= -1.8949, c₂(H)=    -2, odds=0.1503, log(odds)=-1.8949
  (6, 1)  -(4, 1)   s=(5,3) {'lower'}      : λ₂= -1.4982, c₂(H)=    -2, odds=0.2235, log(odds)=-1.4982
  (6, 1)  -(3, 1)   s=(5,2) {'lower'}      : λ₂= -1.2238, c₂(H)=    -4, odds=0.2941, log(odds)=-1.2238
  (6, 1)  -(6, 2)   s=(5,4) {'upper'}      : λ₂= -1.8949, c₂(H)=    -2, odds=0.1503, log(odds)=-1.8949
  (6, 1)  -(5, 2)   s=(5,3) disjoint       : λ₂= -0.8317, c₂(H)=    16, odds=0.4353, log(odds)=-0.8317
  (6, 1)  -(4, 2)   s=(5,2) disjoint       : λ₂= -0.6360, c₂(H)=     8, odds=0.5294, log(odds)=-0.6360
  (6, 1)  -(6, 3)   s=(5,3) {'upper'}      : λ₂= -1.4982, c₂(H)=    -2, odds=0.2235, log(odds)=-1.4982
  (6, 1)  -(5, 3)   s=(5,2) disjoint       : λ₂= -0.6360, c₂(H)=     8, odds=0.5294, log(odds)=-0.6360
  (6, 1)  -(6, 4)   s=(5,2) {'upper'}      : λ₂= -1.2238, c₂(H)=    -4, odds=0.2941, log(odds)=-1.2238
  (5, 1)  -(4, 1)   s=(4,3) {'lower'}      : λ₂= -1.4088, c₂(H)=    -2, odds=0.2444, log(odds)=-1.4088
  (5, 1)  -(3, 1)   s=(4,2) {'lower'}      : λ₂= -1.0986, c₂(H)=    -2, odds=0.3333, log(odds)=-1.0986
  (5, 1)  -(6, 2)   s=(4,4) disjoint       : λ₂= -0.8979, c₂(H)=    16, odds=0.4074, log(odds)=-0.8979
  (5, 1)  -(5, 2)   s=(4,3) {'upper'}      : λ₂= -1.4088, c₂(H)=    -2, odds=0.2444, log(odds)=-1.4088
  (5, 1)  -(4, 2)   s=(4,2) disjoint       : λ₂= -0.5878, c₂(H)=     4, odds=0.5556, log(odds)=-0.5878
  (5, 1)  -(6, 3)   s=(4,3) disjoint       : λ₂= -0.6712, c₂(H)=    10, odds=0.5111, log(odds)=-0.6712
  (5, 1)  -(5, 3)   s=(4,2) {'upper'}      : λ₂= -1.0986, c₂(H)=    -2, odds=0.3333, log(odds)=-1.0986
  (5, 1)  -(6, 4)   s=(4,2) disjoint       : λ₂= -0.5878, c₂(H)=     4, odds=0.5556, log(odds)=-0.5878
  (4, 1)  -(3, 1)   s=(3,2) {'lower'}      : λ₂= -1.0986, c₂(H)=    -2, odds=0.3333, log(odds)=-1.0986
  (4, 1)  -(6, 2)   s=(3,4) disjoint       : λ₂= -0.6712, c₂(H)=    10, odds=0.5111, log(odds)=-0.6712
  (4, 1)  -(5, 2)   s=(3,3) disjoint       : λ₂= -0.6539, c₂(H)=     4, odds=0.5200, log(odds)=-0.6539
  (4, 1)  -(4, 2)   s=(3,2) {'upper'}      : λ₂= -1.0986, c₂(H)=    -2, odds=0.3333, log(odds)=-1.0986
  (4, 1)  -(5, 3)   s=(3,2) disjoint       : λ₂= -0.5108, c₂(H)=     2, odds=0.6000, log(odds)=-0.5108
  (3, 1)  -(6, 2)   s=(2,4) disjoint       : λ₂= -0.5878, c₂(H)=     4, odds=0.5556, log(odds)=-0.5878
  (3, 1)  -(5, 2)   s=(2,3) disjoint       : λ₂= -0.5108, c₂(H)=     2, odds=0.6000, log(odds)=-0.5108
  (3, 1)  -(4, 2)   s=(2,2) disjoint       : λ₂= -0.5878, c₂(H)=     0, odds=0.5556, log(odds)=-0.5878
  (6, 2)  -(5, 2)   s=(4,3) {'lower'}      : λ₂= -1.4088, c₂(H)=    -2, odds=0.2444, log(odds)=-1.4088
  (6, 2)  -(4, 2)   s=(4,2) {'lower'}      : λ₂= -1.0986, c₂(H)=    -2, odds=0.3333, log(odds)=-1.0986
  (6, 2)  -(6, 3)   s=(4,3) {'upper'}      : λ₂= -1.4088, c₂(H)=    -2, odds=0.2444, log(odds)=-1.4088
  (6, 2)  -(5, 3)   s=(4,2) disjoint       : λ₂= -0.5878, c₂(H)=     4, odds=0.5556, log(odds)=-0.5878
  (6, 2)  -(6, 4)   s=(4,2) {'upper'}      : λ₂= -1.0986, c₂(H)=    -2, odds=0.3333, log(odds)=-1.0986
  (5, 2)  -(4, 2)   s=(3,2) {'lower'}      : λ₂= -1.0986, c₂(H)=    -2, odds=0.3333, log(odds)=-1.0986
  (5, 2)  -(6, 3)   s=(3,3) disjoint       : λ₂= -0.6539, c₂(H)=     4, odds=0.5200, log(odds)=-0.6539
  (5, 2)  -(5, 3)   s=(3,2) {'upper'}      : λ₂= -1.0986, c₂(H)=    -2, odds=0.3333, log(odds)=-1.0986
  (5, 2)  -(6, 4)   s=(3,2) disjoint       : λ₂= -0.5108, c₂(H)=     2, odds=0.6000, log(odds)=-0.5108
  (4, 2)  -(6, 3)   s=(2,3) disjoint       : λ₂= -0.5108, c₂(H)=     2, odds=0.6000, log(odds)=-0.5108
  (4, 2)  -(5, 3)   s=(2,2) disjoint       : λ₂= -0.5878, c₂(H)=     0, odds=0.5556, log(odds)=-0.5878
  (6, 3)  -(5, 3)   s=(3,2) {'lower'}      : λ₂= -1.0986, c₂(H)=    -2, odds=0.3333, log(odds)=-1.0986
  (6, 3)  -(6, 4)   s=(3,2) {'upper'}      : λ₂= -1.0986, c₂(H)=    -2, odds=0.3333, log(odds)=-1.0986
  (5, 3)  -(6, 4)   s=(2,2) disjoint       : λ₂= -0.5878, c₂(H)=     0, odds=0.5556, log(odds)=-0.5878

============================================================
THE ENERGY LANDSCAPE
============================================================
  Mean field prediction: 0.28
  Actual mean H: 29.00
  Ratio: 0.0095

  Field strength by skip:
    skip 2: 1.0986 = log(1+2^1) = log(3)
    skip 3: 1.6094 = log(1+2^2) = log(5)
    skip 4: 2.1972 = log(1+2^3) = log(9)
    skip 5: 2.8332 = log(1+2^4) = log(17)

  Coupling statistics:
    Negative (repulsive): 40 couplings, mean=-0.9513
    No positive couplings
    Zero: 5
