H-SPECTRUM: n=8, m=28, EXHAUSTIVE (268435456 tournaments)
Processing lower half [0,134217728) in 174763 chunks of B=768; counts doubled by reversal symmetry. Cores: 24
  1024/174763 chunks  prefix=786432/134217728  86436/s  ETA 1544s  distinct=318
  2048/174763 chunks  prefix=1572864/134217728  86761/s  ETA 1529s  distinct=320
  3072/174763 chunks  prefix=2359296/134217728  86577/s  ETA 1523s  distinct=320
  4096/174763 chunks  prefix=3145728/134217728  86379/s  ETA 1517s  distinct=320
  5120/174763 chunks  prefix=3932160/134217728  86107/s  ETA 1513s  distinct=320
  6144/174763 chunks  prefix=4718592/134217728  86216/s  ETA 1502s  distinct=320
  7168/174763 chunks  prefix=5505024/134217728  86363/s  ETA 1490s  distinct=320
  8192/174763 chunks  prefix=6291456/134217728  86349/s  ETA 1482s  distinct=320
  9216/174763 chunks  prefix=7077888/134217728  86085/s  ETA 1477s  distinct=320
  10240/174763 chunks  prefix=7864320/134217728  86003/s  ETA 1469s  distinct=320
  11264/174763 chunks  prefix=8650752/134217728  85999/s  ETA 1460s  distinct=320
  12288/174763 chunks  prefix=9437184/134217728  85984/s  ETA 1451s  distinct=320
  13312/174763 chunks  prefix=10223616/134217728  85936/s  ETA 1443s  distinct=320
  14336/174763 chunks  prefix=11010048/134217728  85864/s  ETA 1435s  distinct=320
  15360/174763 chunks  prefix=11796480/134217728  85737/s  ETA 1428s  distinct=320
  16384/174763 chunks  prefix=12582912/134217728  85701/s  ETA 1419s  distinct=320
  17408/174763 chunks  prefix=13369344/134217728  85702/s  ETA 1410s  distinct=320
  18432/174763 chunks  prefix=14155776/134217728  85712/s  ETA 1401s  distinct=320
  19456/174763 chunks  prefix=14942208/134217728  85712/s  ETA 1392s  distinct=320
  20480/174763 chunks  prefix=15728640/134217728  85547/s  ETA 1385s  distinct=320
  21504/174763 chunks  prefix=16515072/134217728  85513/s  ETA 1376s  distinct=320
  22528/174763 chunks  prefix=17301504/134217728  85446/s  ETA 1368s  distinct=320
  23552/174763 chunks  prefix=18087936/134217728  85413/s  ETA 1360s  distinct=320
  24576/174763 chunks  prefix=18874368/134217728  85290/s  ETA 1352s  distinct=320
  25600/174763 chunks  prefix=19660800/134217728  85197/s  ETA 1345s  distinct=320
  26624/174763 chunks  prefix=20447232/134217728  85098/s  ETA 1337s  distinct=320
  27648/174763 chunks  prefix=21233664/134217728  85034/s  ETA 1329s  distinct=320
  28672/174763 chunks  prefix=22020096/134217728  85013/s  ETA 1320s  distinct=320
  29696/174763 chunks  prefix=22806528/134217728  84930/s  ETA 1312s  distinct=320
  30720/174763 chunks  prefix=23592960/134217728  84895/s  ETA 1303s  distinct=320
  31744/174763 chunks  prefix=24379392/134217728  84837/s  ETA 1295s  distinct=320
  32768/174763 chunks  prefix=25165824/134217728  84827/s  ETA 1286s  distinct=320
  33792/174763 chunks  prefix=25952256/134217728  84755/s  ETA 1277s  distinct=320
  34816/174763 chunks  prefix=26738688/134217728  84728/s  ETA 1269s  distinct=320
  35840/174763 chunks  prefix=27525120/134217728  84676/s  ETA 1260s  distinct=320
  36864/174763 chunks  prefix=28311552/134217728  84637/s  ETA 1251s  distinct=320
  37888/174763 chunks  prefix=29097984/134217728  84630/s  ETA 1242s  distinct=320
  38912/174763 chunks  prefix=29884416/134217728  84633/s  ETA 1233s  distinct=320
  39936/174763 chunks  prefix=30670848/134217728  84641/s  ETA 1223s  distinct=320
  40960/174763 chunks  prefix=31457280/134217728  84638/s  ETA 1214s  distinct=320
  41984/174763 chunks  prefix=32243712/134217728  84624/s  ETA 1205s  distinct=320
  43008/174763 chunks  prefix=33030144/134217728  84592/s  ETA 1196s  distinct=320
  44032/174763 chunks  prefix=33816576/134217728  84594/s  ETA 1187s  distinct=320
  45056/174763 chunks  prefix=34603008/134217728  84634/s  ETA 1177s  distinct=320
  46080/174763 chunks  prefix=35389440/134217728  84654/s  ETA 1167s  distinct=320
  47104/174763 chunks  prefix=36175872/134217728  84647/s  ETA 1158s  distinct=320
  48128/174763 chunks  prefix=36962304/134217728  84646/s  ETA 1149s  distinct=320
  49152/174763 chunks  prefix=37748736/134217728  84618/s  ETA 1140s  distinct=320
  50176/174763 chunks  prefix=38535168/134217728  84650/s  ETA 1130s  distinct=320
  51200/174763 chunks  prefix=39321600/134217728  84670/s  ETA 1121s  distinct=320
  52224/174763 chunks  prefix=40108032/134217728  84651/s  ETA 1112s  distinct=320
  53248/174763 chunks  prefix=40894464/134217728  84640/s  ETA 1103s  distinct=320
  54272/174763 chunks  prefix=41680896/134217728  84623/s  ETA 1094s  distinct=320
  55296/174763 chunks  prefix=42467328/134217728  84626/s  ETA 1084s  distinct=320
  56320/174763 chunks  prefix=43253760/134217728  84635/s  ETA 1075s  distinct=320
  57344/174763 chunks  prefix=44040192/134217728  84649/s  ETA 1065s  distinct=320
  58368/174763 chunks  prefix=44826624/134217728  84635/s  ETA 1056s  distinct=320
  59392/174763 chunks  prefix=45613056/134217728  84617/s  ETA 1047s  distinct=320
  60416/174763 chunks  prefix=46399488/134217728  84617/s  ETA 1038s  distinct=320
  61440/174763 chunks  prefix=47185920/134217728  84639/s  ETA 1028s  distinct=320
  62464/174763 chunks  prefix=47972352/134217728  84674/s  ETA 1019s  distinct=320
  63488/174763 chunks  prefix=48758784/134217728  84660/s  ETA 1009s  distinct=320
  64512/174763 chunks  prefix=49545216/134217728  84661/s  ETA 1000s  distinct=320
  65536/174763 chunks  prefix=50331648/134217728  84671/s  ETA 991s  distinct=320
  66560/174763 chunks  prefix=51118080/134217728  84664/s  ETA 982s  distinct=320
  67584/174763 chunks  prefix=51904512/134217728  84650/s  ETA 972s  distinct=320
  68608/174763 chunks  prefix=52690944/134217728  84618/s  ETA 963s  distinct=320
  69632/174763 chunks  prefix=53477376/134217728  84601/s  ETA 954s  distinct=320
  70656/174763 chunks  prefix=54263808/134217728  84570/s  ETA 945s  distinct=320
  71680/174763 chunks  prefix=55050240/134217728  84565/s  ETA 936s  distinct=320
  72704/174763 chunks  prefix=55836672/134217728  84560/s  ETA 927s  distinct=320
  73728/174763 chunks  prefix=56623104/134217728  84543/s  ETA 918s  distinct=320
  74752/174763 chunks  prefix=57409536/134217728  84527/s  ETA 909s  distinct=320
  75776/174763 chunks  prefix=58195968/134217728  84514/s  ETA 900s  distinct=320
  76800/174763 chunks  prefix=58982400/134217728  84519/s  ETA 890s  distinct=320
  77824/174763 chunks  prefix=59768832/134217728  84500/s  ETA 881s  distinct=320
  78848/174763 chunks  prefix=60555264/134217728  84498/s  ETA 872s  distinct=320
  79872/174763 chunks  prefix=61341696/134217728  84477/s  ETA 863s  distinct=320
  80896/174763 chunks  prefix=62128128/134217728  84444/s  ETA 854s  distinct=320
  81920/174763 chunks  prefix=62914560/134217728  84441/s  ETA 844s  distinct=320
  82944/174763 chunks  prefix=63700992/134217728  84442/s  ETA 835s  distinct=320
  83968/174763 chunks  prefix=64487424/134217728  84444/s  ETA 826s  distinct=320
  84992/174763 chunks  prefix=65273856/134217728  84448/s  ETA 816s  distinct=320
  86016/174763 chunks  prefix=66060288/134217728  84437/s  ETA 807s  distinct=320
  87040/174763 chunks  prefix=66846720/134217728  84421/s  ETA 798s  distinct=320
  88064/174763 chunks  prefix=67633152/134217728  84434/s  ETA 789s  distinct=320
  89088/174763 chunks  prefix=68419584/134217728  84423/s  ETA 779s  distinct=320
  90112/174763 chunks  prefix=69206016/134217728  84425/s  ETA 770s  distinct=320
  91136/174763 chunks  prefix=69992448/134217728  84416/s  ETA 761s  distinct=320
  92160/174763 chunks  prefix=70778880/134217728  84409/s  ETA 752s  distinct=320
  93184/174763 chunks  prefix=71565312/134217728  84407/s  ETA 742s  distinct=320
  94208/174763 chunks  prefix=72351744/134217728  84398/s  ETA 733s  distinct=320
  95232/174763 chunks  prefix=73138176/134217728  84395/s  ETA 724s  distinct=320
  96256/174763 chunks  prefix=73924608/134217728  84383/s  ETA 715s  distinct=320
  97280/174763 chunks  prefix=74711040/134217728  84380/s  ETA 705s  distinct=320
  98304/174763 chunks  prefix=75497472/134217728  84377/s  ETA 696s  distinct=320
  99328/174763 chunks  prefix=76283904/134217728  84368/s  ETA 687s  distinct=320
  100352/174763 chunks  prefix=77070336/134217728  84362/s  ETA 677s  distinct=320
  101376/174763 chunks  prefix=77856768/134217728  84353/s  ETA 668s  distinct=320
  102400/174763 chunks  prefix=78643200/134217728  84342/s  ETA 659s  distinct=320
  103424/174763 chunks  prefix=79429632/134217728  84335/s  ETA 650s  distinct=320
  104448/174763 chunks  prefix=80216064/134217728  84341/s  ETA 640s  distinct=320
  105472/174763 chunks  prefix=81002496/134217728  84341/s  ETA 631s  distinct=320
  106496/174763 chunks  prefix=81788928/134217728  84325/s  ETA 622s  distinct=320
  107520/174763 chunks  prefix=82575360/134217728  84317/s  ETA 612s  distinct=320
  108544/174763 chunks  prefix=83361792/134217728  84311/s  ETA 603s  distinct=320
  109568/174763 chunks  prefix=84148224/134217728  84310/s  ETA 594s  distinct=320
  110592/174763 chunks  prefix=84934656/134217728  84297/s  ETA 585s  distinct=320
  111616/174763 chunks  prefix=85721088/134217728  84299/s  ETA 575s  distinct=320
  112640/174763 chunks  prefix=86507520/134217728  84280/s  ETA 566s  distinct=320
  113664/174763 chunks  prefix=87293952/134217728  84284/s  ETA 557s  distinct=320
  114688/174763 chunks  prefix=88080384/134217728  84276/s  ETA 547s  distinct=320
  115712/174763 chunks  prefix=88866816/134217728  84276/s  ETA 538s  distinct=320
  116736/174763 chunks  prefix=89653248/134217728  84269/s  ETA 529s  distinct=320
  117760/174763 chunks  prefix=90439680/134217728  84262/s  ETA 520s  distinct=320
  118784/174763 chunks  prefix=91226112/134217728  84258/s  ETA 510s  distinct=320
  119808/174763 chunks  prefix=92012544/134217728  84252/s  ETA 501s  distinct=320
  120832/174763 chunks  prefix=92798976/134217728  84245/s  ETA 492s  distinct=320
  121856/174763 chunks  prefix=93585408/134217728  84244/s  ETA 482s  distinct=320
  122880/174763 chunks  prefix=94371840/134217728  84236/s  ETA 473s  distinct=320
  123904/174763 chunks  prefix=95158272/134217728  84229/s  ETA 464s  distinct=320
  124928/174763 chunks  prefix=95944704/134217728  84220/s  ETA 454s  distinct=320
  125952/174763 chunks  prefix=96731136/134217728  84210/s  ETA 445s  distinct=320
  126976/174763 chunks  prefix=97517568/134217728  84212/s  ETA 436s  distinct=320
  128000/174763 chunks  prefix=98304000/134217728  84211/s  ETA 426s  distinct=320
  129024/174763 chunks  prefix=99090432/134217728  84210/s  ETA 417s  distinct=320
  130048/174763 chunks  prefix=99876864/134217728  84206/s  ETA 408s  distinct=320
  131072/174763 chunks  prefix=100663296/134217728  84203/s  ETA 398s  distinct=320
  132096/174763 chunks  prefix=101449728/134217728  84213/s  ETA 389s  distinct=320
  133120/174763 chunks  prefix=102236160/134217728  84208/s  ETA 380s  distinct=320
  134144/174763 chunks  prefix=103022592/134217728  84215/s  ETA 370s  distinct=320
  135168/174763 chunks  prefix=103809024/134217728  84210/s  ETA 361s  distinct=320
  136192/174763 chunks  prefix=104595456/134217728  84216/s  ETA 352s  distinct=320
  137216/174763 chunks  prefix=105381888/134217728  84223/s  ETA 342s  distinct=320
  138240/174763 chunks  prefix=106168320/134217728  84218/s  ETA 333s  distinct=320
  139264/174763 chunks  prefix=106954752/134217728  84214/s  ETA 324s  distinct=320
  140288/174763 chunks  prefix=107741184/134217728  84204/s  ETA 314s  distinct=320
  141312/174763 chunks  prefix=108527616/134217728  84197/s  ETA 305s  distinct=320
  142336/174763 chunks  prefix=109314048/134217728  84203/s  ETA 296s  distinct=320
  143360/174763 chunks  prefix=110100480/134217728  84206/s  ETA 286s  distinct=320
  144384/174763 chunks  prefix=110886912/134217728  84220/s  ETA 277s  distinct=320
  145408/174763 chunks  prefix=111673344/134217728  84214/s  ETA 268s  distinct=320
  146432/174763 chunks  prefix=112459776/134217728  84204/s  ETA 258s  distinct=320
  147456/174763 chunks  prefix=113246208/134217728  84206/s  ETA 249s  distinct=320
  148480/174763 chunks  prefix=114032640/134217728  84204/s  ETA 240s  distinct=320
  149504/174763 chunks  prefix=114819072/134217728  84202/s  ETA 230s  distinct=320
  150528/174763 chunks  prefix=115605504/134217728  84198/s  ETA 221s  distinct=320
  151552/174763 chunks  prefix=116391936/134217728  84195/s  ETA 212s  distinct=320
  152576/174763 chunks  prefix=117178368/134217728  84189/s  ETA 202s  distinct=320
  153600/174763 chunks  prefix=117964800/134217728  84191/s  ETA 193s  distinct=320
  154624/174763 chunks  prefix=118751232/134217728  84188/s  ETA 184s  distinct=320
  155648/174763 chunks  prefix=119537664/134217728  84182/s  ETA 174s  distinct=320
  156672/174763 chunks  prefix=120324096/134217728  84175/s  ETA 165s  distinct=320
  157696/174763 chunks  prefix=121110528/134217728  84177/s  ETA 156s  distinct=320
  158720/174763 chunks  prefix=121896960/134217728  84164/s  ETA 146s  distinct=320
  159744/174763 chunks  prefix=122683392/134217728  84150/s  ETA 137s  distinct=320
  160768/174763 chunks  prefix=123469824/134217728  84141/s  ETA 128s  distinct=320
  161792/174763 chunks  prefix=124256256/134217728  84132/s  ETA 118s  distinct=320
  162816/174763 chunks  prefix=125042688/134217728  84129/s  ETA 109s  distinct=320
  163840/174763 chunks  prefix=125829120/134217728  84131/s  ETA 100s  distinct=320
  164864/174763 chunks  prefix=126615552/134217728  84134/s  ETA 90s  distinct=320
  165888/174763 chunks  prefix=127401984/134217728  84135/s  ETA 81s  distinct=320
  166912/174763 chunks  prefix=128188416/134217728  84135/s  ETA 72s  distinct=320
  167936/174763 chunks  prefix=128974848/134217728  84137/s  ETA 62s  distinct=320
  168960/174763 chunks  prefix=129761280/134217728  84146/s  ETA 53s  distinct=320
  169984/174763 chunks  prefix=130547712/134217728  84150/s  ETA 44s  distinct=320
  171008/174763 chunks  prefix=131334144/134217728  84154/s  ETA 34s  distinct=320
  172032/174763 chunks  prefix=132120576/134217728  84146/s  ETA 25s  distinct=320
  173056/174763 chunks  prefix=132907008/134217728  84144/s  ETA 16s  distinct=320
  174080/174763 chunks  prefix=133693440/134217728  84150/s  ETA 6s  distinct=320
  174763/174763 chunks  prefix=134217728/134217728  84160/s  ETA 0s  distinct=320

================================================================
FULL H-CENSUS (n=8, EXHAUSTIVE, all 2^28 = 268435456 tournaments)
================================================================
  H=     1:        40320
  H=     3:        80640
  H=     5:       201600
  H=     9:       349440
  H=    11:       161280
  H=    13:       161280
  H=    15:       408576
  H=    17:       241920
  H=    19:       241920
  H=    23:       483840
  H=    25:       362880
  H=    27:       376320
  H=    29:       645120
  H=    31:       403200
  H=    33:       712320
  H=    35:       161280
  H=    37:       766080
  H=    39:       188160
  H=    41:       524160
  H=    43:       403200
  H=    45:       592256
  H=    47:       161280
  H=    49:       604800
  H=    51:       645120
  H=    53:       564480
  H=    55:       322560
  H=    57:       336000
  H=    59:       806400
  H=    61:       241920
  H=    63:        80640
  H=    65:      1008000
  H=    67:       483840
  H=    69:       887040
  H=    71:       725760
  H=    73:      1088640
  H=    75:       483840
  H=    77:      1048320
  H=    79:       645120
  H=    81:      1182720
  H=    83:       725760
  H=    85:       282240
  H=    87:       268800
  H=    89:      1411200
  H=    91:      1693440
  H=    93:       725760
  H=    95:       806400
  H=    97:       887040
  H=    99:       546560
  H=   101:       967680
  H=   103:       967680
  H=   105:       712320
  H=   107:       403200
  H=   109:      1451520
  H=   111:      1128960
  H=   113:       645120
  H=   115:      1128960
  H=   117:      1061760
  H=   119:       483840
  H=   121:       483840
  H=   123:      1155840
  H=   125:       483840
  H=   127:       403200
  H=   129:      1559040
  H=   131:       967680
  H=   133:      1169280
  H=   135:       930048
  H=   137:      1048320
  H=   139:      1209600
  H=   141:       752640
  H=   143:       806400
  H=   145:       483840
  H=   147:       322560
  H=   149:       564480
  H=   151:       645120
  H=   153:       945280
  H=   155:      1128960
  H=   157:       645120
  H=   159:      1021440
  H=   161:       483840
  H=   163:       806400
  H=   165:       631680
  H=   167:       322560
  H=   169:       766080
  H=   171:       913920
  H=   173:      1209600
  H=   175:       656640
  H=   177:      1196160
  H=   179:      1048320
  H=   181:       725760
  H=   183:       564480
  H=   185:       725760
  H=   187:       967680
  H=   189:       810240
  H=   191:       887040
  H=   193:       846720
  H=   195:       456960
  H=   197:      1612800
  H=   199:       967680
  H=   201:       497280
  H=   203:      1048320
  H=   205:       725760
  H=   207:       985600
  H=   209:       645120
  H=   211:       806400
  H=   213:      1075200
  H=   215:       806400
  H=   217:       887040
  H=   219:      1585920
  H=   221:      1169280
  H=   223:       725760
  H=   225:       604800
  H=   227:       645120
  H=   229:      1532160
  H=   231:      1559040
  H=   233:      1370880
  H=   235:       564480
  H=   237:      1344000
  H=   239:      1693440
  H=   241:       887040
  H=   243:      1048320
  H=   245:      1008000
  H=   247:      1128960
  H=   249:       913920
  H=   251:       887040
  H=   253:      1088640
  H=   255:       956928
  H=   257:      1209600
  H=   259:      1370880
  H=   261:       967680
  H=   263:       887040
  H=   265:      1048320
  H=   267:      1774080
  H=   269:      1169280
  H=   271:      1290240
  H=   273:      1048320
  H=   275:      1532160
  H=   277:      1088640
  H=   279:       860160
  H=   281:      1935360
  H=   283:      1290240
  H=   285:      1370880
  H=   287:      1370880
  H=   289:      1128960
  H=   291:      1451520
  H=   293:      1693440
  H=   295:      1370880
  H=   297:       806400
  H=   299:       887040
  H=   301:       806400
  H=   303:      1209600
  H=   305:      1128960
  H=   307:      1451520
  H=   309:      1155840
  H=   311:      1048320
  H=   313:       967680
  H=   315:      1155840
  H=   317:      1693440
  H=   319:      1048320
  H=   321:      1559040
  H=   323:      1290240
  H=   325:      1088640
  H=   327:       967680
  H=   329:      1411200
  H=   331:       645120
  H=   333:      1464960
  H=   335:      1532160
  H=   337:      1128960
  H=   339:      1397760
  H=   341:      1048320
  H=   343:       483840
  H=   345:      1911168
  H=   347:      1532160
  H=   349:      1532160
  H=   351:      1747200
  H=   353:      1330560
  H=   355:       967680
  H=   357:      1223040
  H=   359:      1370880
  H=   361:      1249920
  H=   363:       403200
  H=   365:      1370880
  H=   367:       887040
  H=   369:      1518720
  H=   371:      1290240
  H=   373:      1411200
  H=   375:      1559040
  H=   377:       806400
  H=   379:      1128960
  H=   381:       927360
  H=   383:      1451520
  H=   385:       806400
  H=   387:       779520
  H=   389:      1169280
  H=   391:       806400
  H=   393:      1196160
  H=   395:       322560
  H=   397:      1008000
  H=   399:      1155840
  H=   401:      1733760
  H=   403:      1128960
  H=   405:       779520
  H=   407:      1854720
  H=   409:      1451520
  H=   411:       940800
  H=   413:      1169280
  H=   415:      1048320
  H=   417:      1572480
  H=   419:       806400
  H=   421:      1370880
  H=   423:      1236480
  H=   425:      1693440
  H=   427:      1128960
  H=   429:       873600
  H=   431:       806400
  H=   433:       766080
  H=   435:       752640
  H=   437:       806400
  H=   439:       887040
  H=   441:      1249920
  H=   443:       564480
  H=   445:      1088640
  H=   447:       725760
  H=   449:      1451520
  H=   451:      1128960
  H=   453:       564480
  H=   455:       725760
  H=   457:       685440
  H=   459:      1209600
  H=   461:       806400
  H=   463:      1290240
  H=   465:       779520
  H=   467:      1370880
  H=   469:      1330560
  H=   471:       940800
  H=   473:      1048320
  H=   475:       967680
  H=   477:       981120
  H=   479:       564480
  H=   481:       846720
  H=   483:       591360
  H=   485:       483840
  H=   487:       403200
  H=   489:       672000
  H=   491:       967680
  H=   493:       725760
  H=   495:       887040
  H=   497:      1330560
  H=   499:       806400
  H=   501:       604800
  H=   503:      1128960
  H=   505:       725760
  H=   507:       725760
  H=   509:      1411200
  H=   511:      1290240
  H=   513:      1357440
  H=   515:       483840
  H=   517:       846720
  H=   519:       967680
  H=   521:       685440
  H=   523:      1532160
  H=   525:       403200
  H=   527:       887040
  H=   529:       766080
  H=   531:       645120
  H=   533:       967680
  H=   535:       403200
  H=   537:       483840
  H=   539:       645120
  H=   541:       403200
  H=   543:       268800
  H=   545:       806400
  H=   547:       887040
  H=   549:       268800
  H=   551:       645120
  H=   553:       443520
  H=   555:       430080
  H=   557:       241920
  H=   559:       241920
  H=   561:       551040
  H=   563:       483840
  H=   565:       282240
  H=   567:       241920
  H=   569:       564480
  H=   571:       403200
  H=   573:       806400
  H=   575:       322560
  H=   577:       282240
  H=   579:       564480
  H=   581:       483840
  H=   583:       806400
  H=   585:       725760
  H=   587:       403200
  H=   589:       645120
  H=   591:       483840
  H=   593:       887040
  H=   595:       564480
  H=   597:       483840
  H=   599:       322560
  H=   601:        80640
  H=   603:        80640
  H=   605:       161280
  H=   607:        80640
  H=   609:        80640
  H=   613:        80640
  H=   621:        17920
  H=   627:        80640
  H=   629:        40320
  H=   631:       161280
  H=   633:        26880
  H=   637:        40320
  H=   639:       161280
  H=   641:       322560
  H=   643:       241920
  H=   645:       161280
  H=   649:       161280
  H=   651:       403200
  H=   653:       483840
  H=   657:       524160
  H=   659:       161280
  H=   661:       241920
----------------------------------------------------------------
Distinct H values: 320
Range: [1, 661]
All H odd: True
Census total: 268435456 (= 2^28 = 268435456)  OK

ODD GAPS in [1, 661]: [7, 21, 611, 615, 617, 619, 623, 625, 635, 647, 655]

KEY FORBIDDEN-VALUE CHECKS at n=8:
  H=7: GAP
  H=21: GAP
  H=35: ACHIEVED (count=161280)
  H=39: ACHIEVED (count=188160)
  H=49: ACHIEVED (count=604800)
  H=63: ACHIEVED (count=80640)

Elapsed: 1594.8s
