============================================================
  HAMILTONIAN PATHS vs CYCLES
============================================================

n=3:
     H   HC  n*HC    L  count L = H mod n?
     1    0     0    1      6         True
     3    1     3    0      2         True
  L = H mod n always? True
  HC = H // n always? True

n=4:
     H   HC  n*HC    L  count L = H mod n?
     1    0     0    1     24         True
     3    0     0    3     16         True
     5    1     4    1     24         True
  L = H mod n always? True
  HC = H // n always? True

n=5:
     H   HC  n*HC    L  count L = H mod n?
     1    0     0    1    120         True
     3    0     0    3    120         True
     5    0     0    5    240        False
     9    1     5    4    240         True
    11    1     5    6    120        False
    13    2    10    3    120         True
    15    2    10    5     24        False
    15    3    15    0     40         True
  L = H mod n always? False
  HC = H // n always? False

============================================================
  THE FORMULA
============================================================

IF HC = H // n (verified at n=3,4,5), THEN:

  H = n * (H // n) + (H mod n)
  HC = H // n
  L = H mod n

  This is TRIVIALLY true arithmetically. The content is:
  EVERY HP that forms a cycle when you add the return arc
  corresponds to EXACTLY n HPs (by cutting at each vertex).
  And the remaining L = H mod n HPs cannot form cycles.

  REDEI: H is always ODD. At odd n: H mod n is either 0 or odd.
  HC = H//n. At n=5: HC in {0, 0, 1, 1, 2, 2, 3} for H in {1,3,5,9,11,13,15}.

SOURCE-SINK HC:
  n=3: H_ext=3, HC=1, L=0
  n=5: H_ext=15, HC=3, L=0
  n=7: H_ext=135, HC=19, L=2

AT n=5 T->S extreme: L=0. EVERY HP is part of a Hamiltonian cycle!
This means the tournament has MAXIMUM cyclicity.

CYCLICITY = 1 - L/H:
  n=3: cyclicity = 1.0000
  n=5: cyclicity = 1.0000
  n=7: cyclicity = 0.9852

HC vs H_mid:
  n=3: HC=1, H_mid=1, HC-H_mid=0, HC/H_mid=1.0000
  n=5: HC=3, H_mid=3, HC-H_mid=0, HC/H_mid=1.0000
  n=7: HC=19, H_mid=15, HC-H_mid=4, HC/H_mid=1.2667

THE KEY INSIGHT:
  The global Hamiltonian CYCLE is what distinguishes high H from low H.
  In the source-sink embedding:
    S->T: NO Hamiltonian cycle. H = H_mid (minimum for this structure).
    T->S: HAS Hamiltonian cycle(s). H = (2^k+1)*H_mid (much larger).
  The CYCLE MULTIPLIER is 2^k+1 = (CD dimension + Redei quantum).
  The cycle converts LINEAR paths into CYCLIC paths,
  multiplying H by the Cayley-Dickson factor.
