JC23 THETA-ONLY BOUNDARY RESPONSE CERTIFICATE
status=FINITE-EXACT;THM4103=PROVED_RELATIVE_TO_THM3992_4053;JC2=OPEN
support_patterns=8;live_patterns=2;live_optional=phi;lambda_or_alpha_zero_hostiles=6
polygon=[(0, 1), (2, 0), (4, 2), (4, 3), (2, 4), (0, 4)]
pick=area2:24,boundary:10,genus:8
edge=((0, 1), (2, 0), 1, (1, 2), 1, 0, 0)
edge=((2, 0), (4, 2), 2, (-1, 1), 2, 1, 2)
edge=((4, 2), (4, 3), 1, (-1, 0), 3, 2, 2)
edge=((4, 3), (2, 4), 1, (-1, -2), 7, 6, 6)
edge=((2, 4), (0, 4), 2, (0, -1), 3, 2, 4)
edge=((0, 4), (0, 1), 3, (1, 0), 1, 0, 0)
ramification_total=14
affine_x0_indices=[1, 1, 1]
source_infinity_indices=[1, 2, 2, 3, 7, 3, 3];weight=21
allowed_eisenstein_degrees=[7, 9, 12, 13, 16, 19, 21]
degree=7;finite_debt=14;profiles=((0, 2, 1, 1, 3), (1, 0, 2, 1, 3), (1, 2, 3, 0, 1));labelled=7
degree=9;finite_debt=12;profiles=((0, 1, 1, 1, 6), (1, 1, 3, 0, 2), (1, 2, 0, 1, 1));labelled=9
degree=12;finite_debt=9;profiles=((0, 0, 3, 0, 1), (0, 1, 0, 1, 2), (1, 1, 2, 0, 6));labelled=9
degree=13;finite_debt=8;profiles=((0, 1, 2, 0, 6), (1, 0, 0, 1, 1), (1, 2, 1, 0, 3));labelled=10
degree=16;finite_debt=5;profiles=((0, 1, 1, 0, 6), (1, 2, 0, 0, 1));labelled=7
degree=19;finite_debt=2;profiles=((0, 1, 0, 0, 2),);labelled=2
degree=21;finite_debt=0;profiles=((0, 0, 0, 0, 1),);labelled=1
profile_totals=coarse:16,edge_refined:23,labelled:45
AB_target_infinity=1;BC_quadratic_orbit=joint_response
sharpened_profiles={7: (((0, 2, 1, 1, 3),), 3, 2), 12: (((0, 0, 3, 0, 1),), 1, 1), 21: (((0, 0, 0, 0, 1),), 1, 1)}
sharpened_totals=degrees:3,coarse:3,edge_refined:4,labelled:5
DE_support_floors=A:(7, 15),C:(7, 16)
support_deletion_hostile_polygon=[(0, 1), (2, 0), (4, 3), (2, 4), (0, 4)]
support_deletion_hostile_indices=[1, 5, 7, 3, 3, 1, 1, 1]
semantic_sha256=d1c19dc8f5a787dfec43297a86de061153b3ca543b6ab87fae4f4db1f8497c14
