THM4399_source_normal_row11_late_weight18_response_primary
imports=THM4395_primary_state;field=characteristic_zero
universe_base=complete_fixed_residual_weight_at_most_14
row11_bracket=shape(12,8),rank8,pivots(0..7),primitive_conditions1
F_terms=36;F_total_degree=4;F_multidegree=(4,4,2,2,1,2);F_QQ_irreducible=yes
F=712092531095885035687500*Phi**4 + 821011731481169865000000*Phi**3*alpha11 + 139278775876269887812500*Phi**3*c51 - 316295855547474501562500*Phi**3*eta + 236647708617429900000000*Phi**2*alpha11**2 + 80291186852342287500000*Phi**2*alpha11*c51 - 43058909665599049687500*Phi**2*alpha11*eta + 6810413170511176171875*Phi**2*c51**2 - 30932285940138480468750*Phi**2*c51*eta + 3733889920481087640000000*Phi**2*c70 + 445628783011794805546875*Phi**2*eta**2 - 76479730269188998356067968000*Phi**2 + 80291186852342287500000*Phi*alpha11**2*eta + 13620826341022352343750*Phi*alpha11*c51*eta + 2152506377265652800000000*Phi*alpha11*c70 + 205715422677291419531250*Phi*alpha11*eta**2 - 44128098153451944185391360000*Phi*alpha11 + 21736146783278091456000000*Phi*c23 + 365157331857566100000000*Phi*c51*c70 + 40145593426171143750000*Phi*c51*eta**2 - 7301988813385081335237120000*Phi*c51 - 829255929072250500000000*Phi*c70*eta - 91168842770934468750000*Phi*eta**3 + 16987951185108221412403200000*Phi*eta + 6810413170511176171875*alpha11**2*eta**2 + 12679418956912220016000000*alpha11**2 + 365157331857566100000000*alpha11*c70*eta + 40145593426171143750000*alpha11*eta**3 - 7301988813385081335237120000*alpha11*eta + 25358837913824440032000000*c51*eta + 4894705859649350400000000*c70**2 + 1076253188632826400000000*c70*eta**2 - 200365448846185933658357760000*c70 + 59161927154357475000000*eta**4 - 22073830342778447233850880000*eta**2 + 2077158990491529775184308229636096
old_c23_response=21736146783278091456000000*Phi;constant_source_pivot=none
selected_bracket_residual_ideal=(F)
base_row11_depth=P2(102x228,rank77),P3(114x361,rank94),joint(45x12,rank4,pivots8,9,10,11),conditions0,fibre=A8
valuation11_table_columns=b,monomial,weight,leading_x_power,Student_ratio,quotient_response
valuation11_row=(0, p^11*y^0, 22, 0, 1, 25358837913824440032000000)
valuation11_row=(1, p^9*y^1, 21, 1, 0, 0)
valuation11_row=(2, p^7*y^2, 20, 2, 2/7, 7245382261092697152000000)
valuation11_row=(3, p^5*y^3, 19, 3, 0, 0)
valuation11_row=(4, p^3*y^4, 18, 4, 36/133, 6864046352614134144000000)
valuation11_row=(5, p^1*y^5, 17, 5, 0, 0)
minimum_transverse_late_channel=lambda18*p^3*y^4;residual_weight=18;t_valuation=11
corrected_row11_equation=F+6864046352614134144000000*lambda18
lambda18_graph=-F/6864046352614134144000000;parameter_localization=none
corrected_literal_bracket_coefficients=12/12_zero
corrected_row11_depth=45/45_zero;terminal_fibre=A8
weight17_hostile=mu17*p*y^5;Student_ratio=0;row11_equation_remains_F
dense_control_F=2074612777259675413868913342459971;lambda18=-2074612777259675413868913342459971/6864046352614134144000000;corrected_bracket_depth=PASS
Phi_eta_zero_control_F=2076357619690857742751501214596096;lambda18=-2027692987979353264405762904879/6703170266224740375000;corrected_bracket_depth=PASS
scope=finite_row11_fixed_chart;late_single_channel_not_complete_weight18;entry_and_all_row_lift_open
checks=60;result=PASS
