finite_field_core_sha256=262d99129916bb6904507322b824830e3c6ab140c6c996f76a0d0d31f12b2d4b
plane=BW
packet=quadratic
parameter_degree=2
witness_prime=19
monic_parameter_mod_prime=5,4,1
residue_field_order=361
cubic_leading_unit=1
branch_degree=12
branch_derivative_gcd_degree=1
infinity_separable=1
irreducible_specialization_x=6
specialized_cubic_no_residue_root=1
plane=BW
packet=sextic
parameter_degree=6
witness_prime=13
monic_parameter_mod_prime=4,12,11,12,12,1,1
residue_field_order=4826809
cubic_leading_unit=1
branch_degree=12
branch_derivative_gcd_degree=1
infinity_separable=1
irreducible_specialization_x=1
specialized_cubic_no_residue_root=1
plane=CD
packet=linear
parameter_degree=1
witness_prime=11
monic_parameter_mod_prime=5,1
residue_field_order=11
cubic_leading_unit=1
branch_degree=12
branch_derivative_gcd_degree=1
infinity_separable=1
irreducible_specialization_x=3
specialized_cubic_no_residue_root=1
plane=CD
packet=cubic
parameter_degree=3
witness_prime=5
monic_parameter_mod_prime=3,0,4,1
residue_field_order=125
cubic_leading_unit=1
branch_degree=12
branch_derivative_gcd_degree=1
infinity_separable=1
irreducible_specialization_x=1
specialized_cubic_no_residue_root=1
plane=DW
packet=linear
parameter_degree=1
witness_prime=11
monic_parameter_mod_prime=1,1
residue_field_order=11
cubic_leading_unit=1
branch_degree=12
branch_derivative_gcd_degree=1
infinity_separable=1
irreducible_specialization_x=8
specialized_cubic_no_residue_root=1
plane=DW
packet=cubic
parameter_degree=3
witness_prime=13
monic_parameter_mod_prime=12,5,9,1
residue_field_order=2197
cubic_leading_unit=1
branch_degree=12
branch_derivative_gcd_degree=1
infinity_separable=1
irreducible_specialization_x=3
specialized_cubic_no_residue_root=1
candidate_roots_covered=16
status=REMAINING_TWO_SPARSE_FINITE_PLACE_GENUS_FLOOR_EXACT
