THM-3603 EXPONENT-TWO 3-BY-4 ADDITIVE SUPPORT ATLAS
status=FINITE-EXACT+VERIFIED-EXACT;claim_scope=additive_support_only
variables=X,Y,U,V,W;all_positive;primitive_integral_bounded_control=yes
output_exchange=three_point_support_named_A;simultaneous_reversal=retained
hyperplane_count=18;flat_count=786;positive_connected_cone_count=83
global_oriented_fibre_word_count=149;reversal_fixed=3;reversal_orbits=76
cone_distribution=(6, 4, 1):1,(7, 4, 1):7,(8, 3, 2):12,(8, 4, 1):11,(9, 3, 2):52
chambers_per_cone=1:25,2:50,3:8
word_profile_counts=(6, 8, 2, 4, 4):1,(7, 5, 0, 5, 5):3,(7, 6, 1, 4, 4):4,(8, 4, 0, 4, 3):18,(8, 4, 0, 4, 4):9,(8, 5, 1, 3, 1):8,(8, 5, 1, 3, 3):2,(9, 3, 0, 3, 1):10,(9, 3, 0, 3, 2):48,(9, 3, 0, 3, 3):28,(9, 4, 1, 2, 2):18
cut_debt_counts=(6, 2, 3, 2):1,(7, 1, 3, 1):3,(7, 2, 2, 2):2,(7, 2, 3, 2):2,(8, 1, 1, 2):2,(8, 1, 2, 1):35,(9, 1, 1, 1):76,(9, 1, 2, 1):28
one_cut_size_counts=(6, '-'):1,(7, '-'):4,(7, '2'):3,(8, '2'):27,(8, '3'):10,(9, '2'):86,(9, '23'):18
exposed_one_cut_counts=(6, False):1,(7, False):7,(8, False):37,(9, False):46,(9, True):58
flat_semantic_sha256=2c5e4c1f448cfb96ff6f4f240d615339f26a853ea7406e7801cf3f581e5cbeb9
cone_semantic_sha256=a29b4a617a677ba6b6e1778e5a1e94eb47de8f9d4cb8a0df8fd25f1017c9e8f0
word_semantic_sha256=1c32e4a56baaaecc56014899bf70f8f4c051ec0a31f377c2400b7c67c544eca8
bounded_semantic_sha256=0f8ace8fa981601cdc0a51e9d03e10db232b0c5ee23a99a6b999bbbd7d8dfc6d
source_lf_sha256=85c8a5e8200e0999b0e671f2419f3b9a52f03c862370cfa5a6afc7aaf8715c74
HYPERPLANES
H00=A01=B01;row=1,0,-1,0,0
H01=A01=B02;row=1,0,-1,-1,0
H02=A01=B03;row=1,0,-1,-1,-1
H03=A01=B12;row=1,0,0,-1,0
H04=A01=B13;row=1,0,0,-1,-1
H05=A01=B23;row=1,0,0,0,-1
H06=A02=B01;row=1,1,-1,0,0
H07=A02=B02;row=1,1,-1,-1,0
H08=A02=B03;row=1,1,-1,-1,-1
H09=A02=B12;row=1,1,0,-1,0
H10=A02=B13;row=1,1,0,-1,-1
H11=A02=B23;row=1,1,0,0,-1
H12=A12=B01;row=0,1,-1,0,0
H13=A12=B02;row=0,1,-1,-1,0
H14=A12=B03;row=0,1,-1,-1,-1
H15=A12=B12;row=0,1,0,-1,0
H16=A12=B13;row=0,1,0,-1,-1
H17=A12=B23;row=0,1,0,0,-1
FLAT_LATTICE
F001=rank:0;closure:0x00000
F002=rank:1;closure:0x04000
F003=rank:1;closure:0x02000
F004=rank:1;closure:0x01000
F005=rank:1;closure:0x10000
F006=rank:1;closure:0x08000
F007=rank:1;closure:0x20000
F008=rank:1;closure:0x00004
F009=rank:1;closure:0x00002
F010=rank:1;closure:0x00001
F011=rank:1;closure:0x00010
F012=rank:1;closure:0x00008
F013=rank:1;closure:0x00020
F014=rank:1;closure:0x00100
F015=rank:1;closure:0x00080
F016=rank:1;closure:0x00040
F017=rank:1;closure:0x00400
F018=rank:1;closure:0x00200
F019=rank:1;closure:0x00800
F020=rank:2;closure:0x06000
F021=rank:2;closure:0x03000
F022=rank:2;closure:0x05000
F023=rank:2;closure:0x11000
F024=rank:2;closure:0x12000
F025=rank:2;closure:0x14000
F026=rank:2;closure:0x18000
F027=rank:2;closure:0x09000
F028=rank:2;closure:0x0a000
F029=rank:2;closure:0x0c000
F030=rank:2;closure:0x28000
F031=rank:2;closure:0x30000
F032=rank:2;closure:0x21000
F033=rank:2;closure:0x22000
F034=rank:2;closure:0x24000
F035=rank:2;closure:0x04004
F036=rank:2;closure:0x02004
F037=rank:2;closure:0x01004
F038=rank:2;closure:0x10004
F039=rank:2;closure:0x08004
F040=rank:2;closure:0x20004
F041=rank:2;closure:0x00104
F042=rank:2;closure:0x00084
F043=rank:2;closure:0x00044
F044=rank:2;closure:0x00404
F045=rank:2;closure:0x00204
F046=rank:2;closure:0x00804
F047=rank:2;closure:0x00006
F048=rank:2;closure:0x04002
F049=rank:2;closure:0x02002
F050=rank:2;closure:0x01002
F051=rank:2;closure:0x10002
F052=rank:2;closure:0x08002
F053=rank:2;closure:0x20102
F054=rank:2;closure:0x00082
F055=rank:2;closure:0x00042
F056=rank:2;closure:0x00402
F057=rank:2;closure:0x00202
F058=rank:2;closure:0x00802
F059=rank:2;closure:0x20080
F060=rank:2;closure:0x08100
F061=rank:2;closure:0x00003
F062=rank:2;closure:0x00005
F063=rank:2;closure:0x04001
F064=rank:2;closure:0x02001
F065=rank:2;closure:0x01001
F066=rank:2;closure:0x10101
F067=rank:2;closure:0x08081
F068=rank:2;closure:0x20001
F069=rank:2;closure:0x00041
F070=rank:2;closure:0x00401
F071=rank:2;closure:0x00201
F072=rank:2;closure:0x00801
F073=rank:2;closure:0x10080
F074=rank:2;closure:0x20040
F075=rank:2;closure:0x08040
F076=rank:2;closure:0x10040
F077=rank:2;closure:0x00011
F078=rank:2;closure:0x00012
F079=rank:2;closure:0x00014
F080=rank:2;closure:0x04010
F081=rank:2;closure:0x02010
F082=rank:2;closure:0x01110
F083=rank:2;closure:0x00090
F084=rank:2;closure:0x00050
F085=rank:2;closure:0x10010
F086=rank:2;closure:0x08010
F087=rank:2;closure:0x20010
F088=rank:2;closure:0x00410
F089=rank:2;closure:0x00210
F090=rank:2;closure:0x00810
F091=rank:2;closure:0x00018
F092=rank:2;closure:0x00009
F093=rank:2;closure:0x0000a
F094=rank:2;closure:0x0000c
F095=rank:2;closure:0x04008
F096=rank:2;closure:0x02008
F097=rank:2;closure:0x00108
F098=rank:2;closure:0x01088
F099=rank:2;closure:0x00048
F100=rank:2;closure:0x10008
F101=rank:2;closure:0x08008
F102=rank:2;closure:0x20408
F103=rank:2;closure:0x00208
F104=rank:2;closure:0x00808
F105=rank:2;closure:0x20200
F106=rank:2;closure:0x00028
F107=rank:2;closure:0x00030
F108=rank:2;closure:0x00021
F109=rank:2;closure:0x00022
F110=rank:2;closure:0x00024
F111=rank:2;closure:0x04020
F112=rank:2;closure:0x02120
F113=rank:2;closure:0x000a0
F114=rank:2;closure:0x01020
F115=rank:2;closure:0x00060
F116=rank:2;closure:0x10020
F117=rank:2;closure:0x08420
F118=rank:2;closure:0x00220
F119=rank:2;closure:0x20020
F120=rank:2;closure:0x00820
F121=rank:2;closure:0x04100
F122=rank:2;closure:0x02080
F123=rank:2;closure:0x01040
F124=rank:2;closure:0x10400
F125=rank:2;closure:0x08200
F126=rank:2;closure:0x20800
F127=rank:2;closure:0x04080
F128=rank:2;closure:0x10200
F129=rank:2;closure:0x08800
F130=rank:2;closure:0x02040
F131=rank:2;closure:0x10800
F132=rank:2;closure:0x04040
F133=rank:2;closure:0x01400
F134=rank:2;closure:0x01200
F135=rank:2;closure:0x02400
F136=rank:2;closure:0x01800
F137=rank:2;closure:0x04400
F138=rank:2;closure:0x02200
F139=rank:2;closure:0x04200
F140=rank:2;closure:0x02800
F141=rank:2;closure:0x04800
F142=rank:2;closure:0x00180
F143=rank:2;closure:0x000c0
F144=rank:2;closure:0x00140
F145=rank:2;closure:0x00440
F146=rank:2;closure:0x00480
F147=rank:2;closure:0x00500
F148=rank:2;closure:0x00600
F149=rank:2;closure:0x00240
F150=rank:2;closure:0x00280
F151=rank:2;closure:0x00300
F152=rank:2;closure:0x00a00
F153=rank:2;closure:0x00c00
F154=rank:2;closure:0x00840
F155=rank:2;closure:0x00880
F156=rank:2;closure:0x00900
F157=rank:3;closure:0x07000
F158=rank:3;closure:0x19000
F159=rank:3;closure:0x1e000
F160=rank:3;closure:0x29000
F161=rank:3;closure:0x33000
F162=rank:3;closure:0x25000
F163=rank:3;closure:0x2a000
F164=rank:3;closure:0x34000
F165=rank:3;closure:0x2c000
F166=rank:3;closure:0x38000
F167=rank:3;closure:0x0b000
F168=rank:3;closure:0x15000
F169=rank:3;closure:0x26000
F170=rank:3;closure:0x0d000
F171=rank:3;closure:0x06006
F172=rank:3;closure:0x01006
F173=rank:3;closure:0x18006
F174=rank:3;closure:0x20186
F175=rank:3;closure:0x00046
F176=rank:3;closure:0x00606
F177=rank:3;closure:0x00806
F178=rank:3;closure:0x28004
F179=rank:3;closure:0x00a04
F180=rank:3;closure:0x03004
F181=rank:3;closure:0x28102
F182=rank:3;closure:0x30004
F183=rank:3;closure:0x08104
F184=rank:3;closure:0x000c4
F185=rank:3;closure:0x08140
F186=rank:3;closure:0x00a02
F187=rank:3;closure:0x00c04
F188=rank:3;closure:0x08044
F189=rank:3;closure:0x00007
F190=rank:3;closure:0x06001
F191=rank:3;closure:0x04003
F192=rank:3;closure:0x03003
F193=rank:3;closure:0x05005
F194=rank:3;closure:0x02005
F195=rank:3;closure:0x18181
F196=rank:3;closure:0x28081
F197=rank:3;closure:0x30103
F198=rank:3;closure:0x20005
F199=rank:3;closure:0x20041
F200=rank:3;closure:0x080c3
F201=rank:3;closure:0x10145
F202=rank:3;closure:0x08085
F203=rank:3;closure:0x00601
F204=rank:3;closure:0x00a01
F205=rank:3;closure:0x00c03
F206=rank:3;closure:0x00805
F207=rank:3;closure:0x00203
F208=rank:3;closure:0x00405
F209=rank:3;closure:0x00205
F210=rank:3;closure:0x10042
F211=rank:3;closure:0x05002
F212=rank:3;closure:0x28040
F213=rank:3;closure:0x300c0
F214=rank:3;closure:0x20142
F215=rank:3;closure:0x20044
F216=rank:3;closure:0x10082
F217=rank:3;closure:0x10084
F218=rank:3;closure:0x18040
F219=rank:3;closure:0x11004
F220=rank:3;closure:0x00444
F221=rank:3;closure:0x11002
F222=rank:3;closure:0x09004
F223=rank:3;closure:0x00442
F224=rank:3;closure:0x00244
F225=rank:3;closure:0x09002
F226=rank:3;closure:0x00242
F227=rank:3;closure:0x12004
F228=rank:3;closure:0x21004
F229=rank:3;closure:0x00484
F230=rank:3;closure:0x00844
F231=rank:3;closure:0x04011
F232=rank:3;closure:0x02011
F233=rank:3;closure:0x04012
F234=rank:3;closure:0x10050
F235=rank:3;closure:0x10090
F236=rank:3;closure:0x11111
F237=rank:3;closure:0x12012
F238=rank:3;closure:0x14014
F239=rank:3;closure:0x08050
F240=rank:3;closure:0x08091
F241=rank:3;closure:0x09110
F242=rank:3;closure:0x08012
F243=rank:3;closure:0x0a014
F244=rank:3;closure:0x0c010
F245=rank:3;closure:0x20050
F246=rank:3;closure:0x20011
F247=rank:3;closure:0x20090
F248=rank:3;closure:0x21112
F249=rank:3;closure:0x20014
F250=rank:3;closure:0x22010
F251=rank:3;closure:0x24010
F252=rank:3;closure:0x00451
F253=rank:3;closure:0x00492
F254=rank:3;closure:0x01514
F255=rank:3;closure:0x02410
F256=rank:3;closure:0x04410
F257=rank:3;closure:0x00211
F258=rank:3;closure:0x00250
F259=rank:3;closure:0x00212
F260=rank:3;closure:0x00294
F261=rank:3;closure:0x01310
F262=rank:3;closure:0x02210
F263=rank:3;closure:0x04210
F264=rank:3;closure:0x00811
F265=rank:3;closure:0x00852
F266=rank:3;closure:0x00814
F267=rank:3;closure:0x00890
F268=rank:3;closure:0x01910
F269=rank:3;closure:0x02810
F270=rank:3;closure:0x04810
F271=rank:3;closure:0x00054
F272=rank:3;closure:0x01402
F273=rank:3;closure:0x01204
F274=rank:3;closure:0x00019
F275=rank:3;closure:0x0001e
F276=rank:3;closure:0x06018
F277=rank:3;closure:0x01198
F278=rank:3;closure:0x00058
F279=rank:3;closure:0x04009
F280=rank:3;closure:0x02009
F281=rank:3;closure:0x10048
F282=rank:3;closure:0x11088
F283=rank:3;closure:0x10109
F284=rank:3;closure:0x12008
F285=rank:3;closure:0x1400a
F286=rank:3;closure:0x1000c
F287=rank:3;closure:0x18018
F288=rank:3;closure:0x08048
F289=rank:3;closure:0x09089
F290=rank:3;closure:0x08108
F291=rank:3;closure:0x0a00a
F292=rank:3;closure:0x0c00c
F293=rank:3;closure:0x0200c
F294=rank:3;closure:0x20448
F295=rank:3;closure:0x20409
F296=rank:3;closure:0x21488
F297=rank:3;closure:0x2050a
F298=rank:3;closure:0x2040c
F299=rank:3;closure:0x22408
F300=rank:3;closure:0x24408
F301=rank:3;closure:0x20618
F302=rank:3;closure:0x00249
F303=rank:3;closure:0x0128a
F304=rank:3;closure:0x0030c
F305=rank:3;closure:0x02208
F306=rank:3;closure:0x04208
F307=rank:3;closure:0x0108c
F308=rank:3;closure:0x00809
F309=rank:3;closure:0x00848
F310=rank:3;closure:0x0080a
F311=rank:3;closure:0x0080c
F312=rank:3;closure:0x01888
F313=rank:3;closure:0x00908
F314=rank:3;closure:0x02808
F315=rank:3;closure:0x04808
F316=rank:3;closure:0x00818
F317=rank:3;closure:0x0004a
F318=rank:3;closure:0x0004c
F319=rank:3;closure:0x0c002
F320=rank:3;closure:0x20240
F321=rank:3;closure:0x20201
F322=rank:3;closure:0x21200
F323=rank:3;closure:0x20280
F324=rank:3;closure:0x20302
F325=rank:3;closure:0x20204
F326=rank:3;closure:0x22200
F327=rank:3;closure:0x24200
F328=rank:3;closure:0x02404
F329=rank:3;closure:0x01804
F330=rank:3;closure:0x01401
F331=rank:3;closure:0x02402
F332=rank:3;closure:0x04404
F333=rank:3;closure:0x02204
F334=rank:3;closure:0x01802
F335=rank:3;closure:0x04402
F336=rank:3;closure:0x01201
F337=rank:3;closure:0x02202
F338=rank:3;closure:0x04204
F339=rank:3;closure:0x04202
F340=rank:3;closure:0x28010
F341=rank:3;closure:0x22004
F342=rank:3;closure:0x00a10
F343=rank:3;closure:0x00884
F344=rank:3;closure:0x00029
F345=rank:3;closure:0x00033
F346=rank:3;closure:0x00025
F347=rank:3;closure:0x0002a
F348=rank:3;closure:0x00034
F349=rank:3;closure:0x0002c
F350=rank:3;closure:0x04028
F351=rank:3;closure:0x02128
F352=rank:3;closure:0x04030
F353=rank:3;closure:0x010a8
F354=rank:3;closure:0x03130
F355=rank:3;closure:0x05020
F356=rank:3;closure:0x00068
F357=rank:3;closure:0x000f0
F358=rank:3;closure:0x02160
F359=rank:3;closure:0x04060
F360=rank:3;closure:0x04021
F361=rank:3;closure:0x10060
F362=rank:3;closure:0x11020
F363=rank:3;closure:0x100a0
F364=rank:3;closure:0x12121
F365=rank:3;closure:0x14020
F366=rank:3;closure:0x10022
F367=rank:3;closure:0x10024
F368=rank:3;closure:0x08460
F369=rank:3;closure:0x09420
F370=rank:3;closure:0x084a1
F371=rank:3;closure:0x0a520
F372=rank:3;closure:0x0c420
F373=rank:3;closure:0x08422
F374=rank:3;closure:0x08424
F375=rank:3;closure:0x00260
F376=rank:3;closure:0x01220
F377=rank:3;closure:0x00221
F378=rank:3;closure:0x002a0
F379=rank:3;closure:0x02320
F380=rank:3;closure:0x04220
F381=rank:3;closure:0x00222
F382=rank:3;closure:0x00224
F383=rank:3;closure:0x10028
F384=rank:3;closure:0x04022
F385=rank:3;closure:0x20220
F386=rank:3;closure:0x28428
F387=rank:3;closure:0x30030
F388=rank:3;closure:0x20060
F389=rank:3;closure:0x21021
F390=rank:3;closure:0x200a0
F391=rank:3;closure:0x22122
F392=rank:3;closure:0x24024
F393=rank:3;closure:0x00a28
F394=rank:3;closure:0x08c30
F395=rank:3;closure:0x10820
F396=rank:3;closure:0x00861
F397=rank:3;closure:0x01820
F398=rank:3;closure:0x008a2
F399=rank:3;closure:0x02924
F400=rank:3;closure:0x04820
F401=rank:3;closure:0x00230
F402=rank:3;closure:0x000a4
F403=rank:3;closure:0x01022
F404=rank:3;closure:0x00062
F405=rank:3;closure:0x01024
F406=rank:3;closure:0x00064
F407=rank:3;closure:0x02050
F408=rank:3;closure:0x02401
F409=rank:3;closure:0x08808
F410=rank:3;closure:0x10810
F411=rank:3;closure:0x01801
F412=rank:3;closure:0x02802
F413=rank:3;closure:0x04804
F414=rank:3;closure:0x00038
F415=rank:3;closure:0x0000b
F416=rank:3;closure:0x00015
F417=rank:3;closure:0x00026
F418=rank:3;closure:0x061a0
F419=rank:3;closure:0x04108
F420=rank:3;closure:0x01060
F421=rank:3;closure:0x030c8
F422=rank:3;closure:0x05150
F423=rank:3;closure:0x02090
F424=rank:3;closure:0x11440
F425=rank:3;closure:0x12480
F426=rank:3;closure:0x14501
F427=rank:3;closure:0x10402
F428=rank:3;closure:0x10404
F429=rank:3;closure:0x18620
F430=rank:3;closure:0x09240
F431=rank:3;closure:0x0a281
F432=rank:3;closure:0x0c300
F433=rank:3;closure:0x08202
F434=rank:3;closure:0x08204
F435=rank:3;closure:0x28a00
F436=rank:3;closure:0x30c08
F437=rank:3;closure:0x20810
F438=rank:3;closure:0x21840
F439=rank:3;closure:0x20801
F440=rank:3;closure:0x22880
F441=rank:3;closure:0x24902
F442=rank:3;closure:0x20804
F443=rank:3;closure:0x20820
F444=rank:3;closure:0x08208
F445=rank:3;closure:0x10410
F446=rank:3;closure:0x01041
F447=rank:3;closure:0x02082
F448=rank:3;closure:0x04104
F449=rank:3;closure:0x08210
F450=rank:3;closure:0x02084
F451=rank:3;closure:0x01042
F452=rank:3;closure:0x01044
F453=rank:3;closure:0x04048
F454=rank:3;closure:0x04201
F455=rank:3;closure:0x0000d
F456=rank:3;closure:0x040c0
F457=rank:3;closure:0x00148
F458=rank:3;closure:0x05088
F459=rank:3;closure:0x04090
F460=rank:3;closure:0x04480
F461=rank:3;closure:0x11200
F462=rank:3;closure:0x10240
F463=rank:3;closure:0x12200
F464=rank:3;closure:0x14280
F465=rank:3;closure:0x10301
F466=rank:3;closure:0x10202
F467=rank:3;closure:0x10204
F468=rank:3;closure:0x0c081
F469=rank:3;closure:0x10a00
F470=rank:3;closure:0x04880
F471=rank:3;closure:0x30200
F472=rank:3;closure:0x24080
F473=rank:3;closure:0x10208
F474=rank:3;closure:0x04082
F475=rank:3;closure:0x10210
F476=rank:3;closure:0x04084
F477=rank:3;closure:0x02801
F478=rank:3;closure:0x04801
F479=rank:3;closure:0x09800
F480=rank:3;closure:0x08840
F481=rank:3;closure:0x0a800
F482=rank:3;closure:0x0c800
F483=rank:3;closure:0x08881
F484=rank:3;closure:0x08900
F485=rank:3;closure:0x08802
F486=rank:3;closure:0x08804
F487=rank:3;closure:0x22001
F488=rank:3;closure:0x06040
F489=rank:3;closure:0x02440
F490=rank:3;closure:0x02240
F491=rank:3;closure:0x11800
F492=rank:3;closure:0x12840
F493=rank:3;closure:0x14800
F494=rank:3;closure:0x10880
F495=rank:3;closure:0x10901
F496=rank:3;closure:0x10802
F497=rank:3;closure:0x10804
F498=rank:3;closure:0x18800
F499=rank:3;closure:0x0a040
F500=rank:3;closure:0x22040
F501=rank:3;closure:0x24001
F502=rank:3;closure:0x02041
F503=rank:3;closure:0x02042
F504=rank:3;closure:0x02044
F505=rank:3;closure:0x04440
F506=rank:3;closure:0x04240
F507=rank:3;closure:0x04840
F508=rank:3;closure:0x14040
F509=rank:3;closure:0x0c040
F510=rank:3;closure:0x24040
F511=rank:3;closure:0x04041
F512=rank:3;closure:0x04042
F513=rank:3;closure:0x04044
F514=rank:3;closure:0x01600
F515=rank:3;closure:0x01a00
F516=rank:3;closure:0x03c00
F517=rank:3;closure:0x05800
F518=rank:3;closure:0x06600
F519=rank:3;closure:0x02a00
F520=rank:3;closure:0x04c00
F521=rank:3;closure:0x03200
F522=rank:3;closure:0x05400
F523=rank:3;closure:0x04a00
F524=rank:3;closure:0x05200
F525=rank:3;closure:0x06800
F526=rank:3;closure:0x001c0
F527=rank:3;closure:0x00640
F528=rank:3;closure:0x00780
F529=rank:3;closure:0x00a40
F530=rank:3;closure:0x00cc0
F531=rank:3;closure:0x00940
F532=rank:3;closure:0x00a80
F533=rank:3;closure:0x00d00
F534=rank:3;closure:0x00b00
F535=rank:3;closure:0x00e00
F536=rank:3;closure:0x002c0
F537=rank:3;closure:0x00540
F538=rank:3;closure:0x00980
F539=rank:3;closure:0x00340
F540=rank:4;closure:0x3f000
F541=rank:4;closure:0x07007
F542=rank:4;closure:0x381c7
F543=rank:4;closure:0x00e07
F544=rank:4;closure:0x19006
F545=rank:4;closure:0x00646
F546=rank:4;closure:0x06019
F547=rank:4;closure:0x18058
F548=rank:4;closure:0x19199
F549=rank:4;closure:0x1e01e
F550=rank:4;closure:0x20659
F551=rank:4;closure:0x2179e
F552=rank:4;closure:0x26618
F553=rank:4;closure:0x00819
F554=rank:4;closure:0x0085e
F555=rank:4;closure:0x01998
F556=rank:4;closure:0x06818
F557=rank:4;closure:0x01601
F558=rank:4;closure:0x06606
F559=rank:4;closure:0x01806
F560=rank:4;closure:0x29004
F561=rank:4;closure:0x00a44
F562=rank:4;closure:0x28050
F563=rank:4;closure:0x22044
F564=rank:4;closure:0x28091
F565=rank:4;closure:0x22005
F566=rank:4;closure:0x29112
F567=rank:4;closure:0x33004
F568=rank:4;closure:0x2a014
F569=rank:4;closure:0x2240c
F570=rank:4;closure:0x2c010
F571=rank:4;closure:0x22204
F572=rank:4;closure:0x10884
F573=rank:4;closure:0x00a11
F574=rank:4;closure:0x08885
F575=rank:4;closure:0x00a52
F576=rank:4;closure:0x00cc4
F577=rank:4;closure:0x08940
F578=rank:4;closure:0x00a94
F579=rank:4;closure:0x0188c
F580=rank:4;closure:0x01b10
F581=rank:4;closure:0x0d800
F582=rank:4;closure:0x02a10
F583=rank:4;closure:0x04a10
F584=rank:4;closure:0x08844
F585=rank:4;closure:0x01a04
F586=rank:4;closure:0x04029
F587=rank:4;closure:0x10068
F588=rank:4;closure:0x04062
F589=rank:4;closure:0x110a8
F590=rank:4;closure:0x05022
F591=rank:4;closure:0x12129
F592=rank:4;closure:0x04033
F593=rank:4;closure:0x1402a
F594=rank:4;closure:0x0c422
F595=rank:4;closure:0x1002c
F596=rank:4;closure:0x04222
F597=rank:4;closure:0x20260
F598=rank:4;closure:0x28468
F599=rank:4;closure:0x300f0
F600=rank:4;closure:0x22162
F601=rank:4;closure:0x24064
F602=rank:4;closure:0x21221
F603=rank:4;closure:0x294a9
F604=rank:4;closure:0x33133
F605=rank:4;closure:0x25025
F606=rank:4;closure:0x202a0
F607=rank:4;closure:0x2a52a
F608=rank:4;closure:0x34034
F609=rank:4;closure:0x22322
F610=rank:4;closure:0x2c42c
F611=rank:4;closure:0x24224
F612=rank:4;closure:0x10062
F613=rank:4;closure:0x09422
F614=rank:4;closure:0x11024
F615=rank:4;closure:0x108a2
F616=rank:4;closure:0x00a69
F617=rank:4;closure:0x08cf3
F618=rank:4;closure:0x12965
F619=rank:4;closure:0x04861
F620=rank:4;closure:0x01aaa
F621=rank:4;closure:0x0bd34
F622=rank:4;closure:0x15820
F623=rank:4;closure:0x02b2c
F624=rank:4;closure:0x0cc30
F625=rank:4;closure:0x04a28
F626=rank:4;closure:0x00262
F627=rank:4;closure:0x08464
F628=rank:4;closure:0x01224
F629=rank:4;closure:0x100a4
F630=rank:4;closure:0x00233
F631=rank:4;closure:0x084a5
F632=rank:4;closure:0x0006a
F633=rank:4;closure:0x002f4
F634=rank:4;closure:0x0a560
F635=rank:4;closure:0x14060
F636=rank:4;closure:0x010ac
F637=rank:4;closure:0x03330
F638=rank:4;closure:0x0d420
F639=rank:4;closure:0x04230
F640=rank:4;closure:0x00225
F641=rank:4;closure:0x0006c
F642=rank:4;closure:0x02360
F643=rank:4;closure:0x0c460
F644=rank:4;closure:0x05220
F645=rank:4;closure:0x04260
F646=rank:4;closure:0x02811
F647=rank:4;closure:0x09802
F648=rank:4;closure:0x11804
F649=rank:4;closure:0x02444
F650=rank:4;closure:0x22050
F651=rank:4;closure:0x22409
F652=rank:4;closure:0x24011
F653=rank:4;closure:0x10890
F654=rank:4;closure:0x08848
F655=rank:4;closure:0x12852
F656=rank:4;closure:0x04844
F657=rank:4;closure:0x01a01
F658=rank:4;closure:0x09889
F659=rank:4;closure:0x03c03
F660=rank:4;closure:0x11911
F661=rank:4;closure:0x05805
F662=rank:4;closure:0x0a80a
F663=rank:4;closure:0x14814
F664=rank:4;closure:0x02a02
F665=rank:4;closure:0x08908
F666=rank:4;closure:0x04c04
F667=rank:4;closure:0x0c80c
F668=rank:4;closure:0x04a04
F669=rank:4;closure:0x02451
F670=rank:4;closure:0x02405
F671=rank:4;closure:0x0a054
F672=rank:4;closure:0x03204
F673=rank:4;closure:0x02250
F674=rank:4;closure:0x11802
F675=rank:4;closure:0x02809
F676=rank:4;closure:0x04811
F677=rank:4;closure:0x02442
F678=rank:4;closure:0x02244
F679=rank:4;closure:0x0003f
F680=rank:4;closure:0x071f8
F681=rank:4;closure:0x19660
F682=rank:4;closure:0x1e7a1
F683=rank:4;closure:0x18626
F684=rank:4;closure:0x22890
F685=rank:4;closure:0x29a40
F686=rank:4;closure:0x33cc8
F687=rank:4;closure:0x25952
F688=rank:4;closure:0x21844
F689=rank:4;closure:0x2aa81
F690=rank:4;closure:0x34d0b
F691=rank:4;closure:0x20815
F692=rank:4;closure:0x2cb02
F693=rank:4;closure:0x30c0c
F694=rank:4;closure:0x28a04
F695=rank:4;closure:0x11442
F696=rank:4;closure:0x38e38
F697=rank:4;closure:0x12492
F698=rank:4;closure:0x21861
F699=rank:4;closure:0x0b2cb
F700=rank:4;closure:0x15555
F701=rank:4;closure:0x0c30c
F702=rank:4;closure:0x269a6
F703=rank:4;closure:0x09244
F704=rank:4;closure:0x08212
F705=rank:4;closure:0x12484
F706=rank:4;closure:0x0a295
F707=rank:4;closure:0x030cc
F708=rank:4;closure:0x0d350
F709=rank:4;closure:0x01066
F710=rank:4;closure:0x04442
F711=rank:4;closure:0x04244
F712=rank:4;closure:0x04848
F713=rank:4;closure:0x04a01
F714=rank:4;closure:0x22240
F715=rank:4;closure:0x24448
F716=rank:4;closure:0x24201
F717=rank:4;closure:0x05402
F718=rank:4;closure:0x1404a
F719=rank:4;closure:0x04203
F720=rank:4;closure:0x04249
F721=rank:4;closure:0x05205
F722=rank:4;closure:0x0c04c
F723=rank:4;closure:0x04211
F724=rank:4;closure:0x04242
F725=rank:4;closure:0x04890
F726=rank:4;closure:0x11a00
F727=rank:4;closure:0x05888
F728=rank:4;closure:0x12a40
F729=rank:4;closure:0x04cc0
F730=rank:4;closure:0x00948
F731=rank:4;closure:0x14a80
F732=rank:4;closure:0x0c881
F733=rank:4;closure:0x10b01
F734=rank:4;closure:0x0080d
F735=rank:4;closure:0x10a02
F736=rank:4;closure:0x10a04
F737=rank:4;closure:0x24090
F738=rank:4;closure:0x33200
F739=rank:4;closure:0x25488
F740=rank:4;closure:0x2a040
F741=rank:4;closure:0x342c0
F742=rank:4;closure:0x2054a
F743=rank:4;closure:0x20054
F744=rank:4;closure:0x2c081
F745=rank:4;closure:0x30303
F746=rank:4;closure:0x2040d
F747=rank:4;closure:0x30204
F748=rank:4;closure:0x10242
F749=rank:4;closure:0x12208
F750=rank:4;closure:0x04492
F751=rank:4;closure:0x1528a
F752=rank:4;closure:0x0c0c3
F753=rank:4;closure:0x1034d
F754=rank:4;closure:0x11204
F755=rank:4;closure:0x12212
F756=rank:4;closure:0x04484
F757=rank:4;closure:0x14294
F758=rank:4;closure:0x0d08d
F759=rank:4;closure:0x11311
F760=rank:4;closure:0x040c4
F761=rank:4;closure:0x08148
F762=rank:4;closure:0x10250
F763=rank:4;closure:0x12204
F764=rank:4;closure:0x0200d
F765=rank:4;closure:0x0c091
F766=rank:4;closure:0x04a40
F767=rank:4;closure:0x25200
F768=rank:4;closure:0x2c040
F769=rank:4;closure:0x20342
F770=rank:4;closure:0x2044c
F771=rank:4;closure:0x20205
F772=rank:4;closure:0x04212
F773=rank:4;closure:0x0d002
F774=rank:4;closure:0x1108c
F775=rank:4;closure:0x20244
F776=rank:4;closure:0x06801
F777=rank:4;closure:0x06640
F778=rank:4;closure:0x19800
F779=rank:4;closure:0x1e840
F780=rank:4;closure:0x18981
F781=rank:4;closure:0x18806
F782=rank:4;closure:0x26041
F783=rank:4;closure:0x06046
F784=rank:4;closure:0x07e00
F785=rank:4;closure:0x00fc0
F786=rank:5;closure:0x3ffff
POSITIVE_CONNECTED_CONES
C001=m:6;rank:4;dim:1;closure:H00,H03,H05,H07,H10,H12,H15,H17;words:W001;sample:1,1,1,1,1
C002=m:7;rank:4;dim:1;closure:H00,H03,H07,H11,H12,H15;words:W002;sample:1,1,1,1,2
C003=m:7;rank:4;dim:1;closure:H00,H03,H05,H08,H13,H16;words:W003;sample:1,2,1,1,1
C004=m:7;rank:4;dim:1;closure:H00,H05,H09,H12,H17;words:W006;sample:1,1,1,2,1
C005=m:7;rank:4;dim:1;closure:H00,H03,H10,H13,H17;words:W004;sample:1,2,1,1,2
C006=m:7;rank:4;dim:1;closure:H00,H04,H07,H15,H17;words:W005;sample:2,1,2,1,1
C007=m:7;rank:4;dim:1;closure:H03,H05,H06,H10,H15,H17;words:W008;sample:1,1,2,1,1
C008=m:7;rank:4;dim:1;closure:H01,H04,H08,H12,H15,H17;words:W007;sample:2,1,1,1,1
C009=m:8;rank:3;dim:2;closure:H00,H04,H07,H15;words:W015,W016;sample:3,1,3,1,2
C010=m:8;rank:3;dim:2;closure:H00,H05,H07,H10,H15;words:W018,W023;sample:1,2,1,2,1
C011=m:8;rank:3;dim:2;closure:H00,H07,H11,H15;words:W020,W024;sample:1,2,1,2,3
C012=m:8;rank:3;dim:2;closure:H00,H03,H08,H16;words:W010,W012;sample:1,3,1,1,2
C013=m:8;rank:3;dim:2;closure:H00,H05,H08,H13,H16;words:W021,W026;sample:1,3,1,2,1
C014=m:8;rank:3;dim:2;closure:H00,H03,H10,H17;words:W013,W014,W027;sample:2,1,2,2,1
C015=m:8;rank:3;dim:2;closure:H03,H06,H10,H17;words:W038,W040;sample:1,2,3,1,2
C016=m:8;rank:3;dim:2;closure:H01,H04,H08,H12,H17;words:W028,W029;sample:3,1,1,2,1
C017=m:8;rank:3;dim:2;closure:H03,H07,H10,H12,H17;words:W035,W044;sample:2,1,1,2,1
C018=m:8;rank:3;dim:2;closure:H03,H10,H13,H17;words:W036,W045;sample:1,3,2,1,3
C019=m:8;rank:3;dim:2;closure:H00,H07,H15,H17;words:W017,W019,W025;sample:1,2,1,2,2
C020=m:8;rank:3;dim:2;closure:H01,H08,H15,H17;words:W030,W033;sample:3,1,2,1,1
C021=m:8;rank:4;dim:1;closure:H00,H09,H11,H12;words:W022;sample:1,1,1,2,2
C022=m:8;rank:4;dim:1;closure:H00,H03,H11,H13;words:W011;sample:1,2,1,1,3
C023=m:8;rank:4;dim:1;closure:H00,H03,H05,H14;words:W009;sample:1,3,1,1,1
C024=m:8;rank:4;dim:1;closure:H03,H06,H11,H15;words:W039;sample:1,1,2,1,2
C025=m:8;rank:4;dim:1;closure:H01,H05,H10,H12,H15;words:W031;sample:2,1,1,1,2
C026=m:8;rank:4;dim:1;closure:H01,H11,H12,H15;words:W032;sample:2,1,1,1,3
C027=m:8;rank:4;dim:1;closure:H03,H05,H06,H16;words:W037;sample:1,2,3,1,1
C028=m:8;rank:4;dim:1;closure:H03,H05,H07,H12,H16;words:W043;sample:1,2,2,1,1
C029=m:8;rank:4;dim:1;closure:H05,H06,H09,H17;words:W042;sample:1,1,2,2,1
C030=m:8;rank:4;dim:1;closure:H04,H06,H15,H17;words:W041;sample:2,1,3,1,1
C031=m:8;rank:4;dim:1;closure:H02,H12,H15,H17;words:W034;sample:3,1,1,1,1
C032=m:9;rank:3;dim:2;closure:H03,H05,H06;words:W107,W108,W112;sample:2,1,3,2,2
C033=m:9;rank:3;dim:2;closure:H00,H05,H09;words:W060,W065;sample:1,2,1,3,1
C034=m:9;rank:3;dim:2;closure:H05,H06,H09;words:W123,W124;sample:1,2,3,3,1
C035=m:9;rank:3;dim:2;closure:H00,H03,H11;words:W048,W049,W063;sample:2,1,2,2,3
C036=m:9;rank:3;dim:2;closure:H03,H06,H11;words:W111,W113;sample:1,2,3,1,3
C037=m:9;rank:3;dim:2;closure:H00,H09,H11;words:W061,W067;sample:1,2,1,3,3
C038=m:9;rank:3;dim:2;closure:H01,H05,H12;words:W071,W075;sample:3,1,1,2,3
C039=m:9;rank:3;dim:2;closure:H03,H05,H07,H12;words:W094,W131,W132;sample:2,1,1,2,2
C040=m:9;rank:3;dim:2;closure:H05,H09,H12;words:W104,W143;sample:1,2,2,3,1
C041=m:9;rank:3;dim:2;closure:H01,H10,H12;words:W072,W073;sample:3,1,1,2,2
C042=m:9;rank:3;dim:2;closure:H01,H11,H12;words:W074,W076;sample:3,1,1,2,4
C043=m:9;rank:3;dim:2;closure:H03,H07,H11,H12;words:W095,W135;sample:1,2,2,1,3
C044=m:9;rank:3;dim:2;closure:H09,H11,H12;words:W106,W144;sample:2,1,1,3,3
C045=m:9;rank:3;dim:2;closure:H00,H04,H13;words:W050;sample:2,3,2,1,1
C046=m:9;rank:3;dim:2;closure:H03,H05,H08,H13;words:W096,W136;sample:1,3,2,1,1
C047=m:9;rank:3;dim:2;closure:H00,H10,H13;words:W052,W057;sample:1,3,1,2,2
C048=m:9;rank:3;dim:2;closure:H00,H11,H13;words:W054,W058;sample:1,3,1,2,4
C049=m:9;rank:3;dim:2;closure:H03,H11,H13;words:W099,W139;sample:1,3,2,1,4
C050=m:9;rank:3;dim:2;closure:H00,H03,H14;words:W046,W047;sample:1,4,1,1,2
C051=m:9;rank:3;dim:2;closure:H01,H04,H14;words:W068;sample:2,3,1,1,1
C052=m:9;rank:3;dim:2;closure:H00,H05,H14;words:W051,W056;sample:1,4,1,2,1
C053=m:9;rank:3;dim:2;closure:H03,H05,H14;words:W097,W137;sample:1,4,2,1,1
C054=m:9;rank:3;dim:2;closure:H01,H04,H15;words:W069,W080;sample:3,1,2,1,2
C055=m:9;rank:3;dim:2;closure:H04,H06,H15;words:W114,W115;sample:3,1,4,1,2
C056=m:9;rank:3;dim:2;closure:H01,H05,H10,H15;words:W078,W081;sample:3,1,2,1,3
C057=m:9;rank:3;dim:2;closure:H05,H06,H10,H15;words:W119,W127;sample:1,2,3,2,1
C058=m:9;rank:3;dim:2;closure:H01,H11,H15;words:W079,W082;sample:3,1,2,1,4
C059=m:9;rank:3;dim:2;closure:H06,H11,H15;words:W122,W129;sample:2,1,3,1,3
C060=m:9;rank:3;dim:2;closure:H02,H12,H15;words:W083,W084;sample:4,1,1,1,2
C061=m:9;rank:3;dim:2;closure:H04,H08,H12,H15;words:W090,W101;sample:3,1,1,1,2
C062=m:9;rank:3;dim:2;closure:H05,H10,H12,H15;words:W092,W102,W146;sample:1,2,2,2,1
C063=m:9;rank:3;dim:2;closure:H11,H12,H15;words:W093,W103,W148;sample:1,2,2,2,3
C064=m:9;rank:3;dim:2;closure:H01,H05,H16;words:W077;sample:2,3,1,1,2
C065=m:9;rank:3;dim:2;closure:H03,H06,H16;words:W109,W110;sample:1,3,4,1,2
C066=m:9;rank:3;dim:2;closure:H05,H06,H16;words:W120,W128;sample:1,3,4,2,1
C067=m:9;rank:3;dim:2;closure:H05,H07,H16;words:W141,W149;sample:1,3,2,2,1
C068=m:9;rank:3;dim:2;closure:H01,H12,H16;words:W070;sample:3,2,2,1,1
C069=m:9;rank:3;dim:2;closure:H05,H12,H16;words:W142,W147;sample:1,3,3,2,1
C070=m:9;rank:3;dim:2;closure:H03,H07,H12,H16;words:W133,W134;sample:1,3,3,1,2
C071=m:9;rank:3;dim:2;closure:H02,H13,H16;words:W087;sample:3,2,1,1,1
C072=m:9;rank:3;dim:2;closure:H03,H13,H16;words:W098,W138;sample:1,3,2,1,2
C073=m:9;rank:3;dim:2;closure:H00,H04,H17;words:W055,W064;sample:3,1,3,2,1
C074=m:9;rank:3;dim:2;closure:H04,H06,H17;words:W116,W117;sample:3,1,4,2,1
C075=m:9;rank:3;dim:2;closure:H04,H07,H17;words:W100,W140;sample:3,1,2,2,1
C076=m:9;rank:3;dim:2;closure:H00,H09,H17;words:W062,W066;sample:1,2,1,3,2
C077=m:9;rank:3;dim:2;closure:H06,H09,H17;words:W125,W126;sample:2,1,3,3,1
C078=m:9;rank:3;dim:2;closure:H02,H12,H17;words:W085,W086;sample:4,1,1,2,1
C079=m:9;rank:3;dim:2;closure:H09,H12,H17;words:W105,W145;sample:2,1,1,3,1
C080=m:9;rank:3;dim:2;closure:H00,H13,H17;words:W053,W059;sample:1,3,1,2,3
C081=m:9;rank:3;dim:2;closure:H04,H13,H17;words:W091;sample:3,2,1,1,2
C082=m:9;rank:3;dim:2;closure:H02,H15,H17;words:W088,W089;sample:4,1,2,1,1
C083=m:9;rank:3;dim:2;closure:H06,H15,H17;words:W118,W121,W130;sample:1,2,3,2,2
ORIENTED_FIBRE_WORDS
W001=cone:C001;m:6;C:8;T:2;raw:4;live:4;cuts:2/3/2;one_cut_sizes:-;exposed_one_cut:0;reverse:W001;sample:1,1,1,1,1;word:00|01=10|02=11=20|03=12=21|13=22|23
W002=cone:C002;m:7;C:6;T:1;raw:4;live:4;cuts:1/3/1;one_cut_sizes:2;exposed_one_cut:0;reverse:W008;sample:1,1,1,1,2;word:00|01=10|02=11=20|12=21|03=22|13|23
W003=cone:C003;m:7;C:6;T:1;raw:4;live:4;cuts:2/2/2;one_cut_sizes:-;exposed_one_cut:0;reverse:W007;sample:1,2,1,1,1;word:00|01=10|02=11|03=12=20|13=21|22|23
W004=cone:C005;m:7;C:5;T:0;raw:5;live:5;cuts:2/3/2;one_cut_sizes:-;exposed_one_cut:0;reverse:W005;sample:1,2,1,1,2;word:00|01=10|02=11|12=20|03=21|13=22|23
W005=cone:C006;m:7;C:5;T:0;raw:5;live:5;cuts:2/3/2;one_cut_sizes:-;exposed_one_cut:0;reverse:W004;sample:2,1,2,1,1;word:00|01=10|02=20|03=11|12=21|13=22|23
W006=cone:C004;m:7;C:5;T:0;raw:5;live:5;cuts:1/3/1;one_cut_sizes:2;exposed_one_cut:0;reverse:W006;sample:1,1,1,2,1;word:00|01=10|11=20|02=21|03=12|13=22|23
W007=cone:C008;m:7;C:6;T:1;raw:4;live:4;cuts:2/2/2;one_cut_sizes:-;exposed_one_cut:0;reverse:W003;sample:2,1,1,1,1;word:00|01|02=10|03=11=20|12=21|13=22|23
W008=cone:C007;m:7;C:6;T:1;raw:4;live:4;cuts:1/3/1;one_cut_sizes:2;exposed_one_cut:0;reverse:W002;sample:1,1,2,1,1;word:00|10|01=20|02=11|03=12=21|13=22|23
W009=cone:C023;m:8;C:4;T:0;raw:4;live:4;cuts:1/1/2;one_cut_sizes:2;exposed_one_cut:0;reverse:W034;sample:1,3,1,1,1;word:00|01=10|02=11|03=12|13=20|21|22|23
W010=cone:C012;m:8;C:4;T:0;raw:4;live:3;cuts:1/2/1;one_cut_sizes:2;exposed_one_cut:0;reverse:W033;sample:2,3,2,2,1;word:00|01=10|02=11|03=20|12|13=21|22|23
W011=cone:C022;m:8;C:4;T:0;raw:4;live:4;cuts:1/2/1;one_cut_sizes:2;exposed_one_cut:0;reverse:W041;sample:1,2,1,1,3;word:00|01=10|02=11|12=20|21|03=22|13|23
W012=cone:C012;m:8;C:4;T:0;raw:4;live:3;cuts:1/2/1;one_cut_sizes:2;exposed_one_cut:0;reverse:W030;sample:1,3,1,1,2;word:00|01=10|02=11|12|03=20|13=21|22|23
W013=cone:C014;m:8;C:4;T:0;raw:4;live:3;cuts:1/2/1;one_cut_sizes:2;exposed_one_cut:0;reverse:W017;sample:1,3,1,1,3;word:00|01=10|02=11|12|20|03=21|13=22|23
W014=cone:C014;m:8;C:4;T:0;raw:4;live:3;cuts:1/2/1;one_cut_sizes:2;exposed_one_cut:0;reverse:W019;sample:2,3,2,2,3;word:00|01=10|02=11|20|12|03=21|13=22|23
W015=cone:C009;m:8;C:4;T:0;raw:4;live:3;cuts:1/2/1;one_cut_sizes:2;exposed_one_cut:0;reverse:W036;sample:3,2,3,2,1;word:00|01=10|02=20|03=11|12=21|13|22|23
W016=cone:C009;m:8;C:4;T:0;raw:4;live:3;cuts:1/2/1;one_cut_sizes:2;exposed_one_cut:0;reverse:W045;sample:3,1,3,1,2;word:00|01=10|02=20|03=11|12=21|22|13|23
W017=cone:C019;m:8;C:4;T:0;raw:4;live:3;cuts:1/2/1;one_cut_sizes:2;exposed_one_cut:0;reverse:W013;sample:3,1,3,1,1;word:00|01=10|02=20|03|11|12=21|13=22|23
W018=cone:C010;m:8;C:5;T:1;raw:3;live:1;cuts:1/2/1;one_cut_sizes:3;exposed_one_cut:0;reverse:W044;sample:2,1,2,1,2;word:00|01=10|02=20|11|03=12=21|22|13|23
W019=cone:C019;m:8;C:4;T:0;raw:4;live:3;cuts:1/2/1;one_cut_sizes:2;exposed_one_cut:0;reverse:W014;sample:3,2,3,2,2;word:00|01=10|02=20|11|03|12=21|13=22|23
W020=cone:C011;m:8;C:4;T:0;raw:4;live:3;cuts:1/2/1;one_cut_sizes:2;exposed_one_cut:0;reverse:W040;sample:2,1,2,1,3;word:00|01=10|02=20|11|12=21|03=22|13|23
W021=cone:C013;m:8;C:5;T:1;raw:3;live:1;cuts:1/2/1;one_cut_sizes:3;exposed_one_cut:0;reverse:W028;sample:2,3,2,1,2;word:00|01=10|02|11|03=12=20|13=21|22|23
W022=cone:C021;m:8;C:4;T:0;raw:4;live:4;cuts:1/2/1;one_cut_sizes:2;exposed_one_cut:0;reverse:W042;sample:1,1,1,2,2;word:00|01=10|11=20|02=21|12|03=22|13|23
W023=cone:C010;m:8;C:5;T:1;raw:3;live:1;cuts:1/2/1;one_cut_sizes:3;exposed_one_cut:0;reverse:W035;sample:1,2,1,2,1;word:00|01=10|11|02=20|03=12=21|13|22|23
W024=cone:C011;m:8;C:4;T:0;raw:4;live:3;cuts:1/2/1;one_cut_sizes:2;exposed_one_cut:0;reverse:W038;sample:1,2,1,2,3;word:00|01=10|11|02=20|12=21|03=22|13|23
W025=cone:C019;m:8;C:4;T:0;raw:4;live:3;cuts:1/2/1;one_cut_sizes:2;exposed_one_cut:0;reverse:W027;sample:1,2,1,2,2;word:00|01=10|11|02=20|12=21|03|13=22|23
W026=cone:C013;m:8;C:5;T:1;raw:3;live:1;cuts:1/2/1;one_cut_sizes:3;exposed_one_cut:0;reverse:W029;sample:1,3,1,2,1;word:00|01=10|11|02|03=12=20|13=21|22|23
W027=cone:C014;m:8;C:4;T:0;raw:4;live:3;cuts:1/2/1;one_cut_sizes:2;exposed_one_cut:0;reverse:W025;sample:2,1,2,2,1;word:00|01=10|20|02=11|03=21|12|13=22|23
W028=cone:C016;m:8;C:5;T:1;raw:3;live:1;cuts:1/2/1;one_cut_sizes:3;exposed_one_cut:0;reverse:W021;sample:3,2,2,1,2;word:00|01|02=10|03=11=20|12|21|13=22|23
W029=cone:C016;m:8;C:5;T:1;raw:3;live:1;cuts:1/2/1;one_cut_sizes:3;exposed_one_cut:0;reverse:W026;sample:3,1,1,2,1;word:00|01|02=10|03=11=20|21|12|13=22|23
W030=cone:C020;m:8;C:4;T:0;raw:4;live:3;cuts:1/2/1;one_cut_sizes:2;exposed_one_cut:0;reverse:W012;sample:3,1,2,1,1;word:00|01|02=10|03=20|11|12=21|13=22|23
W031=cone:C025;m:8;C:5;T:1;raw:3;live:3;cuts:1/2/1;one_cut_sizes:3;exposed_one_cut:0;reverse:W043;sample:2,1,1,1,2;word:00|01|02=10|11=20|03=12=21|22|13|23
W032=cone:C026;m:8;C:4;T:0;raw:4;live:4;cuts:1/2/1;one_cut_sizes:2;exposed_one_cut:0;reverse:W037;sample:2,1,1,1,3;word:00|01|02=10|11=20|12=21|03=22|13|23
W033=cone:C020;m:8;C:4;T:0;raw:4;live:3;cuts:1/2/1;one_cut_sizes:2;exposed_one_cut:0;reverse:W010;sample:3,2,1,2,2;word:00|01|02=10|11|03=20|12=21|13=22|23
W034=cone:C031;m:8;C:4;T:0;raw:4;live:4;cuts:1/1/2;one_cut_sizes:2;exposed_one_cut:0;reverse:W009;sample:3,1,1,1,1;word:00|01|02|03=10|11=20|12=21|13=22|23
W035=cone:C017;m:8;C:5;T:1;raw:3;live:1;cuts:1/2/1;one_cut_sizes:3;exposed_one_cut:0;reverse:W023;sample:2,1,1,2,1;word:00|01|10|02=11=20|03=21|12|13=22|23
W036=cone:C018;m:8;C:4;T:0;raw:4;live:3;cuts:1/2/1;one_cut_sizes:2;exposed_one_cut:0;reverse:W015;sample:2,3,1,2,3;word:00|01|10|02=11|12=20|03=21|13=22|23
W037=cone:C027;m:8;C:4;T:0;raw:4;live:4;cuts:1/2/1;one_cut_sizes:2;exposed_one_cut:0;reverse:W032;sample:1,2,3,1,1;word:00|10|01=20|02=11|03=12|13=21|22|23
W038=cone:C015;m:8;C:4;T:0;raw:4;live:3;cuts:1/2/1;one_cut_sizes:2;exposed_one_cut:0;reverse:W024;sample:2,1,3,2,1;word:00|10|01=20|02=11|03=21|12|13=22|23
W039=cone:C024;m:8;C:4;T:0;raw:4;live:4;cuts:1/2/1;one_cut_sizes:2;exposed_one_cut:0;reverse:W039;sample:1,1,2,1,2;word:00|10|01=20|02=11|12=21|03=22|13|23
W040=cone:C015;m:8;C:4;T:0;raw:4;live:3;cuts:1/2/1;one_cut_sizes:2;exposed_one_cut:0;reverse:W020;sample:1,2,3,1,2;word:00|10|01=20|02=11|12|03=21|13=22|23
W041=cone:C030;m:8;C:4;T:0;raw:4;live:4;cuts:1/2/1;one_cut_sizes:2;exposed_one_cut:0;reverse:W011;sample:2,1,3,1,1;word:00|10|01=20|02|03=11|12=21|13=22|23
W042=cone:C029;m:8;C:4;T:0;raw:4;live:4;cuts:1/2/1;one_cut_sizes:2;exposed_one_cut:0;reverse:W022;sample:1,1,2,2,1;word:00|10|01=20|11|02=21|03=12|13=22|23
W043=cone:C028;m:8;C:5;T:1;raw:3;live:3;cuts:1/2/1;one_cut_sizes:3;exposed_one_cut:0;reverse:W031;sample:1,2,2,1,1;word:00|10|01|02=11=20|03=12|13=21|22|23
W044=cone:C017;m:8;C:5;T:1;raw:3;live:1;cuts:1/2/1;one_cut_sizes:3;exposed_one_cut:0;reverse:W018;sample:1,2,2,1,2;word:00|10|01|02=11=20|12|03=21|13=22|23
W045=cone:C018;m:8;C:4;T:0;raw:4;live:3;cuts:1/2/1;one_cut_sizes:2;exposed_one_cut:0;reverse:W016;sample:1,3,2,1,3;word:00|10|01|02=11|12=20|03=21|13=22|23
W046=cone:C050;m:9;C:3;T:0;raw:3;live:3;cuts:1/1/1;one_cut_sizes:2;exposed_one_cut:0;reverse:W088;sample:2,5,2,2,1;word:00|01=10|02=11|03|12|13=20|21|22|23
W047=cone:C050;m:9;C:3;T:0;raw:3;live:3;cuts:1/1/1;one_cut_sizes:2;exposed_one_cut:0;reverse:W089;sample:1,4,1,1,2;word:00|01=10|02=11|12|03|13=20|21|22|23
W048=cone:C035;m:9;C:3;T:0;raw:3;live:3;cuts:1/1/1;one_cut_sizes:2;exposed_one_cut:0;reverse:W118;sample:1,3,1,1,4;word:00|01=10|02=11|12|20|21|03=22|13|23
W049=cone:C035;m:9;C:3;T:0;raw:3;live:3;cuts:1/1/1;one_cut_sizes:2;exposed_one_cut:0;reverse:W121;sample:2,3,2,2,5;word:00|01=10|02=11|20|12|21|03=22|13|23
W050=cone:C045;m:9;C:3;T:0;raw:3;live:3;cuts:1/1/1;one_cut_sizes:2;exposed_one_cut:0;reverse:W091;sample:2,3,2,1,1;word:00|01=10|02|03=11|12=20|13|21|22|23
W051=cone:C052;m:9;C:3;T:0;raw:3;live:2;cuts:1/1/1;one_cut_sizes:2;exposed_one_cut:1;reverse:W085;sample:2,5,2,1,2;word:00|01=10|02|11|03=12|13=20|21|22|23
W052=cone:C047;m:9;C:3;T:0;raw:3;live:2;cuts:1/2/1;one_cut_sizes:2;exposed_one_cut:1;reverse:W140;sample:2,3,2,1,4;word:00|01=10|02|11|12=20|03=21|22|13|23
W053=cone:C080;m:9;C:3;T:0;raw:3;live:2;cuts:1/1/1;one_cut_sizes:2;exposed_one_cut:1;reverse:W055;sample:2,3,2,1,3;word:00|01=10|02|11|12=20|03|21|13=22|23
W054=cone:C048;m:9;C:3;T:0;raw:3;live:1;cuts:1/2/1;one_cut_sizes:2;exposed_one_cut:1;reverse:W116;sample:2,3,2,1,5;word:00|01=10|02|11|12=20|21|03=22|13|23
W055=cone:C073;m:9;C:3;T:0;raw:3;live:2;cuts:1/1/1;one_cut_sizes:2;exposed_one_cut:1;reverse:W053;sample:3,2,3,1,2;word:00|01=10|02|20|03=11|12|21|13=22|23
W056=cone:C052;m:9;C:3;T:0;raw:3;live:2;cuts:1/1/1;one_cut_sizes:2;exposed_one_cut:1;reverse:W086;sample:1,4,1,2,1;word:00|01=10|11|02|03=12|13=20|21|22|23
W057=cone:C047;m:9;C:3;T:0;raw:3;live:2;cuts:1/2/1;one_cut_sizes:2;exposed_one_cut:1;reverse:W100;sample:1,3,1,2,2;word:00|01=10|11|02|12=20|03=21|13|22|23
W058=cone:C048;m:9;C:3;T:0;raw:3;live:1;cuts:1/2/1;one_cut_sizes:2;exposed_one_cut:1;reverse:W117;sample:1,3,1,2,4;word:00|01=10|11|02|12=20|21|03=22|13|23
W059=cone:C080;m:9;C:3;T:0;raw:3;live:2;cuts:1/1/1;one_cut_sizes:2;exposed_one_cut:1;reverse:W064;sample:1,3,1,2,3;word:00|01=10|11|02|12=20|21|03|13=22|23
W060=cone:C033;m:9;C:3;T:0;raw:3;live:2;cuts:1/1/1;one_cut_sizes:2;exposed_one_cut:1;reverse:W105;sample:1,2,1,3,1;word:00|01=10|11|20|02=21|03=12|13|22|23
W061=cone:C037;m:9;C:3;T:0;raw:3;live:2;cuts:1/1/1;one_cut_sizes:2;exposed_one_cut:1;reverse:W125;sample:1,2,1,3,3;word:00|01=10|11|20|02=21|12|03=22|13|23
W062=cone:C076;m:9;C:3;T:0;raw:3;live:1;cuts:1/2/1;one_cut_sizes:2;exposed_one_cut:1;reverse:W066;sample:1,2,1,3,2;word:00|01=10|11|20|02=21|12|03|13=22|23
W063=cone:C035;m:9;C:3;T:0;raw:3;live:3;cuts:1/1/1;one_cut_sizes:2;exposed_one_cut:0;reverse:W130;sample:2,1,2,2,3;word:00|01=10|20|02=11|21|12|03=22|13|23
W064=cone:C073;m:9;C:3;T:0;raw:3;live:2;cuts:1/1/1;one_cut_sizes:2;exposed_one_cut:1;reverse:W059;sample:3,1,3,2,1;word:00|01=10|20|02|03=11|21|12|13=22|23
W065=cone:C033;m:9;C:3;T:0;raw:3;live:2;cuts:1/1/1;one_cut_sizes:2;exposed_one_cut:1;reverse:W145;sample:2,1,2,3,2;word:00|01=10|20|11|02=21|03=12|22|13|23
W066=cone:C076;m:9;C:3;T:0;raw:3;live:1;cuts:1/2/1;one_cut_sizes:2;exposed_one_cut:1;reverse:W062;sample:2,1,2,3,1;word:00|01=10|20|11|02=21|03|12|13=22|23
W067=cone:C037;m:9;C:3;T:0;raw:3;live:2;cuts:1/1/1;one_cut_sizes:2;exposed_one_cut:1;reverse:W126;sample:2,1,2,3,3;word:00|01=10|20|11|02=21|12|03=22|13|23
W068=cone:C051;m:9;C:3;T:0;raw:3;live:2;cuts:1/1/1;one_cut_sizes:2;exposed_one_cut:1;reverse:W087;sample:2,3,1,1,1;word:00|01|02=10|03=11|12|13=20|21|22|23
W069=cone:C054;m:9;C:3;T:0;raw:3;live:2;cuts:1/1/1;one_cut_sizes:2;exposed_one_cut:1;reverse:W098;sample:3,2,1,2,1;word:00|01|02=10|03=11|20|12=21|13|22|23
W070=cone:C068;m:9;C:3;T:0;raw:3;live:2;cuts:1/1/1;one_cut_sizes:2;exposed_one_cut:1;reverse:W077;sample:3,2,2,1,1;word:00|01|02=10|03|11=20|12|13=21|22|23
W071=cone:C038;m:9;C:3;T:0;raw:3;live:3;cuts:1/1/1;one_cut_sizes:2;exposed_one_cut:0;reverse:W142;sample:3,2,2,1,3;word:00|01|02=10|11=20|03=12|21|22|13|23
W072=cone:C041;m:9;C:3;T:0;raw:3;live:1;cuts:1/2/1;one_cut_sizes:2;exposed_one_cut:1;reverse:W149;sample:3,1,1,2,2;word:00|01|02=10|11=20|03=21|12|22|13|23
W073=cone:C041;m:9;C:3;T:0;raw:3;live:1;cuts:1/2/1;one_cut_sizes:2;exposed_one_cut:1;reverse:W141;sample:3,2,2,1,4;word:00|01|02=10|11=20|12|03=21|22|13|23
W074=cone:C042;m:9;C:3;T:0;raw:3;live:2;cuts:1/2/1;one_cut_sizes:2;exposed_one_cut:1;reverse:W120;sample:3,2,2,1,5;word:00|01|02=10|11=20|12|21|03=22|13|23
W075=cone:C038;m:9;C:3;T:0;raw:3;live:3;cuts:1/1/1;one_cut_sizes:2;exposed_one_cut:0;reverse:W147;sample:3,1,1,2,3;word:00|01|02=10|11=20|21|03=12|22|13|23
W076=cone:C042;m:9;C:3;T:0;raw:3;live:2;cuts:1/2/1;one_cut_sizes:2;exposed_one_cut:1;reverse:W128;sample:3,1,1,2,4;word:00|01|02=10|11=20|21|12|03=22|13|23
W077=cone:C064;m:9;C:3;T:0;raw:3;live:2;cuts:1/1/1;one_cut_sizes:2;exposed_one_cut:1;reverse:W070;sample:2,3,1,1,2;word:00|01|02=10|11|03=12|20|13=21|22|23
W078=cone:C056;m:9;C:4;T:1;raw:2;live:2;cuts:1/1/1;one_cut_sizes:23;exposed_one_cut:0;reverse:W133;sample:3,2,1,2,3;word:00|01|02=10|11|20|03=12=21|22|13|23
W079=cone:C058;m:9;C:3;T:0;raw:3;live:3;cuts:1/2/1;one_cut_sizes:2;exposed_one_cut:0;reverse:W109;sample:3,2,1,2,5;word:00|01|02=10|11|20|12=21|03=22|13|23
W080=cone:C054;m:9;C:3;T:0;raw:3;live:2;cuts:1/1/1;one_cut_sizes:2;exposed_one_cut:1;reverse:W138;sample:3,1,2,1,2;word:00|01|02=10|20|03=11|12=21|22|13|23
W081=cone:C056;m:9;C:4;T:1;raw:2;live:2;cuts:1/1/1;one_cut_sizes:23;exposed_one_cut:0;reverse:W134;sample:3,1,2,1,3;word:00|01|02=10|20|11|03=12=21|22|13|23
W082=cone:C058;m:9;C:3;T:0;raw:3;live:3;cuts:1/2/1;one_cut_sizes:2;exposed_one_cut:0;reverse:W110;sample:3,1,2,1,4;word:00|01|02=10|20|11|12=21|03=22|13|23
W083=cone:C060;m:9;C:3;T:0;raw:3;live:2;cuts:1/1/1;one_cut_sizes:2;exposed_one_cut:1;reverse:W097;sample:5,2,2,2,1;word:00|01|02|03=10|11=20|12=21|13|22|23
W084=cone:C060;m:9;C:3;T:0;raw:3;live:2;cuts:1/1/1;one_cut_sizes:2;exposed_one_cut:1;reverse:W137;sample:4,1,1,1,2;word:00|01|02|03=10|11=20|12=21|22|13|23
W085=cone:C078;m:9;C:3;T:0;raw:3;live:2;cuts:1/1/1;one_cut_sizes:2;exposed_one_cut:1;reverse:W051;sample:5,2,2,1,2;word:00|01|02|03=10|11=20|12|21|13=22|23
W086=cone:C078;m:9;C:3;T:0;raw:3;live:2;cuts:1/1/1;one_cut_sizes:2;exposed_one_cut:1;reverse:W056;sample:4,1,1,2,1;word:00|01|02|03=10|11=20|21|12|13=22|23
W087=cone:C071;m:9;C:3;T:0;raw:3;live:2;cuts:1/1/1;one_cut_sizes:2;exposed_one_cut:1;reverse:W068;sample:3,2,1,1,1;word:00|01|02|03=10|11|12=20|13=21|22|23
W088=cone:C082;m:9;C:3;T:0;raw:3;live:3;cuts:1/1/1;one_cut_sizes:2;exposed_one_cut:0;reverse:W046;sample:5,2,1,2,2;word:00|01|02|03=10|11|20|12=21|13=22|23
W089=cone:C082;m:9;C:3;T:0;raw:3;live:3;cuts:1/1/1;one_cut_sizes:2;exposed_one_cut:0;reverse:W047;sample:4,1,2,1,1;word:00|01|02|03=10|20|11|12=21|13=22|23
W090=cone:C061;m:9;C:4;T:1;raw:2;live:2;cuts:1/1/1;one_cut_sizes:23;exposed_one_cut:0;reverse:W136;sample:3,1,1,1,2;word:00|01|02|10|03=11=20|12=21|22|13|23
W091=cone:C081;m:9;C:3;T:0;raw:3;live:3;cuts:1/1/1;one_cut_sizes:2;exposed_one_cut:0;reverse:W050;sample:3,2,1,1,2;word:00|01|02|10|03=11|12=20|21|13=22|23
W092=cone:C062;m:9;C:4;T:1;raw:2;live:2;cuts:1/1/1;one_cut_sizes:23;exposed_one_cut:0;reverse:W131;sample:3,1,1,1,3;word:00|01|02|10|11=20|03=12=21|22|13|23
W093=cone:C063;m:9;C:3;T:0;raw:3;live:2;cuts:1/1/1;one_cut_sizes:2;exposed_one_cut:1;reverse:W107;sample:3,1,1,1,4;word:00|01|02|10|11=20|12=21|03=22|13|23
W094=cone:C039;m:9;C:4;T:1;raw:2;live:2;cuts:1/1/1;one_cut_sizes:23;exposed_one_cut:0;reverse:W146;sample:2,1,1,2,2;word:00|01|10|02=11=20|21|03=12|22|13|23
W095=cone:C043;m:9;C:4;T:1;raw:2;live:2;cuts:1/1/1;one_cut_sizes:23;exposed_one_cut:0;reverse:W127;sample:2,1,1,2,3;word:00|01|10|02=11=20|21|12|03=22|13|23
W096=cone:C046;m:9;C:4;T:1;raw:2;live:2;cuts:1/1/1;one_cut_sizes:23;exposed_one_cut:0;reverse:W101;sample:2,3,1,2,2;word:00|01|10|02=11|03=12=20|21|13|22|23
W097=cone:C053;m:9;C:3;T:0;raw:3;live:2;cuts:1/1/1;one_cut_sizes:2;exposed_one_cut:1;reverse:W083;sample:2,5,1,2,2;word:00|01|10|02=11|03=12|13=20|21|22|23
W098=cone:C072;m:9;C:3;T:0;raw:3;live:2;cuts:1/1/1;one_cut_sizes:2;exposed_one_cut:1;reverse:W069;sample:2,3,1,2,1;word:00|01|10|02=11|03|12=20|13=21|22|23
W099=cone:C049;m:9;C:3;T:0;raw:3;live:3;cuts:1/2/1;one_cut_sizes:2;exposed_one_cut:0;reverse:W114;sample:2,3,1,2,5;word:00|01|10|02=11|12=20|21|03=22|13|23
W100=cone:C075;m:9;C:3;T:0;raw:3;live:2;cuts:1/2/1;one_cut_sizes:2;exposed_one_cut:1;reverse:W057;sample:3,1,2,2,1;word:00|01|10|02=20|03=11|21|12|13=22|23
W101=cone:C061;m:9;C:4;T:1;raw:2;live:2;cuts:1/1/1;one_cut_sizes:23;exposed_one_cut:0;reverse:W096;sample:3,2,2,2,1;word:00|01|10|02|03=11=20|12=21|13|22|23
W102=cone:C062;m:9;C:4;T:1;raw:2;live:2;cuts:1/1/1;one_cut_sizes:23;exposed_one_cut:0;reverse:W132;sample:3,2,2,2,3;word:00|01|10|02|11=20|03=12=21|22|13|23
W103=cone:C063;m:9;C:3;T:0;raw:3;live:2;cuts:1/1/1;one_cut_sizes:2;exposed_one_cut:1;reverse:W108;sample:3,2,2,2,5;word:00|01|10|02|11=20|12=21|03=22|13|23
W104=cone:C040;m:9;C:3;T:0;raw:3;live:2;cuts:1/2/1;one_cut_sizes:2;exposed_one_cut:1;reverse:W143;sample:2,1,1,3,2;word:00|01|10|11=20|02=21|03=12|22|13|23
W105=cone:C079;m:9;C:3;T:0;raw:3;live:2;cuts:1/1/1;one_cut_sizes:2;exposed_one_cut:1;reverse:W060;sample:2,1,1,3,1;word:00|01|10|11=20|02=21|03|12|13=22|23
W106=cone:C044;m:9;C:3;T:0;raw:3;live:3;cuts:1/1/1;one_cut_sizes:2;exposed_one_cut:0;reverse:W123;sample:2,1,1,3,3;word:00|01|10|11=20|02=21|12|03=22|13|23
W107=cone:C032;m:9;C:3;T:0;raw:3;live:2;cuts:1/1/1;one_cut_sizes:2;exposed_one_cut:1;reverse:W093;sample:1,3,4,1,1;word:00|10|01=20|02=11|03=12|13|21|22|23
W108=cone:C032;m:9;C:3;T:0;raw:3;live:2;cuts:1/1/1;one_cut_sizes:2;exposed_one_cut:1;reverse:W103;sample:2,3,5,2,2;word:00|10|01=20|02=11|03=12|21|13|22|23
W109=cone:C065;m:9;C:3;T:0;raw:3;live:3;cuts:1/2/1;one_cut_sizes:2;exposed_one_cut:0;reverse:W079;sample:2,3,5,2,1;word:00|10|01=20|02=11|03|12|13=21|22|23
W110=cone:C065;m:9;C:3;T:0;raw:3;live:3;cuts:1/2/1;one_cut_sizes:2;exposed_one_cut:0;reverse:W082;sample:1,3,4,1,2;word:00|10|01=20|02=11|12|03|13=21|22|23
W111=cone:C036;m:9;C:3;T:0;raw:3;live:2;cuts:1/1/1;one_cut_sizes:2;exposed_one_cut:1;reverse:W122;sample:1,2,3,1,3;word:00|10|01=20|02=11|12|21|03=22|13|23
W112=cone:C032;m:9;C:3;T:0;raw:3;live:2;cuts:1/1/1;one_cut_sizes:2;exposed_one_cut:1;reverse:W148;sample:2,1,3,2,2;word:00|10|01=20|02=11|21|03=12|22|13|23
W113=cone:C036;m:9;C:3;T:0;raw:3;live:2;cuts:1/1/1;one_cut_sizes:2;exposed_one_cut:1;reverse:W129;sample:2,1,3,2,3;word:00|10|01=20|02=11|21|12|03=22|13|23
W114=cone:C055;m:9;C:3;T:0;raw:3;live:3;cuts:1/2/1;one_cut_sizes:2;exposed_one_cut:0;reverse:W099;sample:3,2,5,2,1;word:00|10|01=20|02|03=11|12=21|13|22|23
W115=cone:C055;m:9;C:3;T:0;raw:3;live:3;cuts:1/2/1;one_cut_sizes:2;exposed_one_cut:0;reverse:W139;sample:3,1,4,1,2;word:00|10|01=20|02|03=11|12=21|22|13|23
W116=cone:C074;m:9;C:3;T:0;raw:3;live:1;cuts:1/2/1;one_cut_sizes:2;exposed_one_cut:1;reverse:W054;sample:3,2,5,1,2;word:00|10|01=20|02|03=11|12|21|13=22|23
W117=cone:C074;m:9;C:3;T:0;raw:3;live:1;cuts:1/2/1;one_cut_sizes:2;exposed_one_cut:1;reverse:W058;sample:3,1,4,2,1;word:00|10|01=20|02|03=11|21|12|13=22|23
W118=cone:C083;m:9;C:3;T:0;raw:3;live:3;cuts:1/1/1;one_cut_sizes:2;exposed_one_cut:0;reverse:W048;sample:3,1,4,1,1;word:00|10|01=20|02|03|11|12=21|13=22|23
W119=cone:C057;m:9;C:4;T:1;raw:2;live:2;cuts:1/1/1;one_cut_sizes:23;exposed_one_cut:0;reverse:W135;sample:2,1,3,1,2;word:00|10|01=20|02|11|03=12=21|22|13|23
W120=cone:C066;m:9;C:3;T:0;raw:3;live:2;cuts:1/2/1;one_cut_sizes:2;exposed_one_cut:1;reverse:W074;sample:2,3,5,1,2;word:00|10|01=20|02|11|03=12|13=21|22|23
W121=cone:C083;m:9;C:3;T:0;raw:3;live:3;cuts:1/1/1;one_cut_sizes:2;exposed_one_cut:0;reverse:W049;sample:3,2,5,2,2;word:00|10|01=20|02|11|03|12=21|13=22|23
W122=cone:C059;m:9;C:3;T:0;raw:3;live:2;cuts:1/1/1;one_cut_sizes:2;exposed_one_cut:1;reverse:W111;sample:2,1,3,1,3;word:00|10|01=20|02|11|12=21|03=22|13|23
W123=cone:C034;m:9;C:3;T:0;raw:3;live:3;cuts:1/1/1;one_cut_sizes:2;exposed_one_cut:0;reverse:W106;sample:1,2,3,3,1;word:00|10|01=20|11|02=21|03=12|13|22|23
W124=cone:C034;m:9;C:3;T:0;raw:3;live:3;cuts:1/1/1;one_cut_sizes:2;exposed_one_cut:0;reverse:W144;sample:2,1,3,3,2;word:00|10|01=20|11|02=21|03=12|22|13|23
W125=cone:C077;m:9;C:3;T:0;raw:3;live:2;cuts:1/1/1;one_cut_sizes:2;exposed_one_cut:1;reverse:W061;sample:2,1,3,3,1;word:00|10|01=20|11|02=21|03|12|13=22|23
W126=cone:C077;m:9;C:3;T:0;raw:3;live:2;cuts:1/1/1;one_cut_sizes:2;exposed_one_cut:1;reverse:W067;sample:1,2,3,3,2;word:00|10|01=20|11|02=21|12|03|13=22|23
W127=cone:C057;m:9;C:4;T:1;raw:2;live:2;cuts:1/1/1;one_cut_sizes:23;exposed_one_cut:0;reverse:W095;sample:1,2,3,2,1;word:00|10|01=20|11|02|03=12=21|13|22|23
W128=cone:C066;m:9;C:3;T:0;raw:3;live:2;cuts:1/2/1;one_cut_sizes:2;exposed_one_cut:1;reverse:W076;sample:1,3,4,2,1;word:00|10|01=20|11|02|03=12|13=21|22|23
W129=cone:C059;m:9;C:3;T:0;raw:3;live:2;cuts:1/1/1;one_cut_sizes:2;exposed_one_cut:1;reverse:W113;sample:1,2,3,2,3;word:00|10|01=20|11|02|12=21|03=22|13|23
W130=cone:C083;m:9;C:3;T:0;raw:3;live:3;cuts:1/1/1;one_cut_sizes:2;exposed_one_cut:0;reverse:W063;sample:1,2,3,2,2;word:00|10|01=20|11|02|12=21|03|13=22|23
W131=cone:C039;m:9;C:4;T:1;raw:2;live:2;cuts:1/1/1;one_cut_sizes:23;exposed_one_cut:0;reverse:W092;sample:1,3,3,1,1;word:00|10|01|02=11=20|03=12|13|21|22|23
W132=cone:C039;m:9;C:4;T:1;raw:2;live:2;cuts:1/1/1;one_cut_sizes:23;exposed_one_cut:0;reverse:W102;sample:2,3,3,2,2;word:00|10|01|02=11=20|03=12|21|13|22|23
W133=cone:C070;m:9;C:4;T:1;raw:2;live:2;cuts:1/1/1;one_cut_sizes:23;exposed_one_cut:0;reverse:W078;sample:2,3,3,2,1;word:00|10|01|02=11=20|03|12|13=21|22|23
W134=cone:C070;m:9;C:4;T:1;raw:2;live:2;cuts:1/1/1;one_cut_sizes:23;exposed_one_cut:0;reverse:W081;sample:1,3,3,1,2;word:00|10|01|02=11=20|12|03|13=21|22|23
W135=cone:C043;m:9;C:4;T:1;raw:2;live:2;cuts:1/1/1;one_cut_sizes:23;exposed_one_cut:0;reverse:W119;sample:1,2,2,1,3;word:00|10|01|02=11=20|12|21|03=22|13|23
W136=cone:C046;m:9;C:4;T:1;raw:2;live:2;cuts:1/1/1;one_cut_sizes:23;exposed_one_cut:0;reverse:W090;sample:1,3,2,1,1;word:00|10|01|02=11|03=12=20|13|21|22|23
W137=cone:C053;m:9;C:3;T:0;raw:3;live:2;cuts:1/1/1;one_cut_sizes:2;exposed_one_cut:1;reverse:W084;sample:1,4,2,1,1;word:00|10|01|02=11|03=12|13=20|21|22|23
W138=cone:C072;m:9;C:3;T:0;raw:3;live:2;cuts:1/1/1;one_cut_sizes:2;exposed_one_cut:1;reverse:W080;sample:1,3,2,1,2;word:00|10|01|02=11|12=20|03|13=21|22|23
W139=cone:C049;m:9;C:3;T:0;raw:3;live:3;cuts:1/2/1;one_cut_sizes:2;exposed_one_cut:0;reverse:W115;sample:1,3,2,1,4;word:00|10|01|02=11|12=20|21|03=22|13|23
W140=cone:C075;m:9;C:3;T:0;raw:3;live:2;cuts:1/2/1;one_cut_sizes:2;exposed_one_cut:1;reverse:W052;sample:3,2,4,1,2;word:00|10|01|02=20|03=11|12|21|13=22|23
W141=cone:C067;m:9;C:3;T:0;raw:3;live:1;cuts:1/2/1;one_cut_sizes:2;exposed_one_cut:1;reverse:W073;sample:2,3,4,1,2;word:00|10|01|02=20|11|03=12|13=21|22|23
W142=cone:C069;m:9;C:3;T:0;raw:3;live:3;cuts:1/1/1;one_cut_sizes:2;exposed_one_cut:0;reverse:W071;sample:2,3,3,1,2;word:00|10|01|02|11=20|03=12|13=21|22|23
W143=cone:C040;m:9;C:3;T:0;raw:3;live:2;cuts:1/2/1;one_cut_sizes:2;exposed_one_cut:1;reverse:W104;sample:1,2,2,3,1;word:00|10|01|11=20|02=21|03=12|13|22|23
W144=cone:C044;m:9;C:3;T:0;raw:3;live:3;cuts:1/1/1;one_cut_sizes:2;exposed_one_cut:0;reverse:W124;sample:1,2,2,3,3;word:00|10|01|11=20|02=21|12|03=22|13|23
W145=cone:C079;m:9;C:3;T:0;raw:3;live:2;cuts:1/1/1;one_cut_sizes:2;exposed_one_cut:1;reverse:W065;sample:1,2,2,3,2;word:00|10|01|11=20|02=21|12|03|13=22|23
W146=cone:C062;m:9;C:4;T:1;raw:2;live:2;cuts:1/1/1;one_cut_sizes:23;exposed_one_cut:0;reverse:W094;sample:1,2,2,2,1;word:00|10|01|11=20|02|03=12=21|13|22|23
W147=cone:C069;m:9;C:3;T:0;raw:3;live:3;cuts:1/1/1;one_cut_sizes:2;exposed_one_cut:0;reverse:W075;sample:1,3,3,2,1;word:00|10|01|11=20|02|03=12|13=21|22|23
W148=cone:C063;m:9;C:3;T:0;raw:3;live:2;cuts:1/1/1;one_cut_sizes:2;exposed_one_cut:1;reverse:W112;sample:1,2,2,2,3;word:00|10|01|11=20|02|12=21|03=22|13|23
W149=cone:C067;m:9;C:3;T:0;raw:3;live:1;cuts:1/2/1;one_cut_sizes:2;exposed_one_cut:1;reverse:W072;sample:1,3,2,2,1;word:00|10|01|11|02=20|03=12|13=21|22|23
REVERSAL_ORBITS
orbits=W001,W002/W008,W003/W007,W004/W005,W006,W009/W034,W010/W033,W011/W041,W012/W030,W013/W017,W014/W019,W015/W036,W016/W045,W018/W044,W020/W040,W021/W028,W022/W042,W023/W035,W024/W038,W025/W027,W026/W029,W031/W043,W032/W037,W039,W046/W088,W047/W089,W048/W118,W049/W121,W050/W091,W051/W085,W052/W140,W053/W055,W054/W116,W056/W086,W057/W100,W058/W117,W059/W064,W060/W105,W061/W125,W062/W066,W063/W130,W065/W145,W067/W126,W068/W087,W069/W098,W070/W077,W071/W142,W072/W149,W073/W141,W074/W120,W075/W147,W076/W128,W078/W133,W079/W109,W080/W138,W081/W134,W082/W110,W083/W097,W084/W137,W090/W136,W092/W131,W093/W107,W094/W146,W095/W127,W096/W101,W099/W114,W102/W132,W103/W108,W104/W143,W106/W123,W111/W122,W112/W148,W113/W129,W115/W139,W119/W135,W124/W144
HOSTILE_BOUNDED_CONTROL
bound=16;primitive_count=1012441;connected_count=4617
component_counts=(1, 1):4617,(1, 2):71147,(1, 3):11797,(2, 1):391,(2, 2):32343,(2, 3):421869,(3, 4):470277
all_graph_mask_pairs=114;connected_graph_mask_pairs=28
connected_sumset_counts=6:1,7:7,8:1265,9:3344
connected_word_counts=6:1,7:7,8:37,9:104
bounded_profile_counts=(6, 8, 2, 4, 4):1,(7, 5, 0, 5, 5):3,(7, 6, 1, 4, 4):4,(8, 4, 0, 4, 3):782,(8, 4, 0, 4, 4):9,(8, 5, 1, 3, 1):472,(8, 5, 1, 3, 3):2,(9, 3, 0, 3, 1):274,(9, 3, 0, 3, 2):1516,(9, 3, 0, 3, 3):772,(9, 4, 1, 2, 2):782
bounded_words_equal_global=1;max_minimal_witness_gap=5
boundary=no_Darboux_or_Jacobian_nonentry_claim;a_fibre_cut_removes_collision_edges_only_not_input_cells_or_coefficients;rectangle_exposed_is_an_additive_candidate_filter_not_a_validated_algebraic_deletion;the_bound_16_scan_controls_but_does_not_supply_globality;globality_comes_from_the_exact_Q_flat_and_chamber_enumeration
