THM-3581 exact companion
SECTION compiler cyclic atlas
PASS cyclic n=2 r=1   degree=3 arms=1
PASS cyclic n=2 r=2   degree=5 arms=2
PASS cyclic n=2 r=3   degree=7 arms=3
PASS cyclic n=3 r=1   degree=7 arms=1
PASS cyclic n=3 r=2   degree=13 arms=2
PASS cyclic n=3 r=3   degree=19 arms=3
PASS cyclic n=4 r=1   degree=13 arms=1
PASS cyclic n=4 r=2   degree=25 arms=2
PASS cyclic n=4 r=3   degree=37 arms=3
PASS cyclic n=5 r=1   degree=21 arms=1
PASS cyclic n=5 r=2   degree=41 arms=2
PASS cyclic n=5 r=3   degree=61 arms=3
SECTION noncyclic positive control
PASS noncyclic n=3 degree=13 arms=2
SECTION duplicate-value positive control
PASS two critical roots -> one distinct arm; E=z+4
SECTION hypothesis hostiles
PASS nonsquarefree, zero-value, and normalization-degeneracy controls
SECTION degree-thirteen A13 row
PASS A13 discriminant, passports, collision, brackets, and reflection gates
SECTION degree-twenty-six Belyi quotient hostile
PASS quotient passports=(6^4,2)/(3,3,1^20)/(26), blocks=2x13
SECTION proof-driven universal gates
PASS weight intersection: negative weight uses ceil(s/n) and distinct E
PASS field intersection: etale codim-2 image + normal Krull valuations
PASS image/Jelonek/Pic: fibre proof + escape chart + boundary divisors
PASS sheet debt: central d-1; side-e nk; side-c d-nk
PASS Kummer trace no-go: reciprocal primitive has at most one root
PASS field sidecars: conorm survives finite covers; A12 maximal in A13
PASS symmetry scope: explicit reflection/exchange only
CHECKS=440
RESULT=PASS
