THM-3765 -> THM-3770 NORMALIZED C3 VERTICAL-EQUALIZER AUDIT
SCOPE: exact identities over characteristic zero; nonlinear branch assumes g*p*c != 0
SPECIAL_FIBRE: q0=h-2p/g,  g*(Q-q0)=D=u*v
COMPONENTS: u=1+g*T/2; v=2p+g*X*u; v-g*X*u=2p
P0_TARGET_RESIDUES: (+2*c*p/g^2, -2*c*p/g^2)
EQUALIZER_DEFECT: 4*c*p/g^2 != 0
ONE_COMPONENT_MATES:
  Pu=2*c/(g*u), pole only on u=0
  Pv=2*c*X/v, pole only on v=0
  Pv-Pu=-4*c*p/(g*D) in k(Q)
  P0+c/g=(Pu+Pv)/2
BIRATIONAL_Pu_CHART: u=2*c/(g*Pu), T=2*(u-1)/g, X=(Q-h-p*T)/u^2
THM-3770_DRESSING:
  J(u,v)=(-g^2/2)*u; Spec_0(u,v)=(2p); (v-2p)/u=gX
  Q-q0=u*(v/g); phi(W)=W/g has appended root 0
  smoothness p!=0 separates spectrum 2p from root 0
  -c*v/[(-g^2/2)*(Q-q0)]=Pu
DARBOUX_RESPONSES:
  delta(log u)=-g*u/2; delta(log v)=+g*u/2
  delta(1/u)=g/2; delta(X/v)=1/2
CONSTANT_FLANK_INTERSECTION: psi'=g^2/4, hence g=0 and Q is linear
BOUNDED_POLYNOMIAL_MATE_RANKS: degree,unknowns,rank,augmented_rank
  0,1,0,1
  1,3,2,3
  2,6,5,6
  3,10,8,9
  4,15,13,14
  5,21,19,20
  6,28,25,26
  7,36,33,34
NUMERIC_RESIDUE_CONTROLS: h,g,p,c,res_u,res_v
  0,2,3,1,3/2,-3/2
  5,-4,7,-3,-21/8,21/8
  -2,6,-5,11,-55/18,55/18
CHECKS=56
RESULT: PASS
