degree-22 full-support BCDEW order-12 Hensel/toric obstruction
base_thm2636_sha256=0866a29f665aedc6d2c226f35943852e56907ff821e705a0dbca2651e71fa15c
universal_terms=60
universal_degrees=t:10,v:5
constant_v_leading=-88239118492602
fixed_quintic=degree5,irreducible,squarefree
proper_factor_subset_sizes_up_to_complement=1,2
terminal_support=E,EW,DE,C,CW,CD,CD^2,C^2E,C^3
terminal_torus_coordinates=a=E/C,D,W,h=C^2
terminal_monomials=a,aW,aD,1,W,D,D^2,ah,h
toric_ideal_quadrics=8
toric_regular_lower_simplices=01257;01458;01578;03458;12567;14568;15678
toric_lower_simplex_determinants=1,1,1,1,1,1,1
original_CDEW_lower_simplex_determinants=2,2,2,2,2,2,2
original_CDEW_affine_lattice_index=2
faithful_toric_degree=7
root_field_degree=5
root_order11_shape=5x9:rank=4:selected_rows=(0, 1, 2, 3)
root_order12_shape=5x14:rank=4
root_delta_cover_pairs=01,02,03,12,13,23:gcd_degree=0
root_six_exact_H7_carriers_identical=True
root_quotient_mode=exact
root_quotient_units=a,D,W,h
root_pivot01:raw_resultant_degree=11:pivot_artifact_removed_degree=4:H7_degree=7:H7_squarefree=True:H7_digest=9223ade262806653917a1b8c78440f4cdfe778a364c117334663a4e5440fcd8b
root_pivot01:linear_subresultant_U_degree=5:order12_residue_degrees=6,6,6,6,6:aggregate_gcd_degrees=0,0,0,0,0
root_pivot01:order12_residue_digests=341a2fee3787de4e61bc3cc608865e5fa2ccaf82632999e110338f5bba8106e9,f9ecc22e17134fb417c78193ba1ec661a76d0feb83e6a2a804f8552bf047db24,09d223110a3b04054dca0377d02cb8e841b0290fe3f8f19808ccdad8a37bb0c8,b4d750226d8873b5c3fafa2bde88225396e1e6f972741afb04ff8511f5b17288,57198ab80891ed0ad2d6f0d03f3ac33c48b8fab2aa59bd90925a22676183f6b4
root_pivot02:raw_resultant_degree=11:pivot_artifact_removed_degree=4:H7_degree=7:H7_squarefree=True:H7_digest=9223ade262806653917a1b8c78440f4cdfe778a364c117334663a4e5440fcd8b
root_pivot02:linear_subresultant_U_degree=5:order12_residue_degrees=6,6,6,6,6:aggregate_gcd_degrees=0,0,0,0,0
root_pivot02:order12_residue_digests=341a2fee3787de4e61bc3cc608865e5fa2ccaf82632999e110338f5bba8106e9,f9ecc22e17134fb417c78193ba1ec661a76d0feb83e6a2a804f8552bf047db24,09d223110a3b04054dca0377d02cb8e841b0290fe3f8f19808ccdad8a37bb0c8,b4d750226d8873b5c3fafa2bde88225396e1e6f972741afb04ff8511f5b17288,57198ab80891ed0ad2d6f0d03f3ac33c48b8fab2aa59bd90925a22676183f6b4
root_pivot03:raw_resultant_degree=11:pivot_artifact_removed_degree=4:H7_degree=7:H7_squarefree=True:H7_digest=9223ade262806653917a1b8c78440f4cdfe778a364c117334663a4e5440fcd8b
root_pivot03:linear_subresultant_U_degree=5:order12_residue_degrees=6,6,6,6,6:aggregate_gcd_degrees=0,0,0,0,0
root_pivot03:order12_residue_digests=341a2fee3787de4e61bc3cc608865e5fa2ccaf82632999e110338f5bba8106e9,f9ecc22e17134fb417c78193ba1ec661a76d0feb83e6a2a804f8552bf047db24,09d223110a3b04054dca0377d02cb8e841b0290fe3f8f19808ccdad8a37bb0c8,b4d750226d8873b5c3fafa2bde88225396e1e6f972741afb04ff8511f5b17288,57198ab80891ed0ad2d6f0d03f3ac33c48b8fab2aa59bd90925a22676183f6b4
root_pivot12:raw_resultant_degree=11:pivot_artifact_removed_degree=4:H7_degree=7:H7_squarefree=True:H7_digest=9223ade262806653917a1b8c78440f4cdfe778a364c117334663a4e5440fcd8b
root_pivot12:linear_subresultant_U_degree=5:order12_residue_degrees=6,6,6,6,6:aggregate_gcd_degrees=0,0,0,0,0
root_pivot12:order12_residue_digests=341a2fee3787de4e61bc3cc608865e5fa2ccaf82632999e110338f5bba8106e9,f9ecc22e17134fb417c78193ba1ec661a76d0feb83e6a2a804f8552bf047db24,09d223110a3b04054dca0377d02cb8e841b0290fe3f8f19808ccdad8a37bb0c8,b4d750226d8873b5c3fafa2bde88225396e1e6f972741afb04ff8511f5b17288,57198ab80891ed0ad2d6f0d03f3ac33c48b8fab2aa59bd90925a22676183f6b4
root_pivot13:raw_resultant_degree=11:pivot_artifact_removed_degree=4:H7_degree=7:H7_squarefree=True:H7_digest=9223ade262806653917a1b8c78440f4cdfe778a364c117334663a4e5440fcd8b
root_pivot13:linear_subresultant_U_degree=5:order12_residue_degrees=6,6,6,6,6:aggregate_gcd_degrees=0,0,0,0,0
root_pivot13:order12_residue_digests=341a2fee3787de4e61bc3cc608865e5fa2ccaf82632999e110338f5bba8106e9,f9ecc22e17134fb417c78193ba1ec661a76d0feb83e6a2a804f8552bf047db24,09d223110a3b04054dca0377d02cb8e841b0290fe3f8f19808ccdad8a37bb0c8,b4d750226d8873b5c3fafa2bde88225396e1e6f972741afb04ff8511f5b17288,57198ab80891ed0ad2d6f0d03f3ac33c48b8fab2aa59bd90925a22676183f6b4
root_pivot23:raw_resultant_degree=11:pivot_artifact_removed_degree=4:H7_degree=7:H7_squarefree=True:H7_digest=9223ade262806653917a1b8c78440f4cdfe778a364c117334663a4e5440fcd8b
root_pivot23:linear_subresultant_U_degree=5:order12_residue_degrees=6,6,6,6,6:aggregate_gcd_degrees=0,0,0,0,0
root_pivot23:order12_residue_digests=341a2fee3787de4e61bc3cc608865e5fa2ccaf82632999e110338f5bba8106e9,f9ecc22e17134fb417c78193ba1ec661a76d0feb83e6a2a804f8552bf047db24,09d223110a3b04054dca0377d02cb8e841b0290fe3f8f19808ccdad8a37bb0c8,b4d750226d8873b5c3fafa2bde88225396e1e6f972741afb04ff8511f5b17288,57198ab80891ed0ad2d6f0d03f3ac33c48b8fab2aa59bd90925a22676183f6b4
root_all_six_pivot_charts_closed=True
root_full_support_factor_trajectory=EMPTY
pair_field_degree=10
pair_order11_shape=5x9:rank=4:selected_rows=(0, 1, 2, 3)
pair_order12_shape=5x14:rank=4
pair_delta_cover_pairs=01,02,03,12,13,23:gcd_degree=0
pair_six_exact_H7_carriers_identical=True
pair_quotient_mode=good_residue
pair_quotient_units=a,D,W,h
pair_pivot01:raw_resultant_degree=11:pivot_artifact_removed_degree=4:H7_degree=7:H7_squarefree=True:H7_digest=a948b449b66018723ff99b9f09c0021f1943499909cba0d7f6caa22949fde702
pair_pivot02:raw_resultant_degree=11:pivot_artifact_removed_degree=4:H7_degree=7:H7_squarefree=True:H7_digest=a948b449b66018723ff99b9f09c0021f1943499909cba0d7f6caa22949fde702
pair_pivot03:raw_resultant_degree=11:pivot_artifact_removed_degree=4:H7_degree=7:H7_squarefree=True:H7_digest=a948b449b66018723ff99b9f09c0021f1943499909cba0d7f6caa22949fde702
pair_pivot12:raw_resultant_degree=11:pivot_artifact_removed_degree=4:H7_degree=7:H7_squarefree=True:H7_digest=a948b449b66018723ff99b9f09c0021f1943499909cba0d7f6caa22949fde702
pair_pivot13:raw_resultant_degree=11:pivot_artifact_removed_degree=4:H7_degree=7:H7_squarefree=True:H7_digest=a948b449b66018723ff99b9f09c0021f1943499909cba0d7f6caa22949fde702
pair_pivot23:raw_resultant_degree=11:pivot_artifact_removed_degree=4:H7_degree=7:H7_squarefree=True:H7_digest=a948b449b66018723ff99b9f09c0021f1943499909cba0d7f6caa22949fde702
pair_good_residue_pivot=01:prime=103:generator=61:simple=True:exact_H7_degree_preserved=7
pair_good_residue_units=a,D,W,h,delta,subresultant
pair_good_residue_order12_degrees=6,6,6,6,6:aggregate_gcd_degrees=0,0,0,0,0
pair_good_residue_order12_digests=0da7f401120910dc1f740cdef6f222f19a6720ddfd30bf10d20519f6d3169c93,f6a3588ed13b73e29d32f1de81542a467f11cad92ddb7e3ba4f554dbbb2ef591,2fcb2f56e38fba93f972cc2096ac80b21702289405355a45749903139076345c,ce4454a2fa75e329084c34664e2321a12c63ef18f0cb8f35ccbddc9a852788ce,628229f6f07d52fc9a22fe0e0b6a559788b8f8f6d77cb860d232347a33d58d16
pair_all_six_pivot_charts_closed=True
pair_full_support_factor_trajectory=EMPTY
root_and_pair_factor_trajectories=EMPTY
full_support_BCDEW_eliminant=ABSOLUTELY_IRREDUCIBLE
ALL CHECKS PASSED
