scope=exceptional_quartic_fixed_x_chosen_representative_first_output;not_THM4067_moving_family
rings=S=K[B,C,E]_subset_N=K[x];L0(P,Q)=Cprime*Q-Eprime*P;Z_degree=18
node_projection_certificate=gcd_mod137_alpha44(h172,B+2)=1;positive_resultant_direction
kernel_potential_module=M={U_in_N:Cprime*U,Eprime*U_in_S}
local_characterization=M={r*H:Lambda(rprime*H)=Lambda(Eprime*rprime*H)=0}
H0=x^2+u*x+v;H0_coefficients=u=-4/27,0,0,0;v=-4/3,0,0,0
H0_coefficient_hash=d02a9c697bbecc94214ab110b15a3983963d2d7ce176eda70b5ca80301672688
M=K*U0+c*N;U0=r*H0;Z*U0=c*(Z/L)*H0
KZ_potential_basis=U0,c,x*c,...,x^16*c
potential_degrees=177,178,179,180,181,182,183,184,185,186,187,188,189,190,191,192,193,194
potential_residues_mod18=15,16,17,0,1,2,3,4,5,6,7,8,9,10,11,12,13,14
restriction_channel_degrees=197,194;198,195;199,196;200,197;201,198;202,199;203,200;204,201;205,202;206,203;207,204;208,205;209,206;210,207;211,208;212,209;213,210;214,211
potential_basis_hash=2acd53dd786455c52a32cd965c8501a5e5f911585949b94d552e8d60e2693947
restriction_pair_hash=72d394a366977b69e3d02cdce4380b14e8d289fab93da2bb9d9af0442a65dec0
retained_Uprime_pattern=nonzero_constant,0x17
normal_rows_B_C_E=0,0,0,0,0,0,0,0,0,0,0,0;2,0,0,0,0,0,0,0,-2,0,0,0;-2,0,0,0,4,0,0,0,-2,0,0,0
raw_sidecar_exceptional_channel_is_locally_transverse=True
contracted_first_output_rows=12*lambda*(1,1,1);Lambda_zero=True
Lambda_descends_to_N_mod_dS=True;rprime_Lambda_nonzero=True
rprime_Lambda_hash=9a83342e96a2f149e3bf1d3982d1b9cd3f4fb68aeb0faf4aee7ad619bcc2c0f1
CONCLUSION=[rprime]_not_in_kernel_constrained_first_output_mod_dS
TYPE_FIREWALL=no_descended_gamma1_on_S;no_moving_endpoint_or_graph_family_identification
NO_CLAIM=J8_payment_or_Keller_pair_or_JC2_or_DC2
RESULT=PASS
