ALPHA9=(13553385750*Phi**2 - 69677820000*Phi*eta - 5646560625*eta**2 - 379697122115584)/(11293121250*Phi)
ROW10_ETA=(1752089427968 - 32805000*Phi**2)/(36905625*Phi)
ROW10_ALPHA=(145629074958046875*Phi**4 - 6583704417821122560000*Phi**2 - 26093447590576484415176704)/(23154427662890625*Phi**3)
ROW10_BETA=(-319030749548372281640625000*Phi**6 + 14659146525631027935375360000000*Phi**4 + 101452811911656563438652405841920000*Phi**2 + 434321509795518334240224474125496745984)/(7690757619746410400390625*Phi**5)
ROW10_W=-13*(820125*Phi**2 + 13056802816)/9841500 ROW10_Z=-225611776/30375
ROW10_Q=373891487235896675830078125*Y**3 - 15097287707154073014589440000000*Y**2 - 101452811911656563438652405841920000*Y - 434321509795518334240224474125496745984
STRICT_DISCRIMINANT_NUMERATOR=-818189072042144733182993060302734375*Y**4 - 15281178725265792138311029689600000000000*Y**3 + 35745234591073505392643546713864273920000000*Y**2 + 343583092356524653010661045438183132081684480000*Y + 680868007162161739848062587106828346429167544303616
ROW11_R=6846329377771290182382546697998046875*Y**4 - 713835723041306505264998768716800000000000*Y**3 - 2754991513504883058403611855707575418880000000*Y**2 - 31916203206707002973657986739896008646412206080000*Y - 156854967149983010817497418504735580308619473018945536
THM-4366 PRIMARY: U-ZERO ROW-ELEVEN HIERARCHY-SELECTED EXTINCTION PASS
CHECKS=117
U_ZERO xi_10=237757952/54675; Phi,eta,alpha_11,beta_11 initially free
PHI_ZERO E9=(-11/243)*(5646560625*eta**2 + 379697122115584); two row9 components with fibre A7
PHI_ZERO G10 selected residual[8]=-11388581281792/332150625 !=0; dies before row10
PHI_NONZERO row9 source=G_mxA2; row10 bracket solves eta,beta and leaves Phi in G_m
ROW10_DEPTH P2=88x193/rank68/null20 terminal=3/aug3; P3=99x304/rank83/null16 terminal=3/aug3
JOINT_DEPTH compatible iff Q(Phi^2)=0; Q squarefree cubic, Q(0)!=0, six sign sheets, fibre A8
NEW_A_L(10,11,3)=35a_(6,1)-20a_(7,3)+10a_(8,5)-4a_(9,7)+a_(10,9)
AFTER_P3_SELECTION new_A_L=-2Q(Phi^2)/(23072272859239231201171875*Phi^5)
AFTER_P2_SELECTION old_C_L=Q(Phi^2)/(15381515239492820800781250*Phi^5)
REDUNDANCY source ideals agree; new_A_L=(-4/3)old_C_L, so it is an alternative opposite-order certificate, not an extra cut
HIERARCHY_SCAN at m=10: only nonzero admissible opposite-order consumers are A(ell,q)=(11,3), C(ell,q)=(10,3)
STRICT Q avoids Phi=0, W=0, Z=0, and alpha_11^2-4W*upsilon_5=0
ROW11 terminal rank=8; residual[9]=8Q/(84598333817210514404296875*Phi^5)
ROW11 residual[8]=-R(Phi^2)/(71525718603423911567894897460937500*Phi^6); gcd(Q,R)=1
MOD7 Q=-Y^3+3Y^2+3Y+2; R=-2Y^4+3Y^3+3Y^2+3Y-2
MOD7_BEZOUT (3Y^3-2Y^2-3Y)Q+(2Y^2-2Y+3)R=1
HOSTILES Phi=0 has genuine row9 points; Phi=1 passes row10 bracket and each depth module separately but fails joint Q
SCOPE exact finite source-normal residual_weight<=12 projected-depth extinction through row11; no all-row lift, termination, seam entry, Keller pair, JC2, or DC2
