scope=fixed_x_first_normal_descended_target_two_forms;not_THM4067;not_JC2
imports=audited_THM3703_only;s616_candidate_import=no;gap_normal_form=no
field_specialization=p443,alpha112;quartic_root=yes;independent_from_p421
source=T=K[B,C,E]/(C^2E-B(B+4));target=E_x=K[x]/dS
map=dP^dQ->Pprime*gamma1(Q)-Qprime*gamma1(P)_mod_dS
omega_generators=dB^dC,dB^dE,dC^dE;wedge_degrees=42,39,30
finite_universe=all_B^iC^jE^k_with_i,j,k>=0_and_30i+21j+18k<=180;times_each_of_3_omega_generators
retained_points=-1,0,1;Lambda_weights=5,-18,13
retained_base_wedges=(0,0,0)|(0,0,0)|(12,12,12)
upper_bound=Lambda_kills_dS_and_all_OmegaT2;cutoff_free=yes
multiplier_cutoff=180;multipliers=147;two_form_columns=441
ambient_degree=222;ambient_dimension=223;dS_rank=134;E_x_dimension=89
rank_ladder=cutoff:columns:combined_rank:quotient_rank=30:12:145:11;60:39:160:26;90:87:181:47;120:165:204:70;150:282:222:88;180:441:222:88
combined_rank=222;two_form_quotient_rank=88;image_equals_ker_Lambda=yes
selected_label_hash=24f99405740258ef7436831c313246f7ba79530eff5a00b1010b660d2bc2addc
selected_vector_hash=3eeb4d89672de90e4a9f1c62fc92fb24ec6d5cacafbd4e007fff609424cac8fa
base_wedge_mod443_hash=eede8e2e72df9fcbb6c3a943f2ac2e5cc0b33085ba5173fc4c249cb023987ea2
hostile_complements=2x,raw_gamma1(C);both_raise_quotient_rank_88_to_89
cokernel=one_dimensional;generator=[rprime]_by_THM4381_missing_first_jet
logic=exact_Lambda_upper_bound_plus_good_reduction_positive_88_minor
controls=surface_relation,retained_determinant,2x,raw_gamma1(C),rank_ladder
reproduction=python3_-B_04-computation/jc2_exceptional_quartic_descended_two_form_transgression_independent_audit_s616.py
replays=normal,-O,PYTHONHASHSEED9173;byte_match=yes
NO_CLAIM=full_moving_graph_transgression_or_chart_entry_or_Keller_pair_or_JC2
RESULT=PASS
