THM4337_ZETA0_CLEANROOM_AUDIT
rows=16 master_points=28 candidate_planes=293
ATLAS W=0 K=0 states=300 faces=(1/12,1/6,-1/6)|(1/9,1/6,-2/9)
ATLAS W=0 K=1 states=600 faces=(1/12,1/6,-1/6)|(1/9,1/6,-2/9)|(1,-1/2,-2)
ATLAS W=1 K=0 states=600 faces=(1/12,1/6,-1/6)|(1/7,1/7,-2/7)
ATLAS W=1 K=1 states=1200 faces=(1/12,1/6,-1/6)|(1/7,1/7,-2/7)|(1,-1/2,-2)
FACE M_W polygon=((0, 1), (2, 0), (4, 5), (0, 7)) pick=(36, 10, 14)
FACE M_0 polygon=((0, 1), (2, 0), (2, 6), (0, 7)) pick=(24, 14, 6)
FACE V7 polygon=((2, 0), (5, 4), (4, 5)) pick=(7, 3, 3)
FACE V9 polygon=((2, 0), (5, 4), (2, 6)) pick=(18, 8, 6)
FACE K polygon=((2, 0), (4, 2), (5, 4)) pick=(2, 4, 0)
NORMAL C=y^2-W*x*(x^6-U) genus=3 ram=8
NORMAL V7=P^7-(beta^2/W^3)*x^3/(1-x)^2 genus=3 ram=18
NORMAL V9=S^3-(1-U*P^6)/(beta*P^4) genus=6 ram=16
NORMAL K V=S*P;P=(1-K*V^2)/(beta*V^3) genus=0
SMOOTH determinants={'C': -12, 'V7': -7, 'V9': -18, 'K': 2}
DERIVATIVE witnesses={'C': 'P*C_P-5*C=-U*P^6-5', 'V7': 'P*B_P-4*B=-4-W*S^2*P^5', 'V9': 'P*D_P-4*D=-4-2*U*P^6'}
DERIVATIVE identities=exact_P_Euler_remainders_executed
GLOBAL W=1 K=0 polygon=((0, 1), (2, 0), (5, 4), (4, 5), (0, 7)) pick=(43, 11, 17)
EDGE W=1 K=0 kind=boundary segment=(0, 1)->(2, 0) length=1 coeffs=[-1*1,1*1]
EDGE W=1 K=0 kind=boundary segment=(2, 0)->(5, 4) length=1 coeffs=[1*1,-1*beta]
EDGE W=1 K=0 kind=boundary segment=(5, 4)->(4, 5) length=1 coeffs=[-1*beta,-1*W]
EDGE W=1 K=0 kind=boundary segment=(4, 5)->(0, 7) length=2 coeffs=[-1*W,-1*U+1*W,1*U]
EDGE W=1 K=0 kind=boundary segment=(0, 7)->(0, 1) length=6 coeffs=[1*U,0,0,0,0,0,-1*1]
EDGE W=1 K=0 kind=C--V7 segment=(2, 0)->(4, 5) length=1 coeffs=[1*1,-1*W]
GRAPH W=1 K=0 V,E,b1,gsum=(3, 13, 11, 6)
ORDERS W=1 K=0 data=(('M', 63), ('V7', 70))
GLOBAL W=1 K=1 polygon=((0, 1), (2, 0), (4, 2), (5, 4), (4, 5), (0, 7)) pick=(45, 13, 17)
EDGE W=1 K=1 kind=boundary segment=(0, 1)->(2, 0) length=1 coeffs=[-1*1,1*1]
EDGE W=1 K=1 kind=boundary segment=(2, 0)->(4, 2) length=2 coeffs=[1*1,0,-1*K]
EDGE W=1 K=1 kind=boundary segment=(4, 2)->(5, 4) length=1 coeffs=[-1*K,-1*beta]
EDGE W=1 K=1 kind=boundary segment=(5, 4)->(4, 5) length=1 coeffs=[-1*beta,-1*W]
EDGE W=1 K=1 kind=boundary segment=(4, 5)->(0, 7) length=2 coeffs=[-1*W,-1*U+1*W,1*U]
EDGE W=1 K=1 kind=boundary segment=(0, 7)->(0, 1) length=6 coeffs=[1*U,0,0,0,0,0,-1*1]
EDGE W=1 K=1 kind=C--V7 segment=(2, 0)->(4, 5) length=1 coeffs=[1*1,-1*W]
EDGE W=1 K=1 kind=V7--K segment=(2, 0)->(5, 4) length=1 coeffs=[1*1,-1*beta]
GRAPH W=1 K=1 V,E,b1,gsum=(4, 14, 11, 6)
ORDERS W=1 K=1 data=(('M', 63), ('V7', 70), ('K', 196))
GLOBAL W=0 K=0 polygon=((0, 1), (2, 0), (5, 4), (2, 6), (0, 7)) pick=(42, 10, 17)
EDGE W=0 K=0 kind=boundary segment=(0, 1)->(2, 0) length=1 coeffs=[-1*1,1*1]
EDGE W=0 K=0 kind=boundary segment=(2, 0)->(5, 4) length=1 coeffs=[1*1,-1*beta]
EDGE W=0 K=0 kind=boundary segment=(5, 4)->(2, 6) length=1 coeffs=[-1*beta,-1*U]
EDGE W=0 K=0 kind=boundary segment=(2, 6)->(0, 7) length=1 coeffs=[-1*U,1*U]
EDGE W=0 K=0 kind=boundary segment=(0, 7)->(0, 1) length=6 coeffs=[1*U,0,0,0,0,0,-1*1]
EDGE W=0 K=0 kind=six-lines--V9 segment=(2, 0)->(2, 6) length=6 coeffs=[1*1,0,0,0,0,0,-1*U]
GRAPH W=0 K=0 V,E,b1,gsum=(8, 18, 11, 6)
ORDERS W=0 K=0 data=(('M', 27), ('V9', 28))
GLOBAL W=0 K=1 polygon=((0, 1), (2, 0), (4, 2), (5, 4), (2, 6), (0, 7)) pick=(44, 12, 17)
EDGE W=0 K=1 kind=boundary segment=(0, 1)->(2, 0) length=1 coeffs=[-1*1,1*1]
EDGE W=0 K=1 kind=boundary segment=(2, 0)->(4, 2) length=2 coeffs=[1*1,0,-1*K]
EDGE W=0 K=1 kind=boundary segment=(4, 2)->(5, 4) length=1 coeffs=[-1*K,-1*beta]
EDGE W=0 K=1 kind=boundary segment=(5, 4)->(2, 6) length=1 coeffs=[-1*beta,-1*U]
EDGE W=0 K=1 kind=boundary segment=(2, 6)->(0, 7) length=1 coeffs=[-1*U,1*U]
EDGE W=0 K=1 kind=boundary segment=(0, 7)->(0, 1) length=6 coeffs=[1*U,0,0,0,0,0,-1*1]
EDGE W=0 K=1 kind=six-lines--V9 segment=(2, 0)->(2, 6) length=6 coeffs=[1*1,0,0,0,0,0,-1*U]
EDGE W=0 K=1 kind=V9--K segment=(2, 0)->(5, 4) length=1 coeffs=[1*1,-1*beta]
GRAPH W=0 K=1 V,E,b1,gsum=(9, 19, 11, 6)
ORDERS W=0 K=1 data=(('M', 27), ('V9', 28), ('K', 84))
LAMBDA0 top=(X-1)(U*X+W)=U*(X-1)^2;delta=12
LAMBDA0 repeat:c1=alpha+beta=0=>alpha=-beta!=0=>C1!=0
LAMBDA0 early_splitter=min(b^12*q,C1*t);threshold_nu_over_s=7/5
LAMBDA0 orders=b^12*q:6*s+2*nu;C1*t:(5*s+9*nu)/2;both_before_all_t6_corrections
LAMBDA0 equality_face=X*(C1-X^5/c);nonzero_root_derivative=-5*C1
LAMBDA0 K_y2=K*y+2*K*t^6*y^2+K*t^12*y^3;leading_absorbed_in_c;remainder_t6
BETA0_HOSTILE W=0 K=0 faces=(1/12,1/6,-1/6) pick=(24, 14, 6)
BETA0_HOSTILE W=0 K=1 faces=(1/12,1/6,-1/6)|(1/3,1/6,-2/3) pick=(36, 12, 13)
BETA0_HOSTILE W=1 K=0 faces=(1/12,1/6,-1/6) pick=(36, 10, 14)
BETA0_HOSTILE W=1 K=1 faces=(1/12,1/6,-1/6)|(1/2,0,-1) pick=(42, 14, 15)
BETA0_FAILURE edge_1-betaX_is_monomial;alpha=0_allows_C1=0
RESULT=ALL_THM4337_EXACT_CHECKS_PASS
