THM-2816 INDEPENDENT MAXIMAL-POLE RIBBON-TREE AUDIT
e,N | all matchings | planar | passports | per passport | signatures
1,2 | 1 | 1 | 1 | 1 | 1 | genus=((0, 1),)
1,3 | 3 | 3 | 2 | 1 | 2 | genus=((0, 3),)
1,4 | 6 | 6 | 3 | 1 | 3 | genus=((0, 6),)
1,5 | 10 | 10 | 4 | 1 | 4 | genus=((0, 10),)
1,6 | 15 | 15 | 5 | 1 | 5 | genus=((0, 15),)
1,7 | 21 | 21 | 6 | 1 | 6 | genus=((0, 21),)
1,8 | 28 | 28 | 7 | 1 | 7 | genus=((0, 28),)
2,4 | 3 | 2 | 3 | 1 | 3 | genus=((0, 2), (1, 1))
2,5 | 15 | 10 | 6 | 2 | 12 | genus=((0, 10), (1, 5))
2,6 | 45 | 30 | 10 | 3 | 30 | genus=((0, 30), (1, 15))
2,7 | 105 | 70 | 15 | 4 | 60 | genus=((0, 70), (1, 35))
2,8 | 210 | 140 | 21 | 5 | 105 | genus=((0, 140), (1, 70))
2,9 | 378 | 252 | 28 | 6 | 168 | genus=((0, 252), (1, 126))
3,6 | 15 | 5 | 10 | 2 | 20 | genus=((0, 5), (1, 10))
3,7 | 105 | 35 | 20 | 6 | 120 | genus=((0, 35), (1, 70))
3,8 | 420 | 140 | 35 | 12 | 420 | genus=((0, 140), (1, 280))
3,9 | 1260 | 420 | 56 | 20 | 1120 | genus=((0, 420), (1, 840))
3,10 | 3150 | 1050 | 84 | 30 | 2520 | genus=((0, 1050), (1, 2100))
4,8 | 105 | 14 | 35 | 6 | 210 | genus=((0, 14), (1, 70), (2, 21))
4,9 | 945 | 126 | 70 | 24 | 1680 | genus=((0, 126), (1, 630), (2, 189))
4,10 | 4725 | 630 | 126 | 60 | 7560 | genus=((0, 630), (1, 3150), (2, 945))
5,10 | 945 | 42 | 126 | 24 | 3024 | genus=((0, 42), (1, 420), (2, 483))
total_all_matchings=12510
total_reconstructed_labelled_ribbon_signatures=17080
response_converse_controls=[((1, 1), Fraction(-1, 2)), ((1, 4), Fraction(256, 625)), ((2, 3), Fraction(-108, 625)), ((4, 5), Fraction(-800000, 43046721)), ((7, 2), Fraction(3294172, 43046721))]
source_normalization=high point infinity; beta_1=0; beta_2=1
formula=(e-1)!*binom(N-e-1,e-1)
ALL INDEPENDENT EXACT CHECKS PASSED
