== finite-exact level-three Keller norm slices ==
transported H artifact sha256=5a9459b3149e500c1b00b67bd804aa7e607de06bf4610c7cdf5fa26d41d74ce9
transported H coefficient ledger: PASS
slice (b,c)=(1,2)
  L=108*A**2 - 20*A + 1; disc_A(L)=-32
  Norm(L)=H/(64L) rederived; determinant norm=resultant norm
  Norm(H)=K/(2^21 L^7); deg(K)=86; K irreducible; gcd(K,LH)=1
  K coefficient-ledger sha256=de18f1f38b29b92cbbe46c913a1446fe017a4566615d60e37a96d82307ae84a7
  [Delta_3]=[-L Norm(H)]=[-2 K]; old L exponent 1-7=-6 is even
slice (b,c)=(3,1)
  L=27*A**2 - 38*A + 18; disc_A(L)=-500
  Norm(L)=H/(64L) rederived; determinant norm=resultant norm
  Norm(H)=K/(2^35 L^7); deg(K)=86; K irreducible; gcd(K,LH)=1
  K coefficient-ledger sha256=f55ce6cbdeadcb27f30a7aa0ca75094b5ded4a344f6d976cf31021b2eb6e6579
  [Delta_3]=[-L Norm(H)]=[-2 K]; old L exponent 1-7=-6 is even
slice (b,c)=(1,3)
  L=243*A**2 - 38*A + 2; disc_A(L)=-500
  Norm(L)=H/(64L) rederived; determinant norm=resultant norm
  Norm(H)=K/(2^35 L^7); deg(K)=86; K irreducible; gcd(K,LH)=1
  K coefficient-ledger sha256=c3c98f832b92316343ee24da5f3898c5e3465fc621edd3f063441686cc62febf
  [Delta_3]=[-L Norm(H)]=[-2 K]; old L exponent 1-7=-6 is even
three independent exact slices: denominator L^7, no L/H numerator factor
scope: finite slices only; no global J, degree-27 discriminant, or JC claim
all exact checks passed
