==============================================================================
LEAF-GRADED ARBORESCENCE CENSUS (leaf = tree-out-degree 0)
==============================================================================
cross-check n=4 (ALL classes x all roots): mismatches = 0
cross-check n=5 (ALL classes x all roots): mismatches = 0
n=3: 2 classes; bottom-stratum == h verified on all
n=4: 4 classes; bottom-stratum == h verified on all
n=5: 12 classes; bottom-stratum == h verified on all
n=6: 56 classes; bottom-stratum == h verified on all
n=7: 456 classes; bottom-stratum == h verified on all

(1) c2 spectrum (2-leaf stratum, summed over roots):
  n=4: c2 range [3,6], #distinct 4; missing (<=60): [0, 1, 2]
  n=5: c2 range [11,35], #distinct 11; missing (<=60): [0, 1, 2, 3, 4, 5, 6, 7, 8, 9, 10, 13, 14, 17, 18, 19, 20, 22, 23, 26, 28, 31, 32, 33, 34]
  n=6: c2 range [26,180], #distinct 48; missing (<=60): [0, 1, 2, 3, 4, 5, 6, 7, 8, 9, 10, 11, 12, 13, 14, 15, 16, 17, 18, 19, 20, 21, 22, 23, 24, 25, 27, 28, 29, 30, 31, 32, 34, 35, 37, 38, 39, 40, 41, 44, 45, 46, 47, 48, 49, 50, 51, 53, 55, 56, 59, 60]
  n=7: c2 range [57,1098], #distinct 332; missing (<=60): [0, 1, 2, 3, 4, 5, 6, 7, 8, 9, 10, 11, 12, 13, 14, 15, 16, 17, 18, 19, 20, 21, 22, 23, 24, 25, 26, 27, 28, 29, 30, 31, 32, 33, 34, 35, 36, 37, 38, 39, 40, 41, 42, 43, 44, 45, 46, 47, 48, 49, 50, 51, 52, 53, 54, 55, 56, 58, 59, 60]
  POOLED n<=7 missing c2 <= 60: [0, 1, 2, 7, 8, 9, 10, 13, 14, 17, 18, 19, 20, 22, 23, 28, 31, 32, 34, 37, 38, 39, 40, 41, 44, 45, 46, 47, 48, 49, 50, 51, 53, 55, 56, 59, 60]

(2) (h, c2) joint spectrum near the holes (h <= 11):
  n=5 h=1   c2 in [11]
  n=5 h=3   c2 in [12, 15, 21]
  n=5 h=5   c2 in [16, 25]
  n=5 h=9   c2 in [24, 25]
  n=5 h=11  c2 in [30]
  n=6 h=1   c2 in [26]
  n=6 h=3   c2 in [33, 36, 42, 54]
  n=6 h=5   c2 in [43, 52, 70]
  n=6 h=9   c2 in [57, 58, 63, 84, 86]
  n=6 h=11  c2 in [69, 104]
  n=7 h=1   c2 in [57]
  n=7 h=3   c2 in [78, 81, 87, 99, 123]
  n=7 h=5   c2 in [102, 111, 129, 165]
  n=7 h=9   c2 in [126, 132, 133, 159, 161, 162, 171, 213, 217]
  n=7 h=11  c2 in [158, 193, 263]

(3) signed evaluation Sum_r A_r(-1):
  n=3: 2 distinct values, first [(-3, 1), (0, 1)]
        A(-1)==-h: False ; A(-1)==(-1)^(n-1) h: False ; |A(-1)|==h: False
  n=4: 4 distinct values, first [(-1, 1), (0, 1), (2, 1), (3, 1)]
        A(-1)==-h: False ; A(-1)==(-1)^(n-1) h: False ; |A(-1)|==h: False
  n=5: 9 distinct values, first [(0, 2), (4, 2), (5, 1), (6, 2), (7, 1), (9, 1)]...
        A(-1)==-h: False ; A(-1)==(-1)^(n-1) h: False ; |A(-1)|==h: False
  n=6: 40 distinct values, first [(-24, 1), (-20, 1), (-16, 1), (-15, 1), (-12, 1), (-10, 2)]...
        A(-1)==-h: False ; A(-1)==(-1)^(n-1) h: False ; |A(-1)|==h: False
  n=7: 126 distinct values, first [(-180, 1), (-178, 1), (-172, 1), (-170, 1), (-168, 1), (-166, 1)]...
        A(-1)==-h: False ; A(-1)==(-1)^(n-1) h: False ; |A(-1)|==h: False

(5) max-out-degree ladder B(k), n<=6 (B(1)=h, B(n-1)=a):
  n=5 B(1): 7 in spec: False 21 in spec: False missing <=40: [0, 2, 4, 6, 7, 8, 10, 12, 14]
  n=5 B(2): 7 in spec: False 21 in spec: True  missing <=40: [0, 1, 2, 3, 4, 5, 6, 7, 8, 9, 10, 11, 12, 13, 14, 15, 17, 19]
  n=5 B(3): 7 in spec: False 21 in spec: False missing <=40: [0, 1, 2, 3, 4, 5, 6, 7, 8, 9, 10, 11, 12, 13, 14, 15, 16, 17]
  n=5 B(4): 7 in spec: False 21 in spec: False missing <=40: [0, 1, 2, 3, 4, 5, 6, 7, 8, 9, 10, 11, 12, 13, 14, 15, 16, 17]
  n=6 B(1): 7 in spec: False 21 in spec: False missing <=40: [0, 2, 4, 6, 7, 8, 10, 12, 14, 16, 18, 20, 21, 22, 24, 26, 28, 30]
  n=6 B(2): 7 in spec: False 21 in spec: False missing <=40: [0, 1, 2, 3, 4, 5, 6, 7, 8, 9, 10, 11, 12, 13, 14, 15, 16, 17]
  n=6 B(3): 7 in spec: False 21 in spec: False missing <=40: [0, 1, 2, 3, 4, 5, 6, 7, 8, 9, 10, 11, 12, 13, 14, 15, 16, 17]
  n=6 B(4): 7 in spec: False 21 in spec: False missing <=40: [0, 1, 2, 3, 4, 5, 6, 7, 8, 9, 10, 11, 12, 13, 14, 15, 16, 17]
  n=6 B(5): 7 in spec: False 21 in spec: False missing <=40: [0, 1, 2, 3, 4, 5, 6, 7, 8, 9, 10, 11, 12, 13, 14, 15, 16, 17]

DONE.
