Lonely Runner recursive metrics and natural-operation bridge (S378)

RECURSIVE SCALAR-PUNCTURE MOAT ATLAS
==============================================================================
n is the forbidden denominator, with k=n-1 speeds.
ps_min uses product-sum arity n as a denominator-aligned comparison.
orders are cyclic orders of the best puncture deltas in Z/nZ.

n pfactors patterns candidates best_miss density orders gcds positions deltas ps_min_n(seed)
--------------------------------------------------------------------------------------------
 4      (2,)       16         64         4      1/16   (2, 4)   (1, 2)         (2,)          (1, 2, 3) 8:(2, 4)
 5      (5,)       30        150         6      1/25     (5,)     (1,)         (2,)       (1, 2, 3, 4) 8:(2, 2, 2)
 6    (2, 3)       60        360        12      1/30     (2,)     (3,)         (2,)               (3,) 12:(2, 6)
 7      (7,)       84        588        20     5/147     (7,)     (1,)       (3, 6) (1, 2, 3, 4, 5, 6) 12:(3, 4)
 8      (2,)      144       1152        16      1/72     (2,)     (4,)         (6,)               (4,) 12:(2, 2, 3)
 9      (3,)      198       1782        36      2/99     (3,)     (3,)       (4, 6)             (3, 6) 15:(3, 5)
10    (2, 5)      280       2800        30     3/280     (2,)     (5,)         (4,)               (5,) 16:(4, 4)
11     (11,)      352       3872        72     9/484    (11,)     (1,)        (10,) (1, 2, 3, 4, 5, 6, 7, 8, 9, 10) 16:(2, 2, 4)
12    (2, 3)      504       6048        72      1/84     (2,)     (6,)      (6, 10)               (6,) 16:(2, 2, 2, 2)
13     (13,)      598       7774        44   22/3887    (13,)     (1,)         (6,) (1, 2, 3, 4, 5, 6, 7, 8, 9, 10, 11, 12) 18:(2, 3, 3)
14    (2, 7)      812      11368        56     1/203     (2,)     (7,)         (6,)               (7,) 20:(2, 2, 5)
15    (3, 5)      960      14400       120     1/120     (3,)     (5,)      (6, 14)            (5, 10) 24:(3, 8)
16      (2,)     1152      18432       128     1/144     (2,)     (8,)        (15,)               (8,) 24:(4, 6)
17     (17,)     1360      23120       240     3/289    (17,)     (1,)        (16,) (1, 2, 3, 4, 5, 6, 7, 8, 9, 10, 11, 12, 13, 14, 15, 16) 24:(2, 2, 6)
18    (2, 3)     1728      31104       198   11/1728     (2,)     (9,)         (8,)               (9,) 24:(2, 3, 4)
19     (19,)     1938      36822       204     2/361    (19,)     (1,)        (18,) (1, 2, 3, 4, 5, 6, 7, 8, 9, 10, 11, 12, 13, 14, 15, 16, 17, 18) 24:(2, 2, 2, 3)
20    (2, 5)     2400      48000       180     3/800     (2,)    (10,)        (18,)              (10,) 28:(2, 2, 7)
21    (3, 7)     2688      56448       224     1/252     (3,)     (7,)        (20,)            (7, 14) 27:(3, 3, 3)
22   (2, 11)     3080      67760       220     1/308     (2,)    (11,)        (10,)              (11,) 32:(4, 8)

CONSECUTIVE-N GROWTH LEDGER
==============================================================================
This is the first recursive diagnostic: how much the finite system changes
when the LRC denominator grows by one.

n-1->n pattern_x candidate_x moat_x density_delta selected_orders
-----------------------------------------------------------------
 4->5       15/8       75/32     3/2        -9/400 (5,)
 5->6          2        12/5       2        -1/150 (2,)
 6->7        7/5       49/30     5/3        1/1470 (7,)
 7->8       12/7       96/49     4/5      -71/3528 (2,)
 8->9       11/8       99/64     9/4         5/792 (3,)
 9->10    140/99    1400/891     5/6    -263/27720 (2,)
10->11     44/35     242/175    12/5     267/33880 (11,)
11->12     63/44     189/121       1      -17/2541 (2,)
12->13   299/252   3887/3024   11/18  -2039/326508 (13,)
13->14   406/299   5684/3887   14/11   -579/789061 (2,)
14->15   240/203   1800/1421    15/7      83/24360 (3,)
15->16       6/5       32/25   16/15        -1/720 (2,)
16->17     85/72   1445/1152    15/8     143/41616 (17,)
17->18    108/85   1944/1445   33/40  -2005/499392 (2,)
18->19   323/288   6137/5184   34/33   -515/623808 (19,)
19->20   400/323   8000/6137   15/17   -517/288800 (2,)
20->21     28/25     147/125   56/45      11/50400 (3,)
21->22     55/48     605/504   55/56       -1/1386 (2,)

ONE-STEP NONREVERTING REPAIR DEFICIT
==============================================================================
For a best scalar puncture, choose the single coordinate change that covers
the most old missed cells, excluding the scalar-ramp reversion.

n old_miss move gain old_left new_exposed new_missed new_exposed/gain
---------------------------------------------------------------------
10       30    c2:0->5   30        0          90         90                3
12       72    c3:0->6   72        0         216        216                3
14       56    c3:0->7   56        0         308        308             11/2
15      120    c4:0->5   60       60         280        340             14/3
18      198    c4:0->9  198        0         486        486            27/11
20      180   c9:0->10  180        0        1220       1220             61/9
21      224   c18:0->7   56      168         392        560                7
22      220   c5:0->11  220        0        1386       1386            63/10

ENDPOINT-PROTECTION SAMPLE
==============================================================================
Initial segments are tight boundary systems. Replacing n-1 by n inserts
the mandatory multiplicative gate and measures the first endpoint response.

n family       class          gap/thresh boundary unprotected peel core
-----------------------------------------------------------------------
 8 initial      boundary_only           0        4           4    7    0
 8 single_gate  positive_gap         1/10       12          12    8    0
10 initial      boundary_only           0        4           4    9    0
10 single_gate  positive_gap         1/14       12          12   10    0
12 initial      boundary_only           0        4           4   11    0
12 single_gate  positive_gap         1/18       20          20   12    0
14 initial      boundary_only           0        6           6   15    0
14 single_gate  positive_gap         1/22       24          24   14    0
15 initial      boundary_only           0        8           8   14    0
15 single_gate  positive_gap         1/33       12          12   16    0
16 initial      boundary_only           0        8           8   15    0
16 single_gate  positive_gap         1/26       16          16   16    0

SYNTHESIS
==============================================================================
1. The additive natural-number shadow behaves like the scalar LRC spine: both are complete/equality structures that must be quotiented before the interesting sparse geometry appears.
2. The multiplicative shadow and the best LRC puncture deltas both select divisor/torsion layers.  Composite n values prefer low-order jumps such as order 2 at n=14 and order 3 at n=15, while prime n has no proper torsion and the best delta layer is broad.
3. The product-sum defect law is a useful analogy for LRC repair: a local move can absorb old defect only by creating a new defect package.  The repair table measures this as new_exposed/gain.
4. A tournament-style LRC metagraph should have nodes = normalized residue classes, edges = coordinate repairs, height = missed cells, and a second endpoint-protection height for speed-set searches.  The recursive object is the evolution of this two-height landscape as n grows.
