Q 50
POOL (8, 10, 15, 16, 20, 30, 40, 42, 60, 63, 80, 84, 85, 88, 95, 120, 126, 132, 143, 145, 168, 170, 176, 190, 193, 240, 252, 264, 286, 290)
VALID_PRIMITIVE_DIVISOR_COMPLETE_ANCHORS ((40, 143, 252), (80, 143, 252), (120, 126, 143), (120, 143, 252), (126, 143, 240), (143, 240, 252))
TYPE_HOSTILE (120, 126, 286) DIVISOR_COMPLETE True GCD 2
WALLS 7134 CELLS 7133 COMMON 18241159416480
FULL_FAILURE_ATOMS 2950 NONZERO_Q_MASS_ATOMS 2605 TOTAL_Q_SAFE_NUMERATOR 10944695649888000 DENOMINATOR 12768811591536000
ORIGINAL_ANCHOR_FAILING_CELLS 3177 ORIGINAL_ANCHOR_FAILING_Q_SAFE_NUMERATOR 4072752399148720
GLOBAL_ARITY 5 TOTAL 142506 REPAIRS 3017 EQUALITIES 0
ROW ANCHOR (40, 143, 252) ARITY 5 TOTAL 80730 EDGES 1962 EQUALITIES 0 TAU=5 COVER (95, 168, 193, 240, 290) SEARCH_STATES ((0, 1), (1, 1), (2, 1), (3, 19), (4, 93), (5, 401))
ROW ANCHOR (80, 143, 252) ARITY 5 TOTAL 80730 EDGES 1398 EQUALITIES 0 TAU=5 COVER (85, 95, 145, 168, 193) SEARCH_STATES ((0, 1), (1, 1), (2, 6), (3, 31), (4, 142), (5, 301))
ROW ANCHOR (120, 126, 143) ARITY 5 TOTAL 80730 EDGES 2063 EQUALITIES 0 TAU=5 COVER (95, 168, 193, 240, 290) SEARCH_STATES ((0, 1), (1, 1), (2, 1), (3, 19), (4, 98), (5, 402))
ROW ANCHOR (120, 143, 252) ARITY 5 TOTAL 80730 EDGES 1664 EQUALITIES 0 TAU=5 COVER (95, 168, 193, 240, 290) SEARCH_STATES ((0, 1), (1, 1), (2, 1), (3, 19), (4, 132), (5, 455))
ROW ANCHOR (126, 143, 240) ARITY 5 TOTAL 80730 EDGES 1558 EQUALITIES 0 TAU=4 COVER (95, 168, 193, 290) SEARCH_STATES ((0, 1), (1, 1), (2, 1), (3, 53), (4, 127))
ROW ANCHOR (143, 240, 252) ARITY 5 TOTAL 80730 EDGES 1234 EQUALITIES 0 TAU=4 COVER (95, 168, 193, 290) SEARCH_STATES ((0, 1), (1, 1), (2, 1), (3, 53), (4, 140))
GLOBAL_ARITY 6 TOTAL 593775 REPAIRS 85324 EQUALITIES 0
ROW ANCHOR (40, 143, 252) ARITY 6 TOTAL 296010 EDGES 44562 EQUALITIES 0 TAU=8 COVER (16, 85, 88, 95, 145, 168, 193, 240) SEARCH_STATES ((0, 1), (1, 1), (2, 1), (3, 13), (4, 61), (5, 293), (6, 1156), (7, 4306), (8, 13431))
ROW ANCHOR (80, 143, 252) ARITY 6 TOTAL 296010 EDGES 33636 EQUALITIES 0 TAU=7 COVER (16, 88, 95, 145, 168, 193, 240) SEARCH_STATES ((0, 1), (1, 1), (2, 1), (3, 13), (4, 61), (5, 336), (6, 1428), (7, 4516))
ROW ANCHOR (120, 126, 143) ARITY 6 TOTAL 296010 EDGES 46261 EQUALITIES 0 TAU=8 COVER (16, 85, 88, 95, 168, 193, 240, 290) SEARCH_STATES ((0, 1), (1, 1), (2, 1), (3, 1), (4, 57), (5, 296), (6, 1165), (7, 4404), (8, 13377))
ROW ANCHOR (120, 143, 252) ARITY 6 TOTAL 296010 EDGES 37637 EQUALITIES 0 TAU=8 COVER (8, 80, 85, 88, 95, 145, 168, 193) SEARCH_STATES ((0, 1), (1, 1), (2, 1), (3, 7), (4, 60), (5, 320), (6, 1363), (7, 5228), (8, 6601))
ROW ANCHOR (126, 143, 240) ARITY 6 TOTAL 296010 EDGES 38915 EQUALITIES 0 TAU=8 COVER (8, 80, 85, 88, 95, 145, 168, 193) SEARCH_STATES ((0, 1), (1, 1), (2, 1), (3, 7), (4, 73), (5, 344), (6, 1430), (7, 5085), (8, 5719))
ROW ANCHOR (143, 240, 252) ARITY 6 TOTAL 296010 EDGES 31234 EQUALITIES 0 TAU=7 COVER (16, 85, 88, 95, 145, 168, 193) SEARCH_STATES ((0, 1), (1, 1), (2, 1), (3, 13), (4, 94), (5, 417), (6, 1746), (7, 5311))
ROW_COUNT 12
NONORIGINAL_ROW_COUNT 10
