====================================================================================================
PART A -- THM-666 CLAMP PORT verification
====================================================================================================
[kps dissoc (spr 35)] mu(8/49) = 0.86028, int C = 0.91002, TV(C') = 158564.0
    V=  400: gridfrac(maxgap>=1/7) = 0.94000 >= mu(th1) - TV/(12V^2) = 0.77770  OK
    V= 1600: gridfrac(maxgap>=1/7) = 0.94625 >= mu(th1) - TV/(12V^2) = 0.85512  OK
    V= 6400: gridfrac(maxgap>=1/7) = 0.94719 >= mu(th1) - TV/(12V^2) = 0.85996  OK
[covering worst (spr 16)] mu(8/49) = 0.64988, int C = 0.76128, TV(C') = 40180.0
    V=  400: gridfrac(maxgap>=1/7) = 0.86000 >= mu(th1) - TV/(12V^2) = 0.62896  OK
    V= 1600: gridfrac(maxgap>=1/7) = 0.87000 >= mu(th1) - TV/(12V^2) = 0.64858  OK
    V= 6400: gridfrac(maxgap>=1/7) = 0.86719 >= mu(th1) - TV/(12V^2) = 0.64980  OK
[tight AP] mu(8/49) = 0.37389, int C = 0.40819, TV(C') = 18424.0
    V=  400: gridfrac(maxgap>=1/7) = 0.43500 >= mu(th1) - TV/(12V^2) = 0.36429  OK
    V= 1600: gridfrac(maxgap>=1/7) = 0.44375 >= mu(th1) - TV/(12V^2) = 0.37329  OK
    V= 6400: gridfrac(maxgap>=1/7) = 0.44250 >= mu(th1) - TV/(12V^2) = 0.37385  OK

====================================================================================================
PART B -- COMPOSITION CHECKER over covering 13-subsets of [1,18]
====================================================================================================
covering sets: 966
composition fires on 756/966; residual 210
   residual: (1, 2, 3, 4, 5, 6, 8, 9, 10, 11, 12, 13, 14)
   residual: (1, 2, 3, 4, 5, 7, 8, 9, 10, 11, 12, 13, 14)
   residual: (1, 2, 3, 4, 5, 7, 8, 10, 11, 12, 13, 14, 18)
   residual: (1, 2, 3, 4, 5, 7, 9, 10, 11, 12, 13, 14, 16)
   residual: (1, 2, 3, 4, 5, 8, 9, 10, 11, 12, 13, 14, 15)
   residual: (1, 2, 3, 4, 5, 8, 9, 10, 11, 12, 13, 14, 16)
   residual: (1, 2, 3, 4, 5, 8, 9, 10, 11, 12, 13, 14, 17)
   residual: (1, 2, 3, 4, 5, 8, 9, 10, 11, 12, 13, 14, 18)

====================================================================================================
PART C -- THE r-MAP: synthetic single-scale covering families, r = spread/Vmax grid
====================================================================================================
 r-target    n  fired   frac   (low-anchor drift composition, best split)
     0.15   23     23   1.00
     0.25   39     39   1.00
     0.35   39     39   1.00
     0.45   40     40   1.00
     0.55   40     40   1.00
     0.65   40     40   1.00
     0.75   40     40   1.00
     0.85   40     40   1.00
