==========================================================================
(A) EXHAUSTIVE finite-residue check: M(AP)=(q-11)/(2q) for all q<=132
    (primitive, d odd) — the cases the q>132 argument does not cover
==========================================================================
  checked 164 primitive odd-d APs with q<=132
  mismatches (M != (q-11)/(2q)): 0
  ALL q<=132 verified: True

==========================================================================
(B) MECHANISM TRACE: the confinement-coupling quantities
==========================================================================
  a  d    q |         t    min_k  b=<beta>  ||a b||  ||d al|| q<q? (2a+11d vs bound)
  2 41  455 |   111/455  222/455     1/455    2/455     2/455  witness
  2 41  455 |  334/1365   71/455   44/1365  88/1365   88/1365  
  2 41  455 |  554/2275 712/2275   36/2275  72/2275   72/2275  
  2 41  455 |     16/65     3/65      6/65    12/65     12/65  
      coupling ||a*(dt)|| == ||d*(at)|| for all traced t: True
  3 17  193 |   159/193   91/193     1/193    3/193     3/193  witness
  3 17  193 |   478/579   83/579    20/579   20/193    20/193  
  3 17  193 |   794/965   64/193    12/965   36/965    36/965  
  3 17  193 |   160/193    9/193    18/193   54/193    54/193  
      coupling ||a*(dt)|| == ||d*(at)|| for all traced t: True
  5 19  219 |   196/219  104/219     1/219    5/219     5/219  witness
  5 19  219 |   589/657   98/657    22/657  110/657   110/657  
  5 19  219 |  979/1095 361/1095   14/1095   14/219    14/219  
  5 19  219 |   197/219   10/219    20/219  100/219   100/219  
      coupling ||a*(dt)|| == ||d*(at)|| for all traced t: True
  1 23  255 |   122/255  122/255     1/255    1/255     1/255  witness
  1 23  255 |   367/765  112/765    26/765   26/765    26/765  
  1 23  255 |   203/425  137/425     6/425    6/425     6/425  
  1 23  255 |     41/85     4/85      8/85     8/85      8/85  
      coupling ||a*(dt)|| == ||d*(at)|| for all traced t: True

==========================================================================
(C) LARGE-q spread APs (q>132, clean-argument regime): M = (q-11)/(2q)
==========================================================================
  a= 1 d=31 q= 343: M=  166/343  (q-11)/(2q)=  166/343  match=True  >1/13=True
  a= 2 d=41 q= 455: M=  222/455  (q-11)/(2q)=  222/455  match=True  >1/13=True
  a= 3 d=37 q= 413: M=  201/413  (q-11)/(2q)=  201/413  match=True  >1/13=True
  a= 7 d=45 q= 509: M=  249/509  (q-11)/(2q)=  249/509  match=True  >1/13=True
  a= 5 d=51 q= 571: M=  280/571  (q-11)/(2q)=  280/571  match=True  >1/13=True

DONE.
