====================================================================================================
PART 9a -- EXHAUSTIVE M_m DOMINANCE, k=8, all 0-anchored 8-subsets of {0..N}
====================================================================================================
  AP_8 M_m (m=2..7): [12, 26, 34, 46, 50, 56]
  exhaustive over diam <= 22 primitives: 170213 shapes, 0 violations
  runner-up counts per m: [12, 25, 34, 45, 48, 53]
    m=2: max non-AP M_m = 12 (AP: 12) at (0, 1, 2, 3, 4, 5, 6, 8)
    m=3: max non-AP M_m = 25 (AP: 26) at (0, 1, 2, 3, 4, 5, 6, 8)
    m=4: max non-AP M_m = 34 (AP: 34) at (0, 1, 2, 3, 4, 5, 6, 8)
    m=5: max non-AP M_m = 45 (AP: 46) at (0, 1, 2, 3, 4, 5, 6, 8)
    m=6: max non-AP M_m = 48 (AP: 50) at (0, 1, 2, 3, 4, 5, 6, 8)
    m=7: max non-AP M_m = 53 (AP: 56) at (0, 1, 2, 3, 4, 5, 6, 8)

====================================================================================================
PART 9b -- k=13 CONSTANTS (leg bar m_P = 14249/252252 = 0.056487)
====================================================================================================
  universal part 1 - 13/7 + 78/49 = 36/49 = 0.734694
  AP_13                    E[V]=0.12662 E[V^2]=0.05893 PZ=0.2720 AT3=0.3139 | Sigma_3=1.3937 B3=-0.6590  (bar 0.0565)
  GW                       E[V]=0.11488 E[V^2]=0.04465 PZ=0.2956 AT3=0.3462 | Sigma_3=1.3143 B3=-0.5796  (bar 0.0565)
  record-diam43ish         E[V]=0.11132 E[V^2]=0.04191 PZ=0.2957 AT3=0.3421 | Sigma_3=1.2878 B3=-0.5531  (bar 0.0565)
  dilAP7+defect (diam 85)  E[V]=0.12111 E[V^2]=0.04837 PZ=0.3032 AT3=0.3446 | Sigma_3=1.2931 B3=-0.5584  (bar 0.0565)
  spread-random diam 100   E[V]=0.14409 E[V^2]=0.03376 PZ=0.6150 AT3=0.6837 | Sigma_3=0.8672 B3=-0.1325  (bar 0.0565)

====================================================================================================
PART 9c -- SPREAD-SIDE HEADROOM at k=13: PZ vs bar on spread shapes (the diam>=76 residual)
====================================================================================================
  diam 136: PZ = 0.6369  [0, 33, 40, 63, 68, 70, 75, 100, 106, 125, 126, 128, 136]
  diam 140: PZ = 0.6628  [0, 15, 21, 31, 35, 37, 47, 58, 61, 76, 82, 131, 140]
  diam 148: PZ = 0.6888  [0, 7, 19, 27, 44, 63, 86, 87, 101, 103, 108, 111, 148]
  diam 145: PZ = 0.6770  [0, 1, 3, 32, 62, 66, 67, 69, 70, 80, 111, 113, 145]
  diam 136: PZ = 0.6652  [0, 6, 28, 46, 56, 67, 93, 104, 106, 110, 118, 130, 136]
  diam 138: PZ = 0.6991  [0, 21, 24, 25, 45, 46, 72, 92, 102, 105, 109, 128, 138]
  diam 140: PZ = 0.6904  [0, 10, 36, 63, 64, 66, 78, 101, 107, 123, 125, 137, 140]
  diam 145: PZ = 0.7087  [0, 23, 27, 28, 41, 49, 57, 74, 76, 96, 99, 116, 145]
  diam 147: PZ = 0.7104  [0, 1, 12, 24, 26, 34, 42, 64, 87, 91, 126, 143, 147]
  diam 123: PZ = 0.6278  [0, 7, 14, 35, 38, 51, 54, 89, 91, 105, 112, 119, 123]
  diam 142: PZ = 0.6702  [0, 1, 3, 9, 13, 17, 24, 62, 91, 97, 134, 138, 142]
  diam 147: PZ = 0.6387  [0, 12, 14, 50, 54, 59, 60, 62, 84, 99, 107, 123, 147]
  worst random spread PZ = 0.6278 (bar 0.0565) at [0, 7, 14, 35, 38, 51, 54, 89, 91, 105, 112, 119, 123]
