AUDIT all_newcomer_zero_original_joint_wall_independent
FIXED_POOL_CELLS 7133 POOL_DENOMINATOR 18241159416480 LOW_ARITY_SUPPORT 2535 ANCHORS_M4_M5_M6 32,297,24
METHOD EXPLICIT_JOINT_WALLS PARALLEL_FINITE_SCAN RECURSIVE_TRANSVERSALS
Q50_LAYERS E5 3017 E6 85324 E7 821737 EQUALITIES 0,0,0
LIMIT D5 NONPOSITIVE 0 MIN_SURPLUS_NUM 5601528091116 MIN_SURPLUS_EDGE 8,10,95,193,240 MAX_BOUND_CEIL 2297 MAX_BOUND_EDGE 40,80,95,120,193 MAX_BOUND_COMPONENTS 184 MAX_BOUND_MASS_NUM 1559969234178
LIMIT D6 NONPOSITIVE 0 MIN_SURPLUS_NUM 5531567360904 MIN_SURPLUS_EDGE 15,80,84,95,176,240 MAX_BOUND_CEIL 2443 MAX_BOUND_EDGE 15,80,84,95,176,240 MAX_BOUND_COMPONENTS 192 MAX_BOUND_MASS_NUM 1556069859032
LIMIT D7 NONPOSITIVE 0 MIN_SURPLUS_NUM 5524132150368 MIN_SURPLUS_EDGE 8,10,40,84,95,176,240 MAX_BOUND_CEIL 2587 MAX_BOUND_EDGE 8,10,20,40,80,95,240 MAX_BOUND_COMPONENTS 204 MAX_BOUND_MASS_NUM 1556695841942
DIRECT_MASS_CONTROLS q=50,6,366,367 PASS
RESONANCE q 6 LOST_E5_E6_E7 2,5,5 AFFECTED_M4_M5_M6 18,203,20 NATIVE_E5_E6 50160,389365 NATIVE_EQUALITIES 0,0 COVER_ROWS_M4_M5_M6 0,0,0 SEARCH_NODES 253952,387167,8394
RESONANCE q 22 LOST_E5_E6_E7 0,1,3 AFFECTED_M4_M5_M6 14,202,24 NATIVE_E5_E6 54396,421289 NATIVE_EQUALITIES 0,0 COVER_ROWS_M4_M5_M6 0,0,0 SEARCH_NODES 196088,373242,9194
RESONANCE q 24 LOST_E5_E6_E7 15,117,233 AFFECTED_M4_M5_M6 32,263,22 NATIVE_E5_E6 51188,390537 NATIVE_EQUALITIES 0,0 COVER_ROWS_M4_M5_M6 0,0,0 SEARCH_NODES 206270,373947,9604
RESONANCE q 25 LOST_E5_E6_E7 2,11,31 AFFECTED_M4_M5_M6 23,252,20 NATIVE_E5_E6 34684,320668 NATIVE_EQUALITIES 0,0 COVER_ROWS_M4_M5_M6 0,0,0 SEARCH_NODES 281894,386632,10514
RESONANCE q 48 LOST_E5_E6_E7 2,14,29 AFFECTED_M4_M5_M6 23,246,17 NATIVE_E5_E6 77327,475101 NATIVE_EQUALITIES 0,0 COVER_ROWS_M4_M5_M6 0,0,0 SEARCH_NODES 198944,372682,10019
RESONANCE q 70 LOST_E5_E6_E7 10,42,71 AFFECTED_M4_M5_M6 29,169,12 NATIVE_E5_E6 73996,469924 NATIVE_EQUALITIES 0,0 COVER_ROWS_M4_M5_M6 0,0,0 SEARCH_NODES 162416,350067,9824
RESONANCE q 72 LOST_E5_E6_E7 0,10,96 AFFECTED_M4_M5_M6 32,289,24 NATIVE_E5_E6 59802,418692 NATIVE_EQUALITIES 0,0 COVER_ROWS_M4_M5_M6 0,0,0 SEARCH_NODES 196262,352837,9404
RESONANCE q 96 LOST_E5_E6_E7 201,2603,11454 AFFECTED_M4_M5_M6 32,297,24 NATIVE_E5_E6 21457,247722 NATIVE_EQUALITIES 0,0 COVER_ROWS_M4_M5_M6 0,0,0 SEARCH_NODES 243872,448392,11949
RESONANCE q 100 LOST_E5_E6_E7 0,0,12 AFFECTED_M4_M5_M6 30,247,0 NATIVE_E5_E6 26410,284863 NATIVE_EQUALITIES 0,0 COVER_ROWS_M4_M5_M6 0,0,0 SEARCH_NODES 246542,441552,11529
RESONANCE q 105 LOST_E5_E6_E7 23,448,2062 AFFECTED_M4_M5_M6 32,297,24 NATIVE_E5_E6 37139,325808 NATIVE_EQUALITIES 0,0 COVER_ROWS_M4_M5_M6 0,0,0 SEARCH_NODES 179234,342977,10114
RESONANCE q 110 LOST_E5_E6_E7 102,822,2369 AFFECTED_M4_M5_M6 32,297,24 NATIVE_E5_E6 44484,365850 NATIVE_EQUALITIES 0,0 COVER_ROWS_M4_M5_M6 0,0,0 SEARCH_NODES 198794,380222,9434
RESONANCE q 128 LOST_E5_E6_E7 77,594,1557 AFFECTED_M4_M5_M6 32,297,24 NATIVE_E5_E6 31275,301247 NATIVE_EQUALITIES 0,0 COVER_ROWS_M4_M5_M6 0,0,0 SEARCH_NODES 179978,398132,9479
RESONANCE q 130 LOST_E5_E6_E7 0,2,8 AFFECTED_M4_M5_M6 12,183,18 NATIVE_E5_E6 105407,539067 NATIVE_EQUALITIES 0,0 COVER_ROWS_M4_M5_M6 0,0,0 SEARCH_NODES 148442,301812,8914
RESONANCE q 140 LOST_E5_E6_E7 29,188,366 AFFECTED_M4_M5_M6 32,273,18 NATIVE_E5_E6 59351,416495 NATIVE_EQUALITIES 0,0 COVER_ROWS_M4_M5_M6 0,0,0 SEARCH_NODES 188528,416132,8849
RESONANCE q 186 LOST_E5_E6_E7 0,0,1 AFFECTED_M4_M5_M6 20,96,0 NATIVE_E5_E6 61671,432488 NATIVE_EQUALITIES 0,0 COVER_ROWS_M4_M5_M6 0,0,0 SEARCH_NODES 194348,350522,9369
RESONANCE q 192 LOST_E5_E6_E7 5,73,384 AFFECTED_M4_M5_M6 23,297,24 NATIVE_E5_E6 43980,364769 NATIVE_EQUALITIES 0,0 COVER_ROWS_M4_M5_M6 0,0,0 SEARCH_NODES 248804,466727,9494
RESONANCE q 206 LOST_E5_E6_E7 2,11,16 AFFECTED_M4_M5_M6 28,279,24 NATIVE_E5_E6 65683,451190 NATIVE_EQUALITIES 0,0 COVER_ROWS_M4_M5_M6 0,0,0 SEARCH_NODES 183872,371632,8609
RESONANCE q 210 LOST_E5_E6_E7 243,2805,11624 AFFECTED_M4_M5_M6 32,297,24 NATIVE_E5_E6 26533,261505 NATIVE_EQUALITIES 0,0 COVER_ROWS_M4_M5_M6 0,0,0 SEARCH_NODES 222302,399937,9354
RESONANCE q 220 LOST_E5_E6_E7 0,0,1 AFFECTED_M4_M5_M6 8,115,0 NATIVE_E5_E6 77964,479384 NATIVE_EQUALITIES 0,0 COVER_ROWS_M4_M5_M6 0,0,0 SEARCH_NODES 166742,356227,9214
RESONANCE q 256 LOST_E5_E6_E7 230,2284,8185 AFFECTED_M4_M5_M6 32,297,24 NATIVE_E5_E6 25765,273944 NATIVE_EQUALITIES 0,0 COVER_ROWS_M4_M5_M6 0,0,0 SEARCH_NODES 240872,458557,10869
RESONANCE q 260 LOST_E5_E6_E7 0,1,1 AFFECTED_M4_M5_M6 0,0,18 NATIVE_E5_E6 61262,422570 NATIVE_EQUALITIES 0,0 COVER_ROWS_M4_M5_M6 0,0,0 SEARCH_NODES 203936,359917,9984
RESONANCE q 294 LOST_E5_E6_E7 0,0,1 AFFECTED_M4_M5_M6 12,147,0 NATIVE_E5_E6 68909,454315 NATIVE_EQUALITIES 0,0 COVER_ROWS_M4_M5_M6 0,0,0 SEARCH_NODES 204344,397202,9074
RESONANCE q 366 LOST_E5_E6_E7 1,2,1 AFFECTED_M4_M5_M6 20,80,15 NATIVE_E5_E6 57331,422399 NATIVE_EQUALITIES 0,0 COVER_ROWS_M4_M5_M6 0,0,0 SEARCH_NODES 211964,410702,9714
FINITE_UNIVERSE Q_LE 2586 NEWCOMERS 2556
FAILURE_Q5 15 6,24,25,48,70,96,105,110,128,140,192,206,210,256,366
FAILURE_Q6 19 6,22,24,25,48,70,72,96,105,110,128,130,140,192,206,210,256,260,366
FAILURE_Q7 23 6,22,24,25,48,70,72,96,100,105,110,128,130,140,186,192,206,210,220,256,260,294,366
INCLUSION_EQUALITIES E5_E6_E7 0,0,0
NATIVE_EQUALITIES E5_E6 0,0
Q6_EXHAUSTIVE_COVER_CONTROLS M4_M5_M6 0,0,0
INDEPENDENT_LEDGER_FNV1A64_LE 6016229d0317ff06
COFINAL_INCLUSION q>=2587 BY_COMPONENT_DISCREPANCY
VERDICT PASS
