wa= 185 wb=  97 d=  1 buffered=  27  wa/7=  26.43  dev= 0.57
wa= 222 wb= 353 d=  1 buffered=  32  wa/7=  31.71  dev= 0.29
wa=  44 wb=  57 d=  1 buffered=   7  wa/7=   6.29  dev= 0.71
wa= 207 wb= 318 d=  3 buffered=  30  wa/7=  29.57  dev= 0.43
wa= 129 wb=  39 d=  3 buffered=  18  wa/7=  18.43  dev= 0.43
wa=  64 wb= 242 d=  2 buffered=   8  wa/7=   9.14  dev= 1.14
wa= 234 wb=  55 d=  1 buffered=  33  wa/7=  33.43  dev= 0.43
wa= 143 wb=  66 d= 11 buffered=  22  wa/7=  20.43  dev= 1.57
wa= 302 wb= 237 d=  1 buffered=  43  wa/7=  43.14  dev= 0.14
wa=  50 wb= 309 d=  1 buffered=   7  wa/7=   7.14  dev= 0.14
wa=  83 wb= 134 d=  1 buffered=  12  wa/7=  11.86  dev= 0.14
wa= 342 wb= 341 d=  1 buffered=  49  wa/7=  48.86  dev= 0.14
wa= 318 wb=  51 d=  3 buffered=  45  wa/7=  45.43  dev= 0.43
wa= 223 wb=  45 d=  1 buffered=  32  wa/7=  31.86  dev= 0.14
wa= 305 wb=  88 d=  1 buffered=  44  wa/7=  43.57  dev= 0.43
wa=  93 wb= 296 d=  1 buffered=  13  wa/7=  13.29  dev= 0.29
wa=  80 wb= 312 d=  8 buffered=   8  wa/7=  11.43  dev= 3.43
wa= 177 wb= 306 d=  3 buffered=  24  wa/7=  25.29  dev= 1.29
wa=  72 wb= 317 d=  1 buffered=  10  wa/7=  10.29  dev= 0.29
wa= 312 wb= 347 d=  1 buffered=  45  wa/7=  44.57  dev= 0.43
wa=  69 wb= 300 d=  3 buffered=   9  wa/7=   9.86  dev= 0.86
wa= 384 wb=  52 d=  4 buffered=  52  wa/7=  54.86  dev= 2.86
wa= 274 wb= 368 d=  2 buffered=  38  wa/7=  39.14  dev= 1.14
wa= 180 wb= 258 d=  6 buffered=  30  wa/7=  25.71  dev= 4.29
wa= 205 wb= 173 d=  1 buffered=  29  wa/7=  29.29  dev= 0.29
wa= 377 wb= 144 d=  1 buffered=  54  wa/7=  53.86  dev= 0.14
wa=  61 wb= 314 d=  1 buffered=   8  wa/7=   8.71  dev= 0.71
wa= 173 wb= 288 d=  1 buffered=  24  wa/7=  24.71  dev= 0.71
max (deviation - gcd) over battery: 0.00  (law: dev = O(gcd))
