====================================================================================================
PEEL SURVEY -- all 13 perspectives per body.  M732 = 6|G'|-sqrt2*r/v (crude, PROVED);
M731 = 6|G'|-sqrt(6*disc_v) (true-disc).  Certifies L>0 iff margin>0 (L >= margin/7).
====================================================================================================

deep well {1..12,182}   true L = 0.023897 (exact 4637/194040)
   perspective census: distinct arcs among 91 = 25 (collapse 73%);  frames with <=12
   degenerate frames (LRC(<=13) applies -> that runner IS 1/13-lonely): v=1(12), v=2(11), v=3(10), v=4(9), v=5(8), v=6(7), v=7(8), v=8(9), v=9(10), v=10(11), v=11(12)
    peel    r    |G'_~v|         M732       disc_v         M731    L_cert731  verdict
       1   38   0.085122   -53.229386    7.788e-02    -0.172833    -0.024690  --
       2   30   0.054902   -20.883792    2.444e-02    -0.053503    -0.007643  --
       3   34   0.064452   -15.641043    2.849e-02    -0.026760    -0.003823  --
       4   30   0.053225   -10.287252    1.699e-02     0.000040     0.000006  cert-731
       5   36   0.063208    -9.803091    2.424e-02    -0.002114    -0.000302  --
       6   28   0.039643    -6.361804    6.316e-03     0.043188     0.006170  cert-731
       7   46   0.103084    -8.674898    5.227e-02     0.058474     0.008353  cert-731
       8   36   0.070856    -5.938824    1.660e-02     0.109505     0.015644  cert-731
       9   40   0.081849    -5.794299    2.374e-02     0.113702     0.016243  cert-731
      10   32   0.053181    -4.206400    7.473e-03     0.107332     0.015333  cert-731
      11   42   0.087171    -4.876700    3.167e-02     0.087113     0.012445  cert-731
      12   30   0.042990    -3.277594    3.586e-03     0.111252     0.015893  cert-731
     182   12   0.034101     0.111362    4.132e-04     0.154815     0.022116  CERT-732
   -> best peel v=182: M731=0.154815 (L>=0.022116); crude-732 margin there 0.111362

residue {1..11,13,84}   true L = 0.005357 (exact 563/105105)
   perspective census: distinct arcs among 91 = 26 (collapse 71%);  frames with <=12
   degenerate frames (LRC(<=13) applies -> that runner IS 1/13-lonely): v=1(12), v=2(11), v=3(10), v=4(9), v=5(8), v=6(8), v=7(8), v=8(9), v=9(10), v=10(11), v=11(12)
    peel    r    |G'_~v|         M732       disc_v         M731    L_cert731  verdict
       1   14   0.066581   -19.399504    6.215e-02    -0.211166    -0.030167  --
       2   12   0.032175    -8.292232    1.565e-02    -0.113352    -0.016193  --
       3   12   0.040548    -5.413569    2.212e-02    -0.121048    -0.017293  --
       4   16   0.022780    -5.520177    8.581e-03    -0.090222    -0.012889  --
       5   16   0.041711    -4.275219    1.977e-02    -0.094125    -0.013446  --
       6   12   0.033923    -2.624888    9.828e-03    -0.039288    -0.005613  --
       7   18   0.087553    -3.111234    5.451e-02    -0.046575    -0.006654  --
       8   14   0.045447    -2.202189    1.737e-02    -0.050119    -0.007160  --
       9   16   0.056942    -2.172506    2.555e-02    -0.049906    -0.007129  --
      10   14   0.026058    -1.823551    6.680e-03    -0.043846    -0.006264  --
      11   18   0.068511    -1.903100    3.352e-02    -0.037386    -0.005341  --
      13   18   0.042728    -1.701772    1.590e-02    -0.052483    -0.007498  --
      84    4   0.012159     0.005612    3.118e-04     0.029705     0.004244  CERT-732
   -> best peel v=84: M731=0.029705 (L>=0.004244); crude-732 margin there 0.005612

consecutive {2..14}   true L = 0.061224 (exact 3/49)
   perspective census: distinct arcs among 91 = 14 (collapse 85%);  frames with <=12
   degenerate frames (LRC(<=13) applies -> that runner IS 1/13-lonely): v=2(12), v=3(11), v=4(10), v=5(9), v=6(8), v=7(7), v=8(7), v=9(8), v=10(9), v=11(10), v=12(11), v=13(12)
    peel    r    |G'_~v|         M732       disc_v         M731    L_cert731  verdict
       2    4   0.115254    -2.136904    6.266e-02     0.078379     0.011197  cert-731
       3    6   0.091313    -2.280546    3.117e-02     0.115420     0.016489  cert-731
       4    6   0.085450    -1.608619    1.887e-02     0.176231     0.025176  cert-731
       5   10   0.087034    -2.306221    2.198e-02     0.159040     0.022720  cert-731
       6    6   0.069383    -0.997916    7.666e-03     0.201836     0.028834  cert-731
       7   14   0.083897    -2.325047    1.435e-02     0.209981     0.029997  cert-731
       8    6   0.106417    -0.422156    1.792e-02     0.310613     0.044373  cert-731
       9    8   0.109408    -0.600628    2.724e-02     0.252164     0.036023  cert-731
      10    6   0.085327    -0.336564    1.295e-02     0.233206     0.033315  cert-731
      11   12   0.112938    -0.865149    3.264e-02     0.235081     0.033583  cert-731
      12    6   0.073384    -0.266804    4.918e-03     0.268519     0.038360  cert-731
      13   14   0.085122    -1.012269    1.296e-02     0.231862     0.033123  cert-731
      14    2   0.071429     0.226541    1.946e-08     0.428230     0.061176  CERT-732
   -> best peel v=14: M731=0.428230 (L>=0.061176); crude-732 margin there 0.226541

compressed 2{1..12}u{13} MID-BAND   true L = 0.017051 (exact 6617/388080)
   perspective census: distinct arcs among 91 = 19 (collapse 79%);  frames with <=12
   degenerate frames (LRC(<=13) applies -> that runner IS 1/13-lonely): v=2(12), v=4(11), v=6(10), v=8(9), v=10(8), v=12(7), v=13(7), v=14(8), v=16(9), v=18(10), v=20(11), v=22(12)
    peel    r    |G'_~v|         M732       disc_v         M731    L_cert731  verdict
       2   14   0.082985    -9.401587    6.482e-02    -0.125748    -0.017964  --
       4   14   0.044523    -4.682609    1.396e-02    -0.022237    -0.003177  --
       6   18   0.055512    -3.909568    2.082e-02    -0.020390    -0.002913  --
       8   16   0.040590    -2.584890    8.905e-03     0.012388     0.001770  cert-731
      10   24   0.054713    -3.065835    2.098e-02    -0.026543    -0.003792  --
      12   16   0.028414    -1.715133    2.913e-03     0.038275     0.005468  cert-731
      13   24   0.034101    -2.406249    1.650e-02    -0.110041    -0.015720  --
      14   22   0.100162    -1.621362    5.018e-02     0.052273     0.007468  cert-731
      16   18   0.061557    -1.221650    1.380e-02     0.081568     0.011653  cert-731
      18   22   0.074828    -1.279514    2.319e-02     0.075940     0.010849  cert-731
      20   18   0.040604    -1.029168    4.871e-03     0.072663     0.010380  cert-731
      22   28   0.080300    -1.318105    3.286e-02     0.037787     0.005398  cert-731
      24   16   0.032249    -0.749318    2.342e-03     0.074956     0.010708  cert-731
   -> best peel v=16: M731=0.081568 (L>=0.011653); crude-732 margin there -1.221650

klein limitation {1,3..14}   true L = 0.030220 (exact 11/364)
   perspective census: distinct arcs among 91 = 14 (collapse 85%);  frames with <=12
   degenerate frames (LRC(<=13) applies -> that runner IS 1/13-lonely): v=3(11), v=4(10), v=5(9), v=6(8), v=7(7), v=8(8), v=9(8), v=10(9), v=11(10), v=12(11), v=13(12)
    peel    r    |G'_~v|         M732       disc_v         M731    L_cert731  verdict
       1    4   0.115254    -4.965331    1.020e-01    -0.090664    -0.012952  --
       3    6   0.060309    -2.466575    2.554e-02    -0.029579    -0.004226  --
       4    6   0.066350    -1.723218    2.315e-02     0.025382     0.003626  cert-731
       5   10   0.056030    -2.492249    2.022e-02    -0.012100    -0.001729  --
       6    6   0.038378    -1.183944    5.839e-03     0.043091     0.006156  cert-731
       7   14   0.052892    -2.511075    1.416e-02     0.025884     0.003698  cert-731
       8    6   0.075413    -0.608184    1.777e-02     0.125971     0.017996  cert-731
       9    8   0.078404    -0.786656    2.483e-02     0.084424     0.012061  cert-731
      10    6   0.054323    -0.522592    8.466e-03     0.100555     0.014365  cert-731
      11   12   0.081934    -1.051177    3.232e-02     0.051217     0.007317  cert-731
      12    6   0.042379    -0.452832    3.940e-03     0.100530     0.014361  cert-731
      13   12   0.059611    -0.947759    1.385e-02     0.069442     0.009920  cert-731
      14    2   0.030220    -0.020712    1.245e-03     0.094879     0.013554  cert-731
   -> best peel v=8: M731=0.125971 (L>=0.017996); crude-732 margin there -0.608184

====================================================================================================
EXACT BERNOULLI FORM CHECK (independent support for kps-S128's THM-732 reservation)
disc_v = (1/2v^2) Sum_{p,q} s_p s_q B2({v(x_p-x_q)})  -- exact Fractions vs FFT float:
   deep well   peel 182:  exact = 2629220219/6363107150400 = 4.131975e-04   FFT = 4.132084e-04   ratio 1.0000
   residue     peel  84:  exact = 6888577/22094122050      = 3.117832e-04   FFT = 3.117650e-04   ratio 1.0001
   compressed  peel  13:  exact = 104999803919/6363107150400 = 1.650134e-02   FFT = 1.650059e-02   ratio 1.0000

done.
