theorem=THM-2350
status=PROVED+VERIFIED-EXACT+CANDIDATE-UNDER-INDEPENDENT-AUDIT
field=F_13
owner_pivot_rank=6
dual_normal_forms=2197
unique_omitted_unit_gauge_section=169
dual_axis_a=e_a-e_k_a
dual_axis_b=e_b-e_k_b
minimum_target_axis_support=2
target_projection=(r_a-r_k_a,r_b-r_k_b)
projection_kernel_dimension=6
atomic_dipole_projection_checks=57122
transported_word_invisibility_checks=676
transported_word_target_residue=ZERO
finite_field_root_zeta_13_mod_53=10
magnetic_incidence_shape=338x169
magnetic_incidence_rank=168
magnetic_spectral_zeros=1
magnetic_kernel=inverse_deep_character_line
deep_phase_gauge=ordinary_torus_incidence
deep_phase_gauge_edge_checks=338
flat_edge_defect_controls=338
one_nonzero_dipole_edge_implies_nonzero_target=YES
canonical_edge_defect_nonzero=OPEN
word_matching_component_positive=OPEN
scalar_rows_excluded=0
lrc14_status=OPEN
all_checks=PASS
