========================================================================
(1) genuinely CLEAN w (prime, well-separated from e'>=2): err*w vs k and Sigma-e'
========================================================================
  desc                    k  sum      w mindelta   err*w
  k=7 diam=12             7   27    223    0.250   0.394
  k=7 diam=24             7   39    443    0.250   0.157
  k=7 diam=48             7   63    877    0.250   0.446
  k=7 diam=96             7  111   1657    0.250   0.733
  k=7 diam=192            7  207   3313    0.250   0.260
  k=7 diam=384            7  399   6637    0.250   0.012
  diam=150 k=4            4  300   2633    0.330   0.008
  diam=150 k=6            6  450   2917    0.233   0.015
  diam=150 k=8            8  600   2609    0.225   0.131
  diam=150 k=10          10  750   2767    0.152   0.512
  diam=150 k=12          12  900   2903    0.195   0.272
  => if err*w stays bounded (<~0.2) as k,Sigma-e' grow at clean w: O(k) bound CONFIRMED.

========================================================================
(2) err*w vs resonance sum R(C,w)=sum_{e'>=2} min(1,1/(e'||w/e'||)); clean->resonant w
========================================================================
  C=[0, 1, 2, 28, 29, 30, 15] lcm=12180
        w   R(C,w)   err*w  err*w/R
     1009    2.508   0.428    0.171
     2003    1.863   0.420    0.226
     2030    2.371   0.110    0.046
     4001    2.674   0.331    0.124
     4060    3.300   0.424    0.128
     6007    1.613   0.171    0.106
     6090    4.071   0.220    0.054
    12180    5.000   3.030    0.606
    24360    5.000   0.448    0.090
  => err*w tracks R: small (clean, R~O(1)) to large (resonant, R~Sigma-e'). Bound err*w <~ c*R.

done.
