theorem=THM-2333
status=PROVED+VERIFIED-EXACT+CANDIDATE-UNDER-INDEPENDENT-AUDIT
owner_packet_rank=6
target_quotient_dimension=2
target_quotient_size=169
zero_character_rows=1
balanced_character_rows=168
hostile_terms_per_fibre=169
hostile_total_terms=28561
hostile_surviving_fibres=1
hostile_surviving_label=zero
abel_fibre_limits=EXIST
some_fibre_aggregate=NONZERO
nonzero_target_fibre=OPEN
semantic_word_mode=OPEN
all91_unit_aggregate=OPEN
visible_carrier=OPEN
terminal_phase=OPEN
scalar_rows_excluded=0
lrc14_status=OPEN
all_checks=PASS
