====================================================================================================
CERTIFICATE-RUNG PROFILE  (boxeph-S130, HYP-7880)
rungs: 2/13=0.1538 2/17=0.1176 2/19=0.1053 2/23=0.0870 2/29=0.0690 ; targets 1/14=0.0714 1/13=0.0769 3/41=0.0732
====================================================================================================

AP13 {1..13}                      n=13  M = 1/14 = 0.07143   attained: 1/14@a=1, 1/14@a=3, 1/14@a=5
   p=13 [M<2/13] pairs  6/ 6 hit  blocked by multiples [13]
   p=17 [M<2/17] pairs  8/ 8 hit  FULL SPREAD forced (slack 5, doubled [4, 5, 6, 7, 8])
   p=19 [M<2/19] pairs  9/ 9 hit  FULL SPREAD forced (slack 4, doubled [6, 7, 8, 9])
   p=23 [M<2/23] pairs 11/11 hit  FULL SPREAD forced (slack 2, doubled [10, 11])
   p=29 [     ] pairs 13/14 hit  unhit pairs [14] => certifies M>=2/29
   p=31 [     ] pairs 13/15 hit  unhit pairs [14, 15] => certifies M>=2/31

GW {1..11,13,24}                  n=13  M = 1/14 = 0.07143   attained: 1/14@a=1, 1/14@a=3, 1/14@a=5
   p=13 [M<2/13] pairs  6/ 6 hit  blocked by multiples [13]
   p=17 [M<2/17] pairs  8/ 8 hit  FULL SPREAD forced (slack 5, doubled [4, 6, 7, 8])
   p=19 [M<2/19] pairs  9/ 9 hit  FULL SPREAD forced (slack 4, doubled [5, 6, 8, 9])
   p=23 [M<2/23] pairs 11/11 hit  FULL SPREAD forced (slack 2, doubled [1, 10])
   p=29 [     ] pairs 12/14 hit  unhit pairs [12, 14] => certifies M>=2/29
   p=31 [     ] pairs 12/15 hit  unhit pairs [12, 14, 15] => certifies M>=2/31

NF36 {1..11,13,36}                n=13  M = 3/41 = 0.07317   attained: 3/41@a=17, 3/41@a=24
   p=13 [M<2/13] pairs  6/ 6 hit  blocked by multiples [13]
   p=17 [M<2/17] pairs  8/ 8 hit  FULL SPREAD forced (slack 5, doubled [2, 4, 6, 7, 8])
   p=19 [M<2/19] pairs  9/ 9 hit  FULL SPREAD forced (slack 4, doubled [2, 6, 8, 9])
   p=23 [M<2/23] pairs 11/11 hit  FULL SPREAD forced (slack 2, doubled [10])
   p=29 [     ] pairs 12/14 hit  unhit pairs [12, 14] => certifies M>=2/29
   p=31 [     ] pairs 12/15 hit  unhit pairs [12, 14, 15] => certifies M>=2/31

DW {1..12,182} deep well          n=13  M = 14/183 = 0.07650   attained: 14/183@a=14, 14/183@a=169
   p=13 [M<2/13] pairs  6/ 6 hit  blocked by multiples [182]
   p=17 [M<2/17] pairs  8/ 8 hit  FULL SPREAD forced (slack 5, doubled [5, 6, 7, 8])
   p=19 [M<2/19] pairs  9/ 9 hit  FULL SPREAD forced (slack 4, doubled [7, 8, 9])
   p=23 [M<2/23] pairs 11/11 hit  FULL SPREAD forced (slack 2, doubled [2, 11])
   p=29 [     ] pairs 12/14 hit  unhit pairs [13, 14] => certifies M>=2/29
   p=31 [     ] pairs 12/15 hit  unhit pairs [13, 14, 15] => certifies M>=2/31

CM39 {2,4,..,24,39}               n=13  M = 1/13 = 0.07692   attained: 2/26@a=1, 2/26@a=3, 2/26@a=5
   p=13 [M<2/13] pairs  6/ 6 hit  blocked by multiples [39]
   p=17 [M<2/17] pairs  8/ 8 hit  FULL SPREAD forced (slack 5, doubled [1, 3, 5, 7])
   p=19 [M<2/19] pairs  9/ 9 hit  FULL SPREAD forced (slack 4, doubled [1, 3, 5])
   p=23 [M<2/23] pairs 11/11 hit  FULL SPREAD forced (slack 2, doubled [1, 7])
   p=29 [     ] pairs 12/14 hit  unhit pairs [1, 3] => certifies M>=2/29
   p=31 [     ] pairs 12/15 hit  unhit pairs [1, 3, 5] => certifies M>=2/31

Sstar {..,38,42} (THM-526 cex)    n=13  M = 2/23 = 0.08696   attained: 2/23@a=4, 2/23@a=19, 4/46@a=8
   p=13 [M<2/13] pairs  6/ 6 hit  blocked by multiples [13]
   p=17 [M<2/17] pairs  8/ 8 hit  FULL SPREAD forced (slack 5, doubled [4, 5, 7, 8])
   p=19 [M<2/19] pairs  9/ 9 hit  blocked by multiples [38]
   p=23 [     ] pairs 10/11 hit  unhit pairs [6] => certifies M>=2/23
   p=29 [     ] pairs 11/14 hit  unhit pairs [4, 6, 14] => certifies M>=2/29
   p=31 [     ] pairs 11/15 hit  unhit pairs [4, 6, 14, 15] => certifies M>=2/31

MID6 {1..13}\{6} u {56}           n=13  M = 2/23 = 0.08696   attained: 2/23@a=4, 2/23@a=19, 4/46@a=8
   p=13 [M<2/13] pairs  6/ 6 hit  blocked by multiples [13]
   p=17 [M<2/17] pairs  8/ 8 hit  FULL SPREAD forced (slack 5, doubled [4, 5, 7, 8])
   p=19 [M<2/19] pairs  9/ 9 hit  FULL SPREAD forced (slack 4, doubled [1, 7, 8, 9])
   p=23 [     ] pairs 10/11 hit  unhit pairs [6] => certifies M>=2/23
   p=29 [     ] pairs 12/14 hit  unhit pairs [6, 14] => certifies M>=2/29
   p=31 [     ] pairs 13/15 hit  unhit pairs [14, 15] => certifies M>=2/31

AP12 {1..12}                      n=12  M = 1/13 = 0.07692   attained: 1/13@a=1, 1/13@a=2, 1/13@a=3
   p=13 [M<2/13] pairs  6/ 6 hit  FULL SPREAD forced (slack 6, doubled [1, 2, 3, 4, 5, 6])
   p=17 [M<2/17] pairs  8/ 8 hit  FULL SPREAD forced (slack 4, doubled [5, 6, 7, 8])
   p=19 [M<2/19] pairs  9/ 9 hit  FULL SPREAD forced (slack 3, doubled [7, 8, 9])
   p=23 [M<2/23] pairs 11/11 hit  FULL SPREAD forced (slack 1, doubled [11])
   p=29 [     ] pairs 12/14 hit  unhit pairs [13, 14] => certifies M>=2/29
   p=31 [     ] pairs 12/15 hit  unhit pairs [13, 14, 15] => certifies M>=2/31

R12a {1..11,13}                   n=12  M = 1/12 = 0.08333   attained: 1/12@a=1, 1/12@a=5, 1/12@a=7
   p=13 [M<2/13] pairs  6/ 6 hit  blocked by multiples [13]
   p=17 [M<2/17] pairs  8/ 8 hit  FULL SPREAD forced (slack 4, doubled [4, 6, 7, 8])
   p=19 [M<2/19] pairs  9/ 9 hit  FULL SPREAD forced (slack 3, doubled [6, 8, 9])
   p=23 [M<2/23] pairs 11/11 hit  FULL SPREAD forced (slack 1, doubled [10])
   p=29 [     ] pairs 12/14 hit  unhit pairs [12, 14] => certifies M>=2/29
   p=31 [     ] pairs 12/15 hit  unhit pairs [12, 14, 15] => certifies M>=2/31

R12b {1..11,24}                   n=12  M = 2/25 = 0.08000   attained: 2/25@a=2, 2/25@a=23
   p=13 [M<2/13] pairs  6/ 6 hit  FULL SPREAD forced (slack 6, doubled [2, 3, 4, 5, 6])
   p=17 [M<2/17] pairs  8/ 8 hit  FULL SPREAD forced (slack 4, doubled [6, 7, 8])
   p=19 [M<2/19] pairs  9/ 9 hit  FULL SPREAD forced (slack 3, doubled [5, 8, 9])
   p=23 [M<2/23] pairs 11/11 hit  FULL SPREAD forced (slack 1, doubled [1])
   p=29 [     ] pairs 11/14 hit  unhit pairs [12, 13, 14] => certifies M>=2/29
   p=31 [     ] pairs 11/15 hit  unhit pairs [12, 13, 14, 15] => certifies M>=2/31

R23  {1..13}\{6}                  n=12  M = 2/23 = 0.08696   attained: 2/23@a=4, 2/23@a=19
   p=13 [M<2/13] pairs  6/ 6 hit  blocked by multiples [13]
   p=17 [M<2/17] pairs  8/ 8 hit  FULL SPREAD forced (slack 4, doubled [4, 5, 7, 8])
   p=19 [M<2/19] pairs  9/ 9 hit  FULL SPREAD forced (slack 3, doubled [7, 8, 9])
   p=23 [     ] pairs 10/11 hit  unhit pairs [6] => certifies M>=2/23
   p=29 [     ] pairs 12/14 hit  unhit pairs [6, 14] => certifies M>=2/29
   p=31 [     ] pairs 12/15 hit  unhit pairs [6, 14, 15] => certifies M>=2/31

BF38 {3,5,7..13,15,21,35}         n=12  M = 1/8 = 0.12500   attained: 3/24@a=1, 3/24@a=23, 6/48@a=2
   p=13 [M<2/13] pairs  6/ 6 hit  blocked by multiples [13]
   p=17 [     ] pairs  8/ 8 hit
   p=19 [     ] pairs  8/ 9 hit  unhit pairs [1] => certifies M>=2/19
   p=23 [     ] pairs  8/11 hit  unhit pairs [1, 4, 6] => certifies M>=2/23
   p=29 [     ] pairs 11/14 hit  unhit pairs [1, 2, 4] => certifies M>=2/29
   p=31 [     ] pairs 11/15 hit  unhit pairs [1, 2, 6, 14] => certifies M>=2/31

====================================================================================================
SELF-TEST 1: pigeonhole floor -- every 13-set without a multiple of 29 has M >= 2/29
SELF-TEST 2: general-p spread lemma on random families
random trials: 200, violations: 0
cast lemma violations: 0

VERDICT: ALL CONSISTENT -- rung identity + spread pinning verified exactly
