LAYER extra=10 kind=triple labels=10,176,264 profiles=18564 nonstrict=0 min_delta=572194229288760 min_body=80,85,95,120,145,252 min_mass=17352174400340 min_components=312 max_cutoff=481 cutoff_body=95,145,193,240,252,286 cutoff_mass=18861258450944 cutoff_components=446 cutoff_delta=653684768021376
LAYER extra=10 kind=triple labels=10,132,264 profiles=18564 nonstrict=0 min_delta=604444102774200 min_body=80,85,95,120,145,252 min_mass=17949394279700 min_components=298 max_cutoff=434 cutoff_body=95,145,193,240,252,286 cutoff_mass=19493483976714 cutoff_components=424 cutoff_delta=687824946412956
LAYER extra=10 kind=triple labels=10,132,176 profiles=18564 nonstrict=0 min_delta=569430547924680 min_body=16,42,85,95,120,145 min_mass=17300995115820 min_components=228 max_cutoff=470 cutoff_body=95,145,193,240,252,286 cutoff_mass=18365408798914 cutoff_components=418 cutoff_delta=626908886811756
LAYER extra=10 kind=quadruple labels=10,132,176,264 profiles=8568 nonstrict=0 min_delta=654128456999940 min_body=85,95,120,145,252 min_mass=18869474913510 min_components=320 max_cutoff=420 cutoff_body=95,145,240,252,286 cutoff_mass=20164128036234 cutoff_components=432 cutoff_delta=724039725627036
CANDIDATE extra=10 profiles=64260 nonstrict=0 min_delta=569430547924680 max_cutoff=481
LAYER extra=15 kind=triple labels=15,176,264 profiles=18564 nonstrict=0 min_delta=572255814721032 min_body=8,42,80,85,95,145 min_mass=17353314871308 min_components=226 max_cutoff=488 cutoff_body=95,145,193,240,252,286 cutoff_mass=18458437719666 cutoff_components=438 cutoff_delta=631932448532364
LAYER extra=15 kind=triple labels=15,132,264 profiles=18564 nonstrict=0 min_delta=614051884357704 min_body=16,85,95,120,145,168 min_mass=18127316160876 min_components=278 max_cutoff=448 cutoff_body=95,145,193,240,252,286 cutoff_mass=19045946187716 cutoff_components=422 cutoff_delta=663657905807064
LAYER extra=15 kind=triple labels=15,132,176 profiles=18564 nonstrict=0 min_delta=548267276499696 min_body=8,80,95,145,168,286 min_mass=16909082682024 min_components=284 max_cutoff=491 cutoff_body=95,145,193,240,252,286 cutoff_mass=17916743815226 cutoff_components=420 cutoff_delta=602680977692604
LAYER extra=15 kind=quadruple labels=15,132,176,264 profiles=8568 nonstrict=0 min_delta=654618565953144 min_body=8,80,95,145,252 min_mass=18878551005236 min_components=298 max_cutoff=420 cutoff_body=95,145,240,252,286 cutoff_mass=19808101712866 cutoff_components=420 cutoff_delta=704814304165164
CANDIDATE extra=15 profiles=64260 nonstrict=0 min_delta=548267276499696 max_cutoff=491
LAYER extra=20 kind=triple labels=20,176,264 profiles=18564 nonstrict=0 min_delta=624728247478776 min_body=95,145,168,193,240,286 min_mass=18325026589044 min_components=400 max_cutoff=499 cutoff_body=95,145,193,240,252,286 cutoff_mass=18507597623584 cutoff_components=450 cutoff_delta=634587083343936
LAYER extra=20 kind=triple labels=20,132,264 profiles=18564 nonstrict=0 min_delta=641336419952640 min_body=95,143,145,168,193,240 min_mass=18632585338560 min_components=350 max_cutoff=466 cutoff_body=95,145,193,240,252,286 cutoff_mass=19083186461394 cutoff_components=440 cutoff_delta=665668880585676
LAYER extra=20 kind=triple labels=20,132,176 profiles=18564 nonstrict=0 min_delta=608243937895440 min_body=95,143,145,168,193,240 min_mass=18019761596760 min_components=330 max_cutoff=499 cutoff_body=95,145,193,240,252,286 cutoff_mass=18096393407824 cutoff_components=434 cutoff_delta=612382055692896
LAYER extra=20 kind=quadruple labels=20,132,176,264 profiles=8568 nonstrict=0 min_delta=707543490043260 min_body=85,95,145,240,252 min_mass=19858642192090 min_components=400 max_cutoff=440 cutoff_body=95,145,240,252,286 cutoff_mass=19968334623714 cutoff_components=446 cutoff_delta=713466881350956
CANDIDATE extra=20 profiles=64260 nonstrict=0 min_delta=608243937895440 max_cutoff=499
LAYER extra=30 kind=triple labels=30,176,264 profiles=18564 nonstrict=0 min_delta=590276204939304 min_body=8,80,85,95,145,168 min_mass=17687025801276 min_components=256 max_cutoff=491 cutoff_body=95,145,193,240,252,286 cutoff_mass=18772814111204 cutoff_components=452 cutoff_delta=648908773675416
LAYER extra=30 kind=triple labels=30,132,264 profiles=18564 nonstrict=0 min_delta=628085432107224 min_body=8,80,84,85,95,145 min_mass=18387196674756 min_components=230 max_cutoff=449 cutoff_body=95,145,193,240,252,286 cutoff_mass=19418439187594 cutoff_components=436 cutoff_delta=683772527800476
LAYER extra=30 kind=triple labels=30,132,176 profiles=18564 nonstrict=0 min_delta=569615062785444 min_body=8,80,84,85,95,145 min_mass=17304412057686 min_components=224 max_cutoff=494 cutoff_body=95,145,193,240,252,286 cutoff_mass=18211124940214 cutoff_components=434 cutoff_delta=618577558441956
LAYER extra=30 kind=quadruple labels=30,132,176,264 profiles=8568 nonstrict=0 min_delta=688074126642864 min_body=80,85,95,126,145 min_mass=19498098425416 min_components=282 max_cutoff=430 cutoff_body=95,145,240,252,286 cutoff_mass=20155916152574 cutoff_components=442 cutoff_delta=723596283909396
CANDIDATE extra=30 profiles=64260 nonstrict=0 min_delta=569615062785444 max_cutoff=494
LAYER extra=60 kind=triple labels=60,176,264 profiles=18564 nonstrict=0 min_delta=598107814108740 min_body=8,80,84,85,95,145 min_mass=17832055600710 min_components=254 max_cutoff=496 cutoff_body=85,95,145,240,252,286 cutoff_mass=18264968169768 cutoff_components=438 cutoff_delta=621485092837872
LAYER extra=60 kind=triple labels=60,132,264 profiles=18564 nonstrict=0 min_delta=626765967011808 min_body=8,80,84,85,95,145 min_mass=18362762135952 min_components=238 max_cutoff=453 cutoff_body=95,145,193,240,252,286 cutoff_mass=19495358061338 cutoff_components=442 cutoff_delta=687926146982652
LAYER extra=60 kind=triple labels=60,132,176 profiles=18564 nonstrict=0 min_delta=574061413339440 min_body=8,80,84,85,95,145 min_mass=17386751882760 min_components=230 max_cutoff=495 cutoff_body=95,145,193,240,252,286 cutoff_mass=18250198065458 cutoff_components=436 cutoff_delta=620687507205132
LAYER extra=60 kind=quadruple labels=60,132,176,264 profiles=8568 nonstrict=0 min_delta=703858754257308 min_body=80,85,95,126,145 min_mass=19790406344202 min_components=286 max_cutoff=435 cutoff_body=95,145,240,252,286 cutoff_mass=20359332423948 cutoff_components=454 cutoff_delta=734580762563592
CANDIDATE extra=60 profiles=64260 nonstrict=0 min_delta=574061413339440 max_cutoff=496
LAYER extra=63 kind=triple labels=63,176,264 profiles=18564 nonstrict=0 min_delta=585455319877428 min_body=8,80,95,143,168,193 min_mass=17597750151982 min_components=286 max_cutoff=475 cutoff_body=95,145,193,240,252,286 cutoff_mass=19213400708016 cutoff_components=454 cutoff_delta=672700449903264
LAYER extra=63 kind=triple labels=63,132,264 profiles=18564 nonstrict=0 min_delta=644604239848356 min_body=8,80,95,143,168,193 min_mass=18693100521814 min_components=300 max_cutoff=427 cutoff_body=95,145,193,240,252,286 cutoff_mass=20139240947196 cutoff_components=438 cutoff_delta=722695822818984
LAYER extra=63 kind=triple labels=63,132,176 profiles=18564 nonstrict=0 min_delta=552227570059392 min_body=8,80,95,143,168,193 min_mass=16982421451648 min_components=274 max_cutoff=477 cutoff_body=95,145,193,240,252,286 cutoff_mass=18666070845936 cutoff_components=436 cutoff_delta=643144637350944
LAYER extra=63 kind=quadruple labels=63,132,176,264 profiles=8568 nonstrict=0 min_delta=671277214163124 min_body=8,80,143,168,193 min_mass=19187044490606 min_components=310 max_cutoff=422 cutoff_body=95,145,240,252,286 cutoff_mass=20615347895896 cutoff_components=448 cutoff_delta=748405598048784
CANDIDATE extra=63 profiles=64260 nonstrict=0 min_delta=552227570059392 max_cutoff=477
LAYER extra=170 kind=triple labels=170,176,264 profiles=18564 nonstrict=0 min_delta=577529579319228 min_body=8,95,120,145,168,286 min_mass=17450977178682 min_components=364 max_cutoff=539 cutoff_body=95,145,193,240,252,286 cutoff_mass=18312247330318 cutoff_components=478 cutoff_delta=624038167507572
LAYER extra=170 kind=triple labels=132,170,264 profiles=18564 nonstrict=0 min_delta=623705658289740 min_body=8,80,95,120,145,252 min_mass=18306089752210 min_components=332 max_cutoff=489 cutoff_body=95,145,193,240,252,286 cutoff_mass=19027509500578 cutoff_components=460 cutoff_delta=662662324701612
LAYER extra=170 kind=triple labels=132,170,176 profiles=18564 nonstrict=0 min_delta=556672851451728 min_body=8,80,95,145,168,286 min_mass=17064741477432 min_components=324 max_cutoff=543 cutoff_body=95,145,193,240,252,286 cutoff_mass=17710797470368 cutoff_components=456 cutoff_delta=591559875070272
LAYER extra=170 kind=quadruple labels=132,170,176,264 profiles=8568 nonstrict=0 min_delta=667771333578180 min_body=8,95,145,240,252 min_mass=19122120776070 min_components=422 max_cutoff=478 cutoff_body=95,145,240,252,286 cutoff_mass=19516787382398 cutoff_components=468 cutoff_delta=689083330319892
CANDIDATE extra=170 profiles=64260 nonstrict=0 min_delta=556672851451728 max_cutoff=543
LAYER extra=190 kind=triple labels=176,190,264 profiles=18564 nonstrict=0 min_delta=613128128253840 min_body=8,143,145,168,193,240 min_mass=18110209566360 min_components=382 max_cutoff=523 cutoff_body=85,145,193,240,252,286 cutoff_mass=18975702568738 cutoff_components=490 cutoff_delta=659864750382252
LAYER extra=190 kind=triple labels=132,190,264 profiles=18564 nonstrict=0 min_delta=659430041895072 min_body=16,120,143,145,168,193 min_mass=18967652411568 min_components=370 max_cutoff=460 cutoff_body=145,168,193,240,252,286 cutoff_mass=20125540391618 cutoff_components=472 cutoff_delta=721955992817772
LAYER extra=190 kind=triple labels=132,176,190 profiles=18564 nonstrict=0 min_delta=578865169995084 min_body=16,143,145,168,193,240 min_mass=17475710339346 min_components=362 max_cutoff=511 cutoff_body=85,145,193,240,252,286 cutoff_mass=18453059696938 cutoff_components=458 cutoff_delta=631642035305052
LAYER extra=190 kind=quadruple labels=132,176,190,264 profiles=8568 nonstrict=0 min_delta=707645547040536 min_body=16,84,85,120,145 min_mass=19860532136484 min_components=324 max_cutoff=481 cutoff_body=145,193,240,252,286 cutoff_mass=20217758936038 cutoff_components=496 cutoff_delta=726935794216452
CANDIDATE extra=190 profiles=64260 nonstrict=0 min_delta=578865169995084 max_cutoff=523
LAYER extra=290 kind=triple labels=176,264,290 profiles=18564 nonstrict=0 min_delta=612009595036980 min_body=8,80,95,143,168,193 min_mass=18089495988270 min_components=340 max_cutoff=557 cutoff_body=8,95,193,240,252,286 cutoff_mass=18328416959462 cutoff_components=494 cutoff_delta=624911327481348
LAYER extra=290 kind=triple labels=132,264,290 profiles=18564 nonstrict=0 min_delta=638578744236144 min_body=85,95,120,143,168,193 min_mass=18581517269736 min_components=406 max_cutoff=508 cutoff_body=8,95,193,240,252,286 cutoff_mass=18866212921662 cutoff_components=472 cutoff_delta=653952309440148
LAYER extra=290 kind=triple labels=132,176,290 profiles=18564 nonstrict=0 min_delta=582203453661360 min_body=8,80,95,143,168,193 min_mass=17537530407240 min_components=326 max_cutoff=544 cutoff_body=8,95,193,240,252,286 cutoff_mass=17833251881622 cutoff_components=462 cutoff_delta=598172413277988
LAYER extra=290 kind=quadruple labels=132,176,264,290 profiles=8568 nonstrict=0 min_delta=692042465851128 min_body=8,95,240,252,286 min_mass=19571586188532 min_components=478 max_cutoff=520 cutoff_body=95,193,240,252,286 cutoff_mass=20051509955268 cutoff_components=530 cutoff_delta=717958349254872
CANDIDATE extra=290 profiles=64260 nonstrict=0 min_delta=582203453661360 max_cutoff=557
SUMMARY denominator=91205797082400 cells=7213 candidates=9 profiles=578340 best_extra=20 best_min_delta=608243937895440 best_max_cutoff=499
LITERAL kind=triple labels=63,176,264 core_size=6 cutoff=475 rows=443 checks=8223852 failures=0 equalities=0 min_delta=1001639576759976 min_denominator=182411594164800 min_r=96 min_body=8,80,88,95,168,286
LITERAL kind=triple labels=63,132,264 core_size=6 cutoff=427 rows=395 checks=7332780 failures=0 equalities=0 min_delta=549049737821130 min_denominator=91205797082400 min_r=35 min_body=16,85,95,120,145,168
LITERAL kind=triple labels=63,132,176 core_size=6 cutoff=477 rows=445 checks=8260980 failures=0 equalities=0 min_delta=475776951528186 min_denominator=91205797082400 min_r=48 min_body=8,80,95,143,168,193
LITERAL kind=quadruple labels=63,132,176,264 core_size=5 cutoff=422 rows=390 checks=3341520 failures=0 equalities=0 min_delta=9384395987520792 min_denominator=1459292753318400 min_r=256 min_body=8,80,143,168,193
LITERAL_SUMMARY labels=63,132,176,264 rows=1673 checks=27159132 failures=0 equalities=0
