(1)+(2) max r_N (min margin) over hard clusters; is j*<=N always?
  k   N   Vmax  #hard  max j*  j*<=N?  max r_N min margin worst near-AP?
  8   9     16      4       2    True    0.074      0.926         1.000
  8   9     91      1       2    True    0.116      0.884         1.143
  9  10     18      2       3    True    0.199      0.801         1.000
  9  10     91     19       2    True    0.296      0.704         1.286
  9  10    300      2       2    True    0.125      0.875         1.200
 10  11     20      1       2    True    0.153      0.847         1.000
 10  11     30    200       4    True    0.359      0.641         1.333
 10  11     91     53       3    True    0.379      0.621         1.429
 10  11    300     15       2    True    0.304      0.696         1.400
 11  12     22    200       3    True    0.381      0.619         1.500
 11  12     33    118       2    True    0.404      0.596         1.333
 11  12     91    200       3    True    0.496      0.504         1.571
 11  12    300     78       3    True    0.455      0.545         1.503
 12  13     24    200       2    True    0.619      0.381         1.500
 12  13     36    200       3    True    0.640      0.360         1.667
 12  13     91    200       3    True    0.586      0.414         1.714
 12  13    300    200       3    True    0.472      0.528         1.560
 13  14     26    200       2    True    0.426      0.574         1.500
 13  14     39    200       3    True    0.262      0.738         1.667
 13  14     91    200       3    True    0.511      0.489         1.857
 13  14    300    200       3    True    0.614      0.386         1.690

(3) RIGIDITY: the exact complete-residue AP E={0..k-1} at small Vmax -- does S_N=0 (no good period)?
  k=8 N=9 E={0..7} Vmax=8: S_N=2.4286  good at j*=2
  k=8 N=9 E={0..7} Vmax=9: S_N=2.4762  good at j*=1
  k=8 N=9 E={0..7} Vmax=10: S_N=2.4000  good at j*=1
  k=8 N=9 E={0..7} Vmax=11: S_N=1.2597  good at j*=1
  k=11 N=12 E={0..10} Vmax=11: S_N=0.8571  good at j*=11
  k=11 N=12 E={0..10} Vmax=12: S_N=3.9524  good at j*=1
  k=11 N=12 E={0..10} Vmax=13: S_N=0.3956  good at j*=1
  k=11 N=12 E={0..10} Vmax=14: S_N=0.8571  good at j*=1
  k=13 N=14 E={0..12} Vmax=13: S_N=0.8571  good at j*=13
  k=13 N=14 E={0..12} Vmax=14: S_N=1.5714  good at j*=7
  k=13 N=14 E={0..12} Vmax=15: S_N=2.4000  good at j*=1
  k=13 N=14 E={0..12} Vmax=16: S_N=1.6786  good at j*=1
