SCOPE fixed_q=50 omitted_pool_labels=12 new_bodies_per_extension=43758 scan_max=600
BASE added=10 denominator=91205797082400 nonstrict=0 min_limit_delta=508193292182004 min_limit_body=8,80,85,88,95,120,145,168,10 max_cutoff=437 max_cutoff_body=85,95,145,168,193,240,252,286,10
EXTENSION added=10 no_failure_through=436 analytic_cutoff=437 literal_outsiders=405 new_body_checks=17721990 literal_min_delta=377192499172398 literal_min_denominator=91205797082400 literal_min_r=70 literal_min_body=8,80,85,88,95,120,145,168,10 cofinal_complete=1
BASE added=15 denominator=91205797082400 nonstrict=0 min_limit_delta=480254240657412 min_limit_body=8,80,88,95,143,145,168,193,15 max_cutoff=456 max_cutoff_body=85,88,95,145,193,240,252,286,15
EXTENSION added=15 no_failure_through=455 analytic_cutoff=456 literal_outsiders=424 new_body_checks=18553392 literal_min_delta=372745529447382 literal_min_denominator=91205797082400 literal_min_r=70 literal_min_body=8,80,85,88,95,120,145,168,15 cofinal_complete=1
BASE added=20 denominator=91205797082400 nonstrict=0 min_limit_delta=540263639214684 min_limit_body=8,80,88,95,143,145,168,193,20 max_cutoff=455 max_cutoff_body=8,88,95,145,193,240,252,286,20
EXTENSION added=20 no_failure_through=454 analytic_cutoff=455 literal_outsiders=423 new_body_checks=18509634 literal_min_delta=444012607831338 literal_min_denominator=91205797082400 literal_min_r=70 literal_min_body=8,80,85,88,95,120,145,168,20 cofinal_complete=1
BASE added=30 denominator=91205797082400 nonstrict=0 min_limit_delta=494406802675044 min_limit_body=8,80,88,95,143,145,168,193,30 max_cutoff=452 max_cutoff_body=85,88,95,145,193,240,252,286,30
EXTENSION added=30 no_failure_through=451 analytic_cutoff=452 literal_outsiders=420 new_body_checks=18378360 literal_min_delta=399927892144788 literal_min_denominator=91205797082400 literal_min_r=70 literal_min_body=8,80,88,95,143,145,168,193,30 cofinal_complete=1
BASE added=60 denominator=91205797082400 nonstrict=0 min_limit_delta=517087936862640 min_limit_body=8,80,84,85,88,95,145,193,60 max_cutoff=461 max_cutoff_body=85,88,95,145,193,240,252,286,60
EXTENSION added=60 no_failure_through=460 analytic_cutoff=461 literal_outsiders=429 new_body_checks=18772182 literal_min_delta=814811803713810 literal_min_denominator=182411594164800 literal_min_r=96 literal_min_body=8,80,84,85,88,95,145,286,60 cofinal_complete=1
BASE added=63 denominator=91205797082400 nonstrict=0 min_limit_delta=486559331121600 min_limit_body=8,80,88,95,143,145,168,193,63 max_cutoff=439 max_cutoff_body=85,95,145,168,193,240,252,286,63
EXTENSION added=63 no_failure_through=438 analytic_cutoff=439 literal_outsiders=407 new_body_checks=17809506 literal_min_delta=830320769823300 literal_min_denominator=182411594164800 literal_min_r=96 literal_min_body=8,80,88,95,143,145,168,193,63 cofinal_complete=1
BASE added=132 denominator=91205797082400 nonstrict=0 min_limit_delta=548283516621264 min_limit_body=16,85,95,120,143,145,168,193,132 max_cutoff=461 max_cutoff_body=8,88,95,145,193,240,252,286,132
EXTENSION added=132 no_failure_through=460 analytic_cutoff=461 literal_outsiders=429 new_body_checks=18772182 literal_min_delta=464893690731876 literal_min_denominator=91205797082400 literal_min_r=36 literal_min_body=16,84,85,95,120,143,145,193,132 cofinal_complete=1
BASE added=170 denominator=91205797082400 nonstrict=0 min_limit_delta=482233002468372 min_limit_body=8,80,88,95,143,145,168,193,170 max_cutoff=502 max_cutoff_body=8,88,95,145,193,240,252,286,170
EXTENSION added=170 no_failure_through=501 analytic_cutoff=502 literal_outsiders=470 new_body_checks=20566260 literal_min_delta=406817755161174 literal_min_denominator=91205797082400 literal_min_r=90 literal_min_body=8,80,88,95,143,145,168,193,170 cofinal_complete=1
BASE added=176 denominator=91205797082400 nonstrict=0 min_limit_delta=532859285925684 min_limit_body=8,80,85,95,143,145,168,193,176 max_cutoff=483 max_cutoff_body=40,85,95,145,193,240,252,286,176
EXTENSION added=176 no_failure_through=482 analytic_cutoff=483 literal_outsiders=451 new_body_checks=19734858 literal_min_delta=443732236312050 literal_min_denominator=91205797082400 literal_min_r=48 literal_min_body=8,80,85,95,143,145,168,193,176 cofinal_complete=1
BASE added=190 denominator=91205797082400 nonstrict=0 min_limit_delta=546296777250552 min_limit_body=8,80,85,88,143,145,168,193,190 max_cutoff=452 max_cutoff_body=85,88,126,145,168,193,240,286,190
EXTENSION added=190 no_failure_through=451 analytic_cutoff=452 literal_outsiders=420 new_body_checks=18378360 literal_min_delta=926718153725700 literal_min_denominator=182411594164800 literal_min_r=96 literal_min_body=8,80,85,88,120,145,168,286,190 cofinal_complete=1
BASE added=264 denominator=91205797082400 nonstrict=0 min_limit_delta=551704390034040 min_limit_body=16,85,95,120,143,145,168,193,264 max_cutoff=495 max_cutoff_body=85,95,145,168,193,240,252,286,264
EXTENSION added=264 no_failure_through=494 analytic_cutoff=495 literal_outsiders=463 new_body_checks=20259954 literal_min_delta=465852503091024 literal_min_denominator=91205797082400 literal_min_r=48 literal_min_body=8,85,95,120,143,145,168,193,264 cofinal_complete=1
BASE added=290 denominator=91205797082400 nonstrict=0 min_limit_delta=530093788467192 min_limit_body=8,80,85,88,95,143,168,193,290 max_cutoff=490 max_cutoff_body=85,88,95,168,193,240,252,286,290
EXTENSION added=290 no_failure_through=489 analytic_cutoff=490 literal_outsiders=458 new_body_checks=20041164 literal_min_delta=895853739199104 literal_min_denominator=182411594164800 literal_min_r=96 literal_min_body=8,80,85,88,95,168,193,286,290 cofinal_complete=1
SUMMARY refuted_extensions=0 completed_extensions=12 unresolved_extensions=0 analytic_new_profiles=525096 literal_outsiders=5199 literal_new_body_checks=227497842 literal_old_control_checks=252775380
