THM-2779 exact decoder/frame/Heisenberg gate
decoder_rank=12 kernel_dim=1 pivots=(0, 1, 2, 3, 4, 5, 6, 7, 8, 9, 10, 11)
decoder_line=13 kernel_generator=N13
S_beta=(0, 0, 8, 0, 0, 0, 0, 0, 9, 9, 9, 9, 8)
K_beta=(3, 5, 5, 5, 7, 12, 2, 8, 2, 9, 8, 11, 0)
chart_invoice=(12, 12, 12, 12, 12, 12, 12)
frame_fibres=168 fibre_size=13 total=2184
canonical_frame_line=((1, 0), (1, 1), (1, 2), (1, 3), (1, 4), (1, 5), (1, 6), (1, 7), (1, 8), (1, 9), (1, 10), (1, 11), (1, 12))
determinant_mobius_checks=371293
H13_order=2197 commutator=(0, 0, 1)
faithful_affine_degree=169 orbit=169
action_pair_checks=4826809
endpoint_transvection_checks=169
central_sector_cycles=13
delta1_Z_equals_R_to_L=13
odometer_H13_conjugacy_checks=169
odometer_plus1_section=nonwrap:156 carry:13 central_step=13
v13_13factorial=1
minimum_faithful_permutation_degree=169
weyl_13root_phase_checks=13 boolean_centre=killed
flat_D_intertwiners=(0,)
graded_digit_intertwiners=13
scope=coefficient_twin_exact; two_digit_odometer_model_exact; physical_same_ancestry_open
