THM-2303 terminal-component phase-current exact probe
profile=(1,3,5)
pair_relation=13*4-4*13=0
independent_relation=4-2*2=0
anchored_minor=8 mod13=8
rank_six_relation_heights=4,2,3,6,10,13
anchored_rank_six_minor=-4 mod13=9
exact_strict_y_margin=3/540602608
epsilon=1/1000000000000 eta=1/1000000000000
terminal_root_addresses=(12, 0)
root_character_component_checks=48
same_discrete_root_current_signature=True
antipodal_relative_phase_cycles=1/2
perturbed_relative_phase_cycles=125000000001/250000000000
antipodal_Fhat4=0
perturbed_Fhat4=nonzero
antipodal_Ehat52=0
perturbed_Ehat52=nonzero
antipodal_W4hat0=0
perturbed_W4hat0=nonzero
root_energy_packet_ledger_rank=1
phase_augmented_rank=2
fixed_phase_continuation_defect_rank=1
relative_phase_transport_edges_needed_for_two_components=1
signature_sha256=f0466d944075860b258423b6f54fa7f643f53fbfc77855fabf25083d536f64c1
PASS
