LRC14 global projected k=2 scalar band 1750..1799
parent_atlas_source_sha256=000b89e4e6745bcfece0f78b7fbd386300dd4162ac22d3da3eaa69aef16cd495
universe=six_body_roots:3003;body_labels:1..14;ordered distinct later nonaligned labels;scalar necessary condition
first_band=1750..1799;first_candidate_rows=150143;exact_horizon=7000;omitted_slot_bound=6r/[49(H+1)]
projected_wall=max(15,floor(13L/150)+1);forced-high omitted slot starts max(H+1,projected_wall)
global_survivors=35;height_counts=((1750, 12), (1758, 1), (1768, 1), (1776, 1), (1780, 5), (1784, 6), (1788, 1), (1790, 8));high_tail_rows=((1750, (1, 2, 10, 11, 12, 14)), (1750, (1, 2, 10, 12, 13, 14)), (1750, (1, 4, 10, 12, 13, 14)), (1750, (1, 6, 10, 12, 13, 14)), (1768, (1, 8, 10, 12, 13, 14)), (1780, (1, 8, 10, 12, 13, 14)), (1784, (2, 8, 9, 10, 12, 14)), (1790, (1, 8, 10, 12, 13, 14)), (1790, (2, 6, 8, 9, 10, 14)), (1790, (2, 8, 9, 10, 12, 14)))
empty_first_bands=1751..1757,1759..1767,1769..1775,1777..1779,1781..1783,1785..1787,1789,1791..1799
SURVIVOR;E=1,2,10,11,12,14;h=10973/32340;r=34;L=64680;largest_floor=5606;z1=1750;delta1=4723/5659500;suffix=HIGH-TAIL:None:204/343049,EXACT:1800:1009/1131900,EXACT:1836:28991/34636140,EXACT:2004:13337/18902730;lower=10973/2942940;upper=3911038810643/1012385797384500;gap=442887183821/3290253841499625
SURVIVOR;E=1,2,10,12,13,14;h=2629/7644;r=34;L=76440;largest_floor=6625;z1=1750;delta1=5527/6688500;suffix=HIGH-TAIL:None:204/343049,EXACT:2340:149/160524,EXACT:1836:7025/8186724,EXACT:2004:2225/2978612;lower=2629/695604;upper=1182789391438/299113985590875;gap=2719770032401/15553927250725500
SURVIVOR;E=1,4,6,8,10,14;h=1049/2940;r=30;L=11760;largest_floor=1020;z1=1750;delta1=403/514500;suffix=EXACT:1836:2603/3148740,EXACT:2142:821/1049580,EXACT:1810:2911/3724980,EXACT:2534:2911/3724980;lower=1049/267540;upper=3314887/838120500;gap=186503/5447783250
SURVIVOR;E=1,4,8,10,12,14;h=1049/2940;r=34;L=11760;largest_floor=1020;z1=1750;delta1=403/514500;suffix=EXACT:1836:3583/3148740,EXACT:2060:1867/2119740,EXACT:2172:263/310415,EXACT:2142:821/1049580;lower=1049/267540;upper=3251677031/733774497750;gap=9739963531/19078136941500
SURVIVOR;E=1,4,10,12,13,14;h=853/2548;r=34;L=76440;largest_floor=6625;z1=1750;delta1=1483/2229500;suffix=HIGH-TAIL:None:204/343049,EXACT:2340:239/267540,EXACT:2004:3425/4467918,EXACT:1836:6269/8186724;lower=853/231868;upper=4409528104249/1196455942363500;gap=25952338528/3888481812681375
SURVIVOR;E=1,6,8,10,12,14;h=1049/2940;r=34;L=11760;largest_floor=1020;z1=1750;delta1=319/514500;suffix=EXACT:1836:1031/1049580,EXACT:1810:3401/3724980,EXACT:2004:2617/3436860,EXACT:2172:1333/1862490;lower=1049/267540;upper=1583309069/396570683250;gap=738178969/10310837764500
SURVIVOR;E=1,6,10,12,13,14;h=2657/7644;r=34;L=76440;largest_floor=6625;z1=1750;delta1=5303/6688500;suffix=HIGH-TAIL:None:204/343049,EXACT:2340:239/267540,EXACT:1836:6563/8186724,EXACT:2004:271/343686;lower=2657/695604;upper=4631503938553/1196455942363500;gap=399091975157/7776963625362750
SURVIVOR;E=2,4,6,8,10,14;h=281/735;r=32;L=11760;largest_floor=1020;z1=1750;delta1=23/25725;suffix=EXACT:1810:841/931245,EXACT:2142:229/262395,EXACT:2534:799/931245,EXACT:1836:1199/1574370;lower=281/66885;upper=6111643/1424804850;gap=1634029/18522463050
SURVIVOR;E=2,4,8,10,12,14;h=281/735;r=36;L=11760;largest_floor=1020;z1=1750;delta1=23/25725;suffix=EXACT:1836:563/524790,EXACT:1810:1633/1862490,EXACT:2172:1633/1862490,EXACT:2142:229/262395;lower=281/66885;upper=2181461/474934950;gap=2419883/6174154350
SURVIVOR;E=2,6,8,10,12,14;h=363/980;r=36;L=11760;largest_floor=1020;z1=1750;delta1=109/171500;suffix=EXACT:1810:3721/3724980,EXACT:1836:317/349860,EXACT:1946:783/953540,EXACT:1790:2917/3683820;lower=363/89180;upper=163607076499/39389521636500;gap=21288828581/256031890637250
SURVIVOR;E=3,4,8,10,12,14;h=373/980;r=34;L=11760;largest_floor=1020;z1=1750;delta1=139/171500;suffix=EXACT:1836:3163/3148740,EXACT:2172:3191/3724980,EXACT:1810:599/744996,EXACT:2534:947/1241660;lower=373/89180;upper=60388831/14248048500;gap=2585782/46306157625
SURVIVOR;E=4,6,8,10,12,14;h=199/490;r=36;L=11760;largest_floor=1020;z1=1750;delta1=13/17150;suffix=EXACT:1836:862/787185,EXACT:1810:883/931245,EXACT:2172:278/310415,EXACT:2534:521/620830;lower=199/44590;upper=3231476/712402425;gap=1354771/18522463050
SURVIVOR;E=1,4,8,10,12,14;h=1049/2940;r=34;L=11760;largest_floor=1020;z1=1758;delta1=281/1004990;suffix=EXACT:1836:3583/3148740,EXACT:2060:1867/2119740,EXACT:2172:263/310415,EXACT:2142:821/1049580;lower=1049/267540;upper=67556178203/17199674227260;gap=382916084/55898941238595
SURVIVOR;E=1,8,10,12,13,14;h=811/2548;r=38;L=152880;largest_floor=13250;z1=1768;delta1=1927/3032120;suffix=HIGH-TAIL:None:114/324625,EXACT:2340:149/160524,EXACT:2004:1877/2233959,EXACT:1836:1081/1364454;lower=811/231868;upper=7140164389/2012797059000;gap=1300584307/26166361767000
SURVIVOR;E=1,4,8,10,12,14;h=1049/2940;r=34;L=11760;largest_floor=1020;z1=1776;delta1=129/253820;suffix=EXACT:1836:3583/3148740,EXACT:2060:1867/2119740,EXACT:2172:263/310415,EXACT:2142:821/1049580;lower=1049/267540;upper=4513780877/1085986256670;gap=1329783335/5647128534684
SURVIVOR;E=1,4,8,10,12,14;h=1049/2940;r=34;L=11760;largest_floor=1020;z1=1780;delta1=248/457905;suffix=EXACT:1836:3583/3148740,EXACT:2060:1867/2119740,EXACT:2172:263/310415,EXACT:2142:821/1049580;lower=1049/267540;upper=4377849865/1044894884796;gap=9129642703/33959083755870
SURVIVOR;E=1,8,10,12,13,14;h=811/2548;r=38;L=152880;largest_floor=13250;z1=1780;delta1=2571/3968510;suffix=HIGH-TAIL:None:114/324625,EXACT:2340:149/160524,EXACT:2004:1877/2233959,EXACT:1836:1081/1364454;lower=811/231868;upper=318840924373/89569469125500;gap=36111459737/582201549315750
SURVIVOR;E=2,4,8,10,12,14;h=281/735;r=36;L=11760;largest_floor=1020;z1=1780;delta1=529/915810;suffix=EXACT:1836:563/524790,EXACT:1810:1633/1862490,EXACT:2172:1633/1862490,EXACT:2142:229/262395;lower=281/66885;upper=18077431/4226921055;gap=4148524/54949973715
SURVIVOR;E=2,6,8,10,12,14;h=363/980;r=36;L=11760;largest_floor=1020;z1=1780;delta1=411/610540;suffix=EXACT:1810:3721/3724980,EXACT:1836:317/349860,EXACT:1946:783/953540,EXACT:1790:2917/3683820;lower=363/89180;upper=587714565029/140226697025940;gap=11006515225/91147353066861
SURVIVOR;E=4,6,8,10,12,14;h=199/490;r=36;L=11760;largest_floor=1020;z1=1780;delta1=108/152635;suffix=EXACT:1836:862/787185,EXACT:1810:883/931245,EXACT:2172:278/310415,EXACT:2534:521/620830;lower=199/44590;upper=113761129/25361526330;gap=3741254/164849921145
SURVIVOR;E=1,4,8,10,12,14;h=1049/2940;r=34;L=11760;largest_floor=1020;z1=1784;delta1=421/764890;suffix=EXACT:1836:3583/3148740,EXACT:2060:1867/2119740,EXACT:2172:263/310415,EXACT:2142:821/1049580;lower=1049/267540;upper=54961409653/13090537039860;gap=11812465789/42544245379545
SURVIVOR;E=1,6,8,10,12,14;h=1049/2940;r=34;L=11760;largest_floor=1020;z1=1784;delta1=2771/4589340;suffix=EXACT:1836:1031/1049580,EXACT:1810:3401/3724980,EXACT:2004:2617/3436860,EXACT:2172:1333/1862490;lower=1049/267540;upper=7032854284/1768705247295;gap=5091939889/91972672859340
SURVIVOR;E=2,4,8,10,12,14;h=281/735;r=36;L=11760;largest_floor=1020;z1=1784;delta1=451/764890;suffix=EXACT:1836:563/524790,EXACT:1810:1633/1862490,EXACT:2172:1633/1862490,EXACT:2142:229/262395;lower=281/66885;upper=45422192/10591049385;gap=12046343/137683642005
SURVIVOR;E=2,6,8,10,12,14;h=363/980;r=36;L=11760;largest_floor=1020;z1=1784;delta1=1703/2294670;suffix=EXACT:1810:3721/3724980,EXACT:1836:317/349860,EXACT:1946:783/953540,EXACT:1790:2917/3683820;lower=363/89180;upper=748412321539/175677266498790;gap=173327294215/913521785793708
SURVIVOR;E=2,8,9,10,12,14;h=1993/5880;r=36;L=35280;largest_floor=3058;z1=1784;delta1=5437/9178680;suffix=HIGH-TAIL:None:216/343049,EXACT:1810:21449/22349880,EXACT:1790:17573/22102920,EXACT:1946:4373/5721240;lower=1993/535080;upper=541320809242057/144696063853885740;gap=61743602937103/3762097660201029240
SURVIVOR;E=4,6,8,10,12,14;h=199/490;r=36;L=11760;largest_floor=1020;z1=1784;delta1=3511/4589340;suffix=EXACT:1836:862/787185,EXACT:1810:883/931245,EXACT:2172:278/310415,EXACT:2534:521/620830;lower=199/44590;upper=577387033/127092592620;gap=132437863/1652203704060
SURVIVOR;E=1,4,8,10,12,14;h=1049/2940;r=34;L=11760;largest_floor=1020;z1=1788;delta1=265/613284;suffix=EXACT:1836:3583/3148740,EXACT:2060:1867/2119740,EXACT:2172:263/310415,EXACT:2142:821/1049580;lower=1049/267540;upper=8922080078/2186648003295;gap=18118473977/113705696171340
SURVIVOR;E=1,4,8,10,12,14;h=1049/2940;r=34;L=11760;largest_floor=1020;z1=1790;delta1=547/920955;suffix=EXACT:1836:3583/3148740,EXACT:2060:1867/2119740,EXACT:2172:263/310415,EXACT:2142:821/1049580;lower=1049/267540;upper=44574537779/10507650807780;gap=21937466959/68299730250570
SURVIVOR;E=1,6,8,10,12,14;h=1049/2940;r=34;L=11760;largest_floor=1020;z1=1790;delta1=811/1227940;suffix=EXACT:1836:1031/1049580,EXACT:1810:3401/3724980,EXACT:2004:2617/3436860,EXACT:2172:1333/1862490;lower=1049/267540;upper=11451309589/2839446092070;gap=8270594447/73825598393820
SURVIVOR;E=1,8,10,12,13,14;h=811/2548;r=38;L=152880;largest_floor=13250;z1=1790;delta1=12449/19155864;suffix=HIGH-TAIL:None:114/324625,EXACT:2340:149/160524,EXACT:2004:1877/2233959,EXACT:1836:1081/1364454;lower=811/231868;upper=1283259737281/360290673561000;gap=300018642403/4683778756293000
SURVIVOR;E=2,4,8,10,12,14;h=281/735;r=36;L=11760;largest_floor=1020;z1=1790;delta1=1217/1841910;suffix=EXACT:1836:563/524790,EXACT:1810:1633/1862490,EXACT:2172:1633/1862490,EXACT:2142:229/262395;lower=281/66885;upper=7412882/1700267121;gap=17527261/110517362865
SURVIVOR;E=2,6,8,9,10,14;h=6119/17640;r=32;L=35280;largest_floor=3058;z1=1790;delta1=16327/22102920;suffix=HIGH-TAIL:None:192/343049,EXACT:1810:20413/22349880,EXACT:1946:13819/17163720,EXACT:2142:559/699720;lower=6119/1605240;upper=63134845974209/16545962458628190;gap=659772382853/172078009569733176
SURVIVOR;E=2,6,8,10,12,14;h=363/980;r=36;L=11760;largest_floor=1020;z1=1790;delta1=2917/3683820;suffix=EXACT:1810:3721/3724980,EXACT:1836:317/349860,EXACT:1946:783/953540,EXACT:2534:937/1241660;lower=363/89180;upper=6731881819/1575580865460;gap=2070945077/10241275625490
SURVIVOR;E=2,8,9,10,12,14;h=1993/5880;r=36;L=35280;largest_floor=3058;z1=1790;delta1=17573/22102920;suffix=HIGH-TAIL:None:216/343049,EXACT:1810:21449/22349880,EXACT:1946:4373/5721240,EXACT:1836:1537/2099160;lower=1993/535080;upper=128427621869033/33091924917256380;gap=26888683669487/172078009569733176
SURVIVOR;E=4,6,8,10,12,14;h=199/490;r=36;L=11760;largest_floor=1020;z1=1790;delta1=661/920955;suffix=EXACT:1836:862/787185,EXACT:1810:883/931245,EXACT:2172:278/310415,EXACT:2534:521/620830;lower=199/44590;upper=229318861/51008013630;gap=10894067/331552088595
global_profile_sha256=3bcb4c6e57756834f44ac6a4d0090a66e980ba1b1e24b1d47ecbd6d8764a014d
survivor_sha256=9b7742f3f306f3cec85436de20754dedb7b35e72cce9d231221440914a6a700c
semantic_sha256=0b1af1c4808d398529b779388e0b17590d7e4a45a779714763c7bedc462c166a
all_exact_controls=PASS
