LAYER extra=60 kind=triple labels=10,15,60 profiles=18564 nonstrict=0 min_delta=547461658859544 min_body=8,42,80,85,88,95 min_mass=16894163836836 min_components=142 max_cutoff=391 cutoff_body=95,145,193,240,252,286 cutoff_mass=18975703115644 cutoff_components=366 cutoff_delta=659864779915176
LAYER extra=60 kind=triple labels=10,20,60 profiles=18564 nonstrict=0 min_delta=615557276476956 min_body=8,80,88,143,168,193 min_mass=18155193792714 min_components=236 max_cutoff=390 cutoff_body=95,145,193,240,252,286 cutoff_mass=19616547558794 cutoff_components=384 cutoff_delta=694470379845276
LAYER extra=60 kind=triple labels=10,30,60 profiles=18564 nonstrict=0 min_delta=579076360428384 min_body=8,80,85,88,95,145 min_mass=17479621273296 min_components=186 max_cutoff=393 cutoff_body=95,145,193,240,252,286 cutoff_mass=19562002885394 cutoff_components=386 cutoff_delta=691524967481676
LAYER extra=60 kind=triple labels=15,20,60 profiles=18564 nonstrict=0 min_delta=589445703940392 min_body=8,80,84,88,95,145 min_mass=17671646153148 min_components=178 max_cutoff=395 cutoff_body=95,145,193,240,252,286 cutoff_mass=19160872590324 cutoff_components=376 cutoff_delta=669863931547896
LAYER extra=60 kind=triple labels=15,30,60 profiles=18564 nonstrict=0 min_delta=632807886328956 min_body=8,42,80,88,95,145 min_mass=18474649530714 min_components=178 max_cutoff=381 cutoff_body=95,145,193,240,252,286 cutoff_mass=20470159835244 cutoff_components=400 cutoff_delta=740565442773576
LAYER extra=60 kind=triple labels=20,30,60 profiles=18564 nonstrict=0 min_delta=644375761325316 min_body=8,80,88,143,168,193 min_mass=18688869438054 min_components=244 max_cutoff=396 cutoff_body=95,145,193,240,252,286 cutoff_mass=20143066835344 cutoff_components=406 cutoff_delta=722902420778976
LAYER extra=60 kind=quadruple labels=15,20,30,60 profiles=8568 nonstrict=0 min_delta=723857556028932 min_body=8,80,84,88,95 min_mass=20160754525158 min_components=166 max_cutoff=320 cutoff_body=145,193,240,252,286 cutoff_mass=22397074581494 cutoff_components=384 cutoff_delta=844618839071076
LAYER extra=60 kind=quadruple labels=10,20,30,60 profiles=8568 nonstrict=0 min_delta=685667444911956 min_body=8,80,88,168,193 min_mass=19453530245214 min_components=210 max_cutoff=337 cutoff_body=145,193,240,252,286 cutoff_mass=21530503159314 cutoff_components=382 cutoff_delta=797823982273356
LAYER extra=60 kind=quadruple labels=10,15,30,60 profiles=8568 nonstrict=0 min_delta=691987715895996 min_body=8,42,80,88,95 min_mass=19570572300474 min_components=146 max_cutoff=318 cutoff_body=95,145,240,252,286 cutoff_mass=21928931542894 cutoff_components=370 cutoff_delta=819339114986676
LAYER extra=60 kind=quadruple labels=10,15,20,60 profiles=8568 nonstrict=0 min_delta=657770179232556 min_body=8,80,88,95,168 min_mass=18936914214114 min_components=174 max_cutoff=330 cutoff_body=145,193,240,252,286 cutoff_mass=21057800198134 cutoff_components=362 cutoff_delta=772298022369636
LAYER extra=60 kind=quintuple labels=10,15,20,30,60 profiles=3060 nonstrict=0 min_delta=769628019951648 min_body=8,80,88,168 min_mass=21008355708912 min_components=174 max_cutoff=281 cutoff_body=193,240,252,286 cutoff_mass=23089932656614 cutoff_components=352 cutoff_delta=882033175127556
CANDIDATE extra=60 profiles=148716 nonstrict=0 min_delta=547461658859544 max_cutoff=396
LAYER extra=63 kind=triple labels=10,15,63 profiles=18564 nonstrict=0 min_delta=555091285729464 min_body=80,85,95,120,143,145 min_mass=17035453223316 min_components=220 max_cutoff=380 cutoff_body=95,145,193,240,252,286 cutoff_mass=19322354508750 cutoff_components=366 cutoff_delta=678583955142900
LAYER extra=63 kind=triple labels=10,20,63 profiles=18564 nonstrict=0 min_delta=602291941459776 min_body=8,80,88,143,168,193 min_mass=17909539440544 min_components=244 max_cutoff=390 cutoff_body=95,145,193,240,252,286 cutoff_mass=19748875627270 cutoff_components=388 cutoff_delta=701616095542980
LAYER extra=63 kind=triple labels=10,30,63 profiles=18564 nonstrict=0 min_delta=533579127036444 min_body=8,80,88,95,143,168 min_mass=16637079914186 min_components=196 max_cutoff=374 cutoff_body=95,145,193,240,252,286 cutoff_mass=19371732809560 cutoff_components=362 cutoff_delta=681250383386640
LAYER extra=63 kind=triple labels=15,20,63 profiles=18564 nonstrict=0 min_delta=563109984285696 min_body=8,80,88,143,168,193 min_mass=17183947641024 min_components=226 max_cutoff=415 cutoff_body=95,145,193,240,252,286 cutoff_mass=18511285349570 cutoff_components=374 cutoff_delta=634786220547180
LAYER extra=63 kind=triple labels=15,30,63 profiles=18564 nonstrict=0 min_delta=585266771317644 min_body=8,80,88,95,145,168 min_mass=17594258511986 min_components=208 max_cutoff=367 cutoff_body=95,145,193,240,252,286 cutoff_mass=20207671668410 cutoff_components=378 cutoff_delta=726391081764540
LAYER extra=63 kind=triple labels=20,30,63 profiles=18564 nonstrict=0 min_delta=555933509316216 min_body=8,80,88,143,168,193 min_mass=17051049956404 min_components=232 max_cutoff=406 cutoff_body=95,145,193,240,252,286 cutoff_mass=18902268960720 cutoff_components=378 cutoff_delta=655899335549280
LAYER extra=63 kind=quadruple labels=15,20,30,63 profiles=8568 nonstrict=0 min_delta=669156387175224 min_body=8,80,88,95,168 min_mass=19147769916756 min_components=186 max_cutoff=326 cutoff_body=145,193,240,252,286 cutoff_mass=21344259376740 cutoff_components=364 cutoff_delta=787766818014360
LAYER extra=63 kind=quadruple labels=10,20,30,63 profiles=8568 nonstrict=0 min_delta=623718334276524 min_body=8,80,88,168,286 min_mass=18306324492706 min_components=232 max_cutoff=341 cutoff_body=145,193,240,252,286 cutoff_mass=20523389922240 cutoff_components=360 cutoff_delta=743439867471360
LAYER extra=63 kind=quadruple labels=10,15,30,63 profiles=8568 nonstrict=0 min_delta=655164922732164 min_body=8,80,88,95,168 min_mass=18888668723366 min_components=180 max_cutoff=309 cutoff_body=145,193,240,252,286 cutoff_mass=22124516193680 cutoff_components=364 cutoff_delta=829900686129120
LAYER extra=63 kind=quadruple labels=10,15,20,63 profiles=8568 nonstrict=0 min_delta=645415951730004 min_body=80,95,120,143,145 min_mass=18708132223326 min_components=216 max_cutoff=340 cutoff_body=145,193,240,252,286 cutoff_mass=20650364904440 cutoff_components=362 cutoff_delta=750296516510160
LAYER extra=63 kind=quintuple labels=10,15,20,30,63 profiles=3060 nonstrict=0 min_delta=738375228315036 min_body=8,80,88,168 min_mass=20429600308234 min_components=176 max_cutoff=288 cutoff_body=193,240,252,286 cutoff_mass=22170040689010 cutoff_components=340 cutoff_delta=832359008876940
CANDIDATE extra=63 profiles=148716 nonstrict=0 min_delta=533579127036444 max_cutoff=415
LAYER extra=132 kind=triple labels=10,15,132 profiles=18564 nonstrict=0 min_delta=569498677601724 min_body=80,84,85,95,120,145 min_mass=17302256776506 min_components=220 max_cutoff=423 cutoff_body=95,145,193,240,252,286 cutoff_mass=18673633643212 cutoff_components=386 cutoff_delta=643553028403848
LAYER extra=132 kind=triple labels=10,20,132 profiles=18564 nonstrict=0 min_delta=629011368631620 min_body=16,84,85,95,120,145 min_mass=18404343647430 min_components=210 max_cutoff=427 cutoff_body=95,145,193,240,252,286 cutoff_mass=19163887199882 cutoff_components=406 cutoff_delta=670026720464028
LAYER extra=132 kind=triple labels=10,30,132 profiles=18564 nonstrict=0 min_delta=550013324077512 min_body=80,85,95,143,168,193 min_mass=16941416896428 min_components=266 max_cutoff=429 cutoff_body=95,145,193,240,252,286 cutoff_mass=18546570923162 cutoff_components=388 cutoff_delta=636691641521148
LAYER extra=132 kind=triple labels=15,20,132 profiles=18564 nonstrict=0 min_delta=591226231416444 min_body=8,80,84,95,120,145 min_mass=17704618884186 min_components=202 max_cutoff=457 cutoff_body=95,145,193,240,252,286 cutoff_mass=18008217452592 cutoff_components=394 cutoff_delta=607620554110368
LAYER extra=132 kind=triple labels=15,30,132 profiles=18564 nonstrict=0 min_delta=615099196557144 min_body=8,80,84,85,95,145 min_mass=18146710831236 min_components=194 max_cutoff=415 cutoff_body=95,145,193,240,252,286 cutoff_mass=19388951026422 cutoff_components=402 cutoff_delta=682180167097188
LAYER extra=132 kind=triple labels=20,30,132 profiles=18564 nonstrict=0 min_delta=596946716402112 min_body=95,143,145,168,193,240 min_mass=17810553791328 min_components=314 max_cutoff=462 cutoff_body=95,145,193,240,252,286 cutoff_mass=18222760042882 cutoff_components=406 cutoff_delta=619205853986028
LAYER extra=132 kind=quadruple labels=15,20,30,132 profiles=8568 nonstrict=0 min_delta=698227915993452 min_body=8,80,84,95,145 min_mass=19686131561538 min_components=184 max_cutoff=364 cutoff_body=145,193,240,252,286 cutoff_mass=20662695660062 cutoff_components=388 cutoff_delta=750962377313748
LAYER extra=132 kind=quadruple labels=10,20,30,132 profiles=8568 nonstrict=0 min_delta=663220226926224 min_body=80,95,143,168,193 min_mass=19037841023256 min_components=262 max_cutoff=383 cutoff_body=145,193,240,252,286 cutoff_mass=19819454841192 cutoff_components=384 cutoff_delta=705427373094768
LAYER extra=132 kind=quadruple labels=10,15,30,132 profiles=8568 nonstrict=0 min_delta=680725621529460 min_body=8,80,95,145,168 min_mass=19362014997390 min_components=218 max_cutoff=343 cutoff_body=145,193,240,252,286 cutoff_mass=21284892788762 cutoff_components=382 cutoff_delta=784561022263548
LAYER extra=132 kind=quadruple labels=10,15,20,132 profiles=8568 nonstrict=0 min_delta=651345902436060 min_body=16,84,95,120,145 min_mass=18817946125290 min_components=186 max_cutoff=372 cutoff_body=145,193,240,252,286 cutoff_mass=20028224230972 cutoff_components=378 cutoff_delta=716700920142888
LAYER extra=132 kind=quintuple labels=10,15,20,30,132 profiles=3060 nonstrict=0 min_delta=757354533334308 min_body=16,84,120,193 min_mass=20781068919702 min_components=184 max_cutoff=315 cutoff_body=193,240,252,286 cutoff_mass=21588931735912 cutoff_components=358 cutoff_delta=800979125409648
CANDIDATE extra=132 profiles=148716 nonstrict=0 min_delta=550013324077512 max_cutoff=462
LAYER extra=170 kind=triple labels=10,15,170 profiles=18564 nonstrict=0 min_delta=537804257425344 min_body=8,80,88,95,145,168 min_mass=16715323069536 min_components=226 max_cutoff=438 cutoff_body=95,145,193,240,252,286 cutoff_mass=18420674916864 cutoff_components=392 cutoff_delta=629893257181056
LAYER extra=170 kind=triple labels=10,20,170 profiles=18564 nonstrict=0 min_delta=589058542940400 min_body=16,84,88,95,120,145 min_mass=17664476505000 min_components=226 max_cutoff=441 cutoff_body=95,145,193,240,252,286 cutoff_mass=18892596986834 cutoff_components=410 cutoff_delta=655377048959436
LAYER extra=170 kind=triple labels=10,30,170 profiles=18564 nonstrict=0 min_delta=532766348711064 min_body=8,80,88,95,145,168 min_mass=16622028463716 min_components=228 max_cutoff=437 cutoff_body=95,145,193,240,252,286 cutoff_mass=18518440865054 cutoff_components=394 cutoff_delta=635172618383316
LAYER extra=170 kind=triple labels=15,20,170 profiles=18564 nonstrict=0 min_delta=519812418442824 min_body=8,80,84,88,95,145 min_mass=16382140866156 min_components=204 max_cutoff=485 cutoff_body=95,145,193,240,252,286 cutoff_mass=17360599879864 cutoff_components=394 cutoff_delta=572649205183056
LAYER extra=170 kind=triple labels=15,30,170 profiles=18564 nonstrict=0 min_delta=556285114156824 min_body=8,80,84,88,95,145 min_mass=17057561157156 min_components=218 max_cutoff=436 cutoff_body=95,145,193,240,252,286 cutoff_mass=18972432185574 cutoff_components=408 cutoff_delta=659688149691396
LAYER extra=170 kind=triple labels=20,30,170 profiles=18564 nonstrict=0 min_delta=550808434031544 min_body=8,80,84,88,95,145 min_mass=16956141154836 min_components=212 max_cutoff=477 cutoff_body=95,145,193,240,252,286 cutoff_mass=17854260303324 cutoff_components=406 cutoff_delta=599306868049896
LAYER extra=170 kind=quadruple labels=15,20,30,170 profiles=8568 nonstrict=0 min_delta=645685904875284 min_body=8,80,84,88,95 min_mass=18713131355646 min_components=190 max_cutoff=390 cutoff_body=95,145,240,252,286 cutoff_mass=19733686619104 cutoff_components=388 cutoff_delta=700795889102016
LAYER extra=170 kind=quadruple labels=10,20,30,170 profiles=8568 nonstrict=0 min_delta=634239511070724 min_body=8,80,84,88,95 min_mass=18501161100006 min_components=190 max_cutoff=390 cutoff_body=95,145,240,252,286 cutoff_mass=19451390813094 cutoff_components=380 cutoff_delta=685551915577476
LAYER extra=170 kind=quadruple labels=10,15,30,170 profiles=8568 nonstrict=0 min_delta=664301323592244 min_body=8,80,88,95,168 min_mass=19057861331886 min_components=210 max_cutoff=360 cutoff_body=95,145,240,252,286 cutoff_mass=20745906298254 cutoff_components=386 cutoff_delta=755455751776116
LAYER extra=170 kind=quadruple labels=10,15,20,170 profiles=8568 nonstrict=0 min_delta=634074392385720 min_body=80,84,95,120,145 min_mass=18498103346580 min_components=232 max_cutoff=391 cutoff_body=95,145,240,252,286 cutoff_mass=19308204445054 cutoff_components=376 cutoff_delta=677819851703316
LAYER extra=170 kind=quintuple labels=10,15,20,30,170 profiles=3060 nonstrict=0 min_delta=763550685948960 min_body=16,84,88,120 min_mass=20895812486640 min_components=168 max_cutoff=318 cutoff_body=193,240,252,286 cutoff_mass=22191223522554 cutoff_components=376 cutoff_delta=833502881888316
CANDIDATE extra=170 profiles=148716 nonstrict=0 min_delta=519812418442824 max_cutoff=485
LAYER extra=176 kind=triple labels=10,15,176 profiles=18564 nonstrict=0 min_delta=535203357070824 min_body=8,42,80,85,95,145 min_mass=16667158248156 min_components=184 max_cutoff=428 cutoff_body=95,145,193,240,252,286 cutoff_mass=18758697596124 cutoff_components=394 cutoff_delta=648146481861096
LAYER extra=176 kind=triple labels=10,20,176 profiles=18564 nonstrict=0 min_delta=631276890193404 min_body=80,85,95,120,126,145 min_mass=18446297750426 min_components=248 max_cutoff=430 cutoff_body=95,145,193,240,252,286 cutoff_mass=19258926352104 cutoff_components=412 cutoff_delta=675158834684016
LAYER extra=176 kind=triple labels=10,30,176 profiles=18564 nonstrict=0 min_delta=521198131314744 min_body=8,80,85,95,145,168 min_mass=16407802215636 min_components=214 max_cutoff=430 cutoff_body=95,145,193,240,252,286 cutoff_mass=18773319452694 cutoff_components=396 cutoff_delta=648936062115876
LAYER extra=176 kind=triple labels=15,20,176 profiles=18564 nonstrict=0 min_delta=571446692600004 min_body=8,80,84,95,120,145 min_mass=17338331128326 min_components=212 max_cutoff=463 cutoff_body=95,145,193,240,252,286 cutoff_mass=17959076275024 cutoff_components=398 cutoff_delta=604966930521696
LAYER extra=176 kind=triple labels=15,30,176 profiles=18564 nonstrict=0 min_delta=584931284552988 min_body=8,80,95,145,168,286 min_mass=17588045794122 min_components=272 max_cutoff=423 cutoff_body=95,145,193,240,252,286 cutoff_mass=19476213688784 cutoff_components=412 cutoff_delta=686892350864736
LAYER extra=176 kind=triple labels=20,30,176 profiles=18564 nonstrict=0 min_delta=586250678110500 min_body=8,80,95,143,168,193 min_mass=17612479008150 min_components=244 max_cutoff=462 cutoff_body=95,145,193,240,252,286 cutoff_mass=18278173028614 cutoff_components=408 cutoff_delta=622198155215556
LAYER extra=176 kind=quadruple labels=15,20,30,176 profiles=8568 nonstrict=0 min_delta=665462512316628 min_body=8,80,84,95,145 min_mass=19079364826782 min_components=200 max_cutoff=379 cutoff_body=145,193,240,252,286 cutoff_mass=20598151427304 cutoff_components=402 cutoff_delta=747476988744816
LAYER extra=176 kind=quadruple labels=10,20,30,176 profiles=8568 nonstrict=0 min_delta=624312027026028 min_body=8,80,143,168,193 min_mass=18317318802882 min_components=242 max_cutoff=391 cutoff_body=145,193,240,252,286 cutoff_mass=19984578020694 cutoff_components=396 cutoff_delta=714344024787876
LAYER extra=176 kind=quadruple labels=10,15,30,176 profiles=8568 nonstrict=0 min_delta=626852245038552 min_body=8,80,95,145,168 min_mass=18364359877188 min_components=220 max_cutoff=357 cutoff_body=145,193,240,252,286 cutoff_mass=21371057403784 cutoff_components=400 cutoff_delta=789213911474736
LAYER extra=176 kind=quadruple labels=10,15,20,176 profiles=8568 nonstrict=0 min_delta=628188666748812 min_body=8,80,95,145,168 min_mass=18389108427378 min_components=218 max_cutoff=384 cutoff_body=145,193,240,252,286 cutoff_mass=20057538284604 cutoff_components=392 cutoff_delta=718283879039016
LAYER extra=176 kind=quintuple labels=10,15,20,30,176 profiles=3060 nonstrict=0 min_delta=721773120196908 min_body=8,80,168,193 min_mass=20122153861602 min_components=222 max_cutoff=323 cutoff_body=193,240,252,286 cutoff_mass=21707049381104 cutoff_components=370 cutoff_delta=807357478250016
CANDIDATE extra=176 profiles=148716 nonstrict=0 min_delta=521198131314744 max_cutoff=463
LAYER extra=190 kind=triple labels=10,15,190 profiles=18564 nonstrict=0 min_delta=561487343772852 min_body=8,80,88,145,168,286 min_mass=17153898742638 min_components=266 max_cutoff=425 cutoff_body=80,145,193,240,252,286 cutoff_mass=18799838414504 cutoff_components=392 cutoff_delta=650368086053616
LAYER extra=190 kind=triple labels=10,20,190 profiles=18564 nonstrict=0 min_delta=631083348442404 min_body=8,80,84,85,88,120 min_mass=18442713643926 min_components=210 max_cutoff=421 cutoff_body=85,145,193,240,252,286 cutoff_mass=19586301163624 cutoff_components=414 cutoff_delta=692837074506096
LAYER extra=190 kind=triple labels=10,30,190 profiles=18564 nonstrict=0 min_delta=545882528883744 min_body=8,80,84,85,88,145 min_mass=16864920689136 min_components=206 max_cutoff=427 cutoff_body=80,145,193,240,252,286 cutoff_mass=18678918532084 cutoff_components=390 cutoff_delta=643838412402936
LAYER extra=190 kind=triple labels=15,20,190 profiles=18564 nonstrict=0 min_delta=556706375357184 min_body=8,80,84,85,88,145 min_mass=17065362290496 min_components=202 max_cutoff=466 cutoff_body=85,145,193,240,252,286 cutoff_mass=17944923484014 cutoff_components=400 cutoff_delta=604202679807156
LAYER extra=190 kind=triple labels=15,30,190 profiles=18564 nonstrict=0 min_delta=570984568238412 min_body=8,80,88,145,168,286 min_mass=17329773269778 min_components=270 max_cutoff=421 cutoff_body=85,145,193,240,252,286 cutoff_mass=19468638580444 cutoff_components=410 cutoff_delta=686483295014376
LAYER extra=190 kind=triple labels=20,30,190 profiles=18564 nonstrict=0 min_delta=557470370072304 min_body=8,80,84,85,88,145 min_mass=17079510340776 min_components=210 max_cutoff=468 cutoff_body=85,145,193,240,252,286 cutoff_mass=18018854755314 cutoff_components=404 cutoff_delta=608194968457356
LAYER extra=190 kind=quadruple labels=15,20,30,190 profiles=8568 nonstrict=0 min_delta=640255551207012 min_body=8,80,84,85,88 min_mass=18612569250678 min_components=196 max_cutoff=396 cutoff_body=145,193,240,252,286 cutoff_mass=20072678721244 cutoff_components=404 cutoff_delta=719101462617576
LAYER extra=190 kind=quadruple labels=10,20,30,190 profiles=8568 nonstrict=0 min_delta=607733732932092 min_body=8,80,84,85,88 min_mass=18010313356698 min_components=194 max_cutoff=402 cutoff_body=145,193,240,252,286 cutoff_mass=19656818690834 cutoff_components=398 cutoff_delta=696645020975436
LAYER extra=190 kind=quadruple labels=10,15,30,190 profiles=8568 nonstrict=0 min_delta=634113559491516 min_body=8,80,88,145,168 min_mass=18498828663354 min_components=232 max_cutoff=371 cutoff_body=145,193,240,252,286 cutoff_mass=20974542970644 cutoff_components=404 cutoff_delta=767802132085176
LAYER extra=190 kind=quadruple labels=10,15,20,190 profiles=8568 nonstrict=0 min_delta=635559026566932 min_body=8,80,84,85,88 min_mass=18525596572158 min_components=192 max_cutoff=401 cutoff_body=145,193,240,252,286 cutoff_mass=19777738573254 cutoff_components=400 cutoff_delta=703174694626116
LAYER extra=190 kind=quintuple labels=10,15,20,30,190 profiles=3060 nonstrict=0 min_delta=699549799513968 min_body=8,80,88,168 min_mass=19710610885992 min_components=214 max_cutoff=332 cutoff_body=193,240,252,286 cutoff_mass=21609051979934 cutoff_components=378 cutoff_delta=802065618586836
CANDIDATE extra=190 profiles=148716 nonstrict=0 min_delta=545882528883744 max_cutoff=468
LAYER extra=264 kind=triple labels=10,15,264 profiles=18564 nonstrict=0 min_delta=568088309800440 min_body=80,85,95,120,126,145 min_mass=17276138854260 min_components=256 max_cutoff=434 cutoff_body=95,145,193,240,252,286 cutoff_mass=19008361536776 cutoff_components=408 cutoff_delta=661628334656304
LAYER extra=264 kind=triple labels=10,20,264 profiles=18564 nonstrict=0 min_delta=630007720992936 min_body=85,95,120,145,168,193 min_mass=18422794617084 min_components=302 max_cutoff=444 cutoff_body=95,145,193,240,252,286 cutoff_mass=19342996811926 cutoff_components=428 cutoff_delta=679698639514404
LAYER extra=264 kind=triple labels=10,30,264 profiles=18564 nonstrict=0 min_delta=556657910118180 min_body=8,42,80,85,95,145 min_mass=17064464786070 min_components=208 max_cutoff=442 cutoff_body=95,145,193,240,252,286 cutoff_mass=18863477414126 cutoff_components=410 cutoff_delta=653804592033204
LAYER extra=264 kind=triple labels=15,20,264 profiles=18564 nonstrict=0 min_delta=600305869874880 min_body=8,80,95,120,145,252 min_mass=17872760337120 min_components=284 max_cutoff=465 cutoff_body=95,145,193,240,252,286 cutoff_mass=18144786201396 cutoff_components=406 cutoff_delta=614995266545784
LAYER extra=264 kind=triple labels=15,30,264 profiles=18564 nonstrict=0 min_delta=620627213140740 min_body=8,42,80,85,95,145 min_mass=18249081508710 min_components=214 max_cutoff=428 cutoff_body=95,145,193,240,252,286 cutoff_mass=19682332878626 cutoff_components=424 cutoff_delta=698022787116204
LAYER extra=264 kind=triple labels=20,30,264 profiles=18564 nonstrict=0 min_delta=597993268717548 min_body=95,143,145,168,193,240 min_mass=17829934389762 min_components=328 max_cutoff=471 cutoff_body=95,145,193,240,252,286 cutoff_mass=18341507389086 cutoff_components=418 cutoff_delta=625618210681044
LAYER extra=264 kind=quadruple labels=15,20,30,264 profiles=8568 nonstrict=0 min_delta=690578091912852 min_body=8,42,80,95,145 min_mass=19544468152638 min_components=208 max_cutoff=389 cutoff_body=145,193,240,252,286 cutoff_mass=20635423658296 cutoff_components=414 cutoff_delta=749489689218384
LAYER extra=264 kind=quadruple labels=10,20,30,264 profiles=8568 nonstrict=0 min_delta=650110930159788 min_body=80,120,143,168,193 min_mass=18795076268322 min_components=296 max_cutoff=410 cutoff_body=145,193,240,252,286 cutoff_mass=19880847676646 cutoff_components=412 cutoff_delta=708742586209284
LAYER extra=264 kind=quadruple labels=10,15,30,264 profiles=8568 nonstrict=0 min_delta=672685753848732 min_body=8,42,80,95,145 min_mass=19213128558858 min_components=208 max_cutoff=376 cutoff_body=145,193,240,252,286 cutoff_mass=21411262810696 cutoff_components=422 cutoff_delta=791385003447984
LAYER extra=264 kind=quadruple labels=10,15,20,264 profiles=8568 nonstrict=0 min_delta=651543609839616 min_body=80,95,120,145,252 min_mass=18821607373504 min_components=286 max_cutoff=399 cutoff_body=145,193,240,252,286 cutoff_mass=20080524622886 cutoff_components=408 cutoff_delta=719525141306244
LAYER extra=264 kind=quintuple labels=10,15,20,30,264 profiles=3060 nonstrict=0 min_delta=748817473701168 min_body=120,143,168,193 min_mass=20622975222792 min_components=290 max_cutoff=352 cutoff_body=193,240,252,286 cutoff_mass=21493347327186 cutoff_components=398 cutoff_delta=795817567338444
CANDIDATE extra=264 profiles=148716 nonstrict=0 min_delta=556657910118180 max_cutoff=471
LAYER extra=290 kind=triple labels=10,15,290 profiles=18564 nonstrict=0 min_delta=556729100423964 min_body=8,80,85,88,95,168 min_mass=17065783125066 min_components=230 max_cutoff=433 cutoff_body=85,95,193,240,252,286 cutoff_mass=18855020215634 cutoff_components=402 cutoff_delta=653347903314636
LAYER extra=290 kind=triple labels=10,20,290 profiles=18564 nonstrict=0 min_delta=631041096635640 min_body=85,95,120,143,168,193 min_mass=18441931203060 min_components=348 max_cutoff=426 cutoff_body=95,168,193,240,252,286 cutoff_mass=20055071185954 cutoff_components=434 cutoff_delta=718150655711916
LAYER extra=290 kind=triple labels=10,30,290 profiles=18564 nonstrict=0 min_delta=534254102863884 min_body=8,80,85,88,95,168 min_mass=16649579466546 min_components=232 max_cutoff=437 cutoff_body=85,95,193,240,252,286 cutoff_mass=18639785590224 cutoff_components=398 cutoff_delta=641725233542496
LAYER extra=290 kind=triple labels=15,20,290 profiles=18564 nonstrict=0 min_delta=572249235791844 min_body=8,80,84,85,88,95 min_mass=17353193039286 min_components=210 max_cutoff=474 cutoff_body=88,95,193,240,252,286 cutoff_mass=18146404626794 cutoff_components=414 cutoff_delta=615082661517276
LAYER extra=290 kind=triple labels=15,30,290 profiles=18564 nonstrict=0 min_delta=583140106439100 min_body=8,80,88,95,168,286 min_mass=17554875829050 min_components=282 max_cutoff=433 cutoff_body=95,168,193,240,252,286 cutoff_mass=20176707951574 cutoff_components=446 cutoff_delta=724719041055396
LAYER extra=290 kind=triple labels=20,30,290 profiles=18564 nonstrict=0 min_delta=578006380066284 min_body=8,80,84,85,88,95 min_mass=17459806822146 min_components=216 max_cutoff=479 cutoff_body=88,95,193,240,252,286 cutoff_mass=18187209603034 cutoff_components=420 cutoff_delta=617286130234236
LAYER extra=290 kind=quadruple labels=15,20,30,290 profiles=8568 nonstrict=0 min_delta=656423931806604 min_body=8,80,84,88,95 min_mass=18911983706226 min_components=216 max_cutoff=423 cutoff_body=95,193,240,252,286 cutoff_mass=20019014446564 cutoff_components=430 cutoff_delta=716203591784856
LAYER extra=290 kind=quadruple labels=10,20,30,290 profiles=8568 nonstrict=0 min_delta=631313907678324 min_body=8,80,88,95,168 min_mass=18446983259406 min_components=226 max_cutoff=415 cutoff_body=95,193,240,252,286 cutoff_mass=19568267664364 cutoff_components=408 cutoff_delta=691863265546056
LAYER extra=290 kind=quadruple labels=10,15,30,290 profiles=8568 nonstrict=0 min_delta=641232629089884 min_body=8,80,88,95,168 min_mass=18630663285546 min_components=228 max_cutoff=384 cutoff_body=95,193,240,252,286 cutoff_mass=20973729732294 cutoff_components=418 cutoff_delta=767758217214276
LAYER extra=290 kind=quadruple labels=10,15,20,290 profiles=8568 nonstrict=0 min_delta=653949537440004 min_body=8,80,88,95,168 min_mass=18866161588326 min_components=230 max_cutoff=413 cutoff_body=95,193,240,252,286 cutoff_mass=19696760115184 cutoff_components=410 cutoff_delta=698801857890336
LAYER extra=290 kind=quintuple labels=10,15,20,30,290 profiles=3060 nonstrict=0 min_delta=718679099828664 min_body=8,80,88,168 min_mass=20064857188116 min_components=222 max_cutoff=365 cutoff_body=193,240,252,286 cutoff_mass=21351267503864 cutoff_components=408 cutoff_delta=788145256879056
CANDIDATE extra=290 profiles=148716 nonstrict=0 min_delta=534254102863884 max_cutoff=479
SUMMARY denominator=91205797082400 cells=7213 candidates=8 profiles=1189728 strict_candidates=positive best_extra=264 best_min_delta=556657910118180 best_max_cutoff=471 cheapest_extra=60 cheapest_min_delta=547461658859544 cheapest_max_cutoff=396
LITERAL kind=triple labels=10,15,20 core_size=6 cutoff=391 rows=359 checks=6664476 failures=0 equalities=0 min_delta=444084975013680 min_denominator=91205797082400 min_mass=12839812116560 min_r=70 min_body=80,85,95,120,126,145
LITERAL kind=triple labels=10,15,30 core_size=6 cutoff=354 rows=322 checks=5977608 failures=0 equalities=0 min_delta=486999369488268 min_denominator=91205797082400 min_mass=13520992981236 min_r=70 min_body=8,80,85,88,95,168
LITERAL kind=triple labels=10,15,264 core_size=6 cutoff=434 rows=402 checks=7462728 failures=0 equalities=0 min_delta=389847770921700 min_denominator=91205797082400 min_mass=11978904115100 min_r=70 min_body=80,85,95,120,126,145
LITERAL kind=triple labels=10,20,30 core_size=6 cutoff=393 rows=361 checks=6701604 failures=0 equalities=0 min_delta=446487460005132 min_denominator=91205797082400 min_mass=12877946798964 min_r=70 min_body=8,80,88,95,145,168
LITERAL kind=triple labels=10,20,264 core_size=6 cutoff=444 rows=412 checks=7648368 failures=0 equalities=0 min_delta=474256023122700 min_denominator=91205797082400 min_mass=13318717642100 min_r=70 min_body=80,85,95,120,126,145
LITERAL kind=triple labels=10,30,264 core_size=6 cutoff=442 rows=410 checks=7611240 failures=0 equalities=0 min_delta=396307548753480 min_denominator=91205797082400 min_mass=12081440271160 min_r=70 min_body=80,85,95,120,126,145
LITERAL kind=triple labels=15,20,30 core_size=6 cutoff=382 rows=350 checks=6497400 failures=0 equalities=0 min_delta=506572651192608 min_denominator=91205797082400 min_mass=13831679992416 min_r=65 min_body=8,80,84,88,95,145
LITERAL kind=triple labels=15,20,264 core_size=6 cutoff=465 rows=433 checks=8038212 failures=0 equalities=0 min_delta=436678973345160 min_denominator=91205797082400 min_mass=12722256534520 min_r=70 min_body=80,85,95,120,126,145
LITERAL kind=triple labels=15,30,264 core_size=6 cutoff=428 rows=396 checks=7351344 failures=0 equalities=0 min_delta=483558437830734 min_denominator=91205797082400 min_mass=13466375018418 min_r=65 min_body=8,42,80,85,95,145
LITERAL kind=triple labels=20,30,264 core_size=6 cutoff=471 rows=439 checks=8149596 failures=0 equalities=0 min_delta=475253770478760 min_denominator=91205797082400 min_mass=13334554901720 min_r=70 min_body=80,85,95,126,145,240
LITERAL kind=quadruple labels=15,20,30,264 core_size=5 cutoff=389 rows=357 checks=3058776 failures=0 equalities=0 min_delta=543071743147206 min_denominator=91205797082400 min_mass=14411030658362 min_r=110 min_body=8,80,95,126,145
LITERAL kind=quadruple labels=10,20,30,264 core_size=5 cutoff=410 rows=378 checks=3238704 failures=0 equalities=0 min_delta=468674053936452 min_denominator=91205797082400 min_mass=13230114956604 min_r=70 min_body=80,85,95,120,145
LITERAL kind=quadruple labels=10,15,30,264 core_size=5 cutoff=376 rows=344 checks=2947392 failures=0 equalities=0 min_delta=512632562508612 min_denominator=91205797082400 min_mass=13927869060924 min_r=70 min_body=80,85,95,120,145
LITERAL kind=quadruple labels=10,15,20,264 core_size=5 cutoff=399 rows=367 checks=3144456 failures=0 equalities=0 min_delta=457169852320272 min_denominator=91205797082400 min_mass=13047508581744 min_r=70 min_body=80,85,95,120,145
LITERAL kind=quadruple labels=10,15,20,30 core_size=5 cutoff=328 rows=296 checks=2536128 failures=0 equalities=0 min_delta=549708342312402 min_denominator=91205797082400 min_mass=14516373502254 min_r=70 min_body=8,80,88,95,168
LITERAL kind=quintuple labels=10,15,20,30,264 core_size=4 cutoff=352 rows=320 checks=979200 failures=0 equalities=0 min_delta=574743216257784 min_denominator=91205797082400 min_mass=14913752453768 min_r=110 min_body=80,120,252,286
LITERAL_SUMMARY labels=10,15,20,30,264 rows=5946 checks=88007232 failures=0 equalities=0
