AUDIT q50_zero_original_four_anchor_repair_incidence_python
BASE_SCRIPT_SHA256 ff9748f07cbc1bab20832860ff5f52bca59573262725a4e69c5b42ab2d078251
FOUR_ANCHORS 32 ALL_CONTAIN_286 True
ANCHOR (10, 63, 168, 286)
ANCHOR (15, 40, 252, 286)
ANCHOR (15, 80, 252, 286)
ANCHOR (15, 240, 252, 286)
ANCHOR (20, 63, 168, 286)
ANCHOR (30, 63, 168, 286)
ANCHOR (40, 63, 84, 286)
ANCHOR (40, 63, 168, 286)
ANCHOR (40, 63, 252, 286)
ANCHOR (40, 85, 252, 286)
ANCHOR (40, 95, 252, 286)
ANCHOR (40, 145, 252, 286)
ANCHOR (40, 193, 252, 286)
ANCHOR (42, 63, 240, 286)
ANCHOR (60, 63, 168, 286)
ANCHOR (63, 80, 84, 286)
ANCHOR (63, 80, 168, 286)
ANCHOR (63, 80, 252, 286)
ANCHOR (63, 84, 240, 286)
ANCHOR (63, 168, 170, 286)
ANCHOR (63, 168, 190, 286)
ANCHOR (63, 168, 240, 286)
ANCHOR (63, 168, 286, 290)
ANCHOR (63, 240, 252, 286)
ANCHOR (80, 85, 252, 286)
ANCHOR (80, 95, 252, 286)
ANCHOR (80, 145, 252, 286)
ANCHOR (80, 193, 252, 286)
ANCHOR (85, 240, 252, 286)
ANCHOR (95, 240, 252, 286)
ANCHOR (145, 240, 252, 286)
ANCHOR (193, 240, 252, 286)
GLOBAL_LAYER 6 CANDIDATES 593775 EDGES 85324 EQUALITIES 0 MIN_EDGE_DELTA 348508440 MAX_NONEDGE_DELTA -2639430360 EDGE_MASK_SHA256 503ffc5e72825f275a9b351c1ceab1b13c452c5082ec4009020bb858c44aafdd
GLOBAL_LAYER 7 CANDIDATES 2035800 EDGES 821737 EQUALITIES 0 MIN_EDGE_DELTA 348508440 MAX_NONEDGE_DELTA -402312960 EDGE_MASK_SHA256 2a2b26ffd0c26000260ead13f507955b332d5c61927219418a49225b1a004b7d
D6_ROW ANCHOR (10, 63, 168, 286) EDGES 31992 BLOCKERS_THROUGH_6 0 ENUM_NODES 4289 ENUM_LEVELS (1, 6, 26, 96, 334, 1006, 2820)
D6_ROW ANCHOR (15, 40, 252, 286) EDGES 39272 BLOCKERS_THROUGH_6 0 ENUM_NODES 4964 ENUM_LEVELS (1, 6, 29, 102, 358, 1149, 3319)
D6_ROW ANCHOR (15, 80, 252, 286) EDGES 29411 BLOCKERS_THROUGH_6 0 ENUM_NODES 4957 ENUM_LEVELS (1, 6, 28, 109, 371, 1153, 3289)
D6_ROW ANCHOR (15, 240, 252, 286) EDGES 27403 BLOCKERS_THROUGH_6 0 ENUM_NODES 5253 ENUM_LEVELS (1, 6, 29, 106, 396, 1253, 3462)
D6_ROW ANCHOR (20, 63, 168, 286) EDGES 34902 BLOCKERS_THROUGH_6 0 ENUM_NODES 4179 ENUM_LEVELS (1, 6, 26, 89, 304, 964, 2789)
D6_ROW ANCHOR (30, 63, 168, 286) EDGES 35545 BLOCKERS_THROUGH_6 0 ENUM_NODES 3706 ENUM_LEVELS (1, 6, 25, 88, 276, 854, 2456)
D6_ROW ANCHOR (40, 63, 84, 286) EDGES 48122 BLOCKERS_THROUGH_6 0 ENUM_NODES 3700 ENUM_LEVELS (1, 6, 25, 88, 278, 857, 2445)
D6_ROW ANCHOR (40, 63, 168, 286) EDGES 34147 BLOCKERS_THROUGH_6 0 ENUM_NODES 3447 ENUM_LEVELS (1, 6, 25, 88, 273, 815, 2239)
D6_ROW ANCHOR (40, 63, 252, 286) EDGES 39064 BLOCKERS_THROUGH_6 0 ENUM_NODES 3768 ENUM_LEVELS (1, 6, 25, 88, 278, 863, 2507)
D6_ROW ANCHOR (40, 85, 252, 286) EDGES 31077 BLOCKERS_THROUGH_6 0 ENUM_NODES 4255 ENUM_LEVELS (1, 6, 25, 89, 299, 975, 2860)
D6_ROW ANCHOR (40, 95, 252, 286) EDGES 26140 BLOCKERS_THROUGH_6 0 ENUM_NODES 4553 ENUM_LEVELS (1, 6, 25, 89, 323, 1067, 3042)
D6_ROW ANCHOR (40, 145, 252, 286) EDGES 28092 BLOCKERS_THROUGH_6 0 ENUM_NODES 4442 ENUM_LEVELS (1, 6, 24, 88, 313, 1022, 2988)
D6_ROW ANCHOR (40, 193, 252, 286) EDGES 24311 BLOCKERS_THROUGH_6 0 ENUM_NODES 4204 ENUM_LEVELS (1, 6, 28, 92, 305, 968, 2804)
D6_ROW ANCHOR (42, 63, 240, 286) EDGES 32855 BLOCKERS_THROUGH_6 0 ENUM_NODES 3263 ENUM_LEVELS (1, 6, 25, 86, 262, 773, 2110)
D6_ROW ANCHOR (60, 63, 168, 286) EDGES 35134 BLOCKERS_THROUGH_6 0 ENUM_NODES 3628 ENUM_LEVELS (1, 6, 25, 88, 275, 836, 2397)
D6_ROW ANCHOR (63, 80, 84, 286) EDGES 36821 BLOCKERS_THROUGH_6 0 ENUM_NODES 3529 ENUM_LEVELS (1, 6, 23, 82, 270, 818, 2329)
D6_ROW ANCHOR (63, 80, 168, 286) EDGES 24955 BLOCKERS_THROUGH_6 0 ENUM_NODES 3015 ENUM_LEVELS (1, 6, 23, 79, 243, 695, 1968)
D6_ROW ANCHOR (63, 80, 252, 286) EDGES 29319 BLOCKERS_THROUGH_6 0 ENUM_NODES 3560 ENUM_LEVELS (1, 6, 23, 82, 270, 821, 2357)
D6_ROW ANCHOR (63, 84, 240, 286) EDGES 34611 BLOCKERS_THROUGH_6 0 ENUM_NODES 3513 ENUM_LEVELS (1, 6, 25, 88, 278, 834, 2281)
D6_ROW ANCHOR (63, 168, 170, 286) EDGES 28733 BLOCKERS_THROUGH_6 0 ENUM_NODES 3617 ENUM_LEVELS (1, 6, 25, 88, 273, 835, 2389)
D6_ROW ANCHOR (63, 168, 190, 286) EDGES 29873 BLOCKERS_THROUGH_6 0 ENUM_NODES 3675 ENUM_LEVELS (1, 6, 25, 88, 275, 849, 2431)
D6_ROW ANCHOR (63, 168, 240, 286) EDGES 23491 BLOCKERS_THROUGH_6 0 ENUM_NODES 3008 ENUM_LEVELS (1, 6, 25, 88, 268, 741, 1879)
D6_ROW ANCHOR (63, 168, 286, 290) EDGES 25199 BLOCKERS_THROUGH_6 0 ENUM_NODES 3490 ENUM_LEVELS (1, 6, 23, 81, 263, 808, 2308)
D6_ROW ANCHOR (63, 240, 252, 286) EDGES 27199 BLOCKERS_THROUGH_6 0 ENUM_NODES 3515 ENUM_LEVELS (1, 6, 25, 88, 278, 834, 2283)
D6_ROW ANCHOR (80, 85, 252, 286) EDGES 22518 BLOCKERS_THROUGH_6 1 ENUM_NODES 3964 ENUM_LEVELS (1, 6, 24, 85, 285, 911, 2652)
D6_BLOCKER ANCHOR (80, 85, 252, 286) K (88, 95, 145, 168, 193, 240)
D6_ROW ANCHOR (80, 95, 252, 286) EDGES 18188 BLOCKERS_THROUGH_6 3 ENUM_NODES 4540 ENUM_LEVELS (1, 6, 25, 89, 325, 1055, 3039)
D6_BLOCKER ANCHOR (80, 95, 252, 286) K (8, 88, 145, 168, 193, 240)
D6_BLOCKER ANCHOR (80, 95, 252, 286) K (85, 88, 145, 168, 193, 240)
D6_BLOCKER ANCHOR (80, 95, 252, 286) K (88, 145, 168, 170, 193, 240)
D6_ROW ANCHOR (80, 145, 252, 286) EDGES 20742 BLOCKERS_THROUGH_6 3 ENUM_NODES 3857 ENUM_LEVELS (1, 6, 24, 88, 291, 898, 2549)
D6_BLOCKER ANCHOR (80, 145, 252, 286) K (8, 88, 95, 168, 193, 240)
D6_BLOCKER ANCHOR (80, 145, 252, 286) K (85, 88, 95, 168, 193, 240)
D6_BLOCKER ANCHOR (80, 145, 252, 286) K (88, 95, 168, 170, 193, 240)
D6_ROW ANCHOR (80, 193, 252, 286) EDGES 17440 BLOCKERS_THROUGH_6 3 ENUM_NODES 3883 ENUM_LEVELS (1, 6, 26, 90, 283, 882, 2595)
D6_BLOCKER ANCHOR (80, 193, 252, 286) K (8, 88, 95, 145, 168, 240)
D6_BLOCKER ANCHOR (80, 193, 252, 286) K (85, 88, 95, 145, 168, 240)
D6_BLOCKER ANCHOR (80, 193, 252, 286) K (88, 95, 145, 168, 170, 240)
D6_ROW ANCHOR (85, 240, 252, 286) EDGES 21007 BLOCKERS_THROUGH_6 2 ENUM_NODES 4007 ENUM_LEVELS (1, 6, 25, 90, 301, 945, 2639)
D6_BLOCKER ANCHOR (85, 240, 252, 286) K (16, 88, 95, 145, 168, 193)
D6_BLOCKER ANCHOR (85, 240, 252, 286) K (80, 88, 95, 145, 168, 193)
D6_ROW ANCHOR (95, 240, 252, 286) EDGES 16634 BLOCKERS_THROUGH_6 5 ENUM_NODES 4020 ENUM_LEVELS (1, 6, 26, 91, 313, 972, 2611)
D6_BLOCKER ANCHOR (95, 240, 252, 286) K (8, 80, 88, 145, 168, 193)
D6_BLOCKER ANCHOR (95, 240, 252, 286) K (16, 85, 88, 145, 168, 193)
D6_BLOCKER ANCHOR (95, 240, 252, 286) K (16, 88, 145, 168, 170, 193)
D6_BLOCKER ANCHOR (95, 240, 252, 286) K (80, 85, 88, 145, 168, 193)
D6_BLOCKER ANCHOR (95, 240, 252, 286) K (80, 88, 145, 168, 170, 193)
D6_ROW ANCHOR (145, 240, 252, 286) EDGES 18130 BLOCKERS_THROUGH_6 5 ENUM_NODES 3780 ENUM_LEVELS (1, 6, 24, 89, 299, 899, 2462)
D6_BLOCKER ANCHOR (145, 240, 252, 286) K (8, 80, 88, 95, 168, 193)
D6_BLOCKER ANCHOR (145, 240, 252, 286) K (16, 85, 88, 95, 168, 193)
D6_BLOCKER ANCHOR (145, 240, 252, 286) K (16, 88, 95, 168, 170, 193)
D6_BLOCKER ANCHOR (145, 240, 252, 286) K (80, 85, 88, 95, 168, 193)
D6_BLOCKER ANCHOR (145, 240, 252, 286) K (80, 88, 95, 168, 170, 193)
D6_ROW ANCHOR (193, 240, 252, 286) EDGES 15729 BLOCKERS_THROUGH_6 5 ENUM_NODES 3659 ENUM_LEVELS (1, 6, 28, 92, 296, 867, 2369)
D6_BLOCKER ANCHOR (193, 240, 252, 286) K (8, 80, 88, 95, 145, 168)
D6_BLOCKER ANCHOR (193, 240, 252, 286) K (16, 85, 88, 95, 145, 168)
D6_BLOCKER ANCHOR (193, 240, 252, 286) K (16, 88, 95, 145, 168, 170)
D6_BLOCKER ANCHOR (193, 240, 252, 286) K (80, 85, 88, 95, 145, 168)
D6_BLOCKER ANCHOR (193, 240, 252, 286) K (80, 88, 95, 145, 168, 170)
D7_ROW ANCHOR (80, 85, 252, 286) EDGES 202280 TAU 7 COVER (8, 88, 95, 145, 168, 193, 240) NO_COVER_THROUGH_6_BY_BLOCKER_DESCENT True
D7_ROW ANCHOR (80, 95, 252, 286) EDGES 175101 TAU 7 COVER (8, 85, 88, 145, 168, 193, 240) NO_COVER_THROUGH_6_BY_BLOCKER_DESCENT True
D7_ROW ANCHOR (80, 145, 252, 286) EDGES 192626 TAU 7 COVER (8, 85, 88, 95, 168, 193, 240) NO_COVER_THROUGH_6_BY_BLOCKER_DESCENT True
D7_ROW ANCHOR (80, 193, 252, 286) EDGES 178835 TAU 7 COVER (8, 85, 88, 95, 145, 168, 240) NO_COVER_THROUGH_6_BY_BLOCKER_DESCENT True
D7_ROW ANCHOR (85, 240, 252, 286) EDGES 194302 TAU 7 COVER (8, 80, 88, 95, 145, 168, 193) NO_COVER_THROUGH_6_BY_BLOCKER_DESCENT True
D7_ROW ANCHOR (95, 240, 252, 286) EDGES 166779 TAU 7 COVER (8, 80, 85, 88, 145, 168, 193) NO_COVER_THROUGH_6_BY_BLOCKER_DESCENT True
D7_ROW ANCHOR (145, 240, 252, 286) EDGES 180334 TAU 7 COVER (8, 80, 85, 88, 95, 168, 193) NO_COVER_THROUGH_6_BY_BLOCKER_DESCENT True
D7_ROW ANCHOR (193, 240, 252, 286) EDGES 168585 TAU 7 COVER (8, 80, 85, 88, 95, 145, 168) NO_COVER_THROUGH_6_BY_BLOCKER_DESCENT True
BLOCKER_BODY 0 SELECTOR_PAIR (8, 80) LABELS (8, 80, 88, 95, 145, 168, 193, 240, 252, 286) PRESENTATIONS 6 D7_WITNESSES 243 FIRST_WITNESS (10, 15, 20, 42, 85, 143, 170)
BLOCKER_BODY 1 SELECTOR_PAIR (16, 85) LABELS (16, 85, 88, 95, 145, 168, 193, 240, 252, 286) PRESENTATIONS 4 D7_WITNESSES 439 FIRST_WITNESS (8, 10, 15, 20, 143, 176, 290)
BLOCKER_BODY 2 SELECTOR_PAIR (16, 170) LABELS (16, 88, 95, 145, 168, 170, 193, 240, 252, 286) PRESENTATIONS 3 D7_WITNESSES 736 FIRST_WITNESS (8, 10, 15, 20, 80, 85, 290)
BLOCKER_BODY 3 SELECTOR_PAIR (80, 85) LABELS (80, 85, 88, 95, 145, 168, 193, 240, 252, 286) PRESENTATIONS 8 D7_WITNESSES 278 FIRST_WITNESS (8, 10, 15, 16, 20, 132, 290)
BLOCKER_BODY 4 SELECTOR_PAIR (80, 170) LABELS (80, 88, 95, 145, 168, 170, 193, 240, 252, 286) PRESENTATIONS 6 D7_WITNESSES 514 FIRST_WITNESS (8, 10, 15, 16, 20, 85, 120)
WITNESS_PATTERN (1, 2, 3, 4) COUNT 27 EXAMPLE (8, 10, 15, 20, 143, 176, 290)
WITNESS_PATTERN (0, 2, 4) COUNT 5 EXAMPLE (10, 15, 20, 85, 120, 143, 176)
WITNESS_PATTERN (1, 2) COUNT 284 EXAMPLE (8, 10, 15, 80, 120, 143, 290)
WITNESS_PATTERN (1, 3) COUNT 11 EXAMPLE (8, 40, 120, 143, 170, 176, 190)
WITNESS_PATTERN (2, 4) COUNT 91 EXAMPLE (8, 10, 15, 20, 85, 120, 143)
WITNESS_PATTERN (3, 4) COUNT 172 EXAMPLE (8, 10, 15, 16, 20, 132, 290)
WITNESS_PATTERN (0,) COUNT 238 EXAMPLE (10, 15, 20, 42, 85, 143, 170)
WITNESS_PATTERN (1,) COUNT 117 EXAMPLE (8, 10, 42, 80, 170, 190, 290)
WITNESS_PATTERN (2,) COUNT 329 EXAMPLE (8, 10, 15, 20, 80, 85, 290)
WITNESS_PATTERN (3,) COUNT 68 EXAMPLE (8, 10, 16, 132, 170, 264, 290)
WITNESS_PATTERN (4,) COUNT 219 EXAMPLE (8, 10, 15, 16, 20, 85, 120)
BANK_REPAIR (8, 10, 15, 20, 143, 176, 290) BODY_PATTERN (1, 2, 3, 4) MASS 2912475704927/45602898541200 MARGIN 1894841703/5066988726800
BANK_REPAIR (10, 15, 20, 85, 120, 143, 176) BODY_PATTERN (0, 2, 4) MASS 2566056877/40320865200 MARGIN 18005831/120962595600
COMMON_ONE_REPAIR_BANK False EXPLICIT_TWO_REPAIR_BANK True
ZERO_ORIGINAL_BODY_UNION PRESENTATIONS 3230304 DISTINCT_BODIES 1138494 MULTIPLICITY_HISTOGRAM ((1, 262761), (2, 332137), (3, 204900), (4, 178178), (5, 59560), (6, 66399), (7, 13188), (8, 11229), (9, 6149), (10, 2666), (11, 658), (12, 493), (13, 140), (15, 36))
Q50_FOUR_DISJOINT_ORIGINAL_ANCHOR_SLICES 9758710
VERDICT PASS
