==========================================================================================
(A) F(k) iid/equidistribution CEILING (exact). mu(E) -> F(k) from below as spread->inf.
    This is the POSITIVE limit; if mu_min(k) descends to F(k), the floor is >= ... let's see.
==========================================================================================
   F( 4) =                342/343 = 0.997085
   F( 5) =              2325/2401 = 0.968347
   F( 6) =            15125/16807 = 0.899923
   F( 7) =            13443/16807 = 0.799845
   F( 8) =          563820/823543 = 0.684627
   F( 9) =        3279513/5764801 = 0.568886
   F(10) =      18645635/40353607 = 0.462056
   F(11) =    104174345/282475249 = 0.368791
   F(12) =   574246018/1977326743 = 0.290415
   F(13) = 3132376013/13841287201 = 0.226307

==========================================================================================
(B) moderate-spread trend lowest mu(13), caps 14,18,22,26 (fast). Drop below 5367/35035?
==========================================================================================
   spread<= 14: lowest mu(13) = 5367/35035 = 0.153190  spread=14  E=(0, 1, 2, 3, 4, 5, 6, 7, 8, 9, 12, 13, 14)
   spread<= 18: lowest mu(13) = 7037/59976 = 0.117330  DROP  spread=18  E=(0, 1, 2, 4, 6, 9, 11, 12, 13, 15, 16, 17, 18)
   spread<= 22: lowest mu(13) = 5316/51205 = 0.103818  DROP  spread=22  E=(0, 3, 7, 8, 9, 10, 11, 13, 15, 17, 18, 21, 22)
   spread<= 26: lowest mu(13) = 48859/520030 = 0.093954  DROP  spread=25  E=(0, 1, 5, 10, 14, 15, 17, 19, 20, 21, 23, 24, 25)

   F(13) = 3132376013/13841287201 = 0.226307  (the iid ceiling -- mu approaches this from below at large spread).

DONE.
