LRC14 reflected D<=5 and 4m>=3D wedge exact dependency assembly
universe=E subset {1,...,14},|E|=6;3003 bodies;q_e positive integers;m=min q_e;D=max q_e-min q_e
D0_D2=universal good-edge chromatic theorem:at most three level values
D3=3001 complete good graphs by pigeonhole plus two exceptional proper-four-colour rays
D4=3001 complete good graphs by pigeonhole plus two exceptional proper-word lanes;Delta<=2 is sharp
D5=head m=1..15 plus cross-determinant tail m>=16;all 3003 bodies
conclusion_1=every reflected THM-2941 residual packet with D<=5 closes for every m>=1
conclusion_2=bodywise bank closes 2442/3003 bodies for arbitrary positive reflected levels;561 bodies are uncovered
conclusion_3=every reflected THM-2941 residual packet with D>=6 and 4m>=3D closes
remaining_wedge=561 bank-uncovered bodies only;D>=6;1<=m<3D/4
logical_status=three conclusions are incomparable inputs to the final intersection;none is arbitrary k<=1 or physical-survivor classification
D5_head_counts=raw:7851600;crossdet:7835524;median_residual:16076
D5_residual_counts_by_m=(12985, 1511, 773, 427, 235, 53, 43, 23, 8, 9, 5, 2, 0, 0, 2)
body_partition=complete_good_graph:3001;exceptions:2;total:3003
arbitrary_level_partition=closed:2442;residual:561;total:3003
dependency=D0_D2_CHROMATIC;source_lf_sha256=a6f58c1a52dfc1fca61a239068dbe0b216bac41f1622b98748bc4a6d213fb6e8;output_lf_sha256=7364d5866171405fa90539a9ad76727c0c52f020ac1a104a1ab4f0276aedd115
dependency=NEAREST_LEVEL_TAIL;source_lf_sha256=c886867412f851c9a2ad75daf7d7533bee1fbd3617147c459ef226015f230564;output_lf_sha256=114ce28bd8a836dfd8d8155b93b37b9037f924d0df7dc532a376eb3f2bf190c0
dependency=D3_EXCEPTIONAL;source_lf_sha256=c69a1452514704c44ec5cc128a7606a0cf6f7cf600f83729b10cac46c7210616;output_lf_sha256=1b94bce5a9b5b907e1a48e29ce93a981061bff1f2f7473ef788d443ba2bf10e8
dependency=D4_EXCEPTIONAL;source_lf_sha256=1e8bd38e48acad3708f59e55f28a1f0c0dbe90073049a8c9c3ce0799ea3ce925;output_lf_sha256=f6100323574fc1f14cfc3ea326ee114a17cdf6b25c70add76802abe349f166dd
dependency=D5_TAIL;source_lf_sha256=1575b9fabec292bccf0bd639b47b3775922a1531e421b8e4441c6909cc2cedb7;output_lf_sha256=73e8242e68431bd42d3a39b40a8dd0cc6ae8f9e1439e80038a54835bedc3ac55
dependency=D5_HEAD;source_lf_sha256=c12b1a9f40c1a1d7e365589606dbe94009612d0e258806b3d02a4defb99bdf0e;output_lf_sha256=28f6bd514be62ea7061f39682f5bbb15252cde2fe43e54d80543acddcc3187fc
dependency=ARBITRARY_LEVEL_EDGE10;source_lf_sha256=cd2a4e84b2527f3fc7bf79980d2816ad207d770639fae9b42a1b9202d54cd2cd;output_lf_sha256=69fca67fbc57ef09e2ce1a13ea75ef754eba9c8e477a167cae67ee45e8501b7c
dependency=ARBITRARY_LEVEL_EDGE9;source_lf_sha256=b708f0fc3b5e89d9a17301201b112cadbfa68c279aebe08b9ae486611b273858;output_lf_sha256=3a2acc9fa52dc6cc6223d805395d7de1276d5b410dc840bdf7645af4a38ab699
dependency=ARBITRARY_LEVEL_EDGE8;source_lf_sha256=3f2552c7e316a6da821f8d78f859aa9d73b2d8b58081c0a31f8d233f37eec2f0;output_lf_sha256=90d42c1369532e4d31cfacbf4ddf455fa330075c878b414831e489eec32ecc2b
dependency=C4_CONE;source_lf_sha256=48a21cfd26c6250a317d37a59523012548204f7b217538d74a5c4b2e21b6f9ae;output_lf_sha256=fe4a949e68fe71fadab5068f688ac1b0d3aeb0c32b13d94a6d49bb2212342aa3
dependency=C3_CONE;source_lf_sha256=102ef691101bf8d00721e08e1b9b229c893fb532d06dc59959a26a31cb87cbe8;output_lf_sha256=e997189c3cebb693d9b04d56be088842a532cd6c95d8ba6db2dbc1377af93875
dependency=C2_FULL_CONE;source_lf_sha256=f7eb06c50b11fd810320146a2cded2590790fdbcf6db58cff2a358470fcfd0b6;output_lf_sha256=7449cb0ab6b969fa4653d98582423df262329e087cc73d8ea33499cb23ec8422
dependency=THREE_HALVES_CONE;source_lf_sha256=15bcd2d67b4867d1ac6380a10a3b9618d677b031ad4354729371ba77501b50e6;output_lf_sha256=7d7ad662745d170c2492e93bf296bdd0b15372ef2ca83aed82bda41770a1089d
dependency=FOUR_THIRDS_CONE;source_lf_sha256=0b8b01a184f5862c3a32598600988773bcbefdc26c63644cddf0884b18285c3e;output_lf_sha256=0377aaeb146553fe7c027a81ea3589045d01f50fe11aa79848d009a48c806fb9
dependency=ONE_CONE;source_lf_sha256=800395ae242860094fed3db9638a93ebc2faba7973558a3eaa51f3af62145200;output_lf_sha256=e63ee74f42d8f213196cf2907bbc25dc20b93a3e64b8a40aa85d5d81c8b11ee6
dependency=THREE_QUARTER_CONE;source_lf_sha256=85bb9bd1613abd5cd7a877958b5c89a10172a5034c37cae5cc0467bd8ba4c0d3;output_lf_sha256=451823bd9bb11ae4af5c1fb4675fba2f163d172c178eae26c4cd115eb945ba7c
semantic_sha256=9505b322825e5c5e767942413b462a3fd7c32ad297a9f6d36fb998f85d4ba405
source_lf_sha256=bf1ecb29c6df2f5e97dadb35a4d39be8d9db3b70678db487964ebbfaaf448aa6
normal_vs_python_O=BYTE_IDENTICAL
scope=PROVED+VERIFIED-EXACT only for the reflected THM-2941 sufficient family;LRC14 remains open
all_exact_controls=PASS
