====================================================================================================
PART 7a -- THE UNIVERSAL PAIR LEMMA: I_pair = theta^2 for every nonzero difference
====================================================================================================
  diff    1: I = 1/49 = 0.020408   (theta^2 = 0.020408)  OK
  diff    2: I = 1/49 = 0.020408   (theta^2 = 0.020408)  OK
  diff    3: I = 1/49 = 0.020408   (theta^2 = 0.020408)  OK
  diff    7: I = 1/49 = 0.020408   (theta^2 = 0.020408)  OK
  diff   13: I = 1/49 = 0.020408   (theta^2 = 0.020408)  OK
  diff   40: I = 1/49 = 0.020408   (theta^2 = 0.020408)  OK
  diff  183: I = 1/49 = 0.020408   (theta^2 = 0.020408)  OK

====================================================================================================
PART 7b -- TRIPLE ATOMS: I(0,p,q) for reduced patterns (weight table)
====================================================================================================
  pattern (0, 1, 2): I =             1/98 = 0.010204   (theta^3 = 0.002915, theta^2/2 = 0.010204)
  pattern (0, 1, 3): I =            1/147 = 0.006803   (theta^3 = 0.002915, theta^2/2 = 0.010204)
  pattern (0, 2, 3): I =            1/147 = 0.006803   (theta^3 = 0.002915, theta^2/2 = 0.010204)
  pattern (0, 1, 4): I =            1/196 = 0.005102   (theta^3 = 0.002915, theta^2/2 = 0.010204)
  pattern (0, 3, 4): I =            1/196 = 0.005102   (theta^3 = 0.002915, theta^2/2 = 0.010204)
  pattern (0, 1, 5): I =            1/245 = 0.004082   (theta^3 = 0.002915, theta^2/2 = 0.010204)
  pattern (0, 2, 5): I =            1/245 = 0.004082   (theta^3 = 0.002915, theta^2/2 = 0.010204)
  pattern (0, 1, 7): I =            1/343 = 0.002915   (theta^3 = 0.002915, theta^2/2 = 0.010204)
  pattern (0, 3, 7): I =            1/343 = 0.002915   (theta^3 = 0.002915, theta^2/2 = 0.010204)
  pattern (0, 1,13): I =          23/7644 = 0.003009   (theta^3 = 0.002915, theta^2/2 = 0.010204)
  pattern (0, 5,13): I =          15/5096 = 0.002943   (theta^3 = 0.002915, theta^2/2 = 0.010204)
  pattern (0, 7,13): I =            1/343 = 0.002915   (theta^3 = 0.002915, theta^2/2 = 0.010204)
  pattern (0,11,29): I =          13/4466 = 0.002911   (theta^3 = 0.002915, theta^2/2 = 0.010204)

====================================================================================================
PART 7c -- Sigma_3 per shape; Bonferroni B3 = 3/7 - Sigma_3 vs exact E[V]
====================================================================================================
  universal part 1 - 8th + 28th^2 = 3/7 = 0.428571
  AP_8                       Sigma_3 = 0.338581  B3 = +0.089990  exact E[V] = 0.250146  (B3 valid: True)
  near-AP one-swap 7->8      Sigma_3 = 0.334840  B3 = +0.093732  exact E[V] = 0.249441  (B3 valid: True)
  near-AP one-swap 7->13     Sigma_3 = 0.300355  B3 = +0.128216  exact E[V] = 0.255803  (B3 valid: True)
  parity interlace (M119)    Sigma_3 = 0.312112  B3 = +0.116459  exact E[V] = 0.254711  (B3 valid: True)
  two-block 4+4 far          Sigma_3 = 0.208432  B3 = +0.220139  exact E[V] = 0.287860  (B3 valid: True)
  single-far                 Sigma_3 = 0.291852  B3 = +0.136720  exact E[V] = 0.255305  (B3 valid: True)
  geometric                  Sigma_3 = 0.241359  B3 = +0.187213  exact E[V] = 0.265582  (B3 valid: True)
  Sidon (perfect diff)       Sigma_3 = 0.185821  B3 = +0.242750  exact E[V] = 0.285378  (B3 valid: True)
  dense-random               Sigma_3 = 0.209933  B3 = +0.218639  exact E[V] = 0.286493  (B3 valid: True)

====================================================================================================
PART 7d -- Sigma_4 at AP_8 and near-AP (expansion convergence, B4 sandwich)
====================================================================================================
  AP_8                       B3 = +0.089990 <= E[V] = 0.250146 <= B4 = +0.377259   (Sigma_4 = 0.287269)
  near-AP one-swap 7->8      B3 = +0.093732 <= E[V] = 0.249441 <= B4 = +0.369485   (Sigma_4 = 0.275753)
  Sidon (perfect diff)       B3 = +0.242750 <= E[V] = 0.285378 <= B4 = +0.308249   (Sigma_4 = 0.065499)

====================================================================================================
PART 7e -- IS Sigma_3 MAXIMIZED AT THE AP? (weighted-3AP extremality; jump descent)
====================================================================================================
  Sigma_3(AP_8) = 1742/5145 = 0.338581
  max Sigma_3 over 119 shapes: 0.338581 at [0, 1, 2, 3, 4, 5, 6, 7]
  (AP value 0.338581; AP IS the maximizer)
