deep well target 14/183 = 0.076503
sanity M(deep well)      = 14/183
====================================================================================

--- d=1-swap : 13 minimal-tightener covering families ---
  MIN M = 14/183 (~0.076503)  at [1, 2, 3, 4, 5, 6, 7, 8, 9, 10, 11, 12, 182]
  >= 14/183 ? True

--- d=2-swap : 106 minimal-tightener covering families ---
  MIN M = 7/89 (~0.078652)  at [1, 2, 3, 4, 5, 6, 7, 8, 9, 11, 13, 20, 84]
  >= 14/183 ? True

--- d=3-swap : 390 minimal-tightener covering families ---
  MIN M = 2/25 (~0.080000)  at [1, 2, 3, 4, 5, 6, 7, 9, 11, 13, 16, 20, 84]
  >= 14/183 ? True

--- d=4-swap : 888 minimal-tightener covering families ---
  MIN M = 2/23 (~0.086957)  at [1, 2, 3, 4, 5, 6, 7, 8, 9, 20, 22, 26, 84]
  >= 14/183 ? True

====================================================================================
GLOBAL MIN over d=1..4 minimal-tightener covering systems:
  M = 14/183 (~0.076503)  at [1, 2, 3, 4, 5, 6, 7, 8, 9, 10, 11, 12, 182]
  equals deep well 14/183 ? True
====================================================================================

The 15 SMALLEST-M covering families found (M, d-swap, family):
  M=      14/183 (~0.076503)  d=1  [1, 2, 3, 4, 5, 6, 7, 8, 9, 10, 11, 12, 182]
  M=        7/89 (~0.078652)  d=1  [1, 2, 3, 4, 5, 6, 7, 8, 9, 10, 11, 13, 84]
  M=        7/89 (~0.078652)  d=2  [1, 2, 3, 4, 5, 6, 7, 8, 9, 11, 13, 20, 84]
  M=        2/25 (~0.080000)  d=2  [1, 2, 3, 4, 5, 6, 7, 8, 9, 10, 11, 24, 182]
  M=        2/25 (~0.080000)  d=2  [1, 2, 3, 4, 5, 6, 7, 9, 10, 11, 13, 16, 84]
  M=        2/25 (~0.080000)  d=3  [1, 2, 3, 4, 5, 6, 7, 9, 11, 13, 16, 20, 84]
  M=        7/85 (~0.082353)  d=2  [1, 2, 3, 4, 5, 6, 7, 8, 9, 10, 11, 26, 84]
  M=        7/85 (~0.082353)  d=3  [1, 2, 3, 4, 5, 6, 7, 9, 10, 11, 16, 26, 84]
  M=      13/157 (~0.082803)  d=2  [1, 2, 3, 4, 5, 6, 7, 8, 9, 10, 11, 14, 156]
  M=        1/12 (~0.083333)  d=2  [1, 2, 3, 4, 5, 6, 7, 8, 9, 10, 12, 22, 182]
  M=        2/23 (~0.086957)  d=1  [1, 2, 3, 4, 5, 7, 8, 9, 10, 11, 12, 13, 14]
  M=        2/23 (~0.086957)  d=2  [1, 2, 3, 4, 5, 6, 7, 8, 10, 11, 13, 18, 84]
  M=        2/23 (~0.086957)  d=2  [1, 2, 3, 4, 5, 7, 8, 10, 11, 12, 13, 14, 18]
  M=        2/23 (~0.086957)  d=2  [1, 2, 3, 4, 5, 7, 8, 9, 11, 12, 13, 14, 20]
  M=        2/23 (~0.086957)  d=2  [1, 2, 3, 4, 5, 7, 9, 10, 11, 12, 13, 14, 16]

DONE
