================================================================================================
THE EXACT CLOSED-FORM DEGREE-3 COVERING FLOOR (sharpens THM-660 PZ, within THM-661)
  D3(E) = E[W]/M + (E[W]-E[W^2]/M)^2/(E[W^2]-E[W^3]/M),  M=6/7,  optimal deg-3 poly
  p(t)=1-(1-t/r*)^2(1-t/M),  r*=(E[W^2]-E[W^3]/M)/(E[W]-E[W^2]/M)  -- exact, no LP
================================================================================================
    k        bar     PZ=B_2  PZ margin         D3  D3 margin      gain
    8   0.675025   0.573961  -0.101063   0.675608  +0.000583 +0.101647  r* in (0,M]
    9   0.562231   0.480870  -0.081361   0.567746  +0.005515 +0.086876  r* in (0,M]
   10   0.452092   0.410897  -0.041195   0.485166  +0.033074 +0.074269  r* in (0,M]
   11   0.331212   0.347098  +0.015886   0.404751  +0.073538 +0.057652  r* in (0,M]
   12   0.199344   0.308028  +0.108684   0.358375  +0.159030 +0.050346  r* in (0,M]
   13   0.056487   0.272045  +0.215558   0.313920  +0.257433 +0.041875  r* in (0,M]

  NOTE: mac-mini's THM-661 clears k=8,9,10 with degree-4 (D3 for the block also clears
  k=10 at +0.101; k=8,9 need degree 4).  The DELTA here is the binding k=11 leg:
  degree-2 PZ margin +0.0159 (razor-thin) -> exact closed-form degree-3 +0.0735 (4.6x).

================================================================================================
EXHAUSTIVE k=11: the block is the exact D3-minimizer over the compact regime
================================================================================================
  diam  10:     1 shapes, min D3 = 0.404751 margin +0.07354  CLEARS
  diam  11:    10 shapes, min D3 = 0.438060 margin +0.10685  CLEARS
  diam  12:    55 shapes, min D3 = 0.410983 margin +0.07977  CLEARS
  diam  13:   220 shapes, min D3 = 0.464201 margin +0.13299  CLEARS
  diam  14:   715 shapes, min D3 = 0.435365 margin +0.10415  CLEARS

  EXHAUSTIVE min D3 (k=11, diam 10..14) = 54912120381817/135668932727076
    = 0.404751 at [0, 1, 2, 3, 4, 5, 6, 7, 8, 9, 10], margin +0.07354 (vs PZ min 0.346788 +0.0156)
  => the binding k=11 leg clears the honest bar by +0.0735 at degree 3,
     block-minimized, exact rational -- the thin PZ margin is comfortably thickened.
