patterns=[(1, 2), (1, 4), (1, 8), (1, 10), (2, 5), (2, 7), (2, 11), (4, 5), (4, 7), (5, 8)]
pattern=(1,2,1) max=6/77 maximizers=[(Fraction(6, 77), (1, 5, 11), [(Fraction(6, 77), 1, 5, 11, -1, 1), (Fraction(6, 77), 11, 5, 1, 1, -1)])] cutoff=80 ceiling=229/2940 presentations=26 triples=13
top5=[(Fraction(6, 77), (1, 5, 11), [(Fraction(6, 77), 1, 5, 11, -1, 1), (Fraction(6, 77), 11, 5, 1, 1, -1)]), (Fraction(12, 161), (1, 11, 23), [(Fraction(12, 161), 1, 11, 23, -1, 1), (Fraction(12, 161), 23, 11, 1, 1, -1)]), (Fraction(24, 343), (1, 25, 49), [(Fraction(24, 343), 1, 25, 49, 1, 1), (Fraction(24, 343), 49, 25, 1, 1, 1)]), (Fraction(12, 175), (1, 13, 25), [(Fraction(12, 175), 1, 13, 25, 1, 1), (Fraction(12, 175), 25, 13, 1, 1, 1)]), (Fraction(22, 329), (1, 23, 47), [(Fraction(22, 329), 1, 23, 47, -1, 1), (Fraction(22, 329), 47, 23, 1, 1, -1)])]
pattern=(1,4,1) max=12/301 maximizers=[(Fraction(12, 301), (1, 11, 43), [(Fraction(12, 301), 1, 11, 43, 1, 1), (Fraction(12, 301), 43, 11, 1, 1, 1)])] cutoff=289 ceiling=3385/84966 presentations=62 triples=31
top5=[(Fraction(12, 301), (1, 11, 43), [(Fraction(12, 301), 1, 11, 43, 1, 1), (Fraction(12, 301), 43, 11, 1, 1, 1)]), (Fraction(12, 329), (5, 13, 47), [(Fraction(12, 329), 5, 13, 47, 1, 1), (Fraction(12, 329), 47, 13, 5, 1, 1)]), (Fraction(12, 343), (5, 11, 49), [(Fraction(12, 343), 5, 11, 49, -1, 1), (Fraction(12, 343), 49, 11, 5, 1, -1)]), (Fraction(4, 115), (5, 7, 23), [(Fraction(4, 115), 5, 7, 23, 1, 1), (Fraction(4, 115), 23, 7, 5, 1, 1)]), (Fraction(62, 1813), (7, 11, 37), [(Fraction(62, 1813), 7, 11, 37, 1, 1), (Fraction(62, 1813), 37, 11, 7, 1, 1)])]
pattern=(1,8,1) max=6/287 maximizers=[(Fraction(6, 287), (1, 5, 41), [(Fraction(6, 287), 1, 5, 41, -1, 1), (Fraction(6, 287), 41, 5, 1, 1, -1)])] cutoff=953 ceiling=11713/560364 presentations=116 triples=58
top5=[(Fraction(6, 287), (1, 5, 41), [(Fraction(6, 287), 1, 5, 41, -1, 1), (Fraction(6, 287), 41, 5, 1, 1, -1)]), (Fraction(12, 581), (5, 11, 83), [(Fraction(12, 581), 5, 11, 83, 1, 1), (Fraction(12, 581), 83, 11, 5, 1, 1)]), (Fraction(12, 623), (1, 11, 89), [(Fraction(12, 623), 1, 11, 89, -1, 1), (Fraction(12, 623), 89, 11, 1, 1, -1)]), (Fraction(6, 329), (5, 7, 47), [(Fraction(6, 329), 7, 5, 47, -1, 1), (Fraction(6, 329), 47, 5, 7, 1, -1)]), (Fraction(12, 665), (7, 11, 95), [(Fraction(12, 665), 7, 11, 95, -1, 1), (Fraction(12, 665), 95, 11, 7, 1, -1)])]
pattern=(1,10,1) max=6/343 maximizers=[(Fraction(6, 343), (1, 5, 49), [(Fraction(6, 343), 1, 5, 49, 1, 1), (Fraction(6, 343), 49, 5, 1, 1, 1)])] cutoff=1271 ceiling=16339/934185 presentations=130 triples=65
top5=[(Fraction(6, 343), (1, 5, 49), [(Fraction(6, 343), 1, 5, 49, 1, 1), (Fraction(6, 343), 49, 5, 1, 1, 1)]), (Fraction(12, 721), (7, 11, 103), [(Fraction(12, 721), 7, 11, 103, 1, 1), (Fraction(12, 721), 103, 11, 7, 1, 1)]), (Fraction(12, 763), (1, 11, 109), [(Fraction(12, 763), 1, 11, 109, 1, 1), (Fraction(12, 763), 109, 11, 1, 1, 1)]), (Fraction(12, 805), (5, 11, 115), [(Fraction(12, 805), 5, 11, 115, -1, 1), (Fraction(12, 805), 115, 11, 5, 1, -1)]), (Fraction(6, 413), (7, 11, 59), [(Fraction(6, 413), 11, 7, 59, 1, 1), (Fraction(6, 413), 59, 7, 11, 1, 1)])]
pattern=(2,5,1) max=12/371 maximizers=[(Fraction(12, 371), (1, 11, 53), [(Fraction(12, 371), 1, 11, 53, 1, 1)])] cutoff=425 ceiling=404/12495 presentations=75 triples=75
top5=[(Fraction(12, 371), (1, 11, 53), [(Fraction(12, 371), 1, 11, 53, 1, 1)]), (Fraction(12, 385), (5, 23, 55), [(Fraction(12, 385), 55, 23, 5, 1, 1)]), (Fraction(12, 385), (5, 13, 55), [(Fraction(12, 385), 5, 13, 55, 1, 1)]), (Fraction(10, 329), (1, 19, 47), [(Fraction(10, 329), 47, 19, 1, 1, 1)]), (Fraction(12, 413), (7, 25, 59), [(Fraction(12, 413), 59, 25, 7, 1, 1)])]
pattern=(2,7,1) max=12/469 maximizers=[(Fraction(12, 469), (1, 19, 67), [(Fraction(12, 469), 67, 19, 1, 1, -1)])] cutoff=577 ceiling=15188/593733 presentations=75 triples=74
top5=[(Fraction(12, 469), (1, 19, 67), [(Fraction(12, 469), 67, 19, 1, 1, -1)]), (Fraction(6, 259), (1, 5, 37), [(Fraction(6, 259), 1, 5, 37, -1, 1)]), (Fraction(12, 539), (7, 23, 77), [(Fraction(12, 539), 77, 23, 7, 1, 1)]), (Fraction(12, 539), (7, 13, 77), [(Fraction(12, 539), 7, 13, 77, 1, 1)]), (Fraction(12, 553), (1, 11, 79), [(Fraction(12, 553), 1, 11, 79, -1, 1)])]
pattern=(2,11,1) max=6/371 maximizers=[(Fraction(6, 371), (1, 5, 53), [(Fraction(6, 371), 1, 5, 53, 1, 1)])] cutoff=1455 ceiling=38048/2352735 presentations=132 triples=131
top5=[(Fraction(6, 371), (1, 5, 53), [(Fraction(6, 371), 1, 5, 53, 1, 1)]), (Fraction(58, 3745), (5, 19, 107), [(Fraction(58, 3745), 107, 19, 5, 1, -1)]), (Fraction(76, 5243), (7, 11, 107), [(Fraction(76, 5243), 7, 11, 107, 1, 1)]), (Fraction(12, 833), (1, 11, 119), [(Fraction(12, 833), 1, 11, 119, 1, 1)]), (Fraction(12, 847), (11, 23, 121), [(Fraction(12, 847), 121, 23, 11, 1, 1)])]
pattern=(4,5,1) max=82/2597 maximizers=[(Fraction(82, 2597), (7, 41, 53), [(Fraction(82, 2597), 53, 41, 7, 1, -1)]), (Fraction(82, 2597), (5, 7, 53), [(Fraction(82, 2597), 7, 5, 53, -1, 1)])] cutoff=471 ceiling=10928/346185 presentations=84 triples=84
top5=[(Fraction(82, 2597), (7, 41, 53), [(Fraction(82, 2597), 53, 41, 7, 1, -1)]), (Fraction(82, 2597), (5, 7, 53), [(Fraction(82, 2597), 7, 5, 53, -1, 1)]), (Fraction(12, 385), (5, 43, 55), [(Fraction(12, 385), 55, 43, 5, 1, -1)]), (Fraction(12, 385), (5, 7, 55), [(Fraction(12, 385), 5, 7, 55, -1, 1)]), (Fraction(6, 203), (1, 23, 29), [(Fraction(6, 203), 29, 23, 1, 1, -1)])]
pattern=(4,7,1) max=12/497 maximizers=[(Fraction(12, 497), (5, 13, 71), [(Fraction(12, 497), 5, 13, 71, 1, 1)])] cutoff=702 ceiling=8719/361179 presentations=97 triples=97
top5=[(Fraction(12, 497), (5, 13, 71), [(Fraction(12, 497), 5, 13, 71, 1, 1)]), (Fraction(12, 511), (5, 41, 73), [(Fraction(12, 511), 73, 41, 5, 1, -1)]), (Fraction(12, 511), (1, 11, 73), [(Fraction(12, 511), 1, 11, 73, 1, 1)]), (Fraction(12, 539), (7, 43, 77), [(Fraction(12, 539), 77, 43, 7, 1, -1)]), (Fraction(36, 1841), (1, 37, 263), [(Fraction(36, 1841), 1, 37, 263, -1, 1)])]
pattern=(5,8,1) max=58/2765 maximizers=[(Fraction(58, 2765), (5, 13, 79), [(Fraction(58, 2765), 5, 13, 79, 1, 1)])] cutoff=941 ceiling=11605/553308 presentations=117 triples=116
top5=[(Fraction(58, 2765), (5, 13, 79), [(Fraction(58, 2765), 5, 13, 79, 1, 1)]), (Fraction(12, 581), (1, 11, 83), [(Fraction(12, 581), 1, 11, 83, 1, 1)]), (Fraction(12, 595), (1, 53, 85), [(Fraction(12, 595), 85, 53, 1, 1, -1)]), (Fraction(12, 623), (5, 55, 89), [(Fraction(12, 623), 89, 55, 5, 1, -1)]), (Fraction(26, 1435), (5, 25, 41), [(Fraction(26, 1435), 41, 25, 5, 1, -1)])]
small-product overlap (1, 4)<->(5, 8): [(1, 7, 11)]
small-product overlap (1, 8)<->(2, 5): [(1, 5, 13)]
small-product overlap (1, 8)<->(4, 7): [(1, 5, 13), (1, 11, 19)]
small-product overlap (1, 10)<->(2, 5): [(1, 7, 17)]
small-product overlap (1, 10)<->(4, 7): [(1, 13, 23)]
small-product overlap (2, 5)<->(4, 7): [(1, 5, 13), (5, 7, 11)]
small-product overlap (2, 7)<->(2, 11): [(1, 7, 25)]
small-product overlap (2, 7)<->(5, 8): [(1, 5, 17), (7, 11, 19)]
small-product overlap (2, 11)<->(5, 8): [(5, 7, 31), (7, 19, 29)]
PASS
