LRC14 projected k=3 z1=306 and z1=302 all-label ray/status descent closure
ray_engine_sha256=6ff8676255d51d818d7c24102a8fc755e673544f0ac6b99be4bfc262c892df1e
body_atlas_source_sha256=2af6d96882f336a409a8657070ed76a75c09a53b3789101b83103b051e864ded
body_atlas_output_sha256=cee82237ce1f51729813b9c916edd3353204c18172abe1d71278dee2c5562eda
z312_terminal_source_sha256=a5bec8e5c0ca8a2ca7650f0b577e085c00e90d5b52ba94a6b0555fa164d34a75
z312_terminal_output_sha256=4b704cfc44024a240bb068faf00069546d6b81670c4822cd8cabe5d96fe8ae07
scope=2 exact z306 bodies plus 9 exact z302 bodies;inherited projected high-label obligation (first itself may clear the wall);no finite label horizon
ray_law=(z+L)delta(z+L)=zdelta(z);A(L-b)=-A(b);all denominator maxima attained
pair_overlap_exhaustive_controls=946
common_table_controls=coverable positive instance accepted;incompatible hostile instance rejected
level_totals={306: (9, 0, 9, 0), 302: (32, 2, 30, 0)}
totals=states:41;crude_kills:2;status_kills:39;survivors:0
status_M_histogram={3: 1, 5: 9, 6: 8, 7: 21}
z1=306;E=(1, 4, 8, 10, 12, 14);h=1049/2940;r=34;L=11760;high=1159;d1=1960;ray_checks=11759;ray_signs={-1: 5879, 0: 1, 1: 5879};denominator_classes=59;denominator_trials=35990;states=1;crude_kills=0;status_kills=1;survivors=0;status_M={3: 1};max_state=((196, 420, 490, 1960), {'labels': (306, 1500, 364, 312), 'total': Fraction(1006592, 85278375), 'excess': Fraction(13943, 341113500)});partition_sha256=50e692f1c229a8ab9474ff7b4136d04a2d9239e895622e5bfddd150e63f2bacc;certificate_sha256=fb9cb59c80430a00cffe35a8c558ceb56f03f6fdb9267176377581dbcbe7ea26;min_exact_farkas_contradiction=-1
z1=306;E=(2, 4, 8, 10, 12, 14);h=281/735;r=36;L=11760;high=1159;d1=1960;ray_checks=11759;ray_signs={-1: 5879, 0: 1, 1: 5879};denominator_classes=59;denominator_trials=35990;states=8;crude_kills=0;status_kills=8;survivors=0;status_M={5: 4, 7: 4};max_state=((168, 196, 420, 1960), {'labels': (306, 350, 1500, 364), 'total': Fraction(1476023, 113704500), 'excess': Fraction(42923, 113704500)});partition_sha256=7798179029efcd3264b1c958d3a3603bd5f61ff6ec440baf91650936fbe8bcfa;certificate_sha256=38cf717ef44e0e0d7d08eb355f76513b4d863d3d4cdb9c63f7f80f2adcf0666f;min_exact_farkas_contradiction=-1
z1=302;E=(1, 3, 4, 8, 10, 12);h=167/420;r=24;L=1680;high=166;d1=840;ray_checks=1679;ray_signs={-1: 839, 0: 1, 1: 839};denominator_classes=39;denominator_trials=10660;states=1;crude_kills=1;status_kills=0;survivors=0;status_M={};max_state=((70, 84, 140, 840), {'labels': (302, 312, 380, 324), 'total': Fraction(39051071, 2960635860), 'excess': Fraction(60527, 740158965)});partition_sha256=ad702875b5f0cf7b411dfe29fab990288c79840b7e9f6a3752afdc75ddd0b7ba;certificate_sha256=e3b0c44298fc1c149afbf4c8996fb92427ae41e4649b934ca495991b7852b855;min_exact_farkas_contradiction=None
z1=302;E=(1, 4, 6, 8, 12, 14);h=83/196;r=26;L=2352;high=232;d1=1176;ray_checks=2351;ray_signs={-1: 1172, 0: 7, 1: 1172};denominator_classes=29;denominator_trials=4495;states=1;crude_kills=1;status_kills=0;survivors=0;status_M={};max_state=((56, 84, 168, 1176), {'labels': (302, 378, 364, 350), 'total': Fraction(26017237, 1817934300), 'excess': Fraction(159478, 454483575)});partition_sha256=7d96e67c47f7b01368c2e9345832d2255b8a0e732e98ab287dec508ddb53a038;certificate_sha256=e3b0c44298fc1c149afbf4c8996fb92427ae41e4649b934ca495991b7852b855;min_exact_farkas_contradiction=None
z1=302;E=(1, 4, 8, 10, 12, 14);h=1049/2940;r=34;L=11760;high=1159;d1=5880;ray_checks=11759;ray_signs={-1: 5879, 0: 1, 1: 5879};denominator_classes=59;denominator_trials=35990;states=4;crude_kills=0;status_kills=4;survivors=0;status_M={6: 3, 7: 1};max_state=((196, 420, 490, 5880), {'labels': (302, 1500, 364, 312), 'total': Fraction(3029192, 252490875), 'excess': Fraction(236843, 1009963500)});partition_sha256=58975cc11c4e06affd81e211d7161037bf4c45c334ddd3184029c88db893e734;certificate_sha256=62a0a71a47dd258da64c454a74a12e1939c33aef396449da155537f78f68e751;min_exact_farkas_contradiction=-1
z1=302;E=(2, 4, 6, 8, 10, 14);h=281/735;r=32;L=11760;high=1159;d1=5880;ray_checks=11759;ray_signs={-1: 5879, 0: 1, 1: 5879};denominator_classes=59;denominator_trials=35990;states=1;crude_kills=0;status_kills=1;survivors=0;status_M={7: 1};max_state=((168, 420, 840, 5880), {'labels': (302, 350, 364, 1358), 'total': Fraction(247783643, 19593291900), 'excess': Fraction(835223, 19593291900)});partition_sha256=de624fa8d474e558a8e0d4c729cc06fa58056c25938d805c94baaf5debc55544;certificate_sha256=4ac11b1e4b41bd3c90d9e6c7289b5c9aad9fd74e3cf135d0204510d4edf60b09;min_exact_farkas_contradiction=-1
z1=302;E=(2, 4, 6, 8, 12, 14);h=22/49;r=28;L=2352;high=232;d1=1176;ray_checks=2351;ray_signs={-1: 1168, 0: 15, 1: 1168};denominator_classes=29;denominator_trials=4495;states=5;crude_kills=0;status_kills=5;survivors=0;status_M={6: 1, 7: 4};max_state=((56, 84, 168, 1176), {'labels': (302, 378, 364, 350), 'total': Fraction(3227803, 201992700), 'excess': Fraction(238003, 201992700)});partition_sha256=d70672a862f59feb229d706c21feab9cc9951b216faf09a0e87ee12bfbceff5b;certificate_sha256=059298a0d247d6052a211e72f8df1df60178b781e654cc4f3a141a9252550269;min_exact_farkas_contradiction=-1
z1=302;E=(2, 4, 6, 9, 12, 14);h=64/147;r=28;L=3528;high=348;d1=1764;ray_checks=3527;ray_signs={-1: 1760, 0: 7, 1: 1760};denominator_classes=35;denominator_trials=7770;states=2;crude_kills=0;status_kills=2;survivors=0;status_M={6: 2};max_state=((28, 98, 252, 1764), {'labels': (302, 378, 324, 350), 'total': Fraction(3049979, 209761650), 'excess': Fraction(510527, 2726901450)});partition_sha256=bc5e6578910263bf493e9b5c6bb1100c9659388465566261169c2a004606f7d3;certificate_sha256=5688cb2202956fb6c053a28ea99acb9fd18393b7d39d4d685ac2939776bf1656;min_exact_farkas_contradiction=-1
z1=302;E=(2, 4, 6, 10, 12, 14);h=199/490;r=32;L=5880;high=580;d1=2940;ray_checks=5879;ray_signs={-1: 2934, 0: 11, 1: 2934};denominator_classes=47;denominator_trials=18424;states=3;crude_kills=0;status_kills=3;survivors=0;status_M={6: 2, 7: 1};max_state=((84, 98, 210, 2940), {'labels': (302, 350, 660, 364), 'total': Fraction(1370851, 100996350), 'excess': Fraction(9323, 50498175)});partition_sha256=bbec67b4358b1c24ce9ec17d3aa8b31d72c3981977acfdbfad38f6f81d7e3d72;certificate_sha256=113d81d8e5e23cfa84303e9ce05f187ec4ace877941046877049a428b7c20adc;min_exact_farkas_contradiction=-1
z1=302;E=(2, 4, 8, 10, 12, 14);h=281/735;r=36;L=11760;high=1159;d1=5880;ray_checks=11759;ray_signs={-1: 5879, 0: 1, 1: 5879};denominator_classes=59;denominator_trials=35990;states=8;crude_kills=0;status_kills=8;survivors=0;status_M={5: 4, 7: 4};max_state=((168, 196, 420, 5880), {'labels': (302, 350, 1500, 364), 'total': Fraction(13095569, 1009963500), 'excess': Fraction(366269, 1009963500)});partition_sha256=e108899554e161f085d9a162a15703ac3e1a8e4a1305996719d97902ee67186a;certificate_sha256=0f6093e0687a6baab9b28f5117b02596461f1052c79c2f091d943cb4b3a7b652;min_exact_farkas_contradiction=-1
z1=302;E=(2, 6, 8, 10, 12, 14);h=363/980;r=36;L=11760;high=1159;d1=5880;ray_checks=11759;ray_signs={-1: 5877, 0: 5, 1: 5877};denominator_classes=59;denominator_trials=35990;states=7;crude_kills=0;status_kills=7;survivors=0;status_M={5: 1, 7: 6};max_state=((280, 420, 840, 5880), {'labels': (302, 378, 364, 1358), 'total': Fraction(440869217, 35267925420), 'excess': Fraction(2550869, 8816981355)});partition_sha256=8e67ae57f69e8ea7ca1493b44d2d4dd5fca6bcc294e4c10a5b6ef145b4b44fc3;certificate_sha256=31b7a2a9a222f404c582f1c678a0e42e92d75b0905ebbbe6757ec797de48514d;min_exact_farkas_contradiction=-1
representative_exact_farkas=((306, (1, 4, 8, 10, 12, 14)), (196, 420, 490, 1960), (1960, 3, (280, 840, 280, 280), (0, 1, 3), ((0, 456), (1, 520), (2, 804), (3, 180)), ((1, 2, 3), (Fraction(0, 1), Fraction(1, 144), Fraction(0, 1)), (Fraction(0, 1), Fraction(1, 144), Fraction(0, 1), Fraction(1, 144), Fraction(1, 144)))), (Fraction(0, 1), Fraction(0, 1), Fraction(0, 1), Fraction(0, 1), Fraction(0, 1), Fraction(1, 144), Fraction(0, 1), Fraction(1, 144), Fraction(0, 1), Fraction(1, 144), Fraction(0, 1), Fraction(1, 144), Fraction(1, 144), Fraction(1, 72), Fraction(1, 144), Fraction(1, 72)), Fraction(-1, 1))
independent_exact_farkas_checks=39/39:PASS
atlas_gaps=303..305 empty;299..301 empty;next occupied height298 with12 bodies
conclusion=all projected k3 rows at z1=306 and z1=302 are empty;projected k3 cap<=298;next exact frontier=298
semantic_sha256=3f7f8633875d1011671260abdc2dcac23c14ee4489d72b9e24f6f084ea9ee612
all_exact_controls=PASS
