============================================================================================
(1) DUAL FEASIBILITY  g(t)=sum_r y_r C(t,r) >= 1[t=0]  for t=0..6   (PROVES per-E bound)
============================================================================================
  k=8: g(t) for t=0..6 = ['1', '0', '0', '1/10', '0', '0', '1']   feasible=True
  k=9: g(t) for t=0..6 = ['1', '5/18', '0', '0', '1/9', '1/6', '0']   feasible=True
  k=10: g(t) for t=0..6 = ['1', '5/18', '0', '0', '1/9', '1/6', '0']   feasible=True
  k=11: g(t) for t=0..6 = ['1', '1/2', '1/6', '0', '0', '1/6', '1/2']   feasible=True
  k=12: g(t) for t=0..6 = ['1', '1/2', '1/6', '0', '0', '1/6', '1/2']   feasible=True
  k=13: g(t) for t=0..6 = ['1', '1/2', '1/6', '0', '0', '1/6', '1/2']   feasible=True
  -> All duals feasible: meas(S7(E)) <= L_y(E) holds for EVERY offset set E. PROVED.

============================================================================================
(2) CONSEC is certified:  L_y(consec_k) <= cap_k  (exact)
============================================================================================
  k=8: meas(S7)=0.32721 <= L_y(consec)=0.35823 = 2633/7350 <= cap_k=0.38146  OK
  k=9: meas(S7)=0.41616 <= L_y(consec)=0.49288 = 26083/52920 <= cap_k=0.49426  OK
  k=10: meas(S7)=0.50448 <= L_y(consec)=0.57008 = 45253/79380 <= cap_k=0.60440  OK
  k=11: meas(S7)=0.58146 <= L_y(consec)=0.68305 = 12049/17640 <= cap_k=0.72527  OK
  k=12: meas(S7)=0.62411 <= L_y(consec)=0.71417 = 118781/166320 <= cap_k=0.85714  OK
  k=13: meas(S7)=0.67593 <= L_y(consec)=0.74888 = 871879/1164240 <= cap_k=1.00000  OK

============================================================================================
(3) Does CONSEC maximize the scalar functional L_y(E)?  brute force, bounded spread.
    If max L_y over the window == L_y(consec), certificate closes k on that window.
============================================================================================
