LRC14 k-aligned geometric largest-drift constrained suffix scan
independent_source_sha256=5d25a955fe184d6c1a3d8b632b4bbf901dc996ee46ad67c5748836fcc7134404
support_sha256=5482e10635ecf72840bc0c083360fd7ddad65c2885d743820061bcba58cd5609
universe=(six_body_roots=3003,body_labels=1..14,external_drifts>=15,drift_mod_L_nonzero,k=2..6)
exact_horizon=7000
fullcell_wall=max(15,floor(kL/[14(14-k)])+1)
projected_wall=max(15,floor(alpha_k L)+1);alpha=(k2:13/150,k3:13/132,k4:2366/21875,k5:2275/18627,k6:819/5936)
omitted_tail=delta(w)<=6r/(49w);ordinary omitted slots start H+1;forced-high slot starts max(H+1,largest_floor)
k=2;drifts=5;candidate_first_rows=9787617;baseline_surviving_first_rows=2537423;baseline_max_first=2340
  mode=fullcell;surviving_first_rows=2463393;max_first=2340;frontier_rows=1
    FRONTIER;E=1,8,10,12,13,14;h=811/2548;r=38;L=152880;analytic_cap=6651;largest_floor=1821;z1=2340;delta1=149/160524;suffix=TAIL-0:228/343049,TAIL-1:228/343049,TAIL-2:228/343049,TAIL-3:228/343049;lower=811/231868;upper=4030861/1123828524;gap=92921/1043555058
  mode=projected;surviving_first_rows=2239853;max_first=2142;frontier_rows=1
    FRONTIER;E=1,4,8,10,12,14;h=1049/2940;r=34;L=11760;analytic_cap=5309;largest_floor=1020;z1=2142;delta1=821/1049580;suffix=2172:263/310415,2534:2911/3724980,3180:279/363580,2396:9419/12327420;lower=1049/267540;upper=5944239779/1507775985765;gap=336828043/15680870251956
k=3;drifts=4;candidate_first_rows=2578195;baseline_surviving_first_rows=498150;baseline_max_first=432
  mode=fullcell;surviving_first_rows=419380;max_first=410;frontier_rows=2
    FRONTIER;E=1,4,8,10,12,14;h=1049/2940;r=34;L=11760;analytic_cap=1415;largest_floor=230;z1=410;delta1=2687/843780;suffix=492:2981/843780,574:2351/843780,432:499/185220;lower=1049/89180;upper=9263/759402;gap=42947/98722260
    FRONTIER;E=2,4,8,10,12,14;h=281/735;r=36;L=11760;analytic_cap=1399;largest_floor=230;z1=410;delta1=157/42189;suffix=492:1423/421890,574:659/210945,560:13/5145;lower=281/22295;upper=5377/421890;gap=155/1096914
  mode=projected;surviving_first_rows=376020;max_first=380;frontier_rows=1
    FRONTIER;E=1,4,8,10,12,14;h=1049/2940;r=34;L=11760;analytic_cap=1415;largest_floor=1159;z1=380;delta1=1531/391020;suffix=1500:237/171500,492:2981/843780,410:2687/843780;lower=1049/89180;upper=401287/33399625;gap=437649/1736780500
k=4;drifts=3;candidate_first_rows=1460123;baseline_surviving_first_rows=229638;baseline_max_first=260
  mode=fullcell;surviving_first_rows=112301;max_first=208;frontier_rows=2
    FRONTIER;E=1,2,8,10,12,14;h=1049/2940;r=34;L=11760;analytic_cap=811;largest_floor=337;z1=208;delta1=899/133770;suffix=364:292/66885,260:1189/267540;lower=17833/1159340;upper=277/17836;gap=43/289835
    FRONTIER;E=1,4,8,10,12,14;h=1049/2940;r=34;L=11760;analytic_cap=811;largest_floor=337;z1=208;delta1=899/133770;suffix=364:1273/267540,260:1483/267540;lower=17833/1159340;upper=759/44590;gap=1901/1159340
  mode=projected;surviving_first_rows=87975;max_first=182;frontier_rows=76
    FRONTIER;E=1,2,4,6,8,14;h=64/147;r=22;L=2352;analytic_cap=430;largest_floor=255;z1=182;delta1=134/13377;suffix=364:17/4116,216:29/6174;lower=1088/57967;upper=3025/160524;gap=157/2086812
    FRONTIER;E=1,2,4,8,12,14;h=64/147;r=26;L=2352;analytic_cap=508;largest_floor=255;z1=182;delta1=134/13377;suffix=364:263/53508,208:347/53508;lower=1088/57967;upper=191/8918;gap=307/115934
    FRONTIER;E=1,2,4,10,12,14;h=577/1470;r=30;L=5880;analytic_cap=651;largest_floor=636;z1=182;delta1=1319/133770;suffix=660:31/11319,220:37/7546;lower=9809/579670;upper=12877/735735;gap=2221/3825822
    FRONTIER;E=1,2,6,8,12,14;h=83/196;r=26;L=2352;analytic_cap=523;largest_floor=255;z1=182;delta1=153/17836;suffix=378:167/37044,208:97/17836;lower=4233/231868;upper=8921/481572;gap=841/3130218
    FRONTIER;E=1,2,6,9,12,14;h=62/147;r=26;L=3528;analytic_cap=525;largest_floor=382;z1=182;delta1=118/13377;suffix=402:256/68943,234:97/13377;lower=1054/57967;upper=5911/298753;gap=6225/3883789
    FRONTIER;E=1,2,6,10,12,14;h=577/1470;r=30;L=5880;analytic_cap=651;largest_floor=636;z1=182;delta1=1319/133770;suffix=660:31/11319,222:1849/380730;lower=9809/579670;upper=95035/5444439;gap=377761/707777070
    FRONTIER;E=1,2,8,10,12,14;h=1049/2940;r=34;L=11760;analytic_cap=811;largest_floor=1272;z1=182;delta1=2323/267540;suffix=1358:2407/1996260,208:899/133770;lower=17833/1159340;upper=2763/166355;gap=137987/112455980
    FRONTIER;E=1,2,9,10,12,14;h=87/245;r=32;L=17640;analytic_cap=767;largest_floor=1908;z1=182;delta1=199/22295;suffix=2004:206/286405,234:129/22295;lower=4437/289835;upper=57454/3723265;gap=5923/48402445
    FRONTIER;E=1,2,10,11,12,14;h=10973/32340;r=34;L=64680;analytic_cap=853;largest_floor=6996;z1=182;delta1=28291/2942940;suffix=HIGH-TAIL:204/343049,260:509/113190;lower=186541/12752740;upper=5508523/374609508;gap=10336661/133922899110
    FRONTIER;E=1,3,4,8,12,14;h=241/588;r=24;L=2352;analytic_cap=498;largest_floor=255;z1=182;delta1=479/53508;suffix=364:227/53508,208:643/107016;lower=4097/231868;upper=685/35672;gap=711/463736
    FRONTIER;E=1,3,4,10,12,14;h=1079/2940;r=28;L=5880;analytic_cap=650;largest_floor=636;z1=182;delta1=181/20580;suffix=660:563/226380,220:1151/226380;lower=1411/89180;upper=247/15092;gap=267/490490
    FRONTIER;E=1,3,8,10,12,14;h=2053/5880;r=32;L=11760;analytic_cap=780;largest_floor=1272;z1=182;delta1=4391/535080;suffix=1358:4139/3992520,208:1723/267540;lower=34901/2318680;upper=67833/4325230;gap=141919/224911960
    FRONTIER;E=1,4,5,8,12,14;h=55/147;r=26;L=11760;analytic_cap=592;largest_floor=1272;z1=182;delta1=125/13377;suffix=1358:125/99813,208:187/26754;lower=935/57967;upper=15213/865046;gap=16379/11245598
    FRONTIER;E=1,4,6,8,10,14;h=1049/2940;r=30;L=11760;analytic_cap=716;largest_floor=1272;z1=182;delta1=211/20580;suffix=1358:2407/1996260,260:1483/267540;lower=17833/1159340;upper=147071/8650460;gap=91061/56227990
    FRONTIER;E=1,4,6,8,12,14;h=83/196;r=26;L=2352;analytic_cap=523;largest_floor=255;z1=182;delta1=181/17836;suffix=364:83/17836,208:97/17836;lower=4233/231868;upper=361/17836;gap=115/57967
    FRONTIER;E=1,4,6,9,12,14;h=241/588;r=26;L=3528;analytic_cap=540;largest_floor=382;z1=182;delta1=479/53508;suffix=402:905/275772,234:1045/160524;lower=4097/231868;upper=201589/10755108;gap=75083/69908202
    FRONTIER;E=1,4,6,10,11,14;h=2647/8085;r=28;L=64680;analytic_cap=728;largest_floor=6996;z1=182;delta1=7169/735735;suffix=HIGH-TAIL:24/49007,260:3053/735735;lower=44999/3188185;upper=74086742/5150880735;gap=18013649/66961449555
    FRONTIER;E=1,4,6,10,12,14;h=373/980;r=30;L=5880;analytic_cap=671;largest_floor=636;z1=182;delta1=891/89180;suffix=660:613/226380,220:67/15092;lower=19023/1159340;upper=50437/2942940;gap=13961/19129110
    FRONTIER;E=1,4,8,10,12,14;h=1049/2940;r=34;L=11760;analytic_cap=811;largest_floor=1272;z1=182;delta1=211/20580;suffix=1500:237/171500,208:899/133770;lower=17833/1159340;upper=30692/1672125;gap=258509/86950500
    FRONTIER;E=1,4,9,10,12,14;h=1009/2940;r=32;L=17640;analytic_cap=794;largest_floor=1908;z1=182;delta1=2423/267540;suffix=2004:2437/3436860,234:4049/802620;lower=17153/1159340;upper=1985149/134037540;gap=12989/871244010
    FRONTIER;E=1,4,10,11,12,14;h=10693/32340;r=32;L=64680;analytic_cap=824;largest_floor=6996;z1=182;delta1=27311/2942940;suffix=HIGH-TAIL:192/343049,260:62/13377;lower=181781/12752740;upper=298229471/20603522940;gap=268349/1217480901
    FRONTIER;E=1,5,6,9,12,14;h=73/196;r=26;L=17640;analytic_cap=594;largest_floor=1908;z1=182;delta1=11/1372;suffix=2172:89/124166,234:11/1372;lower=3723/231868;upper=1040/62083;gap=29177/41968108
    FRONTIER;E=1,5,8,10,12,14;h=2179/5880;r=30;L=11760;analytic_cap=689;largest_floor=1272;z1=182;delta1=341/41160;suffix=1358:4517/3992520,208:4013/535080;lower=37043/2318680;upper=292661/17300920;gap=105711/112455980
    FRONTIER;E=1,5,8,11,12,14;h=2677/8085;r=28;L=129360;analytic_cap=720;largest_floor=13992;z1=182;delta1=6779/735735;suffix=HIGH-TAIL:1/4081,208:5624/735735;lower=45509/3188185;upper=666914/38993955;gap=1433951/506921415
    FRONTIER;E=1,5,9,11,12,14;h=31819/97020;r=28;L=194040;analytic_cap=727;largest_floor=20988;z1=182;delta1=71453/8828820;suffix=HIGH-TAIL:2/12243,234:58783/8828820;lower=540923/38258220;upper=581579/38993955;gap=1573189/2027685660
    FRONTIER;E=1,6,8,10,11,14;h=19951/64680;r=32;L=129360;analytic_cap=883;largest_floor=13992;z1=182;delta1=54797/5885880;suffix=HIGH-TAIL:8/28567,260:27413/5885880;lower=339167/25505480;upper=444449/31195164;gap=3850817/4055371320
    FRONTIER;E=1,6,9,10,12,14;h=1601/4410;r=32;L=17640;analytic_cap=751;largest_floor=1908;z1=182;delta1=289/30870;suffix=2172:8333/11174940,234:73/10290;lower=27217/1739010;upper=192229/11174940;gap=2929039/1888564860
    FRONTIER;E=1,6,9,11,12,14;h=2423/6468;r=28;L=38808;analytic_cap=636;largest_floor=4198;z1=182;delta1=5461/588588;suffix=HIGH-TAIL:24/49007,234:11861/1765764;lower=41191/2550548;upper=50947573/3090528441;gap=53870077/160707478932
    FRONTIER;E=1,6,10,11,12,14;h=11183/32340;r=32;L=64680;analytic_cap=788;largest_floor=6996;z1=182;delta1=30181/2942940;suffix=HIGH-TAIL:192/343049,260:6869/1471470;lower=190111/12752740;upper=319008439/20603522940;gap=77104187/133922899110
    FRONTIER;E=1,8,10,11,12,14;h=10273/32340;r=36;L=129360;analytic_cap=965;largest_floor=13992;z1=182;delta1=28151/2942940;suffix=HIGH-TAIL:9/28567,208:10033/1471470;lower=174641/12752740;upper=200357/11998140;gap=3046207/1013842830
    FRONTIER;E=1,9,10,11,12,14;h=941/2940;r=34;L=194040;analytic_cap=905;largest_floor=20988;z1=182;delta1=2467/267540;suffix=HIGH-TAIL:17/85701,260:2809/490490;lower=15997/1159340;upper=2362463/155975820;gap=1366633/1013842830
    FRONTIER;E=2,3,4,8,12,14;h=64/147;r=26;L=2352;analytic_cap=508;largest_floor=255;z1=182;delta1=134/13377;suffix=364:121/26754,208:547/107016;lower=1088/57967;upper=701/35672;gap=409/463736
    FRONTIER;E=2,3,4,10,12,14;h=577/1470;r=30;L=5880;analytic_cap=651;largest_floor=636;z1=182;delta1=1319/133770;suffix=660:87/37730,220:302/56595;lower=9809/579670;upper=12877/735735;gap=2221/3825822
    FRONTIER;E=2,3,10,11,12,14;h=10973/32340;r=34;L=64680;analytic_cap=853;largest_floor=6996;z1=182;delta1=28291/2942940;suffix=HIGH-TAIL:204/343049,260:509/113190;lower=186541/12752740;upper=5508523/374609508;gap=10336661/133922899110
    FRONTIER;E=2,4,5,8,12,14;h=235/588;r=28;L=11760;analytic_cap=596;largest_floor=1272;z1=182;delta1=557/53508;suffix=1358:557/399252,208:163/26754;lower=3995/231868;upper=7741/432523;gap=15017/22491196
    FRONTIER;E=2,4,6,8,10,14;h=281/735;r=32;L=11760;analytic_cap=713;largest_floor=1272;z1=182;delta1=757/66885;suffix=1358:673/499065,216:50/9261;lower=4777/289835;upper=1054852/58390605;gap=1202113/759077865
    FRONTIER;E=2,4,6,8,12,14;h=22/49;r=28;L=2352;analytic_cap=531;largest_floor=255;z1=182;delta1=50/4459;suffix=364:22/4459,246:971/168756;lower=1122/57967;upper=48047/2193828;gap=72587/28519764
    FRONTIER;E=2,4,6,9,12,14;h=64/147;r=28;L=3528;analytic_cap=548;largest_floor=382;z1=182;delta1=134/13377;suffix=402:220/68943,234:262/40131;lower=1088/57967;upper=53068/2688777;gap=33820/34954101
    FRONTIER;E=2,4,6,10,11,14;h=11413/32340;r=30;L=64680;analytic_cap=724;largest_floor=6996;z1=182;delta1=2447/226380;suffix=HIGH-TAIL:180/343049,364:3044/735735;lower=194021/12752740;upper=318763787/20603522940;gap=17226542/66961449555
    FRONTIER;E=2,4,6,10,12,14;h=199/490;r=32;L=5880;analytic_cap=671;largest_floor=636;z1=182;delta1=493/44590;suffix=660:13/5145,246:1997/421890;lower=10149/579670;upper=16743/914095;gap=19209/23766470
    FRONTIER;E=2,4,8,9,10,14;h=2203/5880;r=30;L=35280;analytic_cap=682;largest_floor=3816;z1=182;delta1=4961/535080;suffix=HIGH-TAIL:180/343049,216:481/74088;lower=37451/2318680;upper=274582157/16857427860;gap=11977181/87658624872
    FRONTIER;E=2,4,8,10,12,14;h=281/735;r=36;L=11760;analytic_cap=802;largest_floor=1272;z1=182;delta1=757/66885;suffix=1500:349/257250,208:779/133770;lower=4777/289835;upper=30931/1672125;gap=43828/21737625
    FRONTIER;E=2,4,9,10,12,14;h=271/735;r=34;L=17640;analytic_cap=785;largest_floor=1908;z1=182;delta1=677/66885;suffix=2534:719/931245,234:1016/200655;lower=4607/289835;upper=579548/36318555;gap=29321/472141215
    FRONTIER;E=2,4,10,11,12,14;h=5759/16170;r=34;L=64680;analytic_cap=813;largest_floor=6996;z1=182;delta1=1171/113190;suffix=HIGH-TAIL:204/343049,364:3569/735735;lower=7531/490490;upper=162675481/10301761470;gap=2250944/5150880735
    FRONTIER;E=2,5,6,8,11,14;h=21239/64680;r=28;L=129360;analytic_cap=726;largest_floor=13992;z1=182;delta1=56533/5885880;suffix=HIGH-TAIL:1/4081,216:817/185220;lower=361063/25505480;upper=40038287/2807564760;gap=1908289/18249170940
    FRONTIER;E=2,5,6,9,12,14;h=227/588;r=28;L=17640;analytic_cap=618;largest_floor=1908;z1=182;delta1=493/53508;suffix=2172:183/248332,234:1171/160524;lower=3859/231868;upper=501061/29054844;gap=113741/188856486
    FRONTIER;E=2,5,8,10,12,14;h=278/735;r=32;L=11760;analytic_cap=720;largest_floor=1272;z1=182;delta1=586/66885;suffix=1358:649/499065,208:857/133770;lower=4726/289835;upper=71229/4325230;gap=9133/56227990
    FRONTIER;E=2,5,8,11,12,14;h=21911/64680;r=30;L=129360;analytic_cap=754;largest_floor=13992;z1=182;delta1=57037/5885880;suffix=HIGH-TAIL:15/57134,208:38557/5885880;lower=372487/25505480;upper=2574191/155975820;gap=7703533/4055371320
    FRONTIER;E=2,5,9,11,12,14;h=7996/24255;r=30;L=194040;analytic_cap=775;largest_floor=20988;z1=182;delta1=20792/2207205;suffix=HIGH-TAIL:5/28567,234:28319/4414410;lower=135932/9564555;upper=416201/25995970;gap=1823047/1013842830
    FRONTIER;E=2,6,8,9,10,14;h=6119/17640;r=32;L=35280;analytic_cap=786;largest_floor=3816;z1=182;delta1=13693/1605240;suffix=HIGH-TAIL:192/343049,216:481/74088;lower=104023/6956040;upper=65668763/4214356965;gap=55033229/87658624872
    FRONTIER;E=2,6,8,10,11,14;h=20831/64680;r=34;L=129360;analytic_cap=899;largest_floor=13992;z1=182;delta1=61837/5885880;suffix=HIGH-TAIL:17/57134,260:28909/5885880;lower=354127/25505480;upper=2451179/155975820;gap=674951/368670120
    FRONTIER;E=2,6,8,10,12,14;h=363/980;r=36;L=11760;analytic_cap=828;largest_floor=1272;z1=182;delta1=881/89180;suffix=1358:909/665420,246:689/140630;lower=18513/1159340;upper=1431473/88667215;gap=162079/922139036
    FRONTIER;E=2,6,9,10,11,14;h=17107/48510;r=30;L=97020;analytic_cap=724;largest_floor=10494;z1=182;delta1=3683/339570;suffix=HIGH-TAIL:10/28567,260:19949/4414410;lower=290819/19129110;upper=1838392/116981865;gap=1557971/3041528490
    FRONTIER;E=2,6,9,10,12,14;h=1661/4410;r=34;L=17640;analytic_cap=769;largest_floor=1908;z1=182;delta1=4237/401310;suffix=2172:4279/5587470,234:2557/401310;lower=28237/1739010;upper=428447/24212370;gap=229457/157380405
    FRONTIER;E=2,6,9,11,12,14;h=837/2156;r=30;L=38808;analytic_cap=658;largest_floor=4198;z1=182;delta1=2055/196196;suffix=HIGH-TAIL:180/343049,234:10585/1765764;lower=42687/2550548;upper=52518890/3090528441;gap=41317097/160707478932
    FRONTIER;E=2,6,10,11,12,14;h=11623/32340;r=34;L=64680;analytic_cap=806;largest_floor=6996;z1=182;delta1=33701/2942940;suffix=HIGH-TAIL:204/343049,222:8711/1675212;lower=197591/12752740;upper=99600076/5775229915;gap=1157572721/660686302276
    FRONTIER;E=2,8,9,10,11,14;h=5119/16170;r=32;L=388080;analytic_cap=861;largest_floor=41975;z1=182;delta1=11993/1471470;suffix=HIGH-TAIL:192/2056775,216:23077/4074840;lower=87023/6376370;upper=6184546327/444707663400;gap=1498829071/5781199624200
    FRONTIER;E=2,8,10,11,12,14;h=21041/64680;r=38;L=129360;analytic_cap=995;largest_floor=13992;z1=182;delta1=59107/5885880;suffix=HIGH-TAIL:19/57134,208:33697/5885880;lower=357697/25505480;upper=627794/38993955;gap=8416753/4055371320
    FRONTIER;E=2,9,10,11,12,14;h=953/2940;r=36;L=194040;analytic_cap=946;largest_floor=20988;z1=182;delta1=2731/267540;suffix=HIGH-TAIL:6/28567,260:2523/490490;lower=16201/1159340;upper=2427247/155975820;gap=1609331/1013842830
    FRONTIER;E=3,4,8,10,12,14;h=373/980;r=34;L=11760;analytic_cap=761;largest_floor=1272;z1=182;delta1=891/89180;suffix=1500:317/257250,208:6247/1070160;lower=19023/1159340;upper=35111/2058000;gap=226859/347802000
    FRONTIER;E=3,5,8,11,12,14;h=1913/5390;r=28;L=129360;analytic_cap=672;largest_floor=13992;z1=182;delta1=4391/490490;suffix=HIGH-TAIL:1/4081,208:79589/11771760;lower=97563/6376370;upper=9956449/623903280;gap=5333701/8110742640
    FRONTIER;E=3,8,10,11,12,14;h=3681/10780;r=36;L=129360;analytic_cap=898;largest_floor=13992;z1=182;delta1=9127/980980;suffix=HIGH-TAIL:9/28567,208:69869/11771760;lower=187731/12752740;upper=9704389/623903280;gap=6760141/8110742640
    FRONTIER;E=3,9,10,11,12,14;h=3103/8820;r=34;L=194040;analytic_cap=823;largest_floor=20988;z1=182;delta1=7541/802620;suffix=HIGH-TAIL:17/85701,260:4933/882882;lower=52751/3478020;upper=7103713/467927460;gap=8677/608305698
    FRONTIER;E=4,5,8,10,12,14;h=1217/2940;r=32;L=11760;analytic_cap=658;largest_floor=1272;z1=182;delta1=2659/267540;suffix=1358:2491/1996260,208:1819/267540;lower=20689/1159340;upper=155583/8650460;gap=7873/56227990
    FRONTIER;E=4,5,8,11,12,14;h=2221/5880;r=28;L=129360;analytic_cap=631;largest_floor=13992;z1=182;delta1=5567/535080;suffix=HIGH-TAIL:1/4081,208:3467/535080;lower=37757/2318680;upper=2671631/155975820;gap=3425413/4055371320
    FRONTIER;E=4,6,8,9,10,14;h=6749/17640;r=32;L=35280;analytic_cap=712;largest_floor=3816;z1=182;delta1=15583/1605240;suffix=HIGH-TAIL:192/343049,216:55/8232;lower=114733/6956040;upper=47618057/2809571310;gap=13280353/29219541624
    FRONTIER;E=4,6,8,10,11,14;h=23351/64680;r=32;L=129360;analytic_cap=755;largest_floor=13992;z1=182;delta1=66037/5885880;suffix=HIGH-TAIL:8/28567,260:2689/452760;lower=396967/25505480;upper=2720021/155975820;gap=691163/368670120
    FRONTIER;E=4,6,8,10,12,14;h=199/490;r=36;L=11760;analytic_cap=755;largest_floor=1272;z1=182;delta1=493/44590;suffix=1500:178/128625,260:138/22295;lower=10149/579670;upper=62303/3344250;gap=24382/21737625
    FRONTIER;E=4,6,9,10,11,14;h=3139/8820;r=30;L=194040;analytic_cap=718;largest_floor=20988;z1=182;delta1=641/61740;suffix=HIGH-TAIL:5/28567,216:1751/339570;lower=53363/3478020;upper=51419/3272220;gap=102547/276502590
    FRONTIER;E=4,6,10,11,12,14;h=2083/5390;r=32;L=64680;analytic_cap=705;largest_floor=6996;z1=182;delta1=5261/490490;suffix=HIGH-TAIL:192/343049,260:5349/980980;lower=106233/6376370;upper=114956711/6867840980;gap=6962777/89281932740
    FRONTIER;E=4,8,10,11,12,14;h=23561/64680;r=36;L=129360;analytic_cap=842;largest_floor=13992;z1=182;delta1=63307/5885880;suffix=HIGH-TAIL:9/28567,260:37813/5885880;lower=400537/25505480;upper=136441/7798791;gap=7263937/4055371320
    FRONTIER;E=4,9,10,11,12,14;h=1893/5390;r=34;L=194040;analytic_cap=824;largest_floor=20988;z1=182;delta1=4651/490490;suffix=HIGH-TAIL:17/85701,260:16699/2942940;lower=96543/6376370;upper=159667/10398388;gap=144797/675895220
    FRONTIER;E=5,6,9,11,12,14;h=6257/16170;r=28;L=194040;analytic_cap=616;largest_floor=20988;z1=182;delta1=15679/1471470;suffix=HIGH-TAIL:2/12243,234:31637/4414410;lower=106369/6376370;upper=2103971/116981865;gap=3965233/3041528490
    FRONTIER;E=5,8,10,11,12,14;h=626/1617;r=32;L=129360;analytic_cap=704;largest_floor=13992;z1=182;delta1=1564/147147;suffix=HIGH-TAIL:8/28567,208:87929/11771760;lower=10642/637637;upper=11466317/623903280;gap=13695881/8110742640
    FRONTIER;E=5,9,10,11,12,14;h=6299/16170;r=30;L=194040;analytic_cap=656;largest_floor=20988;z1=182;delta1=15133/1471470;suffix=HIGH-TAIL:5/28567,234:4714/735735;lower=107083/6376370;upper=438461/25995970;gap=12297/168973805
    FRONTIER;E=6,9,10,11,12,14;h=37469/97020;r=34;L=194040;analytic_cap=750;largest_floor=20988;z1=182;delta1=95023/8828820;suffix=HIGH-TAIL:17/85701,234:1681/267540;lower=636973/38258220;upper=2017277/116981865;gap=3619697/6083056980
k=5;drifts=2;candidate_first_rows=626787;baseline_surviving_first_rows=36301;baseline_max_first=130
  mode=fullcell;surviving_first_rows=5942;max_first=78;frontier_rows=4
    FRONTIER;E=1,4,5,6,8,12;h=3/7;r=18;L=1680;analytic_cap=159;largest_floor=67;z1=78;delta1=10/637;suffix=104:23/1911;lower=88/3185;upper=53/1911;gap=1/9555
    FRONTIER;E=2,4,5,6,8,12;h=13/28;r=18;L=1680;analytic_cap=147;largest_floor=67;z1=78;delta1=137/7644;suffix=104:95/7644;lower=22/735;upper=58/1911;gap=4/9555
    FRONTIER;E=2,4,6,8,10,12;h=16/35;r=24;L=1680;analytic_cap=199;largest_floor=67;z1=78;delta1=211/12740;suffix=130:257/19110;lower=1408/47775;upper=1147/38220;gap=103/191100
    FRONTIER;E=2,4,6,9,12,14;h=64/147;r=28;L=3528;analytic_cap=244;largest_floor=141;z1=78;delta1=485/26754;suffix=182:134/13377;lower=5632/200655;upper=251/8918;gap=31/401310
  mode=projected;surviving_first_rows=4702;max_first=66;frontier_rows=1
    FRONTIER;E=6,9,10,12,13,14;h=8923/22932;r=36;L=229320;analytic_cap=351;largest_floor=28008;z1=66;delta1=4139/160524;suffix=HIGH-TAIL:3/19061;lower=196306/7825545;upper=1619899/62443836;gap=10428169/12176548020
k=6;drifts=1;candidate_first_rows=224618;baseline_surviving_first_rows=1602;baseline_max_first=44
  mode=fullcell;surviving_first_rows=0;max_first=None;frontier_rows=0
  mode=projected;surviving_first_rows=0;max_first=None;frontier_rows=0
frontier_digest=49bff626dfeeb87ce585f655b5a629e47acff10d9ebe28726245b81846a9ded6
all_exact_controls=PASS
