=== (A/B) Engine cross-check on consec anchors (1/7) ===
k=7: A=1 expect=1 A_ok=True | B=1 B_ok=True
k=8: A=691/735 expect=691/735 A_ok=True | B=691/735 B_ok=True
k=9: A=247/294 expect=247/294 A_ok=True | B=4829/5880 B_ok=False
k=10: A=38/49 expect=38/49 A_ok=True | B=13637/17640 B_ok=False
k=11: A=1381/2205 expect=1381/2205 A_ok=True | B=10939/17640 B_ok=False
k=12: A=13823/24255 expect=13823/24255 A_ok=True (B skipped, cost)
k=13: A=477/1078 expect=477/1078 A_ok=True (B skipped, cost)
ALL anchors match (A and B where run): False

=== Random cross-check A vs B (1/7), 120 sets k in 8..10 ===
MISMATCH [0, 2, 5, 6, 8, 10, 11, 12, 13, 14] 48/49 1053/1078
MISMATCH [0, 1, 2, 3, 4, 5, 6, 7, 8, 9] 38/49 13637/17640
MISMATCH [0, 1, 2, 3, 4, 5, 6, 7, 8] 247/294 4829/5880
MISMATCH [0, 1, 3, 4, 5, 6, 8, 9, 12, 13] 153/154 307/308
MISMATCH [0, 1, 2, 3, 4, 5, 6, 7, 8] 247/294 4829/5880
MISMATCH [0, 1, 2, 3, 4, 5, 6, 7, 8] 247/294 4829/5880
MISMATCH [0, 1, 2, 3, 4, 5, 6, 7, 8] 247/294 4829/5880
MISMATCH [0, 1, 2, 3, 4, 5, 6, 7, 8] 247/294 4829/5880
MISMATCH [0, 3, 7, 8, 9, 10, 13, 15, 16, 17] 12619/12740 75973/76440
MISMATCH [0, 1, 2, 3, 4, 5, 6, 7, 8] 247/294 4829/5880
MISMATCH [0, 2, 3, 4, 5, 6, 7, 8, 9, 11] 2377/2695 28309/32340
MISMATCH [0, 2, 3, 4, 5, 6, 7, 9, 13] 2143/2205 17179/17640
MISMATCH [0, 1, 2, 3, 4, 5, 6, 7, 8, 9] 38/49 13637/17640
MISMATCH [0, 1, 2, 3, 4, 5, 6, 7, 8, 9] 38/49 13637/17640
MISMATCH [0, 3, 4, 5, 6, 7, 8, 9, 10, 11] 247/294 14837/17640
MISMATCH [0, 2, 5, 7, 8, 9, 10, 11, 12, 14] 8527/8820 8567/8820
MISMATCH [0, 2, 3, 4, 5, 6, 7, 8, 10, 13] 449/490 52499/57330
MISMATCH [0, 1, 2, 3, 4, 5, 6, 7, 8] 247/294 4829/5880
MISMATCH [0, 2, 3, 4, 5, 8, 10, 11, 12, 13] 195/196 391/392
MISMATCH [0, 2, 6, 7, 9, 11, 12, 13] 62113/63063 24019/24255
MISMATCH [0, 1, 3, 4, 6, 7, 8, 9, 11, 12] 153/154 307/308
A-vs-B mismatches: 21 (0 expected)

=== (C) k=8 union-bound floor ===
min meas(G_P) at |P|=5 = 2243/5880 = 0.3814625850340136
k=8 floor = meas(G_P)+mu_consec-1 = 1891/5880 = 0.3215986394557823 >0: True
matches claimed 1891/5880: True

=== consec mu vs thr per k (the finite check IF consec is minimizer) ===
k=8: mu_consec=691/735=0.9401  thr=3637/5880=0.6185  margin=0.3216  ok=True
k=9: mu_consec=247/294=0.8401  thr=2025/4004=0.5057  margin=0.3344  ok=True
k=10: mu_consec=38/49=0.7755  thr=36/91=0.3956  margin=0.3799  ok=True
k=11: mu_consec=1381/2205=0.6263  thr=25/91=0.2747  margin=0.3516  ok=True
k=12: mu_consec=13823/24255=0.5699  thr=1/7=0.1429  margin=0.4270  ok=True
k=13: mu_consec=477/1078=0.4425  thr=0=0.0000  margin=0.4425  ok=True
