==============================================================================
(i) EXHAUSTIVE max P_r(B) over bounded B subset{0..14}, |B|=k-r, vs cap_k
==============================================================================
  k  r |B|     #B   max P_r(B)                  argmax B    cap_k   margin
  8  2   6   2002      0.08387        (0, 1, 2, 3, 4, 5)  0.38146 +0.29759
  8  3   5   1001      0.05123           (0, 1, 2, 3, 4)  0.38146 +0.33023
  8  4   4    364      0.03403              (0, 1, 2, 3)  0.38146 +0.34743
  8  5   3     91      0.02703                 (0, 1, 2)  0.38146 +0.35443
  8  6   2     14      0.02448                    (0, 1)  0.38146 +0.35698
  8  7   1      1      0.02448                      (0,)  0.38146 +0.35698
  9  2   7   3003      0.24645     (0, 1, 2, 3, 4, 5, 6)  0.49426 +0.24780
  9  3   6   2002      0.13696        (0, 1, 2, 3, 4, 5)  0.49426 +0.35730
  9  4   5   1001      0.09676           (0, 1, 2, 3, 4)  0.49426 +0.39750
  9  5   4    364      0.07242              (0, 1, 2, 3)  0.49426 +0.42184
  9  6   3     91      0.06171                 (0, 1, 2)  0.49426 +0.43255
  9  7   2     14      0.05770                    (0, 1)  0.49426 +0.43655
  9  8   1      1      0.05770                      (0,)  0.49426 +0.43655
 10  2   8   3432      0.39894  (0, 1, 2, 3, 4, 5, 6, 7)  0.57143 +0.17248
 10  3   7   3003      0.29722     (0, 1, 2, 3, 4, 5, 6)  0.57143 +0.27421
 10  4   6   2002      0.19565        (0, 1, 2, 3, 4, 6)  0.57143 +0.37578
 10  5   5   1001      0.15168           (0, 1, 2, 3, 4)  0.57143 +0.41975
 10  6   4    364      0.12325              (0, 1, 2, 3)  0.57143 +0.44818
 10  7   3     91      0.11001                 (0, 1, 2)  0.57143 +0.46142
 10  8   2     14      0.10491                    (0, 1)  0.57143 +0.46652
 10  9   1      1      0.10491                      (0,)  0.57143 +0.46652
max_B P_r(B) over bounded B is the worst-case Fatou boundary value; if <cap_k, main term is safe.

==============================================================================
(ii) DECOMPOSE real true-wide rows: p0(E) = P_r(B) + R,  R=resonance correction
==============================================================================

E=(0, 4, 6, 8, 10, 12, 14, 15, 16)  (k=9)
   B=(0, 4, 6, 8, 10, 12, 14) (bounded), F=(15, 16) (r=2 far)
   p0(E)=0.32755  P_r(B)=0.16328  R=p0-P_r=+0.16427  cap=0.49426  margin=+0.16670
   far-pair resonances (min|mf+nf'|, (m,n)): 15-16:1(-1, 1)

E=(0, 1, 2, 4, 8, 12, 16, 20)  (k=8)
   B=(0, 1, 2, 4, 8, 12) (bounded), F=(16, 20) (r=2 far)
   p0(E)=0.08988  P_r(B)=0.04033  R=p0-P_r=+0.04955  cap=0.38146  margin=+0.29158
   far-pair resonances (min|mf+nf'|, (m,n)): 16-20:0(-5, 4)

E=(0, 2, 4, 6, 8, 10, 12, 14, 15)  (k=9)
   B=(0, 2, 4, 6, 8, 10, 12, 14) (bounded), F=(15,) (r=1 far)
   p0(E)=0.37160  P_r(B)=0.36210  R=p0-P_r=+0.00950  cap=0.49426  margin=+0.12266

E=(0, 4, 6, 8, 10, 12, 14, 15, 16, 17)  (k=10)
   B=(0, 4, 6, 8, 10, 12, 14) (bounded), F=(15, 16, 17) (r=3 far)
   p0(E)=0.35818  P_r(B)=0.22338  R=p0-P_r=+0.13480  cap=0.57143  margin=+0.21325
   far-pair resonances (min|mf+nf'|, (m,n)): 15-16:1(-1, 1), 15-17:2(-1, 1), 16-17:1(-1, 1)

DONE.
