== gates ==
  [1, 2, 3, 4, 5]...: M=9/113 (want 9/113) exit q=41 j=17 -> OK
  [1, 2, 3, 4, 5]...: M=3/41 (want 3/41) exit q=41 j=17 -> OK
  random duty two-far sample: 86 families, exit-fails at q<=41: 0 OK  [mac-mini sweep: 0/804,119]

== (a) the 78 finite BAD_q analyses ==
  S = 13\{1, 2}: clean moduli NONE; useless [14]; moduli with NON-divisibility escapes: [(15, 52), (16, 56), (17, 8), (18, 64), (19, 8), (20, 72)]
  S = 13\{1, 3}: clean moduli NONE; useless [14, 28]; moduli with NON-divisibility escapes: [(15, 52), (16, 56), (17, 8), (18, 64), (19, 8), (20, 8)]
  S = 13\{1, 4}: clean moduli NONE; useless [14, 28]; moduli with NON-divisibility escapes: [(15, 52), (16, 56), (17, 60), (18, 64), (19, 8), (20, 72)]
  S = 13\{1, 5}: clean moduli NONE; useless [14, 28]; moduli with NON-divisibility escapes: [(15, 52), (16, 56), (17, 60), (18, 64), (19, 8), (20, 72)]
  S = 13\{1, 6}: clean moduli NONE; useless [14, 28]; moduli with NON-divisibility escapes: [(15, 52), (16, 56), (17, 60), (18, 64), (19, 68), (20, 72)]
  S = 13\{1, 7}: clean moduli NONE; useless -; moduli with NON-divisibility escapes: [(14, 25), (15, 52), (16, 56), (17, 60), (18, 64), (19, 68)]
  S = 13\{8, 1}: clean moduli NONE; useless [14, 28]; moduli with NON-divisibility escapes: [(15, 52), (16, 4), (17, 60), (18, 64), (19, 68), (20, 72)]
  S = 13\{1, 9}: clean moduli NONE; useless [14, 28]; moduli with NON-divisibility escapes: [(15, 52), (16, 56), (17, 60), (18, 4), (19, 68), (20, 72)]
  S = 13\{1, 10}: clean moduli NONE; useless [14, 28]; moduli with NON-divisibility escapes: [(15, 52), (16, 56), (17, 60), (18, 64), (19, 68), (20, 4)]
  S = 13\{1, 11}: clean moduli NONE; useless [14, 28]; moduli with NON-divisibility escapes: [(15, 52), (16, 56), (17, 60), (18, 64), (19, 68), (20, 72)]
  S = 13\{1, 12}: clean moduli NONE; useless [14, 28]; moduli with NON-divisibility escapes: [(15, 52), (16, 56), (17, 60), (18, 64), (19, 68), (20, 72)]
  S = 13\{1, 13}: clean moduli NONE; useless -; moduli with NON-divisibility escapes: [(14, 48), (15, 52), (16, 56), (17, 60), (18, 64), (19, 68)]
  S = 13\{2, 3}: clean moduli NONE; useless [14, 15, 16, 18, 24, 28, 29, 30, 33, 39]; moduli with NON-divisibility escapes: [(17, 8), (19, 8), (20, 72), (21, 76), (22, 80), (23, 8)]
  S = 13\{2, 4}: clean moduli NONE; useless [14, 15, 16, 18, 20, 22, 24, 26, 28, 30]; moduli with NON-divisibility escapes: [(17, 60), (19, 8), (21, 8), (23, 8), (25, 8), (27, 8)]
  S = 13\{2, 5}: clean moduli NONE; useless [14, 15, 16, 18, 20, 28, 29, 30, 31, 35]; moduli with NON-divisibility escapes: [(17, 60), (19, 8), (21, 8), (22, 80), (23, 8), (24, 88)]
  S = 13\{2, 6}: clean moduli NONE; useless [14, 15, 16, 18, 20, 22, 24, 26, 28, 29, 30, 31, 33, 35, 37, 39, 41]; moduli with NON-divisibility escapes: [(17, 60), (19, 68), (21, 76), (23, 8), (25, 8), (27, 100)]
  S = 13\{2, 7}: clean moduli NONE; useless [15, 16, 18, 20]; moduli with NON-divisibility escapes: [(14, 25), (17, 60), (19, 68), (21, 8), (22, 80), (23, 8)]
  S = 13\{8, 2}: clean moduli NONE; useless [14, 15, 18, 20, 22, 26, 28, 29, 30]; moduli with NON-divisibility escapes: [(16, 29), (17, 60), (19, 68), (21, 76), (23, 8), (24, 88)]
  S = 13\{9, 2}: clean moduli NONE; useless [14, 15, 16, 20, 22, 24, 28, 29, 30, 31, 33, 39]; moduli with NON-divisibility escapes: [(17, 60), (18, 33), (19, 68), (21, 76), (23, 8), (25, 8)]
  S = 13\{2, 10}: clean moduli NONE; useless [14, 15, 16, 18, 22, 24, 26, 28, 29, 31, 33, 35]; moduli with NON-divisibility escapes: [(17, 60), (19, 68), (20, 37), (21, 76), (23, 84), (25, 92)]
  S = 13\{2, 11}: clean moduli NONE; useless [14, 15, 16, 18, 20, 24, 28, 29, 30, 31, 35]; moduli with NON-divisibility escapes: [(17, 60), (19, 68), (21, 76), (22, 41), (23, 84), (25, 8)]
  S = 13\{2, 12}: clean moduli NONE; useless [14, 15, 16, 18, 20, 22, 26, 28, 29, 30, 31, 33, 35, 37, 39]; moduli with NON-divisibility escapes: [(17, 60), (19, 68), (21, 76), (23, 84), (24, 45), (25, 92)]
  S = 13\{2, 13}: clean moduli NONE; useless [14, 16, 18, 20, 22, 24, 29, 31, 33, 35, 37]; moduli with NON-divisibility escapes: [(15, 52), (17, 60), (19, 68), (21, 76), (23, 84), (25, 92)]
  S = 13\{3, 4}: clean moduli NONE; useless [14, 15, 16, 18, 24, 28, 29, 30, 32, 33, 36, 39]; moduli with NON-divisibility escapes: [(17, 60), (19, 8), (20, 72), (21, 76), (22, 80), (23, 8)]
  S = 13\{3, 5}: clean moduli NONE; useless [14, 15, 16, 18, 28, 29, 30, 32, 36]; moduli with NON-divisibility escapes: [(17, 60), (19, 8), (20, 72), (21, 76), (22, 8), (23, 8)]
  S = 13\{3, 6}: clean moduli NONE; useless [14, 15, 16, 18, 21, 24, 27, 30, 33, 36, 39]; moduli with NON-divisibility escapes: [(17, 60), (19, 68), (20, 72), (22, 80), (23, 8), (25, 8)]
  S = 13\{3, 7}: clean moduli NONE; useless [15, 16, 18]; moduli with NON-divisibility escapes: [(14, 25), (17, 60), (19, 68), (20, 72), (21, 76), (22, 8)]
  S = 13\{8, 3}: clean moduli NONE; useless [14, 15, 18, 21, 28, 29, 30, 36]; moduli with NON-divisibility escapes: [(16, 29), (17, 60), (19, 68), (20, 72), (22, 80), (23, 8)]
  S = 13\{9, 3}: clean moduli NONE; useless [14, 15, 16, 21, 24, 28, 29, 30, 33, 39]; moduli with NON-divisibility escapes: [(17, 60), (18, 33), (19, 68), (20, 72), (22, 80), (23, 8)]
  S = 13\{10, 3}: clean moduli NONE; useless [14, 15, 16, 18, 21, 24, 28, 29, 32, 33, 36]; moduli with NON-divisibility escapes: [(17, 60), (19, 68), (20, 4), (22, 80), (23, 84), (25, 92)]
  S = 13\{11, 3}: clean moduli NONE; useless [15, 16, 18, 21, 24, 29, 30, 32]; moduli with NON-divisibility escapes: [(14, 48), (17, 60), (19, 68), (20, 72), (22, 4), (23, 84)]
  S = 13\{3, 12}: clean moduli NONE; useless [14, 15, 16, 18, 21, 27, 28, 29, 30, 32, 33, 39]; moduli with NON-divisibility escapes: [(17, 60), (19, 68), (20, 72), (22, 80), (23, 84), (24, 45)]
  S = 13\{3, 13}: clean moduli NONE; useless [14, 15, 18, 21, 24, 28, 30, 33, 36]; moduli with NON-divisibility escapes: [(16, 56), (17, 60), (19, 68), (20, 72), (22, 80), (23, 84)]
  S = 13\{4, 5}: clean moduli NONE; useless [14, 15, 16, 17, 18, 20, 28, 29, 30, 31, 32, 35, 36, 40]; moduli with NON-divisibility escapes: [(19, 8), (21, 8), (22, 80), (23, 8), (24, 88), (25, 92)]
  S = 13\{4, 6}: clean moduli NONE; useless [14, 15, 16, 17, 18, 20, 22, 24, 26, 28, 29, 30, 31, 32, 33, 35, 36, 37, 39, 41]; moduli with NON-divisibility escapes: [(19, 68), (21, 76), (23, 8), (25, 8), (27, 100), (34, 248)]
  S = 13\{4, 7}: clean moduli NONE; useless [15, 16, 17, 18, 20]; moduli with NON-divisibility escapes: [(14, 25), (19, 68), (21, 8), (22, 80), (23, 8), (24, 88)]
  S = 13\{8, 4}: clean moduli NONE; useless [14, 15, 17, 18, 20, 22, 26, 28, 30, 36]; moduli with NON-divisibility escapes: [(16, 29), (19, 68), (21, 76), (23, 8), (24, 88), (25, 8)]
  S = 13\{9, 4}: clean moduli NONE; useless [14, 15, 16, 17, 20, 22, 24, 28, 29, 30, 31, 33, 39]; moduli with NON-divisibility escapes: [(18, 33), (19, 68), (21, 76), (23, 8), (25, 8), (26, 96)]
  S = 13\{10, 4}: clean moduli NONE; useless [14, 15, 16, 17, 18, 22, 24, 26, 28, 29, 31, 32, 33, 35, 36]; moduli with NON-divisibility escapes: [(19, 68), (20, 37), (21, 76), (23, 84), (25, 92), (27, 8)]
  S = 13\{11, 4}: clean moduli NONE; useless [14, 16, 17, 18, 20, 24, 28, 29, 31, 32, 35]; moduli with NON-divisibility escapes: [(15, 52), (19, 68), (21, 76), (22, 41), (23, 84), (25, 8)]
  S = 13\{4, 12}: clean moduli NONE; useless [14, 15, 16, 17, 18, 20, 22, 26, 28, 29, 30, 31, 32, 33, 35, 37, 39, 40]; moduli with NON-divisibility escapes: [(19, 68), (21, 76), (23, 84), (24, 45), (25, 92), (27, 100)]
  S = 13\{4, 13}: clean moduli NONE; useless [14, 15, 16, 18, 20, 22, 24, 28, 29, 31, 32, 33, 35, 36, 37]; moduli with NON-divisibility escapes: [(17, 60), (19, 68), (21, 76), (23, 84), (25, 92), (26, 49)]
  S = 13\{5, 6}: clean moduli NONE; useless [14, 15, 16, 17, 18, 20, 28, 29, 30, 31, 32, 34, 35, 36]; moduli with NON-divisibility escapes: [(19, 68), (21, 76), (22, 80), (23, 8), (24, 88), (25, 92)]
  S = 13\{5, 7}: clean moduli NONE; useless [15, 16, 17, 18, 20]; moduli with NON-divisibility escapes: [(14, 25), (19, 68), (21, 8), (22, 8), (23, 8), (24, 8)]
  S = 13\{8, 5}: clean moduli NONE; useless [14, 15, 17, 18, 20, 28, 29, 30, 34, 36]; moduli with NON-divisibility escapes: [(16, 29), (19, 68), (21, 76), (22, 80), (23, 8), (24, 8)]
  S = 13\{9, 5}: clean moduli NONE; useless [15, 16, 17, 20, 29, 30, 31]; moduli with NON-divisibility escapes: [(14, 48), (18, 33), (19, 68), (21, 76), (22, 80), (23, 8)]
  S = 13\{10, 5}: clean moduli NONE; useless [14, 16, 17, 18]; moduli with NON-divisibility escapes: [(15, 52), (19, 68), (20, 37), (21, 76), (22, 80), (23, 84)]
  S = 13\{11, 5}: clean moduli NONE; useless [14, 15, 17, 18, 20, 28, 29, 30, 31, 34, 35]; moduli with NON-divisibility escapes: [(16, 56), (19, 68), (21, 76), (22, 4), (23, 84), (24, 88)]
  S = 13\{12, 5}: clean moduli NONE; useless [14, 15, 16, 18, 20, 25, 28, 30, 31, 32, 35, 40]; moduli with NON-divisibility escapes: [(17, 60), (19, 68), (21, 76), (22, 80), (23, 84), (24, 4)]
  S = 13\{13, 5}: clean moduli NONE; useless [14, 15, 16, 17, 20, 25, 28, 29, 30, 32, 34, 35]; moduli with NON-divisibility escapes: [(18, 64), (19, 68), (21, 76), (22, 80), (23, 84), (24, 88)]
  S = 13\{6, 7}: clean moduli NONE; useless [15, 16, 17, 18, 19, 20]; moduli with NON-divisibility escapes: [(14, 25), (21, 76), (22, 80), (23, 8), (24, 88), (25, 8)]
  S = 13\{8, 6}: clean moduli NONE; useless [14, 15, 17, 18, 19, 20, 21, 22, 26, 28, 29, 30, 34, 36]; moduli with NON-divisibility escapes: [(16, 29), (23, 8), (24, 88), (25, 8), (27, 100), (31, 224)]
  S = 13\{9, 6}: clean moduli NONE; useless [14, 15, 16, 17, 19, 20, 21, 22, 24, 28, 29, 30, 31, 33, 39]; moduli with NON-divisibility escapes: [(18, 33), (23, 8), (25, 8), (26, 96), (27, 100), (32, 232)]
  S = 13\{10, 6}: clean moduli NONE; useless [14, 15, 16, 17, 18, 19, 21, 22, 24, 26, 28, 29, 31, 32, 33, 34, 35, 36, 38]; moduli with NON-divisibility escapes: [(20, 37), (23, 84), (25, 92), (27, 100), (30, 112), (37, 272)]
  S = 13\{11, 6}: clean moduli NONE; useless [14, 15, 16, 18, 19, 20, 21, 24, 29, 30, 31, 32, 35]; moduli with NON-divisibility escapes: [(17, 60), (22, 41), (23, 84), (25, 8), (26, 96), (27, 100)]
  S = 13\{12, 6}: clean moduli NONE; useless [14, 15, 16, 17, 19, 20, 21, 22, 26, 27, 28, 32, 33, 34, 38, 39]; moduli with NON-divisibility escapes: [(18, 64), (23, 84), (24, 45), (25, 92), (29, 208), (30, 216)]
  S = 13\{13, 6}: clean moduli NONE; useless [14, 15, 16, 17, 18, 20, 21, 22, 24, 28, 29, 30, 31, 33, 34, 35, 36, 37]; moduli with NON-divisibility escapes: [(19, 68), (23, 84), (25, 92), (26, 49), (27, 100), (32, 232)]
  S = 13\{8, 7}: clean moduli NONE; useless [17, 18, 19, 20]; moduli with NON-divisibility escapes: [(14, 25), (15, 52), (16, 29), (21, 76), (22, 80), (23, 8)]
  S = 13\{9, 7}: clean moduli NONE; useless [15, 17, 19, 20]; moduli with NON-divisibility escapes: [(14, 25), (16, 56), (18, 33), (21, 76), (22, 80), (23, 8)]
  S = 13\{10, 7}: clean moduli NONE; useless [15, 16, 18, 19]; moduli with NON-divisibility escapes: [(14, 25), (17, 60), (20, 37), (21, 76), (22, 80), (23, 84)]
  S = 13\{11, 7}: clean moduli NONE; useless [15, 16, 17, 19, 20]; moduli with NON-divisibility escapes: [(14, 25), (18, 64), (21, 76), (22, 4), (23, 84), (24, 88)]
  S = 13\{12, 7}: clean moduli NONE; useless [15, 16, 17, 18, 20]; moduli with NON-divisibility escapes: [(14, 25), (19, 68), (21, 76), (22, 80), (23, 84), (24, 4)]
  S = 13\{13, 7}: clean moduli NONE; useless [15, 16, 17, 18, 19]; moduli with NON-divisibility escapes: [(14, 25), (20, 72), (21, 76), (22, 80), (23, 84), (24, 88)]
  S = 13\{8, 9}: clean moduli NONE; useless [14, 15, 19, 20, 21, 22, 28, 29, 30]; moduli with NON-divisibility escapes: [(16, 29), (17, 60), (18, 33), (23, 8), (24, 88), (25, 8)]
  S = 13\{8, 10}: clean moduli NONE; useless [14, 15, 17, 18, 19, 21, 22, 26, 28, 29, 34, 36]; moduli with NON-divisibility escapes: [(16, 29), (20, 37), (23, 84), (24, 88), (25, 92), (27, 8)]
  S = 13\{8, 11}: clean moduli NONE; useless [14, 15, 17, 18, 20, 21, 28, 29, 34]; moduli with NON-divisibility escapes: [(16, 29), (19, 68), (22, 41), (23, 84), (24, 88), (25, 8)]
  S = 13\{8, 12}: clean moduli NONE; useless [14, 15, 17, 18, 19, 20, 21, 22, 26, 28, 29, 30, 34]; moduli with NON-divisibility escapes: [(16, 29), (23, 84), (24, 4), (25, 92), (27, 100), (31, 224)]
  S = 13\{8, 13}: clean moduli NONE; useless [14, 15, 17, 18, 19, 20, 22, 28, 30, 36]; moduli with NON-divisibility escapes: [(16, 29), (21, 76), (23, 84), (24, 88), (25, 92), (26, 49)]
  S = 13\{9, 10}: clean moduli NONE; useless [14, 15, 16, 17, 21, 22, 24, 31, 33]; moduli with NON-divisibility escapes: [(18, 33), (19, 68), (20, 37), (23, 84), (25, 92), (26, 96)]
  S = 13\{9, 11}: clean moduli NONE; useless [14, 15, 16, 17, 19, 21, 24, 28, 30]; moduli with NON-divisibility escapes: [(18, 33), (20, 72), (22, 41), (23, 84), (25, 8), (26, 8)]
  S = 13\{9, 12}: clean moduli NONE; useless [14, 15, 16, 17, 19, 20, 21, 22, 28, 29, 30, 31, 33, 39]; moduli with NON-divisibility escapes: [(18, 33), (23, 84), (24, 45), (25, 92), (26, 96), (27, 100)]
  S = 13\{9, 13}: clean moduli NONE; useless [14, 15, 16, 17, 19, 20, 21, 24, 28, 29, 30, 33]; moduli with NON-divisibility escapes: [(18, 33), (22, 80), (23, 84), (25, 92), (26, 4), (27, 8)]
  S = 13\{10, 11}: clean moduli NONE; useless [14, 15, 16, 17, 18, 19, 23, 24, 28, 29, 34, 35]; moduli with NON-divisibility escapes: [(20, 37), (21, 76), (22, 41), (25, 92), (26, 96), (27, 8)]
  S = 13\{10, 12}: clean moduli NONE; useless [14, 15, 16, 17, 18, 19, 21, 22, 23, 25, 26, 28, 29, 31, 32, 33, 34, 35, 38]; moduli with NON-divisibility escapes: [(20, 37), (24, 45), (27, 100), (30, 112), (36, 136), (37, 272)]
  S = 13\{10, 13}: clean moduli NONE; useless [14, 15, 16, 17, 18, 19, 21, 22, 24, 25, 28, 29, 31, 32, 34, 35, 38]; moduli with NON-divisibility escapes: [(20, 37), (23, 84), (26, 49), (27, 8), (30, 112), (33, 240)]
  S = 13\{11, 12}: clean moduli NONE; useless [14, 15, 16, 17, 18, 19, 20, 21, 28, 29, 30, 31, 32]; moduli with NON-divisibility escapes: [(22, 41), (23, 84), (24, 45), (25, 92), (26, 96), (27, 100)]
  S = 13\{11, 13}: clean moduli NONE; useless [14, 15, 16, 17, 18, 19, 20, 21, 23, 28, 29, 30, 31, 32, 34]; moduli with NON-divisibility escapes: [(22, 41), (24, 88), (25, 92), (26, 4), (27, 8), (33, 124)]
  S = 13\{12, 13}: clean moduli NONE; useless [14, 15, 16, 17, 18, 19, 20, 21, 22, 23, 28, 29, 30, 31, 32, 33, 34, 35]; moduli with NON-divisibility escapes: [(24, 45), (25, 92), (26, 49), (27, 100), (36, 136), (37, 272)]
  => complements with >= 1 clean modulus: 0/78; with a near-coprime clean pair: 0/78

== (b) drift constants: the 11-part's exact 3/41-safe widths ==
  minimum widest-safe-interval over all 78 complements: w0 = 22/3731 ~ 0.00590 at S = 13\{10, 6}
  drift lemma constants: x >= 2/w0 = 339, y >= ~5x  => witness exists (elementary two-step drift)
  near-equal resonance check: (1+m)*6/41 < 1 for m <= 5: [(1, 0.2926829268292683), (2, 0.43902439024390244), (3, 0.5853658536585366), (4, 0.7317073170731707), (5, 0.8780487804878049)] -- all < 1 OK
