deep well target: 14/183 = 0.076503
==============================================================================
ONE-SWAP COVERING FAMILIES F(j,X) = ({1..13}\{j}) u {X}: min M over covering X
  (X up to 260; report the covering-min per drop-j and the (j,X) achieving global min)
==============================================================================
drop j   min covering M  >=14/183?  argmin X  #cov
     1              1/8       True        14    18
     2             9/83       True        70    18
     3             2/19       True        14    18
     4             5/53       True        42    18
     5             2/21       True        14    18
     6            9/109       True        98    18
     7             1/11       True        14    18
     8              1/9       True        56     4
     9           14/131       True       126     2
    10             1/11       True        70     3
    11           14/157       True       154     1
    12             7/89       True        84     3
    13           14/183       True       182     1

  GLOBAL one-swap covering-min = 14/183 (~0.076503) at drop-j,X = (13, 182)
  equals deep well 14/183? True   (deep well = drop-13, X=182)

==============================================================================
LADDER SHAPE per drop-j: M(F(j, X_j0 * k)) as k grows -- is it k/(a k + b) (kps shape)?
  X_j0 = smallest covering X for drop-j; tabulate M for k=1..5, fit linear/linear.
==============================================================================
  j    X0                                            M(k=1..5)
  1    14              ['1/8', '2/15', '2/15', '2/15', '2/15']
  2    14             ['2/17', '2/17', '2/17', '2/17', '9/83']
  3    14             ['2/19', '2/17', '2/17', '2/17', '2/17']
  4    14             ['2/19', '2/19', '5/53', '2/19', '2/19']
  5    14             ['2/21', '2/19', '2/19', '2/19', '2/19']
  6    14             ['2/23', '2/23', '2/23', '2/23', '2/23']
  7    14               ['1/11', '1/9', '3/25', '1/8', '5/39']
  8    56              ['1/9', '2/17', '3/25', '4/33', '5/41']
  9   126   ['14/131', '28/257', '42/383', '56/509', '14/127']
 10    70             ['1/11', '2/21', '3/31', '4/41', '5/51']
 11   154   ['14/157', '28/311', '14/155', '56/619', '70/773']
 12    84       ['7/89', '14/173', '21/257', '28/341', '7/85']
 13   182   ['14/183', '28/365', '42/547', '56/729', '69/898']

READING: if the global one-swap covering-min = 14/183 (deep well) and each drop-j ladder is
M=k/(ak+b) >= 14/183, the ONE-SWAP stratum is a finite (13 drop-positions) union of formula-
closable ladders (kps residue-table), with the deep well the unique floor. That closes the
one-runner-spread part of the covering-min; residual = MULTI-swap families (>=2 spread).
DONE
