================================================================================
(V1) Omega* SUBSET Omega(tau) for ALL tau in [a',b'] -- exact containment check
================================================================================
  P=[1, 2, 3]    |L|=10 g*=0.0268 V0*=81 : center-theta safe over [a',b'] viol=0 ; edge-theta viol=0
  P=[1, 2, 3]    |L|= 9 g*=0.1032 V0*=75 : center-theta safe over [a',b'] viol=0 ; edge-theta viol=0
  P=[1, 2, 3, 4] |L|= 9 g*=0.0893 V0*=81 : center-theta safe over [a',b'] viol=0 ; edge-theta viol=0
  P=[1, 2, 3, 5, 7] |L|= 8 g*=0.0701 V0*=109 : center-theta safe over [a',b'] viol=0 ; edge-theta viol=0

================================================================================
(V2) FAST SWEEP: for V0>=V0*, exhibit tau* in [a',b'] with {V0 tau*} in Omega*, and verify
     min_v ||v tau*|| >= 1/14 for the ACTUAL set S = P U {V0+d_i}.
================================================================================
  P=[1, 2, 3]    V0=   81 : tau*=2069390396012068553545361249/8225531276657936904700821504  min_v||v tau*||=308241211141549248323881475/2741843758885978968233607168=0.1124  >=1/14? True  (sweep len V0*(b-a)=1.00)
  P=[1, 2, 3]    V0=   88 : tau*=2272489933707326254895998817/8936379658591338859428052992  min_v||v tau*||=429529018851732333024691505/4468189829295669429714026496=0.0961  >=1/14? True  (sweep len V0*(b-a)=1.09)
  P=[1, 2, 3]    V0=  162 : tau*=4100385772964645567051736929/16451062553315873809401643008  min_v||v tau*||=2020568391758400836874534665/16451062553315873809401643008=0.1228  >=1/14? True  (sweep len V0*(b-a)=2.00)
  P=[1, 2, 3]    V0=   75 : tau*=2495406858657144668859263429/11424348995358245700973363200  min_v||v tau*||=2143136387219873158907925413/11424348995358245700973363200=0.1876  >=1/14? True  (sweep len V0*(b-a)=1.01)
  P=[1, 2, 3]    V0=   82 : tau*=2800056165200031220885219781/12490621568258348633064210432  min_v||v tau*||=2800056165200031220885219781/12490621568258348633064210432=0.2242  >=1/14? True  (sweep len V0*(b-a)=1.10)
  P=[1, 2, 3]    V0=  150 : tau*=986520262200047417013382849/4569739598143298280389345280  min_v||v tau*||=150279991776529837974018667/1142434899535824570097336320=0.1315  >=1/14? True  (sweep len V0*(b-a)=2.02)
  P=[1, 2, 3, 4] V0=   81 : tau*=5453633059605259364658821249/32902125106631747618803286016  min_v||v tau*||=5453633059605259364658821249/32902125106631747618803286016=0.1658  >=1/14? True  (sweep len V0*(b-a)=1.01)
  P=[1, 2, 3, 4] V0=   88 : tau*=5859832134995774767360096385/35745518634365355437712211968  min_v||v tau*||=5859832134995774767360096385/35745518634365355437712211968=0.1639  >=1/14? True  (sweep len V0*(b-a)=1.10)
  P=[1, 2, 3, 4] V0=  162 : tau*=10734221039681959599775398017/65804250213263495237606572032  min_v||v tau*||=10734221039681959599775398017/65804250213263495237606572032=0.1631  >=1/14? True  (sweep len V0*(b-a)=2.02)
  P=[1, 2, 3, 5, 7] V0=  109 : tau*=685028580834618676763281171/5995667602378753391955279872  min_v||v tau*||=685028580834618676763281171/5995667602378753391955279872=0.1143  >=1/14? True  (sweep len V0*(b-a)=1.00)
  P=[1, 2, 3, 5, 7] V0=  116 : tau*=740034705627084304212412179/6380710475926012784099196928  min_v||v tau*||=740034705627084304212412179/6380710475926012784099196928=0.1160  >=1/14? True  (sweep len V0*(b-a)=1.07)
  P=[1, 2, 3, 5, 7] V0=  218 : tau*=1345102078344206206152853267/11991335204757506783910559744  min_v||v tau*||=1345102078344206206152853267/11991335204757506783910559744=0.1122  >=1/14? True  (sweep len V0*(b-a)=2.01)

================================================================================
(V3) BROAD: random fixed-(P,offsets), many V0>=V0*; confirm M(S)>=1/14 for ALL covering
     primitive in-scope rows; report any failure.
================================================================================
  random fixed-(P,offsets) patterns, V0>=V0* tested rows: 120 (covering+primitive: 20)
  M(S) < 1/14 failures at or above the constructive threshold: 0

VERIFICATION DONE.
