LRC14 projected k=3 one-pass scalar atlas
suffix_source_sha256=a003d287f618eb301edf6974d0b67dc128c4f380a169e7809ed5b5754e8b8303
suffix_output_sha256=61e16aab8a368881c574047e576645e6b41837dc9f804f7a78d37230d843612b
universe=six_body_roots=3003;first_drift=200..378;three_distinct_later_drifts;nonzero_mod_L;exact_horizon=7000
omitted_tail=delta(z)<=6r/(49z);projected_high_wall=max(15,floor(13L/132)+1)
method=one exact descending suffix pass per body for all 179 first drifts
total_projected_scalar_rows=6060
counts_by_first=((200, 504), (201, 305), (202, 24), (203, 5), (204, 49), (205, 236), (206, 51), (207, 474), (208, 549), (209, 48), (210, 12), (211, 45), (212, 418), (213, 18), (214, 95), (215, 13), (216, 480), (217, 8), (218, 119), (219, 16), (220, 289), (221, 90), (222, 219), (223, 65), (224, 4), (225, 78), (226, 13), (227, 30), (228, 5), (229, 43), (230, 50), (231, 9), (232, 3), (233, 62), (234, 381), (235, 11), (236, 1), (237, 44), (239, 4), (240, 52), (242, 20), (243, 154), (244, 2), (245, 1), (246, 194), (247, 8), (249, 10), (250, 176), (251, 3), (252, 1), (253, 4), (254, 1), (255, 3), (256, 1), (257, 4), (259, 16), (260, 140), (265, 3), (268, 27), (270, 26), (272, 3), (273, 19), (274, 7), (275, 10), (276, 18), (278, 4), (285, 7), (286, 4), (287, 5), (288, 4), (291, 2), (294, 1), (297, 7), (298, 12), (302, 9), (306, 2), (312, 80), (324, 45), (328, 9), (330, 1), (336, 8), (350, 53), (364, 25), (378, 9))
upper_bank_spikes=((336, 8), (350, 53), (364, 25), (378, 9));all_interstitial_counts=0
z1_364_bodies=((1, 2, 6, 8, 12, 14), (1, 2, 6, 10, 12, 14), (1, 2, 8, 10, 12, 14), (1, 4, 6, 8, 12, 14), (1, 4, 6, 10, 12, 14), (1, 4, 8, 10, 12, 14), (1, 6, 8, 9, 12, 14), (1, 6, 8, 10, 12, 14), (2, 3, 8, 10, 12, 14), (2, 3, 8, 11, 12, 14), (2, 4, 6, 8, 12, 14), (2, 4, 6, 10, 12, 14), (2, 4, 8, 10, 12, 14), (2, 6, 8, 9, 12, 14), (2, 6, 8, 10, 12, 14), (2, 6, 8, 10, 13, 14), (2, 6, 8, 11, 12, 14), (2, 6, 9, 10, 12, 14), (2, 6, 10, 11, 12, 14), (2, 8, 9, 10, 12, 14), (2, 8, 10, 11, 12, 14), (2, 8, 10, 12, 13, 14), (3, 4, 8, 10, 12, 14), (4, 6, 8, 10, 12, 14), (4, 8, 10, 11, 12, 14))
z1_364_row=E=1,2,6,8,12,14;h=83/196;r=26;L=2352;high=232;z1=364;delta1=19/4459;suffix=378:167/37044,492:153/56252,440:599/226380;lower=249/17836;upper=15349933/1085944860;gap=47392/271486215
z1_364_row=E=1,2,6,10,12,14;h=577/1470;r=30;L=5880;high=580;z1=364;delta1=853/267540;suffix=660:31/11319,378:407/92610,390:107/26754;lower=577/44590;upper=379319/26486460;gap=36581/26486460
z1_364_row=E=1,2,8,10,12,14;h=1049/2940;r=34;L=11760;high=1159;z1=364;delta1=292/66885;suffix=1220:1531/1255380,378:71/20580,380:1237/391020;lower=1049/89180;upper=3782567/310078860;gap=67597/155039430
z1_364_row=E=1,4,6,8,12,14;h=83/196;r=26;L=2352;high=232;z1=364;delta1=83/17836;suffix=378:139/37044,492:557/168756,414:443/142002;lower=249/17836;upper=6732865/454122396;gap=98269/113530599
z1_364_row=E=1,4,6,10,12,14;h=373/980;r=30;L=5880;high=580;z1=364;delta1=331/89180;suffix=660:613/226380,378:709/185220,390:74/22295;lower=1119/89180;upper=359327/26486460;gap=6746/6621615
z1_364_row=E=1,4,8,10,12,14;h=1049/2940;r=34;L=11760;high=1159;z1=364;delta1=1273/267540;suffix=1500:237/171500,380:1531/391020,492:2981/843780;lower=1049/89180;upper=11800037/868390250;gap=3170799/1736780500
z1_364_row=E=1,6,8,9,12,14;h=461/1176;r=28;L=7056;high=695;z1=364;delta1=391/107016;suffix=828:1091/568008,378:331/74088,402:1649/551544;lower=461/35672;upper=2417743/185525613;gap=161117/1484204904
z1_364_row=E=1,6,8,10,12,14;h=1049/2940;r=34;L=11760;high=1159;z1=364;delta1=1063/267540;suffix=1358:2407/1996260,378:779/185220,390:229/66885;lower=1049/89180;upper=598321/46712484;gap=122137/116781210
z1_364_row=E=2,3,8,10,12,14;h=1049/2940;r=34;L=11760;high=1159;z1=364;delta1=1063/267540;suffix=1358:2407/1996260,378:709/185220,380:1237/391020;lower=1049/89180;upper=27004193/2218842990;gap=1809097/4437685980
z1_364_row=E=2,3,8,11,12,14;h=4777/12936;r=30;L=25872;high=2549;z1=364;delta1=4427/1177176;suffix=HIGH-TAIL:180/343049,440:251/56595,378:2899/814968;lower=4777/392392;upper=2276659493/185431706460;gap=783859/7568641080
z1_364_row=E=2,4,6,8,12,14;h=22/49;r=28;L=2352;high=232;z1=364;delta1=22/4459;suffix=378:4/1029,414:1027/284004,492:265/84378;lower=66/4459;upper=2358089/151374132;gap=117521/151374132
z1_364_row=E=2,4,6,10,12,14;h=199/490;r=32;L=5880;high=580;z1=364;delta1=89/22295;suffix=660:13/5145,378:367/92610,390:157/44590;lower=597/44590;upper=8429/601965;gap=739/1203930
z1_364_row=E=2,4,8,10,12,14;h=281/735;r=36;L=11760;high=1159;z1=364;delta1=337/66885;suffix=1500:349/257250,380:394/97755,410:157/42189;lower=281/22295;upper=36855323/2605170750;gap=4020473/2605170750
z1_364_row=E=2,6,8,9,12,14;h=159/392;r=30;L=7056;high=695;z1=364;delta1=145/35672;suffix=770:271/150920,378:355/74088,408:403/139944;lower=477/35672;upper=1523239/112567455;gap=144047/900539640
z1_364_row=E=2,6,8,10,12,14;h=363/980;r=36;L=11760;high=1159;z1=364;delta1=391/89180;suffix=1358:909/665420,378:839/185220,390:82/22295;lower=1089/89180;upper=3260099/233562420;gap=102002/58390605
z1_364_row=E=2,6,8,10,13,14;h=5053/15288;r=34;L=152880;high=15057;z1=364;delta1=323/107016;suffix=HIGH-TAIL:68/245931,378:4027/963144,574:15595/4387656;lower=5053/463736;upper=104100679/9437848056;gap=8210729/61346012364
z1_364_row=E=2,6,8,11,12,14;h=1679/4312;r=30;L=25872;high=2549;z1=364;delta1=1735/392392;suffix=2730:1129/1961960,440:1933/452760,378:3331/814968;lower=5037/392392;upper=88423/6621615;gap=27389/52972920
z1_364_row=E=2,6,9,10,12,14;h=1661/4410;r=34;L=17640;high=1738;z1=364;delta1=2489/802620;suffix=1810:2507/2793735,378:407/92610,390:1633/401310;lower=1661/133770;upper=5431399/435822660;gap=19861/435822660
z1_364_row=E=2,6,10,11,12,14;h=11623/32340;r=34;L=64680;high=6371;z1=364;delta1=2939/735735;suffix=HIGH-TAIL:204/343049,378:7813/2037420,390:10601/2942940;lower=11623/980980;upper=1115023471/92715853230;gap=4712303/26490243780
z1_364_row=E=2,8,9,10,12,14;h=1993/5880;r=36;L=35280;high=3475;z1=364;delta1=2021/535080;suffix=HIGH-TAIL:216/343049,378:1523/370440,574:4807/1687560;lower=1993/178360;upper=15711976607/1382309084520;gap=1357211/7052597370
z1_364_row=E=2,8,10,11,12,14;h=21041/64680;r=38;L=129360;high=12741;z1=364;delta1=2059/452760;suffix=HIGH-TAIL:76/208103,492:56489/18563160,390:5483/1961960;lower=21041/1961960;upper=11018180531/1024890626760;gap=382313/14641294668
z1_364_row=E=2,8,10,12,13,14;h=1689/5096;r=38;L=152880;high=15057;z1=364;delta1=131/35672;suffix=HIGH-TAIL:76/245931,378:3901/963144,574:5007/1462552;lower=5067/463736;upper=108111709/9437848056;gap=32430413/61346012364
z1_364_row=E=3,4,8,10,12,14;h=373/980;r=34;L=11760;high=1159;z1=364;delta1=401/89180;suffix=1164:2687/1996260,380:713/195510,410:919/281260;lower=1119/89180;upper=85964709/6738708340;gap=352428/1684677085
z1_364_row=E=4,6,8,10,12,14;h=199/490;r=36;L=11760;high=1159;z1=364;delta1=213/44590;suffix=1500:178/128625,378:367/92610,380:237/65170;lower=597/44590;upper=7869013/571866750;gap=106244/285933375
z1_364_row=E=4,8,10,11,12,14;h=23561/64680;r=36;L=129360;high=12741;z1=364;delta1=30967/5885880;suffix=HIGH-TAIL:72/208103,492:67339/18563160,380:4901/1720488;lower=23561/1961960;upper=235298900737/19472921908440;gap=103596047/1390922993460
semantic_sha256=46535b2b075e15244ec87101f44d74a8034b093244fd8559fe11b5b70425fda8
all_exact_controls=PASS
