== THM-2564: six-tooth V00 tomography ==
  V00 rank / one tooth codomain rank: 72 / 12
  T_0 vanishes identically by the second margin
  all 792 five-slope banks have rational rank 60
  all 924 six-slope banks have rational rank 72 and mod-13 rank 51
  direct determinant controls: 3/3 equal 13^21 = 247064529073450392704413
  theorem invoice: Smith form 1^51 direct-sum 13^21 for every bank

== sharp five-slope literal field-trace hostiles ==
  792/792 prescribed five-slope sets are exact zero sets
  every good output fires all 12 nontrivial C13 characters
  integral witness L1 range: 396 .. 664
  minimum support theorem: every nonzero interaction has >=7 good slopes

== chart shear and section-holonomy boundary ==
  ambient ordered-set shear sends T_tau to T_(tau+sigma): 169/169 PASS
  S_1 rectangle column margin: 1 0 0 0 0 1 -1 0 0 0 0 0 -1
  ambient shear does not preserve V00; bank transitions use abstract inverses
  c=1 row rotation has wrap q=(0,0,0,0,0,0,1)
  induced -7*tau*q defect is nonconstant and physically nonaffine
  exact witness after rotation is not any cyclic root translate: PASS

explicit checks: 388421
ALL EXACT CHECKS PASSED
