JOINT C7xC13 CORRECTED RIGHT-WING/COFIBER SPECTRUM
status=THM-2771 FINITE-EXACT candidate; no LRC conclusion
raw_right_table=((0, 0, 0, 0, 0, 0, 0, 0, 0, 0, 0, 0, 0), (0, 0, 0, 5708126481583857851520, 5708126481583857851520, 5708126481583857851520, 5708126481583857851520, 5708126481583857851520, 5708126481583857851520, 5708126481583857851520, 5708126481583857851520, 5708126481583857851520, 345341652135823400016960), (0, 0, 5707937511054592894080, 5707937511054592894080, 5707937511054592894080, 5707937511054592894080, 5707937511054592894080, 5707937511054592894080, 5707937511054592894080, 5707937511054592894080, 0, 0, 756301720214733558465600), (0, 0, 5707937511054592894080, 5707937511054592894080, 5707937511054592894080, 5707937511054592894080, 5707937511054592894080, 5707937511054592894080, 0, 0, 5707937511054592894080, 5707937511054592894080, 724908063903933297548160), (0, 0, 0, 0, 0, 0, 0, 0, 0, 0, 0, 0, 0), (0, 0, 0, 0, 0, 0, 0, 0, 0, 0, 0, 0, 0), (0, 0, 0, 0, 0, 0, 0, 0, 0, 0, 0, 0, 0))
global_content=5905329039529920
primitive_right_table=((0, 0, 0, 0, 0, 0, 0, 0, 0, 0, 0, 0, 0), (0, 0, 0, 966606, 966606, 966606, 966606, 966606, 966606, 966606, 966606, 966606, 58479663), (0, 0, 966574, 966574, 966574, 966574, 966574, 966574, 966574, 966574, 0, 0, 128071055), (0, 0, 966574, 966574, 966574, 966574, 966574, 966574, 0, 0, 966574, 966574, 122754898), (0, 0, 0, 0, 0, 0, 0, 0, 0, 0, 0, 0, 0), (0, 0, 0, 0, 0, 0, 0, 0, 0, 0, 0, 0, 0), (0, 0, 0, 0, 0, 0, 0, 0, 0, 0, 0, 0, 0))
support_count=28 support=((1, 3), (1, 4), (1, 5), (1, 6), (1, 7), (1, 8), (1, 9), (1, 10), (1, 11), (1, 12), (2, 2), (2, 3), (2, 4), (2, 5), (2, 6), (2, 7), (2, 8), (2, 9), (2, 12), (3, 2), (3, 3), (3, 4), (3, 5), (3, 6), (3, 7), (3, 10), (3, 11), (3, 12))
matrix_ranks_Q_F7_F13=(3, 1, 3)
clock_collapse=(0, 67179117, 135803647, 130487490, 0, 0, 0)
target_collapse=(0, 0, 1933148, 2899754, 2899754, 2899754, 2899754, 2899754, 1933180, 1933180, 1933180, 1933180, 309305616)
augmentation=333470254 mod7=5 mod13=0
target_mod13=(0, 0, 9, 0, 0, 0, 0, 0, 2, 2, 2, 2, 9)
target_epsilon_coefficients=(0, 7, 8, 9, 12, 2, 4, 4, 7, 6, 7, 6, 9)
target_uniformizer_V_epsilon=(7, 8, 9, 12, 2, 4, 4, 7, 6, 7, 6, 9, 0)
target_uniformizer_inverse_K_epsilon=(2, 7, 8, 10, 1, 10, 11, 4, 8, 3, 2, 4, 0)
target_uniformizer_inverse_K_u=(7, 3, 3, 3, 12, 2, 9, 10, 9, 8, 10, 4, 0)
target_group_ring_product_S_times_K=(12, 1, 0, 0, 0, 0, 0, 0, 0, 0, 0, 0, 0)
target_tangent_class_I_mod_I2=7*(u-1)
decoded_primitive_rows_mod13=((0, 0, 0, 0, 0, 0, 0, 0, 0, 0, 0, 0, 0), (2, 6, 7, 7, 9, 2, 8, 12, 6, 5, 7, 11, 6), (0, 11, 1, 7, 6, 9, 9, 4, 12, 8, 8, 5, 8), (10, 10, 5, 12, 11, 2, 9, 10, 8, 0, 11, 10, 12), (0, 0, 0, 0, 0, 0, 0, 0, 0, 0, 0, 0, 0), (0, 0, 0, 0, 0, 0, 0, 0, 0, 0, 0, 0, 0), (0, 0, 0, 0, 0, 0, 0, 0, 0, 0, 0, 0, 0))
decoded_t0_chart_cochain=(0, 2, 0, 10, 0, 0, 0) chart_sum=12
decoded_target_column_sums=(12, 1, 0, 0, 0, 0, 0, 0, 0, 0, 0, 0, 0)
scaled_holotopy_candidate=7*a*decoded_t0 has chart sum -7*a mod13
raw_content_v13=1 bockstein_unit_(g0/13)_mod13=11
bockstein_decoder_K_u=(3, 5, 5, 5, 7, 12, 2, 8, 2, 9, 8, 11, 0)
decoded_bockstein_rows_mod13=((0, 0, 0, 0, 0, 0, 0, 0, 0, 0, 0, 0, 0), (2, 6, 7, 7, 9, 2, 8, 12, 6, 5, 7, 11, 6), (0, 11, 1, 7, 6, 9, 9, 4, 12, 8, 8, 5, 8), (10, 10, 5, 12, 11, 2, 9, 10, 8, 0, 11, 10, 12), (0, 0, 0, 0, 0, 0, 0, 0, 0, 0, 0, 0, 0), (0, 0, 0, 0, 0, 0, 0, 0, 0, 0, 0, 0, 0), (0, 0, 0, 0, 0, 0, 0, 0, 0, 0, 0, 0, 0))
decoded_t0_convolve_uniform_C7=(12, 12, 12, 12, 12, 12, 12)
pointwise_holotopy_candidate=a*(C*N7)=(-a,...,-a), cancelling a constant (+a)-chart obstruction after a granted chart identification
cyclotomic_sectors_(order,gcd_degrees_mod2_mod7_mod13)=((7, (0, 0, 0)), (13, (12, 0, 1)), (91, (0, 0, 0)))
exact_order7_order13_resultants=((7, 2164833805035694204114534905543204737802313970779), (13, 708762831620208775530213399682753305758900865474119127375721370505898041395766813306566259706602082304))
sector_units_mod91=((7, True), (13, False), (91, True))
full_C91_group_ring_unit=False augmentation_quotient_unit=False fully_mixed_order91_unit=True
crt_support=(2, 3, 8, 9, 10, 16, 17, 22, 24, 29, 30, 31, 36, 38, 43, 44, 45, 50, 51, 57, 58, 59, 64, 71, 72, 80, 85, 86)
fixed_t3_mod13_left=(0, 0, 0, 12, 0, 0, 0) right=(0, 9, 2, 2, 0, 0, 0)
SCOPE: a nonzero/invertible coefficient spectrum is not a semantic arm, endpoint map, or noncommuting transition
ALL CHECKS PASSED
