THM-2928 literal three-drift diagonal CRT referee
support_cutoff=26/31
body_count=3003
divisor_rows=251536
support_killed_rows=237758
support_hard_rows=13778
diagonal_cardinality_survivors=2636
first_fiber_kills=2601
first_fiber_survivors=35
first_fiber_survivors_all_D_eq_L=True
first_fiber_survivors_all_body_contains_7=True
first_fiber_survivors_all_D_eq_49m_coprime=True
raw_Z49_needles=2058
unique_Z49_needles=1029
one_needle_coverable_submasks=54587
needles_through_each_point=147
recursion_controls=1,1,1,0
second_CRT_slice_kills=35
diagonal_survivors=0
witness_sha256=8f8640ac65bef2c376210d2aec7bb48cf82bd60c7dac11b1b7395c738398babf
smallest_noncoverable_slice_ledger:
F=1,2,7,9,12,13;D=45864;m=936;support=16372;density=4093/11466;x=0;size=16;heights=5,6,9,10,13,17,18,20,29,31,32,36,39,40,43,44
F=1,3,7,8,9,10;D=35280;m=720;support=11714;density=5857/17640;x=0;size=16;heights=4,8,9,13,19,20,23,24,25,26,29,30,36,40,41,45
F=1,3,7,8,10,11;D=129360;m=2640;support=39274;density=19637/64680;x=0;size=16;heights=4,8,11,13,19,20,23,24,25,26,29,30,36,38,41,45
F=1,3,7,8,11,12;D=25872;m=528;support=9042;density=137/392;x=0;size=18;heights=5,10,11,13,15,19,20,23,24,25,26,29,30,34,36,38,39,44
F=1,3,7,8,11,13;D=336336;m=6864;support=103308;density=8609/28028;x=0;size=16;heights=5,8,10,11,13,20,23,24,25,26,29,36,38,39,41,44
F=1,3,7,11,12,13;D=168168;m=3432;support=56008;density=7001/21021;x=0;size=16;heights=5,6,10,11,13,20,23,24,25,26,29,36,38,39,43,44
F=1,4,7,8,9,11;D=77616;m=1584;support=26370;density=1465/4312;x=0;size=18;heights=4,5,8,10,15,17,19,20,23,26,29,30,32,34,39,41,44,45
F=1,4,7,8,9,13;D=91728;m=1872;support=31862;density=15931/45864;x=104;size=15;heights=4,8,9,10,17,20,23,26,29,32,33,39,40,41,44
F=1,4,7,9,10,11;D=194040;m=3960;support=58876;density=14719/48510;x=198;size=14;heights=4,6,8,15,17,19,20,23,26,30,32,41,43,45
F=1,4,7,9,11,12;D=38808;m=792;support=13248;density=184/539;x=44;size=16;heights=6,10,15,17,19,20,23,26,29,30,32,33,34,39,43,44
F=1,4,7,9,11,13;D=504504;m=10296;support=151406;density=75703/252252;x=572;size=15;heights=4,6,8,10,17,20,23,26,29,32,33,39,41,43,44
F=1,5,7,8,9,11;D=388080;m=7920;support=109044;density=3029/10780;x=792;size=15;heights=4,8,15,17,23,25,26,30,32,33,34,36,41,44,45
F=1,5,7,8,9,12;D=35280;m=720;support=11490;density=383/1176;x=72;size=14;heights=13,15,17,23,25,26,30,31,32,33,34,36,40,44
F=1,5,7,8,9,13;D=458640;m=9360;support=131716;density=2533/8820;x=520;size=15;heights=4,8,9,13,17,23,24,25,26,32,33,36,40,41,44
F=1,5,7,8,10,13;D=50960;m=1040;support=17978;density=8989/25480;x=0;size=18;heights=8,9,11,13,16,17,22,23,24,25,26,27,32,33,36,38,40,41
F=1,5,7,8,11,12;D=129360;m=2640;support=41262;density=6877/21560;x=0;size=16;heights=5,11,13,15,16,17,23,24,25,26,32,33,34,36,38,44
F=1,5,7,9,11,13;D=630630;m=12870;support=186328;density=93164/315315;x=0;size=16;heights=5,6,8,12,13,17,23,24,25,26,32,36,37,41,43,44
F=1,5,7,11,12,13;D=840840;m=17160;support=255610;density=25561/84084;x=0;size=16;heights=5,6,11,13,16,17,23,24,25,26,32,33,36,38,43,44
F=1,6,7,8,9,11;D=77616;m=1584;support=25390;density=12695/38808;x=0;size=18;heights=4,5,10,13,15,17,19,20,23,26,29,30,32,34,36,39,44,45
F=1,6,7,8,11,13;D=336336;m=6864;support=104106;density=17351/56056;x=572;size=14;heights=4,5,10,17,20,23,25,26,27,29,36,38,39,44
F=1,6,7,9,10,13;D=114660;m=2340;support=37962;density=2109/6370;x=0;size=16;heights=6,9,12,13,17,18,20,23,26,29,31,32,36,37,40,43
F=1,6,7,9,11,13;D=252252;m=5148;support=81758;density=40879/126126;x=0;size=16;heights=5,6,10,12,13,17,20,23,26,29,32,36,37,39,43,44
F=1,6,7,10,11,13;D=420420;m=8580;support=129156;density=10763/35035;x=390;size=14;heights=4,6,12,17,20,23,26,27,29,32,36,37,38,43
F=1,7,8,9,10,11;D=388080;m=7920;support=116012;density=29003/97020;x=0;size=16;heights=4,8,13,17,19,20,23,24,25,26,29,30,32,36,41,45
F=1,7,8,9,10,13;D=458640;m=9360;support=138668;density=34667/114660;x=585;size=15;heights=4,8,9,13,17,20,23,25,26,31,32,33,36,40,41
F=1,7,8,9,11,12;D=77616;m=1584;support=26148;density=2179/6468;x=0;size=18;heights=5,10,13,15,17,19,20,23,24,25,26,29,30,32,34,36,39,44
F=1,7,9,10,12,13;D=229320;m=4680;support=72988;density=18247/57330;x=0;size=16;heights=6,9,13,17,18,20,23,24,25,26,29,31,32,36,40,43
F=1,7,10,11,12,13;D=840840;m=17160;support=256950;density=8565/28028;x=780;size=15;heights=6,17,20,23,24,25,26,27,29,32,33,36,37,38,43
F=2,3,7,8,11,13;D=336336;m=6864;support=111162;density=18527/56056;x=264;size=16;heights=2,3,4,5,8,10,13,20,29,36,38,39,41,44,46,47
F=2,3,7,11,12,13;D=168168;m=3432;support=58934;density=29467/84084;x=156;size=16;heights=2,3,5,6,10,20,27,29,36,37,38,39,43,44,46,47
F=2,5,7,8,9,11;D=388080;m=7920;support=115974;density=6443/21560;x=0;size=16;heights=2,3,4,5,8,13,15,17,32,34,36,41,44,45,46,47
F=2,5,7,8,9,13;D=458640;m=9360;support=142426;density=71213/229320;x=520;size=15;heights=2,3,4,8,9,13,17,32,33,36,40,41,44,46,47
F=2,5,7,9,11,13;D=1261260;m=25740;support=379586;density=189793/630630;x=0;size=16;heights=2,3,5,6,8,12,13,17,32,36,37,41,43,44,46,47
F=2,5,7,11,12,13;D=840840;m=17160;support=270240;density=2252/7007;x=780;size=15;heights=2,3,5,6,17,27,32,33,36,37,38,43,44,46,47
F=4,5,7,9,11,13;D=2522520;m=51480;support=774292;density=193573/630630;x=0;size=16;heights=1,2,3,5,6,8,17,23,26,32,41,43,44,46,47,48
