##############################################################################
# REFINED TORUS FREIMAN FUNCTIONALS vs measS7
##############################################################################

======================================================================
k=8 span<= 12: 112 shapes
  functional                    Spearman(measS7,.)   argopt==consec?
  int_doubling (min)                       -0.5879              True
  int_energy (max)                         +0.6993              True
  res7_energy (max)                           +nan              True
  spread/diameter (min)                    -0.2994              True
  survival_leg_sum (min)                   -0.2083              True
  harmonic_leg (max)                       -0.0060              True
  weighted_energy d=1/2                    +0.0947              True
  weighted_energy d=3/4                    +0.3657              True

  PROBE shapes (the interior-ranking battleground):
  E                              measS7  intDoub  res7En  legSum  harmLeg
  [0, 1, 2, 3, 4, 5, 6, 7]      0.32721    1.875     586      21   10.450 
  [0, 2, 4, 6, 7, 8, 10, 12]    0.25578    2.500     586      42    9.225 
  [0, 1, 3, 5, 7, 9, 11, 13]    0.23796    2.625     586      42    9.812 
  [0, 1, 2, 3, 4, 5, 6, 8]      0.20833    2.000     586      21   10.450 
  [0, 2, 3, 4, 5, 6, 7, 8]      0.27364    2.000     586      28    9.575 

======================================================================
k=8 span<= 13: 256 shapes
  functional                    Spearman(measS7,.)   argopt==consec?
  int_doubling (min)                       -0.5710              True
  int_energy (max)                         +0.6510              True
  res7_energy (max)                           +nan              True
  spread/diameter (min)                    -0.4399              True
  survival_leg_sum (min)                   -0.2304              True
  harmonic_leg (max)                       +0.0306              True
  weighted_energy d=1/2                    +0.0849              True
  weighted_energy d=3/4                    +0.3330              True

  PROBE shapes (the interior-ranking battleground):
  E                              measS7  intDoub  res7En  legSum  harmLeg
  [0, 1, 2, 3, 4, 5, 6, 7]      0.32721    1.875     586      21   10.450 
  [0, 2, 4, 6, 7, 8, 10, 12]    0.25578    2.500     586      42    9.225 
  [0, 1, 3, 5, 7, 9, 11, 13]    0.23796    2.625     586      42    9.812 
  [0, 1, 2, 3, 4, 5, 6, 8]      0.20833    2.000     586      21   10.450 
  [0, 2, 3, 4, 5, 6, 7, 8]      0.27364    2.000     586      28    9.575 
