LRC14_HYBRID_Q1290_INDEPENDENT_MIDPOINT
DIRECT_CENSUS MAX_K 1307 MAX_COUNT 1 SECOND_K 1290 SECOND_COUNT 1 EXCEPTION B_STAR
R0 Q 1290 FIRST_DIRECT_R 1324 PREVIOUS_GAP -115882703219/3202843574210280 AT_GAP 7232457579/1030263579264920
R0 Q 1291 FIRST_DIRECT_R 1323 PREVIOUS_GAP -2941032042129/86478397940070136 AT_GAP 178043591321/19231958392118472
R0 Q 1292 FIRST_DIRECT_R 1322 PREVIOUS_GAP -32181483/1006540166632 AT_GAP 40049223/3525557419384
R0 Q 1293 FIRST_DIRECT_R 1321 PREVIOUS_GAP -85289349/2836197586040 AT_GAP 768881954943/57697901971846136
R0 Q 1294 FIRST_DIRECT_R 1320 PREVIOUS_GAP -2448054562071/86482654210600648 AT_GAP 451714869/29803106420360
R0 Q 1295 FIRST_DIRECT_R 1319 PREVIOUS_GAP -2307203853483/86483870287895080 AT_GAP 2916998935377/173098975583814280
R0 Q 1296 FIRST_DIRECT_R 1318 PREVIOUS_GAP -10083753259/400393449191736 AT_GAP 1580834719/85863743253288
R0 Q 1297 FIRST_DIRECT_R 1317 PREVIOUS_GAP -1030357556727/43242999211580168 AT_GAP 163497692073/8243020692090184
R0 Q 1298 FIRST_DIRECT_R 1316 PREVIOUS_GAP -177734280183/7862446407375560 AT_GAP 41550740403/1967106363518296
R0 Q 1299 FIRST_DIRECT_R 1315 PREVIOUS_GAP -9847495289/457606990472632 AT_GAP 1285334553099/57702360921925720
R0 Q 1300 FIRST_DIRECT_R 1314 PREVIOUS_GAP -751907733/36554704386200 AT_GAP 4307763937/184945088528200
R0 Q 1301 FIRST_DIRECT_R 1313 PREVIOUS_GAP -53393385687/2702782456762388 AT_GAP 321896562513/13316147713804936
R0 Q 1302 FIRST_DIRECT_R 1312 PREVIOUS_GAP -9648541209/505786814709176 AT_GAP 11233772037/450809987023396
R0 Q 1303 FIRST_DIRECT_R 1311 PREVIOUS_GAP -1602950310543/86489950674367240 AT_GAP 11076206751/433864529009912
R0 Q 1304 FIRST_DIRECT_R 1310 PREVIOUS_GAP -2095905927/115628682745576 AT_GAP 5741797713/220806959761960
R0 Q 1305 FIRST_DIRECT_R 1309 PREVIOUS_GAP -34004107/1904488866280 AT_GAP 3221879/122306624440
R0 Q 1306 FIRST_DIRECT_R 1308 PREVIOUS_GAP -218932136607/12355794101859208 AT_GAP 191477911641/7213061132148872
R0_LEDGER COUNT 17 FORMULA 2614-Q SHA256 240329640b3d1fc2c8fa16ef79fc508c387d5c52c1b6742ac2295b3e05463d78
LITERAL_LEDGER PAIRS 289 STRICT_SAFE 289 NONPOSITIVE 0 SHA256 ab05deaad2b90c981c15abd2420a74ae74ba85e303c98f825bd3548d7db01860
MIN_LITERAL Q 1300 R 1305 D 91205797082400 MASS 16367136156560 COMPONENTS 1044 DELTA_TICKS 666306389533680 DELTA 18886235531/2585198330 COUNT 1
MAX_DENOMINATOR 31108673921618573280
VERDICT ALL_DISTINCT_Q_R_GE_1290_SAFE_RELATIVE_TO_DIRECT_CENSUS Q1290_NOT_CLAIMED_LITERAL_MINIMAL LRC14_OPEN
