======================================================================
CLAIM (0): m_P = min_{|P|<=10} meas(G_P), per-size minima
======================================================================
  |P|=0: min meas(G_P)=1 (1.000000) at ()  [OK]
  |P|=1: min meas(G_P)=6/7 (0.857143) at (1,)  [OK]
  |P|=2: min meas(G_P)=66/91 (0.725275) at (1, 13)  [OK]
  |P|=3: min meas(G_P)=55/91 (0.604396) at (1, 12, 13)  [OK]
  |P|=4: min meas(G_P)=1979/4004 (0.494256) at (1, 11, 12, 13)  [OK]
  |P|=5: min meas(G_P)=2243/5880 (0.381463) at (1, 5, 7, 8, 9)  [OK]
  |P|=6: min meas(G_P)=3029/10780 (0.280983) at (1, 5, 7, 8, 9, 11)  [OK]
  |P|=7: min meas(G_P)=45107/229320 (0.196699) at (1, 5, 7, 8, 9, 11, 13)  [OK]
  |P|=8: min meas(G_P)=2479/17640 (0.140533) at (1, 3, 5, 7, 8, 9, 11, 13)  [OK]
  |P|=9: min meas(G_P)=10601/114660 (0.092456) at (1, 2, 3, 5, 7, 8, 9, 11, 13)  [OK]
  |P|=10: min meas(G_P)=14249/252252 (0.056487) at (1, 2, 3, 5, 7, 8, 9, 11, 12, 13)  [OK]
  => m_P = 14249/252252 = 0.056487  (claimed 14249/252252=14249/252252)
  match m_P: True
  argmin |P|=10: (1, 2, 3, 5, 7, 8, 9, 11, 12, 13) (claimed (1,2,3,5,7,8,9,11,12,13))

======================================================================
CLAIM (1): via-max refutation rho*_{2/7}=0 EXACT
======================================================================
  k=7 P=[1, 2, 3, 6, 12, 13] E=[0, 2, 3, 4, 5, 6, 8]
    meas(G_P)=515/1092 (claimed 515/1092=515/1092) match=True
    mu_2/7(E)=13/35 (claimed 13/35=13/35) match=True
    rho*_2/7=0 (claimed 0) match=True
  k=8 P=[1, 2, 3, 12, 13] E=[0, 2, 3, 4, 5, 6, 7, 9]: rho*_2/7=8/91 match0=False
  k=9 P=[1, 2, 3, 13] E=[0, 2, 3, 4, 5, 6, 7, 8, 10]: rho*_2/7=0 match0=True
  k=10 P=[1, 2, 3] E=[0, 2, 3, 4, 5, 6, 7, 8, 9, 11]: rho*_2/7=1/70 match0=False

======================================================================
CLAIM (2): k<=7 pigeonhole mu_{1/7}(E)=1 (a.e.)  -- EXHAUSTIVE bounded spread
======================================================================
  k=3: min mu_1/7 over 36 shapes (spread<=9) = 1 at [0, 1, 2]
  k=4: min mu_1/7 over 120 shapes (spread<=10) = 1 at [0, 1, 2, 3]
  k=5: min mu_1/7 over 330 shapes (spread<=11) = 1 at [0, 1, 2, 3, 4]
  k=6: min mu_1/7 over 792 shapes (spread<=12) = 1 at [0, 1, 2, 3, 4, 5]
  k=7: min mu_1/7 over 1716 shapes (spread<=13) = 1 at [0, 1, 2, 3, 4, 5, 6]

======================================================================
CLAIM (3): k>=8 consecutive mu_{1/7} & union floor
======================================================================
  k=8 consecutive E=[0, 1, 2, 3, 4, 5, 6, 7]: mu_1/7=691/735 (claimed 691/735) match=True
  k=9 consecutive E=[0, 1, 2, 3, 4, 5, 6, 7, 8]: mu_1/7=247/294 (claimed 247/294) match=True
  k=10 consecutive E=[0, 1, 2, 3, 4, 5, 6, 7, 8, 9]: mu_1/7=38/49 (claimed 38/49) match=True
  k=11 consecutive E=[0, 1, 2, 3, 4, 5, 6, 7, 8, 9, 10]: mu_1/7=1381/2205 (claimed 1381/2205) match=True
  k=12 consecutive E=[0, 1, 2, 3, 4, 5, 6, 7, 8, 9, 10, 11]: mu_1/7=13823/24255 (claimed 13823/24255) match=True
  k=13 consecutive E=[0, 1, 2, 3, 4, 5, 6, 7, 8, 9, 10, 11, 12]: mu_1/7=477/1078 (claimed 477/1078) match=True
  thr_k = 1 - min_{|P|=13-k} meas(G_P):
    k=8 |P|=5: thr=3637/5880 (claimed 3637/5880) match=True; consec mu>=thr? True
    k=9 |P|=4: thr=2025/4004 (claimed 2025/4004) match=True; consec mu>=thr? True
    k=10 |P|=3: thr=36/91 (claimed 36/91) match=True; consec mu>=thr? True
    k=11 |P|=2: thr=25/91 (claimed 25/91) match=True; consec mu>=thr? True
    k=12 |P|=1: thr=1/7 (claimed 1/7) match=True; consec mu>=thr? True
    k=13 |P|=0: thr=0 (claimed 0) match=True; consec mu>=thr? True
  union floor min[meas(G_P)+mu_1/7(consec_k)-1]:
    min = 1891/5880 = 0.321599 at k=8 P=(1, 5, 7, 8, 9) (claimed 1891/5880=1891/5880) match=True

======================================================================
ADVERSARIAL HUNT: mu_{1/7}(E) < thr_k over NON-consecutive shapes (k>=8)
======================================================================
  k=8: exhaustive 792 shapes spread<=12; min mu_1/7=691/735 at [0, 1, 2, 3, 4, 5, 6, 7]; thr=3637/5880; min>=thr? True
  k=9: exhaustive 1287 shapes spread<=13; min mu_1/7=247/294 at [0, 1, 2, 3, 4, 5, 6, 7, 8]; thr=2025/4004; min>=thr? True
  k=10: 2014 shapes (structured+random); min mu_1/7=38/49 at [0, 1, 2, 3, 4, 5, 6, 7, 8, 9]; thr=36/91; min>=thr? True
  k=11: 2015 shapes (structured+random); min mu_1/7=1381/2205 at [0, 1, 2, 3, 4, 5, 6, 7, 8, 9, 10]; thr=25/91; min>=thr? True
EXIT=1
