theorem=THM-2405
status=PROVED+VERIFIED-EXACT+INDEPENDENTLY-HOSTILE-AUDITED
seven_sheet_checks=7344;endpoint_skips=0
same_line=1/91;high_band=12/91
high_safe_band=72/637
high_band_intersection_checks=48
one_low_sheet=72/4459;two_low_cap=144/4459
abstract_cap_sharp=144/4459;witness=27,29|q=7,C3=49
hostiles=nonunit-low:1/7!=1/49;same-depth-q:12/91!=12/637
compatible_union_rows=10
required_low_mass=324/4459
eliminated_oriented_ratios=4:1,3:4,4:3
surviving_oriented_ratios=1:1,1:2,2:1,1:3,3:1,2:3,3:2
clean_floors=4:1=629/231868,3:4=1213/347802,4:3=629/231868
charged_floors=4:1=629/12057136,3:4=1213/18085704,4:3=629/12057136
tensor_floors=4:1=629/78371384,3:4=1213/117557076,4:3=629/78371384
M2_no_clean=EMPTY;remaining_no_clean=M1,seven-oriented-ratios
endpoint_scope=a.e.-strict-open
row_decrement=0;canonical_target_landing=0;LRC(14)=OPEN
all_checks=PASS
