PATTERNS ((1, 2), (1, 4), (1, 8), (1, 10), (2, 5), (2, 7), (2, 11), (4, 5), (4, 7), (5, 8))
SECTOR 1 2 MAX 6/77 THRESHOLD 2156/27 EXCEPTIONAL_PRODUCT_LE 79 NORMALIZED_COUNT 13 RAW_PRESENTATIONS 26 TRIPLES 13 MAXIMIZERS [(1, 5, 11, -1, 1, Fraction(6, 77))]
SECTOR 1 4 MAX 12/301 THRESHOLD 33712/117 EXCEPTIONAL_PRODUCT_LE 288 NORMALIZED_COUNT 31 RAW_PRESENTATIONS 62 TRIPLES 31 MAXIMIZERS [(1, 11, 43, 1, 1, Fraction(12, 301))]
SECTOR 1 8 MAX 6/287 THRESHOLD 128576/135 EXCEPTIONAL_PRODUCT_LE 952 NORMALIZED_COUNT 58 RAW_PRESENTATIONS 116 TRIPLES 58 MAXIMIZERS [(1, 5, 41, -1, 1, Fraction(6, 287))]
SECTOR 1 10 MAX 6/343 THRESHOLD 34300/27 EXCEPTIONAL_PRODUCT_LE 1270 NORMALIZED_COUNT 65 RAW_PRESENTATIONS 130 TRIPLES 65 MAXIMIZERS [(1, 5, 49, 1, 1, Fraction(6, 343))]
SECTOR 2 5 MAX 12/371 THRESHOLD 64925/153 EXCEPTIONAL_PRODUCT_LE 424 NORMALIZED_COUNT 75 RAW_PRESENTATIONS 75 TRIPLES 75 MAXIMIZERS [(1, 11, 53, 1, 1, Fraction(12, 371))]
SECTOR 2 7 MAX 12/469 THRESHOLD 160867/279 EXCEPTIONAL_PRODUCT_LE 576 NORMALIZED_COUNT 75 RAW_PRESENTATIONS 75 TRIPLES 74 MAXIMIZERS [(67, 19, 1, 1, -1, Fraction(12, 469))]
SECTOR 2 11 MAX 6/371 THRESHOLD 314237/216 EXCEPTIONAL_PRODUCT_LE 1454 NORMALIZED_COUNT 132 RAW_PRESENTATIONS 132 TRIPLES 131 MAXIMIZERS [(1, 5, 53, 1, 1, Fraction(6, 371))]
SECTOR 4 5 MAX 82/2597 THRESHOLD 64925/138 EXCEPTIONAL_PRODUCT_LE 470 NORMALIZED_COUNT 84 RAW_PRESENTATIONS 84 TRIPLES 84 MAXIMIZERS [(7, 5, 53, -1, 1, Fraction(82, 2597)), (53, 41, 7, 1, -1, Fraction(82, 2597))]
SECTOR 4 7 MAX 12/497 THRESHOLD 170471/243 EXCEPTIONAL_PRODUCT_LE 701 NORMALIZED_COUNT 97 RAW_PRESENTATIONS 97 TRIPLES 97 MAXIMIZERS [(5, 13, 71, 1, 1, Fraction(12, 497))]
SECTOR 5 8 MAX 58/2765 THRESHOLD 1238720/1317 EXCEPTIONAL_PRODUCT_LE 940 NORMALIZED_COUNT 117 RAW_PRESENTATIONS 117 TRIPLES 116 MAXIMIZERS [(5, 13, 79, 1, 1, Fraction(58, 2765))]
PHYSICAL 1 2 1 5 11 -1 1 6/77
PHYSICAL 1 2 1 11 23 -1 1 12/161
PHYSICAL 1 2 1 25 49 1 1 24/343
PHYSICAL 1 4 1 11 43 1 1 12/301
PHYSICAL 1 4 5 13 47 1 1 12/329
PHYSICAL 1 4 5 11 49 -1 1 12/343
PHYSICAL 1 8 1 5 41 -1 1 6/287
PHYSICAL 1 8 5 11 83 1 1 12/581
PHYSICAL 1 8 1 11 89 -1 1 12/623
PHYSICAL 1 10 1 5 49 1 1 6/343
PHYSICAL 1 10 7 11 103 1 1 12/721
PHYSICAL 1 10 1 11 109 1 1 12/763
PHYSICAL 2 5 1 11 53 1 1 12/371
PHYSICAL 2 5 5 13 55 1 1 12/385
PHYSICAL 2 5 55 23 5 1 1 12/385
PHYSICAL 2 7 67 19 1 1 -1 12/469
PHYSICAL 2 7 1 5 37 -1 1 6/259
PHYSICAL 2 7 7 13 77 1 1 12/539
PHYSICAL 2 11 1 5 53 1 1 6/371
PHYSICAL 2 11 107 19 5 1 -1 58/3745
PHYSICAL 2 11 7 11 107 1 1 76/5243
PHYSICAL 4 5 7 5 53 -1 1 82/2597
PHYSICAL 4 5 53 41 7 1 -1 82/2597
PHYSICAL 4 5 5 7 55 -1 1 12/385
PHYSICAL 4 7 5 13 71 1 1 12/497
PHYSICAL 4 7 1 11 73 1 1 12/511
PHYSICAL 4 7 73 41 5 1 -1 12/511
PHYSICAL 5 8 5 13 79 1 1 58/2765
PHYSICAL 5 8 1 11 83 1 1 12/581
PHYSICAL 5 8 85 53 1 1 -1 12/595
COEFFICIENT_VECTOR_COUNTS (((1, 2), 12), ((1, 4), 12), ((1, 8), 12), ((1, 10), 12), ((2, 5), 24), ((2, 7), 24), ((2, 11), 24), ((4, 5), 24), ((4, 7), 24), ((5, 8), 24))
DUPLICATE_PRESENTATION_RAYS (((2, 7), ((1, 5, 17),)), ((2, 11), ((5, 7, 41),)), ((5, 8), ((11, 13, 23),)))
CROSS_SECTOR_OVERLAPS ((((1, 4), (5, 8)), ((1, 7, 11),)), (((1, 8), (2, 5)), ((1, 5, 13),)), (((1, 8), (4, 7)), ((1, 5, 13), (1, 11, 19))), (((1, 10), (2, 5)), ((1, 7, 17),)), (((1, 10), (4, 7)), ((1, 13, 23),)), (((2, 5), (4, 7)), ((1, 5, 13), (5, 7, 11))), (((2, 7), (2, 11)), ((1, 7, 25),)), (((2, 7), (5, 8)), ((1, 5, 17), (7, 11, 19))), (((2, 11), (5, 8)), ((5, 7, 31), (7, 19, 29))))
HOSTILE (2, 13, 5, 1, 23, -1, 1) y 34/161 n (1, 0, 5) errors (Fraction(9, 161), Fraction(34, 161), Fraction(-1, 7)) owners (1, 0, 2) delta 3
TOTAL_EXCEPTIONAL_PRESENTATIONS 747
TOTAL_ALL_PHYSICAL_CHECKS 747
TOTAL_CRITERION_CONTROLS 30
TOTAL_CRITERION_CELLS 4952
SEMANTIC_SHA256 283276a308e10e8af7656b64541576cce8263087c989c3c06b18cdf7ec0b880e
