LRC14_HIGHER_ARITY_INDEPENDENT_FRACTION_REFEREE_20260825
universe=q positive, q notin P, q<=B_(rank 1);P=(8, 10, 15, 16, 20, 30, 40, 42, 60, 63, 80, 84, 85, 88, 95, 120, 126, 132, 143, 145, 168, 170, 176, 190, 193, 240, 252, 264, 286, 290);A=(120, 126, 143);O=(8, 10, 15, 16, 20, 30, 40, 42, 60, 63, 80, 84, 85, 88, 95, 132, 145, 168, 170, 176, 190, 193, 240, 252, 264, 286, 290)
walls=7134;base_components=150;base_mass=298133356159/4560289854120
bound_rank=1;repair=252;B=273617391247200/9836515057;floor=27816;components=140;mass=111506803367/1520096618040
bound_rank=2;repair=85;B=76221987561720/13439926789;floor=5671;components=156;mass=79969836517/1140072463530
bound_rank=3;repair=88;B=88227648606240/15641623853;floor=5640;components=158;mass=91300196369/1302939958320
bound_rank=4;repair=95;B=125082235998720/23089795681;floor=5417;components=160;mass=127423100821/1824115941648
bound_rank=5;repair=168;B=2931614906220/593415569;floor=4940;components=156;mass=3050264507/43848940905
bound_rank=6;repair=145;B=89344454284800/18162161711;floor=4919;components=160;mass=90460017083/1302939958320
bound_rank=7;repair=193;B=623790943776/133195981;floor=4683;components=154;mass=218567803/3150459312
bound_rank=8;repair=240;B=115701068298816/26358573847;floor=4389;components=148;mass=126333508099/1824115941648
bound_rank=9;repair=264;B=10974763495080/2613894587;floor=4198;components=146;mass=12120980591/175395763620
bound_rank=10;repair=176;B=17198807449824/4350517789;floor=3953;components=154;mass=17852641601/260587991664
bound_rank=11;repair=290;B=3566798135901/913013672;floor=3906;components=146;mass=2612101810/38002415451
bound_rank=12;repair=286;B=300979130371920/81651228889;floor=3686;components=154;mass=103527390719/1520096618040
bound_rank=13;repair=8;B=19299798132615/5236528393;floor=3685;components=158;mass=38733887128/570036231765
bound_rank=14;repair=170;B=84877231570560/23235046577;floor=3652;components=152;mass=88769055461/1302939958320
bound_rank=15;repair=16;B=56144867294880/16218075763;floor=3461;components=158;mass=56012019919/829143609840
bound_rank=16;repair=42;B=38110993780860/11279974859;floor=3378;components=156;mass=38464914437/570036231765
bound_rank=17;repair=80;B=84877231570560/25158741857;floor=3373;components=152;mass=88127823701/1302939958320
bound_rank=18;repair=132;B=297070310496960/92205621463;floor=3221;components=152;mass=34118226811/506698872680
bound_rank=19;repair=190;B=601958260743840/191486558657;floor=3143;components=154;mass=611769644021/9120579708240
bound_rank=20;repair=63;B=3762239129649/1241068982;floor=3031;components=154;mass=846400210/12667471817
bound_rank=21;repair=10;B=120391652148768/45713236603;floor=2633;components=154;mass=119881953847/1824115941648
bound_rank=22;repair=15;B=37133788812120/14242896053;floor=2607;components=152;mass=37477274039/570036231765
bound_rank=23;repair=40;B=14658074531100/5821304243;floor=2518;components=150;mass=14949527675/228014492706
bound_rank=24;repair=84;B=293161490622000/116882514613;floor=2508;components=150;mass=298838410249/4560289854120
bound_rank=25;repair=20;B=293161490622000/118997676883;floor=2463;components=150;mass=298133356159/4560289854120
bound_rank=26;repair=30;B=293161490622000/118997676883;floor=2463;components=150;mass=298133356159/4560289854120
bound_rank=27;repair=60;B=293161490622000/118997676883;floor=2463;components=150;mass=298133356159/4560289854120
rank_cutoff=size1;needed=8;owner=240;B=115701068298816/26358573847;floor=4389
rank_cutoff=size2;needed=7;owner=193;B=623790943776/133195981;floor=4683
rank_cutoff=size3;needed=6;owner=145;B=89344454284800/18162161711;floor=4919
rank_cutoff=size4;needed=5;owner=168;B=2931614906220/593415569;floor=4940
rank_cutoff=size5;needed=4;owner=95;B=125082235998720/23089795681;floor=5417
rank_cutoff=size6;needed=3;owner=88;B=88227648606240/15641623853;floor=5640
rank_cutoff=size7;needed=2;owner=85;B=76221987561720/13439926789;floor=5671
rank_cutoff=size8;needed=1;owner=252;B=273617391247200/9836515057;floor=27816
singleton_positive_rows=573;hist=((0, 27213), (1, 541), (2, 8), (3, 4), (4, 5), (5, 3), (6, 1), (7, 1), (8, 1), (9, 2), (11, 3), (12, 1), (15, 1), (16, 1), (18, 1));equality_rows=()
singleton_mask_semantic_sha256=91fac18ab0ec1a7e0a9b679c4859963c4905252e3e9d9158760ee7d3f05ad7a8
singleton_multi_rows=((5, (85, 88, 95, 145, 168, 176, 193, 240, 252, 264, 290)), (9, (85, 252)), (27, (85, 88, 95, 168, 252)), (66, (42, 80, 85, 88, 95, 145, 168, 170, 176, 193, 240, 252, 264, 286, 290)), (139, (85, 252)), (182, (85, 95, 145, 168, 176, 193, 240, 252, 290)), (235, (85, 88, 145, 168, 193, 240, 252)), (298, (85, 88, 95, 145, 168, 176, 193, 240, 252, 264, 290)), (305, (88, 145, 168, 252)), (336, (85, 88, 95, 145, 168, 176, 193, 252, 264)), (340, (85, 88, 95, 145, 168, 240, 252, 264)), (351, (85, 88, 168, 252)), (352, (88, 252)), (355, (85, 88, 95, 193, 240, 252)), (364, (85, 95, 145, 168, 252)), (374, (85, 88, 252)), (380, (8, 16, 85, 88, 95, 132, 145, 168, 170, 176, 193, 240, 252, 264, 286, 290)), (382, (85, 252)), (386, (8, 16, 42, 85, 88, 95, 132, 145, 168, 170, 176, 190, 193, 240, 252, 264, 286, 290)), (388, (85, 95, 252)), (399, (85, 88, 252)), (401, (85, 88, 168, 193, 252)), (414, (85, 252)), (447, (85, 88, 95, 252)), (510, (85, 88, 252)), (522, (85, 88, 168, 252)), (528, (8, 85, 88, 95, 145, 168, 170, 193, 240, 252, 286, 290)), (572, (85, 88, 95, 145, 168, 176, 193, 240, 252, 264, 290)), (580, (85, 88, 95, 252)), (610, (168, 252)), (710, (88, 252)), (798, (85, 252)))
singleton_qualifying=((5, (85, 88, 95, 145, 168, 176, 193, 240, 252, 264, 290)), (66, (42, 80, 85, 88, 95, 145, 168, 170, 176, 193, 240, 252, 264, 286, 290)), (182, (85, 95, 145, 168, 176, 193, 240, 252, 290)), (298, (85, 88, 95, 145, 168, 176, 193, 240, 252, 264, 290)), (336, (85, 88, 95, 145, 168, 176, 193, 252, 264)), (340, (85, 88, 95, 145, 168, 240, 252, 264)), (380, (8, 16, 85, 88, 95, 132, 145, 168, 170, 176, 193, 240, 252, 264, 286, 290)), (386, (8, 16, 42, 85, 88, 95, 132, 145, 168, 170, 176, 190, 193, 240, 252, 264, 286, 290)), (528, (8, 85, 88, 95, 145, 168, 170, 193, 240, 252, 286, 290)), (572, (85, 88, 95, 145, 168, 176, 193, 240, 252, 264, 290)))
control=q386;repair=190;measure=144877112923/2280144927060;comparison=PASS
control=q340;repair=264;measure=4480190161/70158305448;comparison=PASS
control=q235;repair=193;measure=126238051/1963814160;comparison=PASS
control=q27816;repair=252;measure=1942014515549/30908631233480;comparison=FAIL
control=q27817;repair=252;measure=1063354460783399/16913811049607472;comparison=FAIL
control=q4390;repair=240;measure=39751188341981/667322415319560;comparison=FAIL
repairwise_candidate_edge_counts=((8, 3, 0), (10, 0, 0), (15, 0, 0), (16, 2, 0), (20, 0, 0), (30, 0, 0), (40, 0, 0), (42, 2, 0), (60, 0, 0), (63, 0, 0), (80, 1, 0), (84, 0, 0), (85, 28, 0), (88, 23, 0), (95, 16, 0), (132, 2, 0), (145, 13, 0), (168, 18, 0), (170, 4, 0), (176, 8, 0), (190, 1, 0), (193, 12, 0), (240, 11, 0), (252, 573, 45), (264, 8, 0), (286, 4, 0), (290, 8, 0))
pair_exact_tests=147459;pair_discrepancy_prunes=17624;surviving_pairs=45;pair_repair_hist=((1, 45),);max_pair_repairs=1;equality_rows=()
pair_semantic_sha256=87e7775750729c679a0c87cb8771c9b602a4f7e8b29683d4d408919116d8f2cc
pair_rows=(((5, 66), (252,)), ((5, 336), (252,)), ((5, 340), (252,)), ((5, 380), (252,)), ((5, 386), (252,)), ((5, 528), (252,)), ((5, 572), (252,)), ((27, 386), (252,)), ((34, 386), (252,)), ((66, 182), (252,)), ((66, 213), (252,)), ((66, 235), (252,)), ((66, 336), (252,)), ((66, 340), (252,)), ((66, 351), (252,)), ((66, 364), (252,)), ((66, 380), (252,)), ((66, 386), (252,)), ((66, 401), (252,)), ((66, 470), (252,)), ((66, 528), (252,)), ((66, 572), (252,)), ((66, 580), (252,)), ((66, 680), (252,)), ((182, 364), (252,)), ((182, 386), (252,)), ((226, 336), (252,)), ((235, 386), (252,)), ((336, 380), (252,)), ((336, 386), (252,)), ((336, 528), (252,)), ((336, 572), (252,)), ((340, 386), (252,)), ((351, 386), (252,)), ((355, 386), (252,)), ((362, 386), (252,)), ((364, 386), (252,)), ((380, 386), (252,)), ((380, 528), (252,)), ((380, 572), (252,)), ((386, 528), (252,)), ((386, 572), (252,)), ((386, 580), (252,)), ((386, 680), (252,)), ((528, 572), (252,)))
repairwise_triangle_counts=((8, 0), (10, 0), (15, 0), (16, 0), (20, 0), (30, 0), (40, 0), (42, 0), (60, 0), (63, 0), (80, 0), (84, 0), (85, 0), (88, 0), (95, 0), (132, 0), (145, 0), (168, 0), (170, 0), (176, 0), (190, 0), (193, 0), (240, 0), (252, 46), (264, 0), (286, 0), (290, 0));triple_survivors=();equality_rows=()
pair_max_witness=(5, 66);repair=252;measure=347277745/5333672344;margin=77686937/48003051096
deletion_cover_maxima=size1:18@q386;size2:1@pair(5,66),repair252;sizes3to8:0
gate_audit=size1 exactly ten rows reach 8;size2 max1<7;size3 max0<6;size4 max0<5;size5 max0<4;size6 max0<3;size7 max0<2;size8 max0<1
infinite_tail=q>=27817 has zero singleton repairs by B_252<27817;monotonicity gives D(Q) subset intersection_q D({q})
PASS
