==============================================================================
Q1 -- structured descent on crux-class E[maxgap] vs T* = 56291/294294 ~ 0.191275
==============================================================================
  candidate pool: 112 crux-class families; numeric prefilter...
  top-12 by numeric E[mg]; exact-verifying...
                  [2, 4, 6, 8, 10, 11, 12, 13, 14, 16, 18, 20, 22] 2-level m=11 odds=(11, 13) exact=12907/65520 ~0.196993
                  [2, 4, 6, 8, 10, 12, 13, 14, 16, 18, 20, 22, 24] 2-level m=12 odds=(13,)  exact=145091/720720 ~0.201314
                   [2, 4, 6, 8, 9, 10, 11, 12, 13, 14, 16, 18, 20] 2-level m=10 odds=(9, 11, 13) exact=1819/9009 ~0.201909
                 [3, 6, 9, 12, 15, 18, 21, 24, 26, 27, 28, 30, 33] 3-level m=11 fill=[26, 28] exact=1099006163/5424218800 ~0.202611
                    [2, 4, 6, 7, 8, 9, 10, 11, 12, 13, 14, 16, 18] 2-level m=9 odds=(7, 9, 11, 13) exact=4883/24024 ~0.203255
                   [2, 4, 6, 7, 8, 10, 12, 13, 14, 16, 18, 20, 22] 2-level m=11 odds=(7, 13) exact=314239/1531530 ~0.205180
                  [2, 4, 6, 8, 10, 12, 13, 14, 15, 16, 18, 20, 22] 2-level m=11 odds=(13, 15) exact=37201/180180 ~0.206466
                  [2, 4, 6, 8, 10, 12, 13, 14, 16, 18, 19, 20, 22] 2-level m=11 odds=(13, 19) exact=3457009/16628040 ~0.207902
                  [2, 4, 6, 8, 10, 12, 13, 14, 16, 18, 20, 22, 23] 2-level m=11 odds=(13, 23) exact=1638599/7873866 ~0.208106
                   [2, 3, 4, 6, 8, 10, 12, 13, 14, 16, 18, 20, 22] 2-level m=11 odds=(3, 13) exact=24242821/116396280 ~0.208278
                 [3, 6, 9, 12, 15, 18, 21, 22, 24, 26, 27, 28, 30] 3-level m=10 fill=[22, 26, 28] exact=7172854951/34251317100 ~0.209418
                   [2, 3, 4, 6, 8, 10, 11, 12, 13, 14, 16, 18, 20] 2-level m=10 odds=(3, 11, 13) exact=24445193/116396280 ~0.210017

  free-descent from winner: [2, 4, 6, 8, 10, 11, 12, 13, 14, 16, 18, 20, 22]
    exact E[maxgap] = 12907/65520 ~ 0.196993   margin over T*: +0.005719

  SESSION RECORD (crux class): [2, 4, 6, 8, 10, 11, 12, 13, 14, 16, 18, 20, 22]
    E[maxgap] = 12907/65520 ~ 0.196993  vs T* 0.191275 margin +0.005719  vs 1/7 margin +0.054136

==============================================================================
Q2 -- parity adversary vs the WEAKENED per-k tail floors (mu_{1/7})
==============================================================================
  k=11: adversarial min mu ~ 0.6263 at [2, 3, 4, 5, 6, 7, 8, 9, 10, 11, 12]
        needed 0.3312 | AP value 0.6263 | OK (floor holds)
  k=12: adversarial min mu ~ 0.6060 at [2, 4, 6, 8, 10, 12, 14, 16, 18, 20, 22, 38]
        needed 0.1993 | AP value 0.5699 | OK (floor holds)
  k=13: adversarial min mu ~ 0.4998 at [2, 4, 6, 8, 10, 12, 13, 14, 16, 18, 20, 22, 24]
        needed 0.0565 | AP value 0.4425 | OK (floor holds)

==============================================================================
Q3 -- M values (loneliness) of the record mean-minimizers
==============================================================================
  M([2, 4, 6, 8, 10, 11, 12, 13, 14, 16, 18, 20, 22]) >= 1/12 ~ 0.08333  (1/14=0.07143, 1/13=0.07692, in crux=True)
  M([2, 4, 6, 8, 10, 12, 13, 14, 16, 18, 20, 22, 24]) >= 1/13 ~ 0.07692  (1/14=0.07143, 1/13=0.07692, in crux=True)
  M([2, 4, 6, 8, 10, 11, 12, 13, 14, 16, 18, 20, 22]) >= 1/12 ~ 0.08333  (1/14=0.07143, 1/13=0.07692, in crux=True)

DONE.
