LRC14 projected k3 z220 valuation-product terminal descent and cap219
dependency=THM3207_source:b3d1f0c451087017c1363d42be8789df78d5eec7db7a05b49dc5ca9e194f2091;output:1e4b01f6e5bfb179ad5fe6ba786124ff2c9fdf3833eed4917c0b3ce0abb7b76d;semantic:aad27ae040933935c6eacfd2801cef1644df3de3a8f031aebf7d1b238ac35e74
atlas=sha256:cee82237ce1f51729813b9c916edd3353204c18172abe1d71278dee2c5562eda;rows:6060
layer=z1:220;rows:289;wall:249;order:40;row_order_sha256:bc75fef8aebdc6b350957ea96842b38a24bad2174200646ebaf2817844515799;states:96780;crude:47054;status:49356;residual:370;direct_farkas:12;legacy_farkas:49344;screen_record_sha256:f7168e67f3eb21529edcb73cae97815804827cfdb0b2fe7df66dbd37a5e8ba07;residual_rows:31;residual_sha256:71525cd0a7e90047f6e391e769142b57c37f09506d656a52d0dbde57da1502f7;residual_index_sha256:db97f96ac8dc62f61bbc912068e1e1d2f525efad732d8fb88e4cefa57389d259
wall_screen=states:95673;crude:46043;status:49260;residual:370;direct_farkas:12;legacy_farkas:49248
order_screen=states:1107;crude:1011;status:96;residual:0;direct_farkas:0;legacy_farkas:96
valuation_strata=((4, 72, 52, 20), (20, 183, 163, 20), (44, 5, 5, 0), (220, 29, 29, 0));first_d_equals_L_over_g:1;residual_quotient_counts:((4, 4, 2), (20, 10, 15), (20, 20, 295), (44, 44, 5), (220, 220, 53))
terminal=z1:220;rows:31;masks:370;positive_two_high_gap:31;closed:31;zero_high_hostiles:326;one_high_cases:644;low_label_sets:163;coarse:589;exact:55;maxgap:0;failures:0;minimum_slack:1;minimum_gap:28369051/33158840715;minimum_gap_body:(1, 4, 9, 10, 12, 14);terminal_semantic_sha256:4254a3d491e57cbdb3e1a9fda66a002e81bbf3989d39f877e5d2b86357073f11;closure_sha256:afc495948dcc329795cad66cd0aee6a8a616971a99acd67e3b3a477e353d7839;case_vector_sha256:41500dcc3c8273b9ec8e0d545ca1d6a9f8a52cfb03f15088c143d2d7473e25cc
TERMINAL;E=(1, 2, 9, 10, 12, 14);L=17640;high=1738;masks=2;two_high_gap=4511503/1929097170;zero_high_hostiles=2;one_high_cases=2;low_label_sets=1;coarse=2;exact=0;maxgap=0;failed=0;minimum_slack=12;case_certificate_sha256=2c936633239369c5f3d60bc0e7877488054d4dbf868c8e80ef938f843a434b17
TERMINAL;E=(1, 3, 4, 7, 9, 12);L=3528;high=348;masks=2;two_high_gap=43488301/44753288580;zero_high_hostiles=1;one_high_cases=2;low_label_sets=2;coarse=2;exact=0;maxgap=0;failed=0;minimum_slack=36;case_certificate_sha256=b5095ac6c64b16889bbc473eb5ca01a839f054a6639602c0ec7541dba724278c
TERMINAL;E=(1, 3, 8, 10, 12, 14);L=11760;high=1159;masks=2;two_high_gap=106258389/68537148680;zero_high_hostiles=2;one_high_cases=2;low_label_sets=1;coarse=2;exact=0;maxgap=0;failed=0;minimum_slack=27;case_certificate_sha256=01dc8e357350a40dc39bbf4c1669564c9b3b38d8fe4d851bc2ba5740eebfb14a
TERMINAL;E=(1, 4, 5, 9, 12, 14);L=17640;high=1738;masks=2;two_high_gap=104353/35315280;zero_high_hostiles=0;one_high_cases=2;low_label_sets=1;coarse=0;exact=2;maxgap=0;failed=0;minimum_slack=1;case_certificate_sha256=5d77f26c4e586ba3f0b924a50ecefef2fe8aa899c80d22843f47466f41931a32
TERMINAL;E=(1, 4, 7, 9, 10, 12);L=17640;high=1738;masks=3;two_high_gap=18418853/9337948620;zero_high_hostiles=3;one_high_cases=4;low_label_sets=3;coarse=4;exact=0;maxgap=0;failed=0;minimum_slack=76;case_certificate_sha256=f33f51694ce1000ccf91532a2e4ac4a179fe27f7408d2005aba78b2828ed9cc0
TERMINAL;E=(1, 4, 9, 10, 12, 14);L=17640;high=1738;masks=50;two_high_gap=28369051/33158840715;zero_high_hostiles=41;one_high_cases=80;low_label_sets=20;coarse=65;exact=15;maxgap=0;failed=0;minimum_slack=1;case_certificate_sha256=fba2e4f20fc581b840dd0d0b317dccb7607ad1be12db5656c4a64f3727c5ab31
TERMINAL;E=(1, 4, 10, 11, 12, 14);L=64680;high=6371;masks=2;two_high_gap=766981599/279529662412;zero_high_hostiles=2;one_high_cases=2;low_label_sets=1;coarse=2;exact=0;maxgap=0;failed=0;minimum_slack=1100;case_certificate_sha256=f68ca13724b0a119bba6869c9eb780a961a8e8c29d0081a39df14ffbb6660cf0
TERMINAL;E=(1, 4, 10, 12, 13, 14);L=76440;high=7529;masks=36;two_high_gap=118368837641/61602588797750;zero_high_hostiles=29;one_high_cases=42;low_label_sets=10;coarse=37;exact=5;maxgap=0;failed=0;minimum_slack=1;case_certificate_sha256=f037b02f751231d397946d0c5a43cfeee227db6a212361eaa0d2be1d6da2d3b7
TERMINAL;E=(1, 5, 8, 9, 12, 14);L=35280;high=3475;masks=2;two_high_gap=31378903/7915037130;zero_high_hostiles=2;one_high_cases=2;low_label_sets=1;coarse=2;exact=0;maxgap=0;failed=0;minimum_slack=6;case_certificate_sha256=c4e87293b162616c6ebfd52d531248b31b7f4ad5ba2be2e10f8840f22f5fd59b
TERMINAL;E=(1, 6, 7, 9, 10, 12);L=17640;high=1738;masks=5;two_high_gap=9842797/4864679820;zero_high_hostiles=5;one_high_cases=5;low_label_sets=2;coarse=5;exact=0;maxgap=0;failed=0;minimum_slack=26;case_certificate_sha256=53eadabc3ff14bd25086f2c314f026ea6e89cc18b04a6c6c907bb688128ecf18
TERMINAL;E=(1, 6, 8, 9, 10, 14);L=35280;high=3475;masks=3;two_high_gap=3656020937/1133741148540;zero_high_hostiles=3;one_high_cases=3;low_label_sets=1;coarse=3;exact=0;maxgap=0;failed=0;minimum_slack=31;case_certificate_sha256=10bbd8556fc84b3c5d04dfc9a0012b65acaf5cf1de179662d5b0c1cb8f327e6a
TERMINAL;E=(1, 6, 8, 10, 13, 14);L=152880;high=15057;masks=8;two_high_gap=57849772987/20952114183000;zero_high_hostiles=8;one_high_cases=8;low_label_sets=3;coarse=8;exact=0;maxgap=0;failed=0;minimum_slack=43;case_certificate_sha256=a491ce28709659cdbc5d140f972273af5dc7c585e7faf1decaf42b7ad983d23b
TERMINAL;E=(1, 6, 9, 10, 12, 14);L=17640;high=1738;masks=2;two_high_gap=97099/52552500;zero_high_hostiles=0;one_high_cases=2;low_label_sets=2;coarse=0;exact=2;maxgap=0;failed=0;minimum_slack=1;case_certificate_sha256=e9f94d2f032567d2a576cf604c06c7466cb080e27e7ea1cdb01db70a2c8a4ef5
TERMINAL;E=(1, 6, 10, 12, 13, 14);L=76440;high=7529;masks=2;two_high_gap=38034054197/10974319396040;zero_high_hostiles=2;one_high_cases=2;low_label_sets=1;coarse=2;exact=0;maxgap=0;failed=0;minimum_slack=31;case_certificate_sha256=358d2e20dcac268efa4b9706242b070cf9057420cb4f9637659aa1feaba1d0fb
TERMINAL;E=(1, 7, 8, 10, 12, 13);L=152880;high=15057;masks=6;two_high_gap=146626730617/61654582994004;zero_high_hostiles=6;one_high_cases=6;low_label_sets=1;coarse=6;exact=0;maxgap=0;failed=0;minimum_slack=54;case_certificate_sha256=4c8d8b945391376dd3a5e7f1bdb736c1b9f675bee557ce4def84b9af2f8d87fb
TERMINAL;E=(1, 8, 9, 10, 12, 13);L=65520;high=6453;masks=2;two_high_gap=990345487/277938018540;zero_high_hostiles=2;one_high_cases=2;low_label_sets=1;coarse=2;exact=0;maxgap=0;failed=0;minimum_slack=115;case_certificate_sha256=925d47cae2e001537e20b876d51ff91ff4c50f7c2938fb00aaa86b70061d2675
TERMINAL;E=(1, 8, 9, 10, 12, 14);L=35280;high=3475;masks=15;two_high_gap=995066927/409731410088;zero_high_hostiles=12;one_high_cases=15;low_label_sets=4;coarse=11;exact=4;maxgap=0;failed=0;minimum_slack=1;case_certificate_sha256=b95d20cf17073ac3f6dcc0ef5111587933c0649517fa863d56f5fee8d7f8d7a1
TERMINAL;E=(1, 8, 10, 11, 12, 14);L=129360;high=12741;masks=22;two_high_gap=22732147/8377373004;zero_high_hostiles=22;one_high_cases=23;low_label_sets=3;coarse=23;exact=0;maxgap=0;failed=0;minimum_slack=3;case_certificate_sha256=26c188233057a55c6ee35d7eafcedd7737e14b0168d15736bb9ddb5390a183ec
TERMINAL;E=(1, 8, 10, 12, 13, 14);L=152880;high=15057;masks=142;two_high_gap=39178420453/45418054581900;zero_high_hostiles=135;one_high_cases=346;low_label_sets=60;coarse=338;exact=8;maxgap=0;failed=0;minimum_slack=1;case_certificate_sha256=009785d43c89709b2eda7c5c89540ef86c110b0240395e25bb32ec767395f0e1
TERMINAL;E=(2, 3, 8, 10, 12, 14);L=11760;high=1159;masks=2;two_high_gap=399517241/186458792520;zero_high_hostiles=2;one_high_cases=2;low_label_sets=1;coarse=2;exact=0;maxgap=0;failed=0;minimum_slack=226;case_certificate_sha256=d272ed24bbb0031fd17fe4745f20772100d4a6602fea57d191a87f20a86687ce
TERMINAL;E=(2, 5, 8, 9, 12, 14);L=35280;high=3475;masks=3;two_high_gap=6770047841/1857036341160;zero_high_hostiles=2;one_high_cases=3;low_label_sets=1;coarse=2;exact=1;maxgap=0;failed=0;minimum_slack=1;case_certificate_sha256=99e650c7d18a0bb61a158d63df2b99f3ce98a157b8b56bb5dccd319b6874d215
TERMINAL;E=(2, 5, 9, 11, 12, 14);L=194040;high=19111;masks=12;two_high_gap=9167029246/2187854433765;zero_high_hostiles=12;one_high_cases=12;low_label_sets=1;coarse=12;exact=0;maxgap=0;failed=0;minimum_slack=7;case_certificate_sha256=681c339f73346f64b57bbb73821192330a08eb42047ad088d88e9d10e84dfaf7
TERMINAL;E=(2, 6, 8, 10, 12, 14);L=11760;high=1159;masks=15;two_high_gap=10664519/11704072380;zero_high_hostiles=10;one_high_cases=41;low_label_sets=28;coarse=31;exact=10;maxgap=0;failed=0;minimum_slack=1;case_certificate_sha256=c23e309c418061866172b9be0b558008db213387b605db667acf972a60b45f87
TERMINAL;E=(2, 6, 9, 10, 12, 14);L=17640;high=1738;masks=1;two_high_gap=4544/1996995;zero_high_hostiles=0;one_high_cases=1;low_label_sets=1;coarse=0;exact=1;maxgap=0;failed=0;minimum_slack=1;case_certificate_sha256=df0493fab05c032087a6bdb0c69cd58e70b946f787c398d0681145a7ffd39086
TERMINAL;E=(2, 8, 9, 10, 12, 14);L=35280;high=3475;masks=3;two_high_gap=6216397/2690382240;zero_high_hostiles=1;one_high_cases=3;low_label_sets=1;coarse=0;exact=3;maxgap=0;failed=0;minimum_slack=1;case_certificate_sha256=76c45212fc209c4b9ac805f3fd465ba5181520f5668bdadf267ec83712d4dd26
TERMINAL;E=(2, 8, 9, 11, 12, 14);L=77616;high=7645;masks=5;two_high_gap=18940554106/4265222806845;zero_high_hostiles=5;one_high_cases=5;low_label_sets=1;coarse=5;exact=0;maxgap=0;failed=0;minimum_slack=33;case_certificate_sha256=4b2b6221f06d333253d88fdfdd8a9c422202af684000aba3e491411f0f9f62e1
TERMINAL;E=(2, 8, 10, 11, 12, 14);L=129360;high=12741;masks=14;two_high_gap=6100761427/2421339200280;zero_high_hostiles=14;one_high_cases=20;low_label_sets=6;coarse=20;exact=0;maxgap=0;failed=0;minimum_slack=139;case_certificate_sha256=b5a30f272a9a0712f372035bcbc86ca5a5f3a5d24fc4b13637d55ea869825bd7
TERMINAL;E=(2, 8, 10, 12, 13, 14);L=152880;high=15057;masks=1;two_high_gap=9921397009/4238737503000;zero_high_hostiles=0;one_high_cases=1;low_label_sets=1;coarse=0;exact=1;maxgap=0;failed=0;minimum_slack=1;case_certificate_sha256=5b10c284f8d8db71ef2483dc28490784f480fc48b6ffba53a1b448f668edf659
TERMINAL;E=(2, 9, 10, 11, 12, 14);L=194040;high=19111;masks=3;two_high_gap=640488808/168296494905;zero_high_hostiles=3;one_high_cases=3;low_label_sets=1;coarse=3;exact=0;maxgap=0;failed=0;minimum_slack=56;case_certificate_sha256=dd8a13cc07dc5e433d9b49b80e3ea9cd25a9ec7ea576ad7792b84dabc1696b8b
TERMINAL;E=(3, 4, 9, 10, 12, 14);L=17640;high=1738;masks=2;two_high_gap=333701/115783668;zero_high_hostiles=0;one_high_cases=2;low_label_sets=2;coarse=0;exact=2;maxgap=0;failed=0;minimum_slack=1;case_certificate_sha256=e62ada4c6a0fade6f8df591f010c2721edb66eaa8885dbf5ddc28f2ec76d7e46
TERMINAL;E=(3, 8, 9, 10, 12, 14);L=35280;high=3475;masks=1;two_high_gap=111403/35238840;zero_high_hostiles=0;one_high_cases=1;low_label_sets=1;coarse=0;exact=1;maxgap=0;failed=0;minimum_slack=1;case_certificate_sha256=c85dc81137ee486793b6651a6837a7df096e63d8ba1b6f005b5d22ed499055df
direction_screen=the_ray_quotient_and_exact_Farkas_status_checks_close_a_superset_of_every_actual_projected_assignment;all_forty_order_rows_have_zero_residual
direction_modulus=first_d=L/g_for_g=gcd(220,L);every_residual_D_over_first_d_is_the_top_divisor_g_except_fifteen_g20_masks_at_q10;the_occupied_values_10_and_20_are_vertices_of_the_ambient_top_two_cover_but_no_common_carrier_transition_is_proved
direction_terminal=each_residual_is_a_wall_row;the_strictly_positive_duplicate_permitting_two_high_gap_and_wall_at_least_one_high_gate_force_exactly_one_high;the_one_high_bank_uses_high_ray_suprema_and_enlarges_the_actual_assignment_set
direction_carrier=every_one_high_case_is_closed_by_complete_cell_projected_support_cardinality;no_max_gap_fallback_is_used
evidence_boundary=all_raw_Farkas_certificates_are_verified_exactly_but_the_screen_digest_uses_only_row[:19];the_terminal_closure_digest_omits_the_chosen_duplicate_gap_maximizer_witness;all_31_residual_mask_banks_are_bound_individually
promotion_consequence=ledger 373716-289=373427;projected_k3_cap:z1<=219
next_layer=z1:219;rows:16;wall:15;order:1;row_order_sha256:6a39c83d47b8080fd52e64479b886f1b6a887150f32cfbf30a676fbb0aaa54ba;status:occupied
scope=projected_k3_necessary_atlas_only;the_divisor_product_is_a_pointed_join_semilattice_not_a_V4_torsor_or_PSL2_action;no_physical_cover_classification_outside_the_projection;no_k<=1_or_final_rung_or_LRC14_claim
semantic_sha256=ed67ff55840d07965a6cf8a478c0fc49cab637511ad3d684b2de8831dfcfcd94
all_exact_controls=PASS
