AUDIT all_23_resonance_native_E6_projected_transversal
BODY_UNIVERSE C(27,10)=8436285 ORIGINAL_MASK 120,126,143
HOSTILE_Q50 E6 85324 TEN_COVER 80,85,88,95,145,168,193,240,252,286
BASE_Q 50 E7 821737 EQUALITIES 0 TEN_BODIES 8436285 COVER NONE EDGE_CHECKS 359519024 MAX_CHECKS 5015 CLOSEST_BODY 8,80,85,88,95,168,193,240,252,286 MISSED_EDGE 10,15,120,126,143,145,290 ROW_FNV1A64_LE 0215de13bdcd99e3
Q 6 E6 389365 EQUALITIES 0 TEN_BODIES 8436285 COVER NONE EDGE_CHECKS 88174318 MAX_CHECKS 614 CLOSEST_BODY 8,16,42,85,88,95,145,168,176,193 MISSED_EDGE 10,80,120,126,143,240 ROW_FNV1A64_LE 33a62fe38c294982
Q 22 E6 421289 EQUALITIES 0 TEN_BODIES 8436285 COVER NONE EDGE_CHECKS 126499598 MAX_CHECKS 752 CLOSEST_BODY 8,16,80,85,88,95,145,168,176,193 MISSED_EDGE 42,63,120,126,143,240 ROW_FNV1A64_LE f2cab759dac08592
Q 24 E6 390537 EQUALITIES 0 TEN_BODIES 8436285 COVER NONE EDGE_CHECKS 104178525 MAX_CHECKS 831 CLOSEST_BODY 8,80,85,88,95,145,168,193,240,252 MISSED_EDGE 16,42,120,126,143,264 ROW_FNV1A64_LE 464658fee32dee2e
Q 25 E6 320668 EQUALITIES 0 TEN_BODIES 8436285 COVER NONE EDGE_CHECKS 148557020 MAX_CHECKS 929 CLOSEST_BODY 8,42,85,88,95,145,168,193,240,252 MISSED_EDGE 16,120,126,132,143,264 ROW_FNV1A64_LE 771480b1104054f7
Q 48 E6 475101 EQUALITIES 0 TEN_BODIES 8436285 COVER NONE EDGE_CHECKS 178639298 MAX_CHECKS 819 CLOSEST_BODY 8,42,63,80,85,88,95,145,168,176 MISSED_EDGE 10,15,120,126,143,193 ROW_FNV1A64_LE ae4c768e95a30b81
Q 70 E6 469924 EQUALITIES 0 TEN_BODIES 8436285 COVER NONE EDGE_CHECKS 90993015 MAX_CHECKS 583 CLOSEST_BODY 8,15,16,42,80,85,88,95,145,168 MISSED_EDGE 10,63,120,126,143,170 ROW_FNV1A64_LE c09b2f9a82a1be99
Q 72 E6 418692 EQUALITIES 0 TEN_BODIES 8436285 COVER NONE EDGE_CHECKS 138812208 MAX_CHECKS 786 CLOSEST_BODY 8,16,42,85,88,95,145,168,193,240 MISSED_EDGE 10,15,120,126,143,252 ROW_FNV1A64_LE 904aba5c0c02ed68
Q 96 E6 247722 EQUALITIES 0 TEN_BODIES 8436285 COVER NONE EDGE_CHECKS 100854512 MAX_CHECKS 582 CLOSEST_BODY 8,16,80,85,88,95,168,176,193,252 MISSED_EDGE 15,120,126,143,145,286 ROW_FNV1A64_LE 6d741ba54c040bf9
Q 100 E6 284863 EQUALITIES 0 TEN_BODIES 8436285 COVER NONE EDGE_CHECKS 90045461 MAX_CHECKS 532 CLOSEST_BODY 8,42,80,85,95,145,168,176,193,240 MISSED_EDGE 10,16,120,126,143,252 ROW_FNV1A64_LE 6a49fccc99278571
Q 105 E6 325808 EQUALITIES 0 TEN_BODIES 8436285 COVER NONE EDGE_CHECKS 103391919 MAX_CHECKS 904 CLOSEST_BODY 8,42,85,88,95,145,168,193,240,252 MISSED_EDGE 16,120,126,132,143,264 ROW_FNV1A64_LE 9c4d0b4d8e95e6ce
Q 110 E6 365850 EQUALITIES 0 TEN_BODIES 8436285 COVER NONE EDGE_CHECKS 109600480 MAX_CHECKS 670 CLOSEST_BODY 8,16,80,88,95,145,168,170,176,193 MISSED_EDGE 10,15,120,126,143,252 ROW_FNV1A64_LE 11a9c77f05ab3b79
Q 128 E6 301247 EQUALITIES 0 TEN_BODIES 8436285 COVER NONE EDGE_CHECKS 103372308 MAX_CHECKS 618 CLOSEST_BODY 8,42,80,85,88,95,145,168,176,240 MISSED_EDGE 10,15,120,126,143,252 ROW_FNV1A64_LE 69280b9b96b0393e
Q 130 E6 539067 EQUALITIES 0 TEN_BODIES 8436285 COVER NONE EDGE_CHECKS 120014606 MAX_CHECKS 495 CLOSEST_BODY 8,10,30,42,80,85,88,95,132,145 MISSED_EDGE 20,40,120,126,143,168 ROW_FNV1A64_LE 362e5f964621f49f
Q 140 E6 416495 EQUALITIES 0 TEN_BODIES 8436285 COVER NONE EDGE_CHECKS 123457459 MAX_CHECKS 814 CLOSEST_BODY 8,42,80,85,88,95,145,168,170,193 MISSED_EDGE 10,15,120,126,143,240 ROW_FNV1A64_LE afc5e955f5e778af
Q 186 E6 432488 EQUALITIES 0 TEN_BODIES 8436285 COVER NONE EDGE_CHECKS 129297813 MAX_CHECKS 629 CLOSEST_BODY 8,16,80,85,88,95,145,168,170,176 MISSED_EDGE 15,42,120,126,143,193 ROW_FNV1A64_LE 29a53d302a87b029
Q 192 E6 364769 EQUALITIES 0 TEN_BODIES 8436285 COVER NONE EDGE_CHECKS 108666141 MAX_CHECKS 803 CLOSEST_BODY 8,16,80,85,88,95,145,168,176,193 MISSED_EDGE 120,126,143,170,190,240 ROW_FNV1A64_LE 0a225e98eef7d828
Q 206 E6 451190 EQUALITIES 0 TEN_BODIES 8436285 COVER NONE EDGE_CHECKS 123756055 MAX_CHECKS 721 CLOSEST_BODY 8,16,80,85,88,95,145,168,170,176 MISSED_EDGE 15,42,120,126,143,193 ROW_FNV1A64_LE fb37f3c92c92c1bb
Q 210 E6 261505 EQUALITIES 0 TEN_BODIES 8436285 COVER NONE EDGE_CHECKS 109225466 MAX_CHECKS 3248 CLOSEST_BODY 8,85,88,95,145,168,193,240,252,286 MISSED_EDGE 16,80,120,126,170,176 ROW_FNV1A64_LE 661118f772199998
Q 220 E6 479384 EQUALITIES 0 TEN_BODIES 8436285 COVER NONE EDGE_CHECKS 129819467 MAX_CHECKS 564 CLOSEST_BODY 8,16,42,63,80,85,88,95,145,168 MISSED_EDGE 10,15,120,126,143,176 ROW_FNV1A64_LE 34bc1d60809ce724
Q 256 E6 273944 EQUALITIES 0 TEN_BODIES 8436285 COVER NONE EDGE_CHECKS 158401015 MAX_CHECKS 738 CLOSEST_BODY 8,85,88,168,176,190,193,240,252,264 MISSED_EDGE 15,16,120,126,143,286 ROW_FNV1A64_LE e2eddb4dcff07368
Q 260 E6 422570 EQUALITIES 0 TEN_BODIES 8436285 COVER NONE EDGE_CHECKS 136428584 MAX_CHECKS 892 CLOSEST_BODY 8,80,85,88,95,145,168,176,193,240 MISSED_EDGE 10,15,120,126,143,252 ROW_FNV1A64_LE 30c533ab7e01c0d7
Q 294 E6 454315 EQUALITIES 0 TEN_BODIES 8436285 COVER NONE EDGE_CHECKS 170697496 MAX_CHECKS 792 CLOSEST_BODY 8,42,80,85,88,95,132,145,168,176 MISSED_EDGE 15,63,120,126,143,193 ROW_FNV1A64_LE 048deb9ada491fa8
Q 366 E6 422399 EQUALITIES 0 TEN_BODIES 8436285 COVER NONE EDGE_CHECKS 129810737 MAX_CHECKS 610 CLOSEST_BODY 8,80,85,88,95,132,145,168,170,176 MISSED_EDGE 10,42,120,126,143,190 ROW_FNV1A64_LE 79431c9e8716dfa3
GLOBAL_FNV1A64_LE 14e15a5a00ad0764
VERDICT ALL_RESONANCES_NATIVE_E6_TAU_GT_10
