== THM-2583: self-similar digit needles ==

== base boundary grid and future-root coverage ==
  exact (k,L,sign) grids: 800
  exact base boundary points: 1045200
  future digit-cell counts checked: 10400
  each sign is a shifted uniform 13k-grid with k points per root digit
  every boundary denominator retains a factor 7

== prescribed-root-pair carrier piercing and digit-cylinder isolation ==
  exact carrier-piercing cases: 40
  complete-atlas cylinder traces: 1845480
  prescribed old/future root checks: 80
  maximum selected digit depth: 5
  one physical digit cylinder lies in the carrier and isolates one target boundary

== translated deepest-probe cover ==
  exact rational circle points checked: 997
  multiplicity-one / multiplicity-two: 143 / 854
  every point lies in one or two of the thirteen translated deep probes

abstract consequence:
  positive rational neutral carrier U + sufficiently late 13^N k gate
    -> internal base-13 cylinder H <= U with one absolute boundary trace
    -> any prescribed future root over one live old root
    -> one boundary delta and every target Abel character nonzero
  inside THM-2559 W: owner/word/deep base incidence only; shifted transport unproved

scope: nonneutral live provenance cannot be combined with shifted colours
target-informed selector covariance and paired endpoint action remain open
all exact checks passed
