THM4160_VS_THM4158_CONTENT_ONE_OVERLAP_INDEPENDENT_AUDIT
status=PASS;scope=undilated_content_one_core_body_labels_only
collision_model=old_has_zero_newcomers;new_has_exactly_one_disjoint_newcomer;representations_injective
family_sizes=old:2220075,new:8880300,total:11100375
carrier_parameter_bound=1..120;anchor_compatible=108
direct_endpoint_mask=one_body_one_count;multiple_carrier_parameters_ORed_before_counting
old_split=stable_overlap:344366,beyond_overlap:107215,beyond_outside:1768494
new_split=stable_overlap:1052735,beyond_overlap:559641,beyond_outside:7267924
total_overlap=2063957
outside_all_THM4158_Pm_at_content_one=9036418
singleton_newcomers_outside_all_THM4158_Pm_at_content_one=7267924
overlap_gate_split=stable:1397101,beyond:666856,affine:0
inclusion_exclusion=old:451581,new:1612376,total:2063957
newcomer_overlap=5:0,66:246746,182:190291,298:198025,336:152329,340:152329,380:153408,386:153408,528:182920,572:182920
gate_DP=stable:1397101,beyond:9703274,affine:0
THM4148_named_gate_hits=0
carrier_multiplicity=min:1,max:101,multi_body_count:1664667
scale_scope_hostile=(20,30,40,42,60,63,120,126,143,168,264);content1:none;content2:least_m35
promotion_scope=FINITE_EXACT_content_one_overlap_only;no_all_content_overlap_claim
result=PASS
