================================================================================================
 (A) CENSUS-BY-MODULAR-STRUCTURE: 11-cores labelled by the (Z/N)* their maximizers hit
================================================================================================
  78 eleven-cores of form {1..13}\{i,j}. Smallest 8 by meas(L_C@1/14):
          meas       M  N(atoms)  #at=phi units?  core
       0.03226    1/10        10        4   True  [1, 2, 3, 4, 5, 7, 8, 9, 11, 12, 13]
       0.03238    2/19        19        2  False  [1, 2, 3, 5, 7, 8, 9, 10, 11, 12, 13]
       0.03626    1/10        10        4   True  [1, 2, 3, 4, 5, 6, 7, 8, 9, 11, 13]
       0.03639    2/19        19        2  False  [1, 2, 3, 5, 6, 7, 8, 9, 10, 11, 13]
       0.03838    2/17        17        2  False  [1, 3, 4, 5, 7, 8, 9, 10, 11, 12, 13]
       0.04238    2/17        17        2  False  [1, 3, 4, 5, 6, 7, 8, 9, 10, 11, 13]
       0.04413     1/6         6        2   True  [1, 2, 3, 4, 5, 7, 8, 9, 10, 11, 13]
       0.04417    2/19        19        2  False  [1, 2, 3, 4, 7, 8, 9, 10, 11, 12, 13]
  ... largest 3:
       0.14682     1/7         7        6   True  [1, 2, 3, 4, 5, 6, 8, 10, 11, 12, 13]
       0.15324     1/7         7        6   True  [1, 2, 3, 4, 5, 6, 8, 9, 10, 12, 13]
       0.15533     1/7         7        6   True  [2, 3, 4, 5, 6, 8, 9, 10, 11, 12, 13]
  MIN-measure 11-core: [1, 2, 3, 4, 5, 7, 8, 9, 11, 12, 13]  meas=313/9702=0.03226  atoms on (Z/10)* (phi=4)

================================================================================================
 (B) COLLAR WIDTH = MODULAR INVERSE: binding speed at atom a/N is v=a^{-1} mod N
================================================================================================
  S=[1, 2, 3, 4, 5, 7, 8, 9, 11, 12, 13]  atoms on (Z/10)*, M=1/10:
    atom 1/10: a^-1 mod 10 = 1;  binding speeds (||v t||=M) = [1, 9, 11];  |binding| relates to {a^-1, N-a^-1}={ 1,9 }
    atom 3/10: a^-1 mod 10 = 7;  binding speeds (||v t||=M) = [3, 7, 13];  |binding| relates to {a^-1, N-a^-1}={ 7,3 }
    atom 7/10: a^-1 mod 10 = 3;  binding speeds (||v t||=M) = [3, 7, 13];  |binding| relates to {a^-1, N-a^-1}={ 3,7 }
    atom 9/10: a^-1 mod 10 = 9;  binding speeds (||v t||=M) = [1, 9, 11];  |binding| relates to {a^-1, N-a^-1}={ 9,1 }
     meas(L_C)=313/9702  (collar volume around the 4 unit-atoms + secondaries)
  S=[1, 2, 3, 4, 5, 6, 7, 8, 9, 10, 11]  atoms on (Z/12)*, M=1/12:
    atom 1/12: a^-1 mod 12 = 1;  binding speeds (||v t||=M) = [1, 11];  |binding| relates to {a^-1, N-a^-1}={ 1,11 }
    atom 5/12: a^-1 mod 12 = 5;  binding speeds (||v t||=M) = [5, 7];  |binding| relates to {a^-1, N-a^-1}={ 5,7 }
    atom 7/12: a^-1 mod 12 = 7;  binding speeds (||v t||=M) = [5, 7];  |binding| relates to {a^-1, N-a^-1}={ 7,5 }
    atom 11/12: a^-1 mod 12 = 11;  binding speeds (||v t||=M) = [1, 11];  |binding| relates to {a^-1, N-a^-1}={ 11,1 }
     meas(L_C)=10931/194040  (collar volume around the 4 unit-atoms + secondaries)
  S=[1, 2, 3, 4, 5, 6, 7, 8, 9, 10, 11, 12, 13]  atoms on (Z/14)*, M=1/14:
    atom 1/14: a^-1 mod 14 = 1;  binding speeds (||v t||=M) = [1, 13];  |binding| relates to {a^-1, N-a^-1}={ 1,13 }
    atom 3/14: a^-1 mod 14 = 5;  binding speeds (||v t||=M) = [5, 9];  |binding| relates to {a^-1, N-a^-1}={ 5,9 }
    atom 5/14: a^-1 mod 14 = 3;  binding speeds (||v t||=M) = [3, 11];  |binding| relates to {a^-1, N-a^-1}={ 3,11 }
    atom 9/14: a^-1 mod 14 = 11;  binding speeds (||v t||=M) = [3, 11];  |binding| relates to {a^-1, N-a^-1}={ 11,3 }
    atom 11/14: a^-1 mod 14 = 9;  binding speeds (||v t||=M) = [5, 9];  |binding| relates to {a^-1, N-a^-1}={ 9,5 }
    atom 13/14: a^-1 mod 14 = 13;  binding speeds (||v t||=M) = [1, 13];  |binding| relates to {a^-1, N-a^-1}={ 13,1 }
     meas(L_C)=0  (collar volume around the 6 unit-atoms + secondaries)

================================================================================================
 (C) VERBLUNSKY / OPUC coordinates of the lonely-set measure (fills the repo gap)
================================================================================================
  S=[1, 2, 3, 4, 5, 7, 8, 9, 11, 12, 13]
    c_0=meas=0.03226;  |c_k| k=1..6 = [0.0095, 0.011, 0.0017, 0.0088, 0.0195, 0.0021]
    |Verblunsky alpha_k| k=0..11 = [0.2937, 0.468, 0.3255, 0.8538, 0.593, 0.9842, 0.0218, 0.6604, 0.3023, 0.954, 0.7655, 0.916]
    all |alpha_k|<1 (PD Toeplitz / valid measure)? True;  Szego err_prod=1.0764e-05
  S=[1, 2, 3, 4, 5, 6, 7, 8, 9, 10, 11]
    c_0=meas=0.05633;  |c_k| k=1..6 = [0.0076, 0.0161, 0.0007, 0.0121, 0.014, 0.0308]
    |Verblunsky alpha_k| k=0..11 = [0.1342, 0.2735, 0.0845, 0.3125, 0.2079, 0.449, 0.2135, 0.3575, 0.3328, 0.2149, 0.4911, 0.6512]
    all |alpha_k|<1 (PD Toeplitz / valid measure)? True;  Szego err_prod=1.9186e-01
  => |alpha_k|<1 confirms the Toeplitz moment matrix of L_C is PD (valid measure); the alpha_k
     are the OPUC coordinates. Atomic limit (band->M) drives some |alpha_k|->1 (singular/atomic).
DONE.
