LRC14 projected k=3 fixed-first scalar slice
global_scanner_sha256=8ca30b3f6e8336e87b558c5e24007153aa0f0331e3b00dfe66c93cd4c93dd789
global_scanner_output_sha256=e3de2a3d6c65c0e8eb62d400ff47deafe48c8aa6a2db45788eab45e8f50892b9
scalar_engine_sha256=88c563a247d59b2d9feb552935d91a2bbc5018beeed56df74c84a37a1174894b
scalar_atlas_sha256=ddb2d19c02c4d70cfa74141265ceac585685932e85768baf4cb98aeb3e37935b
scalar_atlas_output_sha256=ce6807de6d6b7022c97839d0bf9fc8ba3b90e7b97bc5b0d4069e88563e232be6
universe=six_body_roots=3003;first_drift=328;three_distinct_later_drifts;nonzero_mod_L;exact_horizon=7000
omitted_tail=delta(z)<=6r/(49z);projected_high_wall=max(15,floor(13L/132)+1)
crude_all_tail_rows=2944
scalar_surviving_bodies=9
complete_record_sha256=a276e07fe6c2ef9fc3aeced14aa1e877761d7b0493724afc323eca9476bdf99e
survivor_rows_begin
E=1,2,6,8,12,14;h=83/196;r=26;L=2352;high=232;z1=328;delta1=26/14063;suffix=378:167/37044,364:19/4459,350:137/34300;lower=249/17836;upper=3606371/246805650;gap=321667/493611300
E=1,2,8,10,12,14;h=1049/2940;r=34;L=11760;high=1159;z1=328;delta1=2099/843780;suffix=1220:1531/1255380,364:292/66885,350:383/102900;lower=1049/89180;upper=39460969/3345587700;gap=53867/1672793850
E=1,4,6,8,12,14;h=83/196;r=26;L=2352;high=232;z1=328;delta1=26/14063;suffix=364:83/17836,350:137/34300,378:139/37044;lower=249/17836;upper=7033367/493611300;gap=35573/123402825
E=1,4,8,10,12,14;h=1049/2940;r=34;L=11760;high=1159;z1=328;delta1=2099/843780;suffix=1500:237/171500,364:1273/267540,380:1531/391020;lower=1049/89180;upper=5446156/434195125;gap=1355349/1736780500
E=1,6,8,10,12,14;h=1049/2940;r=34;L=11760;high=1159;z1=328;delta1=2099/843780;suffix=1358:2407/1996260,378:779/185220,364:1063/267540;lower=1049/89180;upper=28422742/2394014805;gap=1050397/9576059220
E=2,4,6,8,12,14;h=22/49;r=28;L=2352;high=232;z1=328;delta1=95/56252;suffix=364:22/4459,350:38/8575,378:4/1029;lower=66/4459;upper=819473/54845700;gap=7673/54845700
E=2,4,8,10,12,14;h=281/735;r=36;L=11760;high=1159;z1=328;delta1=491/210945;suffix=1500:349/257250,364:337/66885,350:107/25725;lower=281/22295;upper=1766327/137114250;gap=38177/137114250
E=2,6,8,10,12,14;h=363/980;r=36;L=11760;high=1159;z1=328;delta1=643/281260;suffix=1358:909/665420,378:839/185220,364:391/89180;lower=1089/89180;upper=30083992/2394014805;gap=3400237/9576059220
E=2,8,10,11,12,14;h=21041/64680;r=38;L=129360;high=12741;z1=328;delta1=3635/1856316;suffix=HIGH-TAIL:76/208103,364:2059/452760,350:9371/2263800;lower=21041/1961960;upper=180843043/16424529275;gap=69806491/244021577800
survivor_rows_end
positive_control=z1=380:PASS;negative_control=z1=379:PASS
all_exact_controls=PASS
