
##### REFRAMING E (sharpened): per-order RESIDUAL decay #####

### Dangerous |B|=7 (consec_7), dissociated F at growing scale: does corr->0 (Fatou)? ###
------------------------------------------------------------------------------
scale=1: B=(0, 1, 2, 3, 4, 5, 6) (|B|=7)  F=(51, 71, 102)
  p0(BuF)=0.295834   P_r(B)[decorr main]=0.297223   corr=p0-P_r=-0.001390
  sum_s R_s = -0.001390   (should equal p0-P_r = -0.001390; match=True)
   s             R_s   |R_s|/|R_{s-1}|
   1     -0.00558871               nan
   2      0.00905400            1.6201
   3     -0.00485484            0.5362
  |sum_{s>=1} R_s| = 0.001390  vs  |R_1|*7/6 (geom-tail bound) = 0.006520  -> OK
------------------------------------------------------------------------------
scale=2: B=(0, 1, 2, 3, 4, 5, 6) (|B|=7)  F=(101, 142, 205)
  p0(BuF)=0.299115   P_r(B)[decorr main]=0.297223   corr=p0-P_r=+0.001892
  sum_s R_s = +0.001892   (should equal p0-P_r = +0.001892; match=True)
   s             R_s   |R_s|/|R_{s-1}|
   1      0.00124429               nan
   2      0.00150268            1.2077
   3     -0.00085527            0.5692
  |sum_{s>=1} R_s| = 0.001892  vs  |R_1|*7/6 (geom-tail bound) = 0.001452  -> VIOLATED
------------------------------------------------------------------------------
scale=4: B=(0, 1, 2, 3, 4, 5, 6) (|B|=7)  F=(201, 284, 411)
  p0(BuF)=0.293912   P_r(B)[decorr main]=0.297223   corr=p0-P_r=-0.003312
  sum_s R_s = -0.003312   (should equal p0-P_r = -0.003312; match=True)
   s             R_s   |R_s|/|R_{s-1}|
   1     -0.00161238               nan
   2     -0.00190902            1.1840
   3      0.00020963            0.1098
  |sum_{s>=1} R_s| = 0.003312  vs  |R_1|*7/6 (geom-tail bound) = 0.001881  -> VIOLATED
------------------------------------------------------------------------------
scale=8: B=(0, 1, 2, 3, 4, 5, 6) (|B|=7)  F=(401, 568, 823)
  p0(BuF)=0.299745   P_r(B)[decorr main]=0.297223   corr=p0-P_r=+0.002521
  sum_s R_s = +0.002521   (should equal p0-P_r = +0.002521; match=True)
   s             R_s   |R_s|/|R_{s-1}|
   1     -0.00066005               nan
   2      0.00319793            4.8450
   3     -0.00001670            0.0052
  |sum_{s>=1} R_s| = 0.002521  vs  |R_1|*7/6 (geom-tail bound) = 0.000770  -> VIOLATED

### |B|=6, dissociated, growing scale ###
------------------------------------------------------------------------------
|B|=6 scale=1: B=(0, 1, 2, 3, 4, 5) (|B|=6)  F=(51, 71, 102)
  p0(BuF)=0.145915   P_r(B)[decorr main]=0.136957   corr=p0-P_r=+0.008958
  sum_s R_s = +0.008958   (should equal p0-P_r = +0.008958; match=True)
   s             R_s   |R_s|/|R_{s-1}|
   1     -0.00408811               nan
   2      0.01638454            4.0078
   3     -0.00333855            0.2038
  |sum_{s>=1} R_s| = 0.008958  vs  |R_1|*7/6 (geom-tail bound) = 0.004769  -> VIOLATED
------------------------------------------------------------------------------
|B|=6 scale=2: B=(0, 1, 2, 3, 4, 5) (|B|=6)  F=(101, 142, 205)
  p0(BuF)=0.140491   P_r(B)[decorr main]=0.136957   corr=p0-P_r=+0.003534
  sum_s R_s = +0.003534   (should equal p0-P_r = +0.003534; match=True)
   s             R_s   |R_s|/|R_{s-1}|
   1      0.00003105               nan
   2      0.00397695          128.0743
   3     -0.00047387            0.1192
  |sum_{s>=1} R_s| = 0.003534  vs  |R_1|*7/6 (geom-tail bound) = 0.000036  -> VIOLATED
------------------------------------------------------------------------------
|B|=6 scale=4: B=(0, 1, 2, 3, 4, 5) (|B|=6)  F=(201, 284, 411)
  p0(BuF)=0.137211   P_r(B)[decorr main]=0.136957   corr=p0-P_r=+0.000254
  sum_s R_s = +0.000254   (should equal p0-P_r = +0.000254; match=True)
   s             R_s   |R_s|/|R_{s-1}|
   1     -0.00019191               nan
   2      0.00138140            7.1983
   3     -0.00093527            0.6770
  |sum_{s>=1} R_s| = 0.000254  vs  |R_1|*7/6 (geom-tail bound) = 0.000224  -> VIOLATED

### |B|=7 RESONANT far (consec) -- residuals should NOT vanish ###
------------------------------------------------------------------------------
consec u=40: B=(0, 1, 2, 3, 4, 5, 6) (|B|=7)  F=(40, 41, 42)
  p0(BuF)=0.344998   P_r(B)[decorr main]=0.297223   corr=p0-P_r=+0.047774
  sum_s R_s = +0.047774   (should equal p0-P_r = +0.047774; match=True)
   s             R_s   |R_s|/|R_{s-1}|
   1      0.00387423               nan
   2      0.04262663           11.0026
   3      0.00127327            0.0299
  |sum_{s>=1} R_s| = 0.047774  vs  |R_1|*7/6 (geom-tail bound) = 0.004520  -> VIOLATED
------------------------------------------------------------------------------
consec u=80: B=(0, 1, 2, 3, 4, 5, 6) (|B|=7)  F=(80, 81, 82)
  p0(BuF)=0.337858   P_r(B)[decorr main]=0.297223   corr=p0-P_r=+0.040634
  sum_s R_s = +0.040634   (should equal p0-P_r = +0.040634; match=True)
   s             R_s   |R_s|/|R_{s-1}|
   1     -0.00438920               nan
   2      0.04085912            9.3090
   3      0.00416427            0.1019
  |sum_{s>=1} R_s| = 0.040634  vs  |R_1|*7/6 (geom-tail bound) = 0.005121  -> VIOLATED
------------------------------------------------------------------------------
consec u=160: B=(0, 1, 2, 3, 4, 5, 6) (|B|=7)  F=(160, 161, 162)
  p0(BuF)=0.343941   P_r(B)[decorr main]=0.297223   corr=p0-P_r=+0.046718
  sum_s R_s = +0.046718   (should equal p0-P_r = +0.046718; match=True)
   s             R_s   |R_s|/|R_{s-1}|
   1      0.00277990               nan
   2      0.04080472           14.6785
   3      0.00313302            0.0768
  |sum_{s>=1} R_s| = 0.046718  vs  |R_1|*7/6 (geom-tail bound) = 0.003243  -> VIOLATED

### |B|=4 dissociated, r=4, residual decay (the 3-far leading dangerous shape) ###
------------------------------------------------------------------------------
|B|=4 r=4 scale=1: B=(0, 1, 2, 3) (|B|=4)  F=(51, 71, 102, 149)
  p0(BuF)=0.033501   P_r(B)[decorr main]=0.034033   corr=p0-P_r=-0.000532
  sum_s R_s = -0.000532   (should equal p0-P_r = -0.000532; match=True)
   s             R_s   |R_s|/|R_{s-1}|
   1      0.00000000               nan
   2      0.00000000               nan
   3     -0.00093433               nan
   4      0.00040194            0.4302
------------------------------------------------------------------------------
|B|=4 r=4 scale=2: B=(0, 1, 2, 3) (|B|=4)  F=(101, 142, 205, 298)
  p0(BuF)=0.037560   P_r(B)[decorr main]=0.034033   corr=p0-P_r=+0.003526
  sum_s R_s = +0.003526   (should equal p0-P_r = +0.003526; match=True)
   s             R_s   |R_s|/|R_{s-1}|
   1      0.00000000               nan
   2      0.00000000               nan
   3      0.00406344               nan
   4     -0.00053723            0.1322
------------------------------------------------------------------------------
|B|=4 r=4 scale=4: B=(0, 1, 2, 3) (|B|=4)  F=(201, 284, 411, 596)
  p0(BuF)=0.035759   P_r(B)[decorr main]=0.034033   corr=p0-P_r=+0.001725
