
======================================================================
k=8
======================================================================
single-sector avoid J[j], j=1..6:
   J[1] = 799/2940 = 0.271769
   J[2] = 179/735 = 0.243537
   J[3] = 117/490 = 0.238776
   J[4] = 179/735 = 0.243537
   J[5] = 799/2940 = 0.271769
   J[6] = 82/245 = 0.334694
reflection identity J[j]==J[6-j] (j=1..5; 6-j in 1..5):
   J[1] vs J[5]: EQUAL
   J[2] vs J[4]: EQUAL
   J[3] vs J[3]: EQUAL
   J[4] vs J[2]: EQUAL
   J[5] vs J[1]: EQUAL
reconstructed p0 (incl-excl) = 481/1470 = 0.327211

======================================================================
k=9
======================================================================
single-sector avoid J[j], j=1..6:
   J[1] = 449/1960 = 0.229082
   J[2] = 53/245 = 0.216327
   J[3] = 29/147 = 0.197279
   J[4] = 53/245 = 0.216327
   J[5] = 449/1960 = 0.229082
   J[6] = 431/1470 = 0.293197
reflection identity J[j]==J[6-j] (j=1..5; 6-j in 1..5):
   J[1] vs J[5]: EQUAL
   J[2] vs J[4]: EQUAL
   J[3] vs J[3]: EQUAL
   J[4] vs J[2]: EQUAL
   J[5] vs J[1]: EQUAL
reconstructed p0 (incl-excl) = 2447/5880 = 0.416156
