THM4160_VS_THM4158_EXACT_OVERLAP_AUDIT
status=PASS
u4160=old:C(27,8);new:10*C(27,7);total=11100375;all bodies are sorted 11-element sets
thm4158_relevant_carriers=m=1..120;P1=four exact bands;Pm(m>=2)=three exact bands
global_membership=exists m in [1,min(H)] with H subset P_m;canonical_membership=H subset P_min(H)
collision_rule=each H counted once by Boolean carrier-mask union;multiple witnessing m values are not added as bodies
split=stable:D<=0;transition:1<=D<=13;beyond:D>=14;D=16*max(H)-156*min(H)
class,total,stable,transition,beyond,canonical,canonical_beyond,global,global_beyond,outside_global_beyond,multi_carrier,witness_incidence
old,2220075,344366,0,1875709,422222,77856,451581,107215,1768494,336072,5541576
5,888030,0,0,888030,0,0,0,0,888030,0,0
66,888030,187639,0,700391,229540,41901,246746,59107,641284,192985,3178614
182,888030,182920,0,705110,182920,0,190291,7371,697739,153422,3371971
298,888030,116280,0,771750,161976,45696,198025,81745,690005,170893,2948211
336,888030,116280,0,771750,128656,12376,152329,36049,735701,141669,2425903
340,888030,116280,0,771750,128656,12376,152329,36049,735701,141669,2425903
380,888030,116280,0,771750,128656,12376,153408,37128,734622,129293,1988239
386,888030,116280,0,771750,128656,12376,153408,37128,734622,101830,1871959
528,888030,50388,0,837642,104652,54264,182920,132532,705110,148417,1889435
572,888030,50388,0,837642,104652,54264,182920,132532,705110,148417,1831295
all,11100375,1397101,0,9703274,1720586,323485,2063957,666856,9036418,1664667,27473106
global_witness_multiplicity=1:399290,2:239638,3:91042,4:69329,5:57198,6:125116,7:18894,8:54249,9:52872,10:87491,11:109619,12:53772,13:71428,14:37814,15:39755,16:35981,17:12860,18:10646,19:3466,20:420,21:25604,22:18564,23:12441,24:10870,25:13048,26:32520,27:1758,28:3980,29:24558,30:16308,31:42949,32:13786,33:15640,34:35714,35:13683,36:15981,37:22267,38:4458,39:5990,40:6181,41:12827,42:9044,43:1883,44:2316,45:4572,46:22800,47:5439,48:1374,49:2626,50:18110,51:18284,52:1842,53:1243,54:11077,55:12261,56:7082,57:1453,58:3480,59:4453,60:1015,61:2721,62:553,63:267,64:98,65:1204,66:1517,67:36,68:3,69:245,70:85,71:699,72:792,73:1,75:84,76:44,81:783,82:791,83:8,86:1580,87:1,88:3,89:2,90:790,91:1121,92:3,94:120,95:36,96:8,101:1
new_only=total:8880300;canonical:1298364;global:1612376;outside_global:7267924
stable_coverage=all_1397101_stable_bodies_are_canonical_and_global
strictly_outside_global=9036418;all_are_in_the_9703274_beyond_bucket
semantic_sha256=3e1a60dbe4e29904d8eb342e952c634b5c1565cce8a2dd98be6802504ad65e7d
