============================================================================================
THREAD A: REGIME DICHOTOMY -- every wide near-cap config is LARGE-BASE (kps-S26-wf8)
============================================================================================
near-cap band: p0 > cap_k - MARGIN_k = Q(k-1).  delta_r = cap_k - max_p0(r).
  k=8: cap=2243/5880=0.38146  Q(k-1)=0.19660  MARGIN=0.18486
  k=9: cap=1979/4004=0.49426  Q(k-1)=0.36210  MARGIN=0.13216
  k=10: cap=55/91=0.60440  Q(k-1)=0.44789  MARGIN=0.15651
  k=11: cap=66/91=0.72527  Q(k-1)=0.53125  MARGIN=0.19402
  k=12: cap=6/7=0.85714  Q(k-1)=0.60224  MARGIN=0.25490

--------------------------------------------------------------------------------------------
k=8  (cap=0.38146, Q=0.19660)
--------------------------------------------------------------------------------------------
   r=#far  base         max_p0   cap-max_p0=delta_r  >Q? near  argmax_E
        1     7       0.217687             0.163776  YES   12  (0, 1, 2, 3, 4, 5, 6, 21)
        2     6       0.207226             0.174237  YES    1  (0, 10, 11, 12, 13, 14, 15, 16)
        3     5       0.224883             0.156580  YES    3  (0, 1, 5, 9, 13, 17, 21, 25)
        4     4       0.199048             0.182415  YES    1  (0, 5, 9, 10, 15, 20, 25, 30)
        5     3       0.197435             0.184027  YES    1  (0, 11, 14, 17, 20, 23, 26, 29)
        6     2       0.200474             0.180988  YES    3  (0, 13, 15, 17, 19, 21, 23, 25)
        7     1       0.202758             0.178705  YES    5  (0, 20, 21, 22, 23, 24, 25, 26)

--------------------------------------------------------------------------------------------
k=9  (cap=0.49426, Q=0.36210)
--------------------------------------------------------------------------------------------
   r=#far  base         max_p0   cap-max_p0=delta_r  >Q? near  argmax_E
        1     8       0.372408             0.121848  YES   17  (0, 2, 4, 6, 8, 10, 12, 14, 29)
        2     7       0.305636             0.188620   no    0  (0, 9, 10, 11, 12, 13, 14, 15, 16)
        3     6       0.318664             0.175591   no    0  (0, 10, 11, 12, 13, 14, 15, 16, 17)
        4     5       0.360596             0.133660   no    0  (0, 3, 6, 9, 12, 15, 18, 21, 22)
        5     4       0.366023             0.128233  YES    3  (0, 5, 10, 13, 15, 20, 25, 30, 35)
        6     3       0.320068             0.174188   no    0  (0, 4, 10, 15, 20, 25, 30, 35, 40)
        7     2       0.317494             0.176762   no    0  (0, 14, 15, 16, 17, 18, 19, 20, 21)
        8     1       0.318122             0.176134   no    0  (0, 19, 20, 21, 22, 23, 24, 25, 26)

--------------------------------------------------------------------------------------------
k=10  (cap=0.60440, Q=0.44789)
--------------------------------------------------------------------------------------------
   r=#far  base         max_p0   cap-max_p0=delta_r  >Q? near  argmax_E
        1     9       0.464208             0.140187  YES    8  (0, 1, 2, 3, 4, 5, 6, 7, 8, 22)
        2     8       0.451434             0.152961  YES    5  (0, 2, 4, 6, 8, 10, 12, 14, 16, 23)
        3     7       0.420478             0.183918   no    0  (0, 3, 6, 9, 11, 12, 13, 15, 18, 21)
        4     6       0.403461             0.200935   no    0  (0, 10, 11, 12, 13, 14, 15, 16, 17, 18)
        5     5       0.423816             0.180579   no    0  (0, 1, 5, 9, 13, 17, 21, 25, 29, 33)
        6     4       0.451315             0.153080  YES    1  (0, 5, 9, 10, 15, 20, 25, 30, 35, 40)
        7     3       0.428878             0.175517   no    0  (0, 13, 14, 15, 16, 17, 18, 19, 20, 21)
        8     2       0.430410             0.173985   no    0  (0, 9, 16, 23, 30, 37, 44, 51, 58, 65)
        9     1       0.425636             0.178759   no    0  (0, 27, 34, 41, 48, 55, 62, 69, 76, 83)

--------------------------------------------------------------------------------------------
k=11  (cap=0.72527, Q=0.53125)
--------------------------------------------------------------------------------------------
   r=#far  base         max_p0   cap-max_p0=delta_r  >Q? near  argmax_E
        1    10       0.547534             0.177741  YES   10  (0, 1, 2, 3, 4, 5, 6, 7, 8, 9, 16)
        2     9       0.521058             0.204217   no    0  (0, 1, 2, 3, 4, 5, 6, 7, 8, 21, 22)
        3     8       0.536281             0.188994  YES    2  (0, 2, 4, 6, 8, 10, 12, 14, 16, 18, 21)
        4     7       0.490629             0.234646   no    0  (0, 3, 6, 9, 11, 12, 13, 15, 18, 21, 24)
        5     6       0.485757             0.239518   no    0  (0, 2, 3, 4, 8, 12, 16, 20, 24, 28, 32)
        6     5       0.507641             0.217634   no    0  (0, 3, 6, 9, 12, 15, 16, 18, 19, 21, 22)
        7     4       0.537710             0.187565  YES    2  (0, 4, 5, 10, 15, 20, 25, 30, 35, 40, 45)

[NOTE kps-S26-wf8] k=11 r=8..10 and k=12 timed out in this run (LCM blowup at high r);
the near-cap dichotomy for k=11,12 is confirmed separately in
lrc14_threadA_k1112_confirm_kpswf8.out (13/13 single-perturbation-bounded, 0 genuine-wide each).
The per-r max_p0 trend (decreasing toward Q as r grows, with dilated-AP pockets re-crossing Q
but all single-perturbation-bounded) is fully consistent with k=8,9,10.
