PERSISTENCE (fixed-covering) — C(S) margin vs large-cluster scale t
  P=[1, 7, 8, 9, 10, 11, 12, 13] AP1 Delta=[0, 1, 2, 3, 4]: margins(t,Vmax,marg,v)= (1,18,2.34,v17), (2,32,2.52,v32), (3,46,3.31,v44), (5,74,3.47,v72), (10,144,3.44,v142), (20,284,3.52,v282), (40,564,3.53,v562), (80,1124,3.54,v1122), (160,2244,3.55,v2242)
      C holds for all tested t: True; min margin = 2.337
  P=[1, 7, 8, 9, 10, 11, 12, 13] AP2 Delta=[0, 2, 4, 6, 8]: margins(t,Vmax,marg,v)= (1,22,3.70,v22), (2,36,4.63,v36), (3,50,3.65,v50), (5,78,5.50,v78), (10,148,5.45,v148), (20,288,5.58,v288), (40,568,5.64,v568), (80,1128,5.63,v1128), (160,2248,5.63,v2248)
      C holds for all tested t: True; min margin = 3.646
  P=[1, 7, 8, 9, 10, 11, 12, 13] AP3 Delta=[0, 3, 6, 9, 12]: margins(t,Vmax,marg,v)= (1,26,2.62,v23), (2,40,2.49,v40), (3,54,3.88,v54), (5,82,5.54,v82), (10,152,5.48,v152), (20,292,5.52,v292), (40,572,5.50,v572), (80,1132,5.49,v1132), (160,2252,5.49,v2252)
      C holds for all tested t: True; min margin = 2.486
  P=[1, 7, 8, 9, 10, 11, 12, 13] mix Delta=[0, 3, 9, 12, 15]: margins(t,Vmax,marg,v)= (1,29,2.48,v29), (2,43,4.07,v40), (3,57,3.69,v57), (5,85,5.30,v85), (10,155,5.26,v155), (20,295,5.33,v295), (40,575,5.32,v575), (80,1135,5.31,v1135), (160,2255,5.32,v2255)
      C holds for all tested t: True; min margin = 2.479
  P=[1, 7, 8, 9, 10, 11, 12, 13] wide Delta=[0, 5, 17, 31, 45]: margins(t,Vmax,marg,v)= (1,59,4.45,v59), (2,73,6.49,v73), (3,87,6.87,v87), (5,115,6.34,v115), (10,185,5.24,v185), (20,325,5.18,v285), (40,605,5.56,v565), (80,1165,5.60,v1125), (160,2285,5.63,v2245)
      C holds for all tested t: True; min margin = 4.448
  P=[2, 7, 8, 9, 10, 11, 12, 13] AP1 Delta=[0, 1, 2, 3, 4]: margins(t,Vmax,marg,v)= (2,32,5.36,v32), (3,46,5.07,v46), (5,74,5.15,v74), (10,144,5.28,v144), (20,284,5.26,v284), (40,564,5.26,v564), (80,1124,5.25,v1124), (160,2244,5.25,v2244)
      C holds for all tested t: True; min margin = 5.075
  P=[2, 7, 8, 9, 10, 11, 12, 13] AP2 Delta=[0, 2, 4, 6, 8]: margins(t,Vmax,marg,v)= (2,36,4.65,v36), (3,50,4.09,v50), (5,78,4.27,v78), (10,148,4.54,v148), (20,288,4.52,v288), (40,568,4.51,v568), (80,1128,4.51,v1128), (160,2248,4.50,v2248)
      C holds for all tested t: True; min margin = 4.092
  P=[2, 7, 8, 9, 10, 11, 12, 13] AP3 Delta=[0, 3, 6, 9, 12]: margins(t,Vmax,marg,v)= (1,26,2.22,v26), (2,40,3.88,v40), (3,54,3.88,v54), (5,82,5.54,v82), (10,152,5.48,v152), (20,292,5.52,v292), (40,572,5.50,v572), (80,1132,5.49,v1132), (160,2252,5.49,v2252)
      C holds for all tested t: True; min margin = 2.222
  P=[2, 7, 8, 9, 10, 11, 12, 13] mix Delta=[0, 3, 9, 12, 15]: margins(t,Vmax,marg,v)= (1,29,2.48,v29), (2,43,2.99,v43), (3,57,3.69,v57), (5,85,5.30,v85), (10,155,5.26,v155), (20,295,5.33,v295), (40,575,5.32,v575), (80,1135,5.31,v1135), (160,2255,5.32,v2255)
      C holds for all tested t: True; min margin = 2.479
  P=[2, 7, 8, 9, 10, 11, 12, 13] wide Delta=[0, 5, 17, 31, 45]: margins(t,Vmax,marg,v)= (1,59,4.45,v59), (2,73,6.49,v73), (3,87,6.87,v87), (5,115,6.34,v115), (10,185,5.24,v185), (20,325,5.18,v285), (40,605,5.56,v565), (80,1165,5.60,v1125), (160,2285,5.63,v2245)
      C holds for all tested t: True; min margin = 4.448
  P=[3, 7, 8, 9, 10, 11, 12, 13] AP1 Delta=[0, 1, 2, 3, 4]: margins(t,Vmax,marg,v)= (3,46,5.59,v46), (5,74,5.45,v74), (10,144,5.43,v144), (20,284,5.49,v284), (40,564,5.48,v564), (80,1124,5.50,v1124), (160,2244,5.50,v2244)
      C holds for all tested t: True; min margin = 5.427
  P=[3, 7, 8, 9, 10, 11, 12, 13] AP2 Delta=[0, 2, 4, 6, 8]: margins(t,Vmax,marg,v)= (3,50,5.13,v50), (5,78,5.50,v78), (10,148,5.45,v148), (20,288,5.58,v288), (40,568,5.64,v568), (80,1128,5.63,v1128), (160,2248,5.63,v2248)
      C holds for all tested t: True; min margin = 5.134
  P=[3, 7, 8, 9, 10, 11, 12, 13] AP3 Delta=[0, 3, 6, 9, 12]: margins(t,Vmax,marg,v)= (2,40,3.88,v40), (3,54,4.65,v54), (5,82,4.29,v82), (10,152,4.25,v152), (20,292,4.45,v292), (40,572,4.44,v572), (80,1132,4.49,v1132), (160,2252,4.49,v2252)
      C holds for all tested t: True; min margin = 3.880
  P=[3, 7, 8, 9, 10, 11, 12, 13] mix Delta=[0, 3, 9, 12, 15]: margins(t,Vmax,marg,v)= (2,43,4.07,v40), (3,57,4.07,v57), (5,85,3.64,v85), (10,155,3.63,v155), (20,295,3.92,v295), (40,575,3.91,v575), (80,1135,3.98,v1135), (160,2255,3.98,v2255)
      C holds for all tested t: True; min margin = 3.627
  P=[3, 7, 8, 9, 10, 11, 12, 13] wide Delta=[0, 5, 17, 31, 45]: margins(t,Vmax,marg,v)= (1,59,4.34,v45), (2,73,4.22,v59), (3,87,4.51,v87), (5,115,4.51,v115), (10,185,4.76,v185), (20,325,4.70,v285), (40,605,4.97,v591), (80,1165,5.04,v1151), (160,2285,5.08,v2271)
      C holds for all tested t: True; min margin = 4.221
  P=[4, 7, 8, 9, 10, 11, 12, 13] AP1 Delta=[0, 1, 2, 3, 4]: margins(t,Vmax,marg,v)= (5,74,5.45,v74), (10,144,5.58,v144), (20,284,5.64,v284), (40,564,5.63,v564), (80,1124,5.63,v1124), (160,2244,5.63,v2244)
      C holds for all tested t: True; min margin = 5.452
  P=[4, 7, 8, 9, 10, 11, 12, 13] AP2 Delta=[0, 2, 4, 6, 8]: margins(t,Vmax,marg,v)= (5,78,4.88,v78), (10,148,5.15,v148), (20,288,5.28,v288), (40,568,5.26,v568), (80,1128,5.26,v1128), (160,2248,5.25,v2248)
      C holds for all tested t: True; min margin = 4.882
  P=[4, 7, 8, 9, 10, 11, 12, 13] AP3 Delta=[0, 3, 6, 9, 12]: margins(t,Vmax,marg,v)= (3,54,4.65,v54), (5,82,5.54,v82), (10,152,5.48,v152), (20,292,5.52,v292), (40,572,5.50,v572), (80,1132,5.49,v1132), (160,2252,5.49,v2252)
      C holds for all tested t: True; min margin = 4.651
  P=[4, 7, 8, 9, 10, 11, 12, 13] mix Delta=[0, 3, 9, 12, 15]: margins(t,Vmax,marg,v)= (3,57,4.07,v57), (5,85,5.30,v85), (10,155,5.26,v155), (20,295,5.33,v295), (40,575,5.32,v575), (80,1135,5.31,v1135), (160,2255,5.32,v2255)
      C holds for all tested t: True; min margin = 4.071
  P=[4, 7, 8, 9, 10, 11, 12, 13] wide Delta=[0, 5, 17, 31, 45]: margins(t,Vmax,marg,v)= (1,59,4.45,v59), (2,73,6.49,v73), (3,87,6.87,v87), (5,115,6.34,v115), (10,185,5.24,v185), (20,325,5.18,v285), (40,605,5.56,v565), (80,1165,5.60,v1125), (160,2285,5.63,v2245)
      C holds for all tested t: True; min margin = 4.448

  OVERALL min best-C-margin over persistence sweep = 2.2222
   at P=[2, 7, 8, 9, 10, 11, 12, 13] Delta=[0, 3, 6, 9, 12] t=1  S=[2, 7, 8, 9, 10, 11, 12, 13, 14, 17, 20, 23, 26]
