AUDIT all_newcomer_one_original_pool_wall_failure_subset_zeta
OUTSIDE_Q7_CONTRACT A40_Q50_DEPTH 6 A40_Q50_EDGES 44562 A40_TAU 8 A80_Q50_DEPTH 7 A80_Q50_EDGES 298279 A80_TAU 8 A240_Q50_DEPTH 7 A240_Q50_EDGES 286291 A240_TAU 8
CHOICE_RULE 40_FIRST_THEN_80_THEN_240 PRIORITY_COUNTS 480700,346104,245157 UNIQUE_BODIES_PER_Q 1071961 UNIQUE_FORMULA C26_8-C23_8 ANCHOR_PRESENTATIONS_PER_Q 1442100 PRESENTATION_FORMULA 3*C25_7
BODY_ROW q 6 A40 ANCHOR 40,143,252 PRESENTATIONS 480700 BELOW 0 EQUALITIES 0 MIN_MASS_NUM 258647501119056 MASS_DEN 1532257390984320 MIN_DELTA 1452251858080464 MIN_K 16,88,95,145,170,193,240 MIN_BODY 16,40,88,95,143,145,170,193,240,252
BODY_ROW q 6 A80 ANCHOR 80,143,252 PRESENTATIONS 480700 BELOW 0 EQUALITIES 0 MIN_MASS_NUM 252195796850760 MASS_DEN 1532257390984320 MIN_DELTA 1394186519665800 MIN_K 10,42,60,85,95,132,145 MIN_BODY 10,42,60,80,85,95,132,143,145,252
BODY_ROW q 6 A240 ANCHOR 143,240,252 PRESENTATIONS 480700 BELOW 0 EQUALITIES 0 MIN_MASS_NUM 251243974666272 MASS_DEN 1532257390984320 MIN_DELTA 1385620120005408 MIN_K 16,20,88,95,145,170,193 MIN_BODY 16,20,88,95,143,145,170,193,240,252
BODY_ROW q 22 A40 ANCHOR 40,143,252 PRESENTATIONS 480700 BELOW 0 EQUALITIES 0 MIN_MASS_NUM 968328287288208 MASS_DEN 5618277100275840 MIN_DELTA 5504510528293392 MIN_K 63,85,132,176,190,240,290 MIN_BODY 40,63,85,132,143,176,190,240,252,290
BODY_ROW q 22 A80 ANCHOR 80,143,252 PRESENTATIONS 480700 BELOW 0 EQUALITIES 0 MIN_MASS_NUM 921819659541088 MASS_DEN 5618277100275840 MIN_DELTA 5085932878569312 MIN_K 10,42,60,85,95,145,264 MIN_BODY 10,42,60,80,85,95,143,145,252,264
BODY_ROW q 22 A240 ANCHOR 143,240,252 PRESENTATIONS 480700 BELOW 0 EQUALITIES 0 MIN_MASS_NUM 949555804916488 MASS_DEN 5618277100275840 MIN_DELTA 5335558186947912 MIN_K 10,42,60,85,95,145,264 MIN_BODY 10,42,60,85,95,143,145,240,252,264
BODY_ROW q 24 A40 ANCHOR 40,143,252 PRESENTATIONS 480700 BELOW 0 EQUALITIES 0 MIN_MASS_NUM 1020812862207936 MASS_DEN 6129029563937280 MIN_DELTA 5685013151907264 MIN_K 8,88,95,145,170,193,240 MIN_BODY 8,40,88,95,143,145,170,193,240,252
BODY_ROW q 24 A80 ANCHOR 80,143,252 PRESENTATIONS 480700 BELOW 0 EQUALITIES 0 MIN_MASS_NUM 989139876878496 MASS_DEN 6129029563937280 MIN_DELTA 5399956283942304 MIN_K 10,42,60,85,95,132,145 MIN_BODY 10,42,60,80,85,95,132,143,145,252
BODY_ROW q 24 A240 ANCHOR 143,240,252 PRESENTATIONS 480700 BELOW 0 EQUALITIES 0 MIN_MASS_NUM 1011403872362016 MASS_DEN 6129029563937280 MIN_DELTA 5600332243293984 MIN_K 8,20,88,95,145,170,193 MIN_BODY 8,20,88,95,143,145,170,193,240,252
BODY_ROW q 25 A40 ANCHOR 40,143,252 PRESENTATIONS 480700 BELOW 0 EQUALITIES 0 MIN_MASS_NUM 1025672201387680 MASS_DEN 6384405795768000 MIN_DELTA 5582817929193120 MIN_K 8,42,88,95,145,170,240 MIN_BODY 8,40,42,88,95,143,145,170,240,252
BODY_ROW q 25 A80 ANCHOR 80,143,252 PRESENTATIONS 480700 BELOW 0 EQUALITIES 0 MIN_MASS_NUM 1015686046111940 MASS_DEN 6384405795768000 MIN_DELTA 5492942531711460 MIN_K 10,42,60,85,95,145,264 MIN_BODY 10,42,60,80,85,95,143,145,252,264
BODY_ROW q 25 A240 ANCHOR 143,240,252 PRESENTATIONS 480700 BELOW 0 EQUALITIES 0 MIN_MASS_NUM 1014505518250420 MASS_DEN 6384405795768000 MIN_DELTA 5482317780957780 MIN_K 8,60,88,95,145,170,193 MIN_BODY 8,60,88,95,143,145,170,193,240,252
BODY_ROW q 48 A40 ANCHOR 40,143,252 PRESENTATIONS 480700 BELOW 0 EQUALITIES 0 MIN_MASS_NUM 2003195245689792 MASS_DEN 12258059127874560 MIN_DELTA 11024151995279808 MIN_K 8,88,95,145,170,193,240 MIN_BODY 8,40,88,95,143,145,170,193,240,252
BODY_ROW q 48 A80 ANCHOR 80,143,252 PRESENTATIONS 480700 BELOW 0 EQUALITIES 0 MIN_MASS_NUM 1962829485082368 MASS_DEN 12258059127874560 MIN_DELTA 10660860149812992 MIN_K 8,30,42,85,88,95,145 MIN_BODY 8,30,42,80,85,88,95,143,145,252
BODY_ROW q 48 A240 ANCHOR 143,240,252 PRESENTATIONS 480700 BELOW 0 EQUALITIES 0 MIN_MASS_NUM 1989936476486784 MASS_DEN 12258059127874560 MIN_DELTA 10904823072452736 MIN_K 8,20,88,95,145,170,193 MIN_BODY 8,20,88,95,143,145,170,193,240,252
BODY_ROW q 70 A40 ANCHOR 40,143,252 PRESENTATIONS 480700 BELOW 0 EQUALITIES 0 MIN_MASS_NUM 2957592030411200 MASS_DEN 17876336228150400 MIN_DELTA 16403279000472000 MIN_K 8,15,88,95,145,170,240 MIN_BODY 8,15,40,88,95,143,145,170,240,252
BODY_ROW q 70 A80 ANCHOR 80,143,252 PRESENTATIONS 480700 BELOW 0 EQUALITIES 0 MIN_MASS_NUM 2787808364185320 MASS_DEN 17876336228150400 MIN_DELTA 14875226004439080 MIN_K 10,42,60,85,95,145,264 MIN_BODY 10,42,60,80,85,95,143,145,252,264
BODY_ROW q 70 A240 ANCHOR 143,240,252 PRESENTATIONS 480700 BELOW 0 EQUALITIES 0 MIN_MASS_NUM 2917479882336040 MASS_DEN 17876336228150400 MIN_DELTA 16042269667795560 MIN_K 10,42,60,85,95,132,145 MIN_BODY 10,42,60,85,95,132,143,145,240,252
BODY_ROW q 72 A40 ANCHOR 40,143,252 PRESENTATIONS 480700 BELOW 0 EQUALITIES 0 MIN_MASS_NUM 2942443387509696 MASS_DEN 18387088691811840 MIN_DELTA 15975082663694784 MIN_K 8,88,95,145,168,170,240 MIN_BODY 8,40,88,95,143,145,168,170,240,252
BODY_ROW q 72 A80 ANCHOR 80,143,252 PRESENTATIONS 480700 BELOW 0 EQUALITIES 0 MIN_MASS_NUM 2991796197328512 MASS_DEN 18387088691811840 MIN_DELTA 16419257952064128 MIN_K 8,30,85,95,145,240,264 MIN_BODY 8,30,80,85,95,143,145,240,252,264
BODY_ROW q 72 A240 ANCHOR 143,240,252 PRESENTATIONS 480700 BELOW 0 EQUALITIES 0 MIN_MASS_NUM 2942443387509696 MASS_DEN 18387088691811840 MIN_DELTA 15975082663694784 MIN_K 8,40,88,95,145,168,170 MIN_BODY 8,40,88,95,143,145,168,170,240,252
BODY_ROW q 96 A40 ANCHOR 40,143,252 PRESENTATIONS 480700 BELOW 0 EQUALITIES 0 MIN_MASS_NUM 3964948839427968 MASS_DEN 24516118255749120 MIN_DELTA 21675329122995072 MIN_K 8,88,95,145,170,193,240 MIN_BODY 8,40,88,95,143,145,170,193,240,252
BODY_ROW q 96 A80 ANCHOR 80,143,252 PRESENTATIONS 480700 BELOW 0 EQUALITIES 0 MIN_MASS_NUM 3871650543597312 MASS_DEN 24516118255749120 MIN_DELTA 20835644460519168 MIN_K 8,60,88,95,145,170,193 MIN_BODY 8,60,80,88,95,143,145,170,193,252
BODY_ROW q 96 A240 ANCHOR 143,240,252 PRESENTATIONS 480700 BELOW 0 EQUALITIES 0 MIN_MASS_NUM 3964948839427968 MASS_DEN 24516118255749120 MIN_DELTA 21675329122995072 MIN_K 8,40,88,95,145,170,193 MIN_BODY 8,40,88,95,143,145,170,193,240,252
BODY_ROW q 100 A40 ANCHOR 40,143,252 PRESENTATIONS 480700 BELOW 0 EQUALITIES 0 MIN_MASS_NUM 4151843929721040 MASS_DEN 25537623183072000 MIN_DELTA 22773667834305360 MIN_K 8,88,170,190,193,240,290 MIN_BODY 8,40,88,143,170,190,193,240,252,290
BODY_ROW q 100 A80 ANCHOR 80,143,252 PRESENTATIONS 480700 BELOW 0 EQUALITIES 0 MIN_MASS_NUM 4053562010487920 MASS_DEN 25537623183072000 MIN_DELTA 21889130561207280 MIN_K 10,16,60,85,88,95,145 MIN_BODY 10,16,60,80,85,88,95,143,145,252
BODY_ROW q 100 A240 ANCHOR 143,240,252 PRESENTATIONS 480700 BELOW 0 EQUALITIES 0 MIN_MASS_NUM 4064652316614400 MASS_DEN 25537623183072000 MIN_DELTA 21988943316345600 MIN_K 16,30,88,95,170,193,290 MIN_BODY 16,30,88,95,143,170,193,240,252,290
BODY_ROW q 105 A40 ANCHOR 40,143,252 PRESENTATIONS 480700 BELOW 0 EQUALITIES 0 MIN_MASS_NUM 4363277524671660 MASS_DEN 26814504342225600 MIN_DELTA 23946923812201740 MIN_K 8,88,95,145,170,193,240 MIN_BODY 8,40,88,95,143,145,170,193,240,252
BODY_ROW q 105 A80 ANCHOR 80,143,252 PRESENTATIONS 480700 BELOW 0 EQUALITIES 0 MIN_MASS_NUM 4331513823060060 MASS_DEN 26814504342225600 MIN_DELTA 23661050497697340 MIN_K 10,42,60,85,95,145,264 MIN_BODY 10,42,60,80,85,95,143,145,252,264
BODY_ROW q 105 A240 ANCHOR 143,240,252 PRESENTATIONS 480700 BELOW 0 EQUALITIES 0 MIN_MASS_NUM 4338430336697520 MASS_DEN 26814504342225600 MIN_DELTA 23723299120434480 MIN_K 8,20,88,95,145,170,193 MIN_BODY 8,20,88,95,143,145,170,193,240,252
BODY_ROW q 110 A40 ANCHOR 40,143,252 PRESENTATIONS 480700 BELOW 0 EQUALITIES 0 MIN_MASS_NUM 4614151293909080 MASS_DEN 28091385501379200 MIN_DELTA 25475141358679320 MIN_K 15,95,132,145,170,176,240 MIN_BODY 15,40,95,132,143,145,170,176,240,252
BODY_ROW q 110 A80 ANCHOR 80,143,252 PRESENTATIONS 480700 BELOW 0 EQUALITIES 0 MIN_MASS_NUM 4324515348461000 MASS_DEN 28091385501379200 MIN_DELTA 22868417849646600 MIN_K 10,42,60,85,95,145,264 MIN_BODY 10,42,60,80,85,95,143,145,252,264
BODY_ROW q 110 A240 ANCHOR 143,240,252 PRESENTATIONS 480700 BELOW 0 EQUALITIES 0 MIN_MASS_NUM 4595734379984440 MASS_DEN 28091385501379200 MIN_DELTA 25309389133357560 MIN_K 10,60,95,132,145,170,176 MIN_BODY 10,60,95,132,143,145,170,176,240,252
BODY_ROW q 128 A40 ANCHOR 40,143,252 PRESENTATIONS 480700 BELOW 0 EQUALITIES 0 MIN_MASS_NUM 5311775552332928 MASS_DEN 32688157674332160 MIN_DELTA 29127032728520832 MIN_K 8,15,88,95,145,170,240 MIN_BODY 8,15,40,88,95,143,145,170,240,252
BODY_ROW q 128 A80 ANCHOR 80,143,252 PRESENTATIONS 480700 BELOW 0 EQUALITIES 0 MIN_MASS_NUM 5233658108150528 MASS_DEN 32688157674332160 MIN_DELTA 28423975730879232 MIN_K 8,15,88,145,168,170,190 MIN_BODY 8,15,80,88,143,145,168,170,190,252
BODY_ROW q 128 A240 ANCHOR 143,240,252 PRESENTATIONS 480700 BELOW 0 EQUALITIES 0 MIN_MASS_NUM 5311775552332928 MASS_DEN 32688157674332160 MIN_DELTA 29127032728520832 MIN_K 8,15,40,88,95,145,170 MIN_BODY 8,15,40,88,95,143,145,170,240,252
BODY_ROW q 130 A40 ANCHOR 40,143,252 PRESENTATIONS 480700 BELOW 0 EQUALITIES 0 MIN_MASS_NUM 5353919442493440 MASS_DEN 33198910137993600 MIN_DELTA 29214469189301760 MIN_K 8,15,88,95,145,170,240 MIN_BODY 8,15,40,88,95,143,145,170,240,252
BODY_ROW q 130 A80 ANCHOR 80,143,252 PRESENTATIONS 480700 BELOW 0 EQUALITIES 0 MIN_MASS_NUM 5228930407715560 MASS_DEN 33198910137993600 MIN_DELTA 28089567876300840 MIN_K 8,10,42,60,88,170,190 MIN_BODY 8,10,42,60,80,88,143,170,190,252
BODY_ROW q 130 A240 ANCHOR 143,240,252 PRESENTATIONS 480700 BELOW 0 EQUALITIES 0 MIN_MASS_NUM 5353919442493440 MASS_DEN 33198910137993600 MIN_DELTA 29214469189301760 MIN_K 8,15,40,88,95,145,170 MIN_BODY 8,15,40,88,95,143,145,170,240,252
BODY_ROW q 140 A40 ANCHOR 40,143,252 PRESENTATIONS 480700 BELOW 0 EQUALITIES 0 MIN_MASS_NUM 5910543817329200 MASS_DEN 35752672456300800 MIN_DELTA 32764795809505200 MIN_K 8,15,88,95,145,170,240 MIN_BODY 8,15,40,88,95,143,145,170,240,252
BODY_ROW q 140 A80 ANCHOR 80,143,252 PRESENTATIONS 480700 BELOW 0 EQUALITIES 0 MIN_MASS_NUM 5459802690013840 MASS_DEN 35752672456300800 MIN_DELTA 28708125663666960 MIN_K 10,42,60,85,95,145,264 MIN_BODY 10,42,60,80,85,95,143,145,252,264
BODY_ROW q 140 A240 ANCHOR 143,240,252 PRESENTATIONS 480700 BELOW 0 EQUALITIES 0 MIN_MASS_NUM 5728426958513280 MASS_DEN 35752672456300800 MIN_DELTA 31125744080161920 MIN_K 10,42,60,80,85,95,145 MIN_BODY 10,42,60,80,85,95,143,145,240,252
BODY_ROW q 186 A40 ANCHOR 40,143,252 PRESENTATIONS 480700 BELOW 0 EQUALITIES 0 MIN_MASS_NUM 8003816535885744 MASS_DEN 47499979120513920 MIN_DELTA 44891503611249456 MIN_K 8,88,132,170,190,240,290 MIN_BODY 8,40,88,132,143,170,190,240,252,290
BODY_ROW q 186 A80 ANCHOR 80,143,252 PRESENTATIONS 480700 BELOW 0 EQUALITIES 0 MIN_MASS_NUM 7856494296072912 MASS_DEN 47499979120513920 MIN_DELTA 43565603452933968 MIN_K 8,10,60,85,88,95,145 MIN_BODY 8,10,60,80,85,88,95,143,145,252
BODY_ROW q 186 A240 ANCHOR 143,240,252 PRESENTATIONS 480700 BELOW 0 EQUALITIES 0 MIN_MASS_NUM 7912165888980864 MASS_DEN 47499979120513920 MIN_DELTA 44066647789105536 MIN_K 8,20,42,88,170,190,290 MIN_BODY 8,20,42,88,143,170,190,240,252,290
BODY_ROW q 192 A40 ANCHOR 40,143,252 PRESENTATIONS 480700 BELOW 0 EQUALITIES 0 MIN_MASS_NUM 8249413840520832 MASS_DEN 49032236511498240 MIN_DELTA 46226303700974208 MIN_K 16,132,176,190,193,240,290 MIN_BODY 16,40,132,143,176,190,193,240,252,290
BODY_ROW q 192 A80 ANCHOR 80,143,252 PRESENTATIONS 480700 BELOW 0 EQUALITIES 0 MIN_MASS_NUM 7925760816429120 MASS_DEN 49032236511498240 MIN_DELTA 43313426484148800 MIN_K 10,16,60,85,88,95,145 MIN_BODY 10,16,60,80,85,88,95,143,145,252
BODY_ROW q 192 A240 ANCHOR 143,240,252 PRESENTATIONS 480700 BELOW 0 EQUALITIES 0 MIN_MASS_NUM 8147172938732352 MASS_DEN 49032236511498240 MIN_DELTA 45306135584877888 MIN_K 16,60,132,176,190,193,290 MIN_BODY 16,60,132,143,176,190,193,240,252,290
BODY_ROW q 206 A40 ANCHOR 40,143,252 PRESENTATIONS 480700 BELOW 0 EQUALITIES 0 MIN_MASS_NUM 8895514655053264 MASS_DEN 52607503757128320 MIN_DELTA 49998201177120336 MIN_K 8,15,88,95,145,170,240 MIN_BODY 8,15,40,88,95,143,145,170,240,252
BODY_ROW q 206 A80 ANCHOR 80,143,252 PRESENTATIONS 480700 BELOW 0 EQUALITIES 0 MIN_MASS_NUM 8524783981793520 MASS_DEN 52607503757128320 MIN_DELTA 46661625117782640 MIN_K 16,30,63,85,95,145,176 MIN_BODY 16,30,63,80,85,95,143,145,176,252
BODY_ROW q 206 A240 ANCHOR 143,240,252 PRESENTATIONS 480700 BELOW 0 EQUALITIES 0 MIN_MASS_NUM 8785152565902104 MASS_DEN 52607503757128320 MIN_DELTA 49004942374759896 MIN_K 8,30,80,85,88,95,145 MIN_BODY 8,30,80,85,88,95,143,145,240,252
BODY_ROW q 210 A40 ANCHOR 40,143,252 PRESENTATIONS 480700 BELOW 0 EQUALITIES 0 MIN_MASS_NUM 8884353769767840 MASS_DEN 53629008684451200 MIN_DELTA 49314036108224160 MIN_K 8,15,88,95,145,170,240 MIN_BODY 8,15,40,88,95,143,145,170,240,252
BODY_ROW q 210 A80 ANCHOR 80,143,252 PRESENTATIONS 480700 BELOW 0 EQUALITIES 0 MIN_MASS_NUM 8815402762719000 MASS_DEN 53629008684451200 MIN_DELTA 48693477044784600 MIN_K 10,42,60,85,95,132,145 MIN_BODY 10,42,60,80,85,95,132,143,145,252
BODY_ROW q 210 A240 ANCHOR 143,240,252 PRESENTATIONS 480700 BELOW 0 EQUALITIES 0 MIN_MASS_NUM 8794475383996680 MASS_DEN 53629008684451200 MIN_DELTA 48505130636283720 MIN_K 20,42,170,176,190,193,290 MIN_BODY 20,42,143,170,176,190,193,240,252,290
BODY_ROW q 220 A40 ANCHOR 40,143,252 PRESENTATIONS 480700 BELOW 0 EQUALITIES 0 MIN_MASS_NUM 9405190273383520 MASS_DEN 56182771002758400 MIN_DELTA 52542271887446880 MIN_K 8,88,132,170,190,240,290 MIN_BODY 8,40,88,132,143,170,190,240,252,290
BODY_ROW q 220 A80 ANCHOR 80,143,252 PRESENTATIONS 480700 BELOW 0 EQUALITIES 0 MIN_MASS_NUM 9098168975464800 MASS_DEN 56182771002758400 MIN_DELTA 49779080206178400 MIN_K 8,10,60,88,95,170,264 MIN_BODY 8,10,60,80,88,95,143,170,252,264
BODY_ROW q 220 A240 ANCHOR 143,240,252 PRESENTATIONS 480700 BELOW 0 EQUALITIES 0 MIN_MASS_NUM 9365744534429360 MASS_DEN 56182771002758400 MIN_DELTA 52187260236859440 MIN_K 8,30,80,88,95,132,145 MIN_BODY 8,30,80,88,95,132,143,145,240,252
BODY_ROW q 256 A40 ANCHOR 40,143,252 PRESENTATIONS 480700 BELOW 0 EQUALITIES 0 MIN_MASS_NUM 10752684875445632 MASS_DEN 65376315348664320 MIN_DELTA 59416269394059648 MIN_K 8,88,132,170,190,240,290 MIN_BODY 8,40,88,132,143,170,190,240,252,290
BODY_ROW q 256 A80 ANCHOR 80,143,252 PRESENTATIONS 480700 BELOW 0 EQUALITIES 0 MIN_MASS_NUM 10435283754172032 MASS_DEN 65376315348664320 MIN_DELTA 56559659302597248 MIN_K 8,15,88,145,168,170,190 MIN_BODY 8,15,80,88,143,145,168,170,190,252
BODY_ROW q 256 A240 ANCHOR 143,240,252 PRESENTATIONS 480700 BELOW 0 EQUALITIES 0 MIN_MASS_NUM 10689845902541120 MASS_DEN 65376315348664320 MIN_DELTA 58850718637919040 MIN_K 8,30,80,88,95,132,145 MIN_BODY 8,30,80,88,95,132,143,145,240,252
BODY_ROW q 260 A40 ANCHOR 40,143,252 PRESENTATIONS 480700 BELOW 0 EQUALITIES 0 MIN_MASS_NUM 10848311281509520 MASS_DEN 66397820275987200 MIN_DELTA 59693189947307280 MIN_K 8,88,170,190,193,240,290 MIN_BODY 8,40,88,143,170,190,193,240,252,290
BODY_ROW q 260 A80 ANCHOR 80,143,252 PRESENTATIONS 480700 BELOW 0 EQUALITIES 0 MIN_MASS_NUM 10654618511504240 MASS_DEN 66397820275987200 MIN_DELTA 57949955017259760 MIN_K 8,10,60,85,88,95,145 MIN_BODY 8,10,60,80,85,88,95,143,145,252
BODY_ROW q 260 A240 ANCHOR 143,240,252 PRESENTATIONS 480700 BELOW 0 EQUALITIES 0 MIN_MASS_NUM 10594220253533280 MASS_DEN 66397820275987200 MIN_DELTA 57406370695521120 MIN_K 8,20,88,170,190,193,290 MIN_BODY 8,20,88,143,170,190,193,240,252,290
BODY_ROW q 294 A40 ANCHOR 40,143,252 PRESENTATIONS 480700 BELOW 0 EQUALITIES 0 MIN_MASS_NUM 12769342994664984 MASS_DEN 75080612158231680 MIN_DELTA 72020880004423896 MIN_K 8,42,88,168,170,240,290 MIN_BODY 8,40,42,88,143,168,170,240,252,290
BODY_ROW q 294 A80 ANCHOR 80,143,252 PRESENTATIONS 480700 BELOW 0 EQUALITIES 0 MIN_MASS_NUM 12177128682149256 MASS_DEN 75080612158231680 MIN_DELTA 66690951191782344 MIN_K 10,42,60,85,95,145,264 MIN_BODY 10,42,60,80,85,95,143,145,252,264
BODY_ROW q 294 A240 ANCHOR 143,240,252 PRESENTATIONS 480700 BELOW 0 EQUALITIES 0 MIN_MASS_NUM 12558814439200512 MASS_DEN 75080612158231680 MIN_DELTA 70126123005243648 MIN_K 10,42,60,85,95,132,145 MIN_BODY 10,42,60,85,95,132,143,145,240,252
BODY_ROW q 366 A40 ANCHOR 40,143,252 PRESENTATIONS 480700 BELOW 0 EQUALITIES 0 MIN_MASS_NUM 15620411803937976 MASS_DEN 93467700850043520 MIN_DELTA 87173591463988344 MIN_K 8,88,95,145,170,193,240 MIN_BODY 8,40,88,95,143,145,170,193,240,252
BODY_ROW q 366 A80 ANCHOR 80,143,252 PRESENTATIONS 480700 BELOW 0 EQUALITIES 0 MIN_MASS_NUM 15450843791465544 MASS_DEN 93467700850043520 MIN_DELTA 85647479351736456 MIN_K 10,42,60,85,95,145,264 MIN_BODY 10,42,60,80,85,95,143,145,252,264
BODY_ROW q 366 A240 ANCHOR 143,240,252 PRESENTATIONS 480700 BELOW 0 EQUALITIES 0 MIN_MASS_NUM 15447127681988688 MASS_DEN 93467700850043520 MIN_DELTA 85614034366444752 MIN_K 8,20,88,170,190,193,290 MIN_BODY 8,20,88,143,170,190,193,240,252,290
SUMMARY ROWS 69 PRESENTATIONS 33168300 UNIQUE_BODIES_PER_Q 1071961 UNIQUE_BODY_Q_PAIRS 24655103 BELOW 0 EQUALITIES 0
GLOBAL_MIN q 140 ANCHOR A80 NUM 5459802690013840 DEN 35752672456300800 DELTA 28708125663666960 K 10,42,60,85,95,145,264 BODY 10,42,60,80,85,95,143,145,252,264
SEMANTIC_LEDGER_FNV1A64_LE 72db7e3090d5626e
VERDICT PASS
