LRC14 projected k=3 z1=328 all-label ray/status closure
ray_engine_sha256=2ef5e0639354c38b13e17e41f91acb4143c7f60973295b0e2dd0f57eb8f38db2
independent_audit=basis-independent minimal barcode/canonical tariff plus internal exact matrix replay
scalar_source_sha256=917a05cdee397747edd94a0e926ff746b960a9ef16120fd7d8f139b42bc0f5c6
scalar_output_sha256=f5c11f364a626141af181d84f39d48030ef91a8ddf7d74b9602bb15cd7eb626e
scope=9 globally reconstructed scalar bodies;no finite label horizon
ray_law=(z+L)delta(z+L)=zdelta(z);A(L-b)=-A(b);all denominator maxima attained
pair_overlap_exhaustive_controls=946
totals=states:85;crude_kills:36;status_kills:49;survivors:0
status_M_histogram={4: 2, 5: 22, 6: 4, 7: 21}
minimal_barcode_circuit_census={(2,): 7, (2, 4): 3, (2, 5, 6): 1, (3,): 29, (4,): 9}
distinct_canonical_tariffs=25
deterministic_instance_tariff_sha256=3959d0bf62626f84758da687687d83156f7f3cee47e63ac2aff722a3a27bdd8b
E=(1, 2, 6, 8, 12, 14);h=83/196;r=26;L=2352;high=232;d1=294;ray_checks=2351;ray_signs={-1: 1173, 0: 5, 1: 1173};denominator_classes=29;denominator_trials=4495;states=1;crude_kills=0;status_kills=1;survivors=0;status_M={7: 1};max_state=((56, 84, 168, 294), {'labels': (328, 378, 364, 350), 'total': Fraction(3606371, 246805650), 'excess': Fraction(321667, 493611300)});partition_sha256=8cf9807164beef9ecfd8055ef8fa72e0d9a494c175e518faab82149436c4f331;minimal_circuits={(3,): 1};min_exact_farkas_contradiction=-1
E=(1, 2, 8, 10, 12, 14);h=1049/2940;r=34;L=11760;high=1159;d1=1470;ray_checks=11759;ray_signs={-1: 5877, 0: 5, 1: 5877};denominator_classes=59;denominator_trials=35990;states=3;crude_kills=0;status_kills=3;survivors=0;status_M={5: 3};max_state=((168, 420, 588, 1470), {'labels': (328, 350, 364, 1220), 'total': Fraction(39460969, 3345587700), 'excess': Fraction(53867, 1672793850)});partition_sha256=d44db6246eb7829da57bc156b55c6de2d09542bbebd7122254a43b745cd0de72;minimal_circuits={(3,): 2, (4,): 1};min_exact_farkas_contradiction=-1
E=(1, 4, 6, 8, 12, 14);h=83/196;r=26;L=2352;high=232;d1=294;ray_checks=2351;ray_signs={-1: 1172, 0: 7, 1: 1172};denominator_classes=29;denominator_trials=4495;states=1;crude_kills=0;status_kills=1;survivors=0;status_M={6: 1};max_state=((56, 84, 168, 294), {'labels': (328, 378, 364, 350), 'total': Fraction(7033367, 493611300), 'excess': Fraction(35573, 123402825)});partition_sha256=581d69dabd4e63715e6ee99998d6a3f1b78e02c6c7d864e066e7bcc1c24e8861;minimal_circuits={(2, 5, 6): 1};min_exact_farkas_contradiction=-1
E=(1, 4, 8, 10, 12, 14);h=1049/2940;r=34;L=11760;high=1159;d1=1470;ray_checks=11759;ray_signs={-1: 5879, 0: 1, 1: 5879};denominator_classes=59;denominator_trials=35990;states=35;crude_kills=16;status_kills=19;survivors=0;status_M={4: 1, 5: 7, 6: 3, 7: 8};max_state=((196, 420, 588, 1470), {'labels': (328, 1500, 364, 380), 'total': Fraction(5446156, 434195125), 'excess': Fraction(1355349, 1736780500)});partition_sha256=39b8b73c2c01d171a59d743ca8c8838445af410398f528981a243f815920d935;minimal_circuits={(2,): 1, (2, 4): 3, (3,): 13, (4,): 2};min_exact_farkas_contradiction=-1
E=(1, 6, 8, 10, 12, 14);h=1049/2940;r=34;L=11760;high=1159;d1=1470;ray_checks=11759;ray_signs={-1: 5879, 0: 1, 1: 5879};denominator_classes=59;denominator_trials=35990;states=2;crude_kills=0;status_kills=2;survivors=0;status_M={5: 1, 7: 1};max_state=((280, 420, 840, 1470), {'labels': (328, 378, 364, 1358), 'total': Fraction(28422742, 2394014805), 'excess': Fraction(1050397, 9576059220)});partition_sha256=14fbc896d35f7fda52a86ec3f70d0ad02e6fd4e48a13179b31500dc6105a6fe6;minimal_circuits={(3,): 1, (4,): 1};min_exact_farkas_contradiction=-1
E=(2, 4, 6, 8, 12, 14);h=22/49;r=28;L=2352;high=232;d1=294;ray_checks=2351;ray_signs={-1: 1168, 0: 15, 1: 1168};denominator_classes=29;denominator_trials=4495;states=1;crude_kills=0;status_kills=1;survivors=0;status_M={7: 1};max_state=((56, 84, 168, 294), {'labels': (328, 378, 364, 350), 'total': Fraction(819473, 54845700), 'excess': Fraction(7673, 54845700)});partition_sha256=4b97da7d68bfafdda5e52780000c1e93b934cbba00c41a20430eadacd1cb5d78;minimal_circuits={(3,): 1};min_exact_farkas_contradiction=-1
E=(2, 4, 8, 10, 12, 14);h=281/735;r=36;L=11760;high=1159;d1=1470;ray_checks=11759;ray_signs={-1: 5879, 0: 1, 1: 5879};denominator_classes=59;denominator_trials=35990;states=8;crude_kills=2;status_kills=6;survivors=0;status_M={5: 3, 7: 3};max_state=((168, 196, 420, 1470), {'labels': (328, 350, 1500, 364), 'total': Fraction(1766327, 137114250), 'excess': Fraction(38177, 137114250)});partition_sha256=7b3b3589fc5f1a1dbd612e3a33731295f1e7daa11cf199644bb4496edbe520cf;minimal_circuits={(2,): 1, (3,): 5};min_exact_farkas_contradiction=-1
E=(2, 6, 8, 10, 12, 14);h=363/980;r=36;L=11760;high=1159;d1=1470;ray_checks=11759;ray_signs={-1: 5877, 0: 5, 1: 5877};denominator_classes=59;denominator_trials=35990;states=8;crude_kills=0;status_kills=8;survivors=0;status_M={5: 1, 7: 7};max_state=((280, 420, 840, 1470), {'labels': (328, 378, 364, 1358), 'total': Fraction(30083992, 2394014805), 'excess': Fraction(3400237, 9576059220)});partition_sha256=3c50b8ca2b69e75778262174a70d4b8684ce9cfa9d19ca2f3685355c2700f823;minimal_circuits={(2,): 4, (3,): 4};min_exact_farkas_contradiction=-1
E=(2, 8, 10, 11, 12, 14);h=21041/64680;r=38;L=129360;high=12741;d1=16170;ray_checks=129359;ray_signs={-1: 64678, 0: 3, 1: 64678};denominator_classes=119;denominator_trials=287980;states=26;crude_kills=18;status_kills=8;survivors=0;status_M={4: 1, 5: 7};max_state=((1848, 3080, 4620, 16170), {'labels': (328, 350, 13902, 364), 'total': Fraction(331324681, 30722029800), 'excess': Fraction(3001211, 49923298425)});partition_sha256=ad84e93c78e674894a7a8b19d35f17852b6c5a8f3cdf4afacc046937b2ac5374;minimal_circuits={(2,): 1, (3,): 2, (4,): 5};min_exact_farkas_contradiction=-1
representative_canonical_barcode_tariff=((1, 2, 6, 8, 12, 14), (56, 84, 168, 294), (168, 7, (24, 24, 24, 0), (1, 2, 7), ((0, 24), (3, 28), (4, 98), (5, 14), (6, 4))), (3,), (Fraction(144, 1),), Fraction(72, 1), Fraction(72, 1), (Fraction(1, 1),), (Fraction(0, 1), Fraction(1, 1), Fraction(1, 1), Fraction(1, 1), Fraction(0, 1)), (Fraction(96, 1), Fraction(24, 1), Fraction(24, 1), Fraction(0, 1), Fraction(24, 1), Fraction(0, 1), Fraction(0, 1), Fraction(0, 1), Fraction(0, 1), Fraction(0, 1), Fraction(0, 1), Fraction(0, 1), Fraction(0, 1), Fraction(0, 1), Fraction(0, 1), Fraction(0, 1)))
internal_solver_farkas_replay=49/49:PASS;solver_bases_not_frozen
conclusion=all 9 projected k=3 z1=328 scalar rows are empty
semantic_sha256=9c4ea2a20b1799195ffaa0adc57cc94285c5d03e24c1e2b77d7488aca5bf4d68
all_exact_controls=PASS
