SMALL_ONE_COEFFICIENT_SPLIT
zero_defect ((1, 2), (1, 4), (1, 8), (1, 10), (2, 5), (2, 7), (2, 11), (4, 5), (4, 7), (5, 8))
nonzero_mod3_defect ((1, 6), (1, 12), (2, 3), (2, 9), (3, 4), (3, 8), (3, 10), (4, 9), (5, 6), (6, 7))
mod3_impossible ((3, 6),)
CANONICAL_CARRIER_L1_LE_14 ((1, 1, 2), (1, 1, 4), (1, 2, 5), (1, 1, 8), (1, 2, 7), (1, 4, 5), (1, 1, 10), (1, 4, 7), (2, 5, 5), (1, 2, 11), (1, 5, 8), (2, 5, 7), (4, 5, 5))
FIRST_MISSING_CARRIER_PATTERNS ((2, 5, 5), (2, 5, 7), (4, 5, 5))
H199_COUNTS {'universe': 47499, 'positive_comb': 47463, 'presentation_covered': 5674, 'presentation_uncovered': 41825, 'positive_covered': 5650, 'positive_uncovered': 41813, 'covered_zero': 24}
H199_MULTIPLICITY {0: 41825, 1: 5663, 2: 10, 3: 1}
H199_SECTOR_COUNTS {(1, 2): 1023, (1, 4): 515, (1, 8): 257, (1, 10): 203, (2, 5): 825, (2, 7): 588, (2, 11): 370, (4, 5): 800, (4, 7): 589, (5, 8): 516}
HEIGHT_TABLE_all_covered_positive_positivecovered {11: (4, 4, 2, 2), 23: (56, 52, 41, 37), 43: (454, 245, 422, 221), 79: (2910, 883, 2874, 859), 127: (12231, 2287, 12195, 2263), 199: (47499, 5674, 47463, 5650)}
CROSS_SECTOR_OVERLAPS {((1, 4), (5, 8)): {(1, 7, 11)}, ((1, 8), (2, 5)): {(1, 5, 13)}, ((1, 8), (4, 7)): {(1, 5, 13), (1, 11, 19)}, ((1, 10), (2, 5)): {(1, 7, 17)}, ((1, 10), (4, 7)): {(1, 13, 23)}, ((2, 5), (4, 7)): {(5, 7, 11), (1, 5, 13)}, ((2, 7), (2, 11)): {(1, 7, 25)}, ((2, 7), (5, 8)): {(7, 11, 19), (1, 5, 17)}, ((2, 11), (5, 8)): {(5, 7, 31), (7, 19, 29)}}
WITHIN_SECTOR_DUPLICATE_RAYS {(2, 7): {(1, 5, 17)}, (2, 11): {(5, 7, 41)}, (5, 8): {(11, 13, 23)}}
DOUBLE_RELATION_RAYS [(1, 5, 13), (1, 5, 17), (1, 7, 11), (1, 7, 17), (1, 7, 25), (1, 11, 19), (1, 13, 23), (5, 7, 11), (5, 7, 31), (5, 7, 41), (7, 11, 19), (7, 19, 29), (11, 13, 23)]
COVERED_ZERO_TRIPLES ((1, 5, 13), (1, 5, 17), (1, 5, 31), (1, 5, 35), (1, 7, 11), (1, 7, 17), (1, 7, 25), (1, 11, 19), (1, 13, 19), (1, 13, 23), (1, 13, 37), (1, 17, 23), (5, 7, 11), (5, 7, 31), (5, 7, 41), (5, 11, 13), (5, 13, 17), (5, 13, 29), (5, 17, 19), (7, 11, 19), (7, 19, 29), (11, 13, 23), (11, 17, 25), (13, 17, 19))
EARLIEST_UNCOVERED 23 (((5, 19, 23), Fraction(2, 665), 6), ((7, 19, 23), Fraction(4, 437), 6), ((11, 19, 23), Fraction(4, 437), 6), ((17, 19, 23), Fraction(10, 2261), 6))
H199_UNCOVERED_PEAK 36/1225 ((1, 11, 175),)
MINIMAL_CARRIER_HOSTILES
(1, 11, 25) (Fraction(38, 1925), ((Fraction(431, 462), Fraction(983, 1050), Fraction(221, 275), (1, 9, 20), (2, 0, 1), (5, -5, 2)), (Fraction(67, 1050), Fraction(31, 462), Fraction(54, 275), (0, 2, 5), (0, 2, 1), (5, -5, 2))))
(5, 17, 25) (Fraction(4, 425), ((Fraction(641, 1050), Fraction(437, 714), Fraction(4961, 5950), (4, 14, 21), (1, 2, 0), (7, -5, 2)), (Fraction(277, 714), Fraction(409, 1050), Fraction(989, 5950), (1, 3, 4), (1, 0, 2), (7, -5, 2))))
(5, 19, 23) (Fraction(2, 665), ((Fraction(69, 70), Fraction(787, 798), Fraction(91, 95), (5, 18, 22), (2, 0, 1), (4, 5, -5)), (Fraction(11, 798), Fraction(1, 70), Fraction(4, 95), (0, 1, 1), (0, 2, 1), (4, 5, -5))))
DIV3_RELATION_DEFECTS (3, -2, 1) [-1, 1]
POST_WINDOW_RELATION_DEFECTS (1, 10, -7) [-3, 3]
SAME_COMB_MULTIPLE_PRESENTATIONS (1, 5, 11) ((1, 2), (1, 6), (3, 4), (4, 9)) 6/77
PASS
