============================================================================
Search: 12-subsets of [1,14] (no mult of 14) ∪ resonant stranger 14m
============================================================================
configs tested: 91;  configs with L < 1543/294294: 0
global min reference 1543/294294 = 0.005243056
smallest-L configurations found:
  L=0.005243056 = 1543/294294  core=[1, 2, 3, 4, 5, 7, 8, 9, 10, 11, 12, 13] +98  [= {1..13}\{[6]}]
  L=0.005607488 = 943/168168  core=[1, 2, 3, 4, 5, 7, 8, 9, 10, 11, 12, 13] +56  [= {1..13}\{[6]}]
  L=0.007230864 = 152/21021  core=[1, 2, 3, 4, 5, 7, 8, 9, 10, 11, 12, 13] +154  [= {1..13}\{[6]}]
  L=0.008158508 = 7/858  core=[1, 2, 3, 4, 5, 7, 8, 9, 10, 11, 12, 13] +14  [= {1..13}\{[6]}]
  L=0.008158508 = 7/858  core=[1, 2, 3, 4, 5, 7, 8, 9, 10, 11, 12, 13] +28  [= {1..13}\{[6]}]
  L=0.008158508 = 7/858  core=[1, 2, 3, 4, 5, 7, 8, 9, 10, 11, 12, 13] +42  [= {1..13}\{[6]}]
  L=0.008158508 = 7/858  core=[1, 2, 3, 4, 5, 7, 8, 9, 10, 11, 12, 13] +70  [= {1..13}\{[6]}]
  L=0.009376338 = 657/70070  core=[1, 2, 3, 4, 5, 6, 7, 8, 9, 10, 11, 13] +154  [= {1..13}\{[12]}]

============================================================================
Search: 12-subsets of [1,15] (no mult of 14) ∪ resonant stranger 14m
============================================================================
configs tested: 637;  configs with L < 1543/294294: 0
global min reference 1543/294294 = 0.005243056
smallest-L configurations found:
  L=0.005243056 = 1543/294294  core=[1, 2, 3, 4, 5, 7, 8, 9, 10, 11, 12, 13] +98  [= {1..13}\{[6]}]
  L=0.005607488 = 943/168168  core=[1, 2, 3, 4, 5, 7, 8, 9, 10, 11, 12, 13] +56  [= {1..13}\{[6]}]
  L=0.007230864 = 152/21021  core=[1, 2, 3, 4, 5, 7, 8, 9, 10, 11, 12, 13] +154  [= {1..13}\{[6]}]
  L=0.008158508 = 7/858  core=[1, 2, 3, 4, 5, 7, 8, 9, 10, 11, 12, 13] +14  [= {1..13}\{[6]}]
  L=0.008158508 = 7/858  core=[1, 2, 3, 4, 5, 7, 8, 9, 10, 11, 12, 13] +28  [= {1..13}\{[6]}]
  L=0.008158508 = 7/858  core=[1, 2, 3, 4, 5, 7, 8, 9, 10, 11, 12, 13] +42  [= {1..13}\{[6]}]
  L=0.008158508 = 7/858  core=[1, 2, 3, 4, 5, 7, 8, 9, 10, 11, 12, 13] +70  [= {1..13}\{[6]}]
  L=0.009376338 = 657/70070  core=[1, 2, 3, 4, 5, 6, 7, 8, 9, 10, 11, 13] +154  [= {1..13}\{[12]}]

============================================================================
Search: 12-subsets of [1,16] (no mult of 14) ∪ resonant stranger 14m
============================================================================
configs tested: 3185;  configs with L < 1543/294294: 0
global min reference 1543/294294 = 0.005243056
smallest-L configurations found:
  L=0.005243056 = 1543/294294  core=[1, 2, 3, 4, 5, 7, 8, 9, 10, 11, 12, 13] +98  [= {1..13}\{[6]}]
  L=0.005607488 = 943/168168  core=[1, 2, 3, 4, 5, 7, 8, 9, 10, 11, 12, 13] +56  [= {1..13}\{[6]}]
  L=0.007230864 = 152/21021  core=[1, 2, 3, 4, 5, 7, 8, 9, 10, 11, 12, 13] +154  [= {1..13}\{[6]}]
  L=0.008158508 = 7/858  core=[1, 2, 3, 4, 5, 7, 8, 9, 10, 11, 12, 13] +14  [= {1..13}\{[6]}]
  L=0.008158508 = 7/858  core=[1, 2, 3, 4, 5, 7, 8, 9, 10, 11, 12, 13] +28  [= {1..13}\{[6]}]
  L=0.008158508 = 7/858  core=[1, 2, 3, 4, 5, 7, 8, 9, 10, 11, 12, 13] +42  [= {1..13}\{[6]}]
  L=0.008158508 = 7/858  core=[1, 2, 3, 4, 5, 7, 8, 9, 10, 11, 12, 13] +70  [= {1..13}\{[6]}]
  L=0.009376338 = 657/70070  core=[1, 2, 3, 4, 5, 6, 7, 8, 9, 10, 11, 13] +154  [= {1..13}\{[12]}]

============================================================================
INTERPRETATION
============================================================================
If the global min over ALL these 12-subset families is STILL 1543/294294
(attained at {1..13}\{6} ∪ {98}), the interior-drop cores are confirmed
extremal over this much larger search => strong evidence for completeness.
Any config with L<1543/294294 would REFUTE the interior-drop conjecture.
