LRC14 global projected k=2 scalar band 1810..1835
scalar_atlas_base_sha256=99a8170413b34c2887eb7deac1ab038e6492c74b6d2f36ef8b9d0127afccd19e
universe=six_body_roots:3003;body_labels:1..14;ordered distinct later nonaligned labels;scalar necessary condition
first_band=1810..1835;first_candidate_rows=78078;exact_horizon=7000;omitted_slot_bound=6r/[49(H+1)]
projected_wall=max(15,floor(13L/150)+1);forced-high omitted slot starts max(H+1,projected_wall)
global_survivors=10;surviving_firsts=(1810, 1810, 1812, 1824, 1810, 1810, 1810, 1810, 1810, 1810);high_tail_rows=(((2, 6, 8, 9, 10, 14), 1810), ((2, 8, 9, 10, 12, 14), 1810))
empty_firsts=1811;empty_first_bands=1813..1823,1825..1835
SURVIVOR;E=1,2,8,10,12,14;h=1049/2940;r=34;L=11760;largest_floor=1020;z1=1810;delta1=2813/3724980;suffix=EXACT:1836:1031/1049580,EXACT:2142:821/1049580,EXACT:2004:2617/3436860,EXACT:2060:1573/2119740;lower=1049/267540;upper=13146814577/3267742429980;gap=2172909691/21240325794870
SURVIVOR;E=1,4,8,10,12,14;h=1049/2940;r=34;L=11760;largest_floor=1020;z1=1810;delta1=2813/3724980;suffix=EXACT:1836:3583/3148740,EXACT:2060:1867/2119740,EXACT:2172:263/310415,EXACT:2142:821/1049580;lower=1049/267540;upper=12924194/2935097991;gap=368144869/763125477660
SURVIVOR;E=1,4,8,10,12,14;h=1049/2940;r=34;L=11760;largest_floor=1020;z1=1812;delta1=377/1035860;suffix=EXACT:1836:3583/3148740,EXACT:2060:1867/2119740,EXACT:2172:263/310415,EXACT:2142:821/1049580;lower=1049/267540;upper=8890816603/2215998983205;gap=2101696427/23046389425332
SURVIVOR;E=1,4,8,10,12,14;h=1049/2940;r=34;L=11760;largest_floor=1020;z1=1824;delta1=1447/3128160;suffix=EXACT:1836:3583/3148740,EXACT:2060:1867/2119740,EXACT:2172:263/310415,EXACT:2142:821/1049580;lower=1049/267540;upper=36678771989/8922697892640;gap=4403581813/23199014520864
SURVIVOR;E=1,6,8,10,12,14;h=1049/2940;r=34;L=11760;largest_floor=1020;z1=1810;delta1=3401/3724980;suffix=EXACT:1836:1031/1049580,EXACT:2004:2617/3436860,EXACT:2172:1333/1862490,EXACT:1946:2029/2860620;lower=1049/267540;upper=1800005395/440986599774;gap=9221817403/57328257970620
SURVIVOR;E=2,4,8,10,12,14;h=281/735;r=36;L=11760;largest_floor=1020;z1=1810;delta1=1633/1862490;suffix=EXACT:1836:563/524790,EXACT:2172:1633/1862490,EXACT:2142:229/262395,EXACT:2534:799/931245;lower=281/66885;upper=86573/18997398;gap=439423/1234830870
SURVIVOR;E=2,6,8,9,10,14;h=6119/17640;r=32;L=35280;largest_floor=3058;z1=1810;delta1=20413/22349880;suffix=HIGH-TAIL:None:192/343049,EXACT:1946:13819/17163720,EXACT:2142:559/699720,EXACT:1842:649/842408;lower=6119/1605240;upper=43672788881663/11351084859885708;gap=17493234174497/491880343928380680
SURVIVOR;E=2,6,8,10,12,14;h=363/980;r=36;L=11760;largest_floor=1020;z1=1810;delta1=3721/3724980;suffix=EXACT:1836:317/349860,EXACT:1946:783/953540,EXACT:2534:937/1241660,EXACT:2172:2741/3724980;lower=363/89180;upper=7423075/1760425548;gap=4182827/28606915155
SURVIVOR;E=2,8,9,10,12,14;h=1993/5880;r=36;L=35280;largest_floor=3058;z1=1810;delta1=21449/22349880;suffix=HIGH-TAIL:None:216/343049,EXACT:1946:4373/5721240,EXACT:1836:1537/2099160,EXACT:2142:1537/2099160;lower=1993/535080;upper=117642091573/30811848153870;gap=49883932239/534072034667080
SURVIVOR;E=4,6,8,10,12,14;h=199/490;r=36;L=11760;largest_floor=1020;z1=1810;delta1=883/931245;suffix=EXACT:1836:862/787185,EXACT:2172:278/310415,EXACT:2534:521/620830,EXACT:2060:136/176645;lower=199/44590;upper=133485743/29350979910;gap=16222198/190781369415
global_profile_sha256=6492e0dce3d8289674e72aa8cb42fdd2f69e96efe4f956967ea04cec480f487f
survivor_sha256=f23f76bb3a656916ba9ef3dd063aef151dd8cea2059c7c7789327b68b0be8240
semantic_sha256=68105c556b47cfd1d226d659b2e47115bc071f01c07f6e1f65818f58d68cc37e
all_exact_controls=PASS
