AUDIT q50_zero_original_minimal_anchor_hierarchy_python
FOUR_ANCHOR_SCRIPT_SHA256 1e1ec137b27b8555b2c9759a3e283746e09f445a8bd6bdba25ccd94187b05958
MINIMAL_ANCHOR_LAYER 1 COUNT 0 MASK_SHA256 e3b0c44298fc1c149afbf4c8996fb92427ae41e4649b934ca495991b7852b855
MINIMAL_ANCHOR_LAYER 2 COUNT 0 MASK_SHA256 e3b0c44298fc1c149afbf4c8996fb92427ae41e4649b934ca495991b7852b855
MINIMAL_ANCHOR_LAYER 3 COUNT 0 MASK_SHA256 e3b0c44298fc1c149afbf4c8996fb92427ae41e4649b934ca495991b7852b855
MINIMAL_ANCHOR_LAYER 4 COUNT 32 MASK_SHA256 359881969de938d942ddf69501c0d66fee783fe12910e348b915a23c82e3b560
MINIMAL_ANCHOR_LAYER 5 COUNT 297 MASK_SHA256 fdde1bd87afcb906da126ee5a8cd43c7f3eb0cabc1a67f844c150fb3f7cc96d6
MINIMAL_ANCHOR_LAYER 6 COUNT 24 MASK_SHA256 34564111d2efd367ca6a23f02eef4099760d055b08e5cd9e4e0b30f981ce07d5
SIZE6_PRODUCT CORE (42, 63, 132, 286) LEFT (8, 16, 88, 176) RIGHT (10, 20, 30, 170, 190, 290)
GLOBAL_LAYER 5 CANDIDATES 142506 EDGES 3017 EQUALITIES 0 MIN_EDGE_DELTA 186258371040 MAX_NONEDGE_DELTA -69055421400 EDGE_MASK_SHA256 2c01c096640ff8690496a424fce357cdb38d0a29cafc81bacfe94eea64729f06
GLOBAL_LAYER 6 CANDIDATES 593775 EDGES 85324 EQUALITIES 0 MIN_EDGE_DELTA 348508440 MAX_NONEDGE_DELTA -2639430360 EDGE_MASK_SHA256 503ffc5e72825f275a9b351c1ceab1b13c452c5082ec4009020bb858c44aafdd
GLOBAL_LAYER 7 CANDIDATES 2035800 EDGES 821737 EQUALITIES 0 MIN_EDGE_DELTA 348508440 MAX_NONEDGE_DELTA -402312960 EDGE_MASK_SHA256 2a2b26ffd0c26000260ead13f507955b332d5c61927219418a49225b1a004b7d
SIZE5_ROW ANCHOR (8, 10, 15, 252, 286) E5_EDGES 1476 E5_COVERS_THROUGH_5 0 E5_COVER_SIZE_HIST () E6_COVERS_THROUGH_5 0
SIZE5_ROW ANCHOR (8, 10, 63, 84, 286) E5_EDGES 1828 E5_COVERS_THROUGH_5 0 E5_COVER_SIZE_HIST () E6_COVERS_THROUGH_5 0
SIZE5_ROW ANCHOR (8, 10, 63, 252, 286) E5_EDGES 1469 E5_COVERS_THROUGH_5 0 E5_COVER_SIZE_HIST () E6_COVERS_THROUGH_5 0
SIZE5_ROW ANCHOR (8, 10, 85, 252, 286) E5_EDGES 1076 E5_COVERS_THROUGH_5 9 E5_COVER_SIZE_HIST ((5, 9),) E6_COVERS_THROUGH_5 0
SIZE5_ROW ANCHOR (8, 10, 95, 252, 286) E5_EDGES 882 E5_COVERS_THROUGH_5 19 E5_COVER_SIZE_HIST ((5, 19),) E6_COVERS_THROUGH_5 0
SIZE5_ROW ANCHOR (8, 10, 145, 252, 286) E5_EDGES 901 E5_COVERS_THROUGH_5 10 E5_COVER_SIZE_HIST ((5, 10),) E6_COVERS_THROUGH_5 0
SIZE5_ROW ANCHOR (8, 10, 193, 252, 286) E5_EDGES 671 E5_COVERS_THROUGH_5 22 E5_COVER_SIZE_HIST ((5, 22),) E6_COVERS_THROUGH_5 0
SIZE5_ROW ANCHOR (8, 15, 20, 252, 286) E5_EDGES 1564 E5_COVERS_THROUGH_5 0 E5_COVER_SIZE_HIST () E6_COVERS_THROUGH_5 0
SIZE5_ROW ANCHOR (8, 15, 30, 252, 286) E5_EDGES 1566 E5_COVERS_THROUGH_5 0 E5_COVER_SIZE_HIST () E6_COVERS_THROUGH_5 0
SIZE5_ROW ANCHOR (8, 15, 60, 252, 286) E5_EDGES 1565 E5_COVERS_THROUGH_5 0 E5_COVER_SIZE_HIST () E6_COVERS_THROUGH_5 0
SIZE5_ROW ANCHOR (8, 15, 170, 252, 286) E5_EDGES 1284 E5_COVERS_THROUGH_5 5 E5_COVER_SIZE_HIST ((5, 5),) E6_COVERS_THROUGH_5 0
SIZE5_ROW ANCHOR (8, 15, 190, 252, 286) E5_EDGES 1375 E5_COVERS_THROUGH_5 0 E5_COVER_SIZE_HIST () E6_COVERS_THROUGH_5 0
SIZE5_ROW ANCHOR (8, 15, 252, 286, 290) E5_EDGES 1002 E5_COVERS_THROUGH_5 12 E5_COVER_SIZE_HIST ((5, 12),) E6_COVERS_THROUGH_5 0
SIZE5_ROW ANCHOR (8, 20, 63, 84, 286) E5_EDGES 1924 E5_COVERS_THROUGH_5 0 E5_COVER_SIZE_HIST () E6_COVERS_THROUGH_5 0
SIZE5_ROW ANCHOR (8, 20, 63, 252, 286) E5_EDGES 1560 E5_COVERS_THROUGH_5 0 E5_COVER_SIZE_HIST () E6_COVERS_THROUGH_5 0
SIZE5_ROW ANCHOR (8, 20, 85, 252, 286) E5_EDGES 1140 E5_COVERS_THROUGH_5 9 E5_COVER_SIZE_HIST ((5, 9),) E6_COVERS_THROUGH_5 0
SIZE5_ROW ANCHOR (8, 20, 95, 252, 286) E5_EDGES 930 E5_COVERS_THROUGH_5 19 E5_COVER_SIZE_HIST ((5, 19),) E6_COVERS_THROUGH_5 0
SIZE5_ROW ANCHOR (8, 20, 145, 252, 286) E5_EDGES 941 E5_COVERS_THROUGH_5 10 E5_COVER_SIZE_HIST ((5, 10),) E6_COVERS_THROUGH_5 0
SIZE5_ROW ANCHOR (8, 20, 193, 252, 286) E5_EDGES 721 E5_COVERS_THROUGH_5 22 E5_COVER_SIZE_HIST ((5, 22),) E6_COVERS_THROUGH_5 0
SIZE5_ROW ANCHOR (8, 30, 63, 84, 286) E5_EDGES 1926 E5_COVERS_THROUGH_5 0 E5_COVER_SIZE_HIST () E6_COVERS_THROUGH_5 0
SIZE5_ROW ANCHOR (8, 30, 63, 252, 286) E5_EDGES 1562 E5_COVERS_THROUGH_5 0 E5_COVER_SIZE_HIST () E6_COVERS_THROUGH_5 0
SIZE5_ROW ANCHOR (8, 30, 85, 252, 286) E5_EDGES 1140 E5_COVERS_THROUGH_5 9 E5_COVER_SIZE_HIST ((5, 9),) E6_COVERS_THROUGH_5 0
SIZE5_ROW ANCHOR (8, 30, 95, 252, 286) E5_EDGES 931 E5_COVERS_THROUGH_5 19 E5_COVER_SIZE_HIST ((5, 19),) E6_COVERS_THROUGH_5 0
SIZE5_ROW ANCHOR (8, 30, 145, 252, 286) E5_EDGES 941 E5_COVERS_THROUGH_5 10 E5_COVER_SIZE_HIST ((5, 10),) E6_COVERS_THROUGH_5 0
SIZE5_ROW ANCHOR (8, 30, 193, 252, 286) E5_EDGES 718 E5_COVERS_THROUGH_5 22 E5_COVER_SIZE_HIST ((5, 22),) E6_COVERS_THROUGH_5 0
SIZE5_ROW ANCHOR (8, 42, 60, 63, 286) E5_EDGES 1872 E5_COVERS_THROUGH_5 0 E5_COVER_SIZE_HIST () E6_COVERS_THROUGH_5 0
SIZE5_ROW ANCHOR (8, 60, 63, 84, 286) E5_EDGES 1925 E5_COVERS_THROUGH_5 0 E5_COVER_SIZE_HIST () E6_COVERS_THROUGH_5 0
SIZE5_ROW ANCHOR (8, 60, 63, 252, 286) E5_EDGES 1561 E5_COVERS_THROUGH_5 0 E5_COVER_SIZE_HIST () E6_COVERS_THROUGH_5 0
SIZE5_ROW ANCHOR (8, 60, 85, 252, 286) E5_EDGES 1142 E5_COVERS_THROUGH_5 9 E5_COVER_SIZE_HIST ((5, 9),) E6_COVERS_THROUGH_5 0
SIZE5_ROW ANCHOR (8, 60, 95, 252, 286) E5_EDGES 926 E5_COVERS_THROUGH_5 19 E5_COVER_SIZE_HIST ((5, 19),) E6_COVERS_THROUGH_5 0
SIZE5_ROW ANCHOR (8, 60, 145, 252, 286) E5_EDGES 938 E5_COVERS_THROUGH_5 10 E5_COVER_SIZE_HIST ((5, 10),) E6_COVERS_THROUGH_5 0
SIZE5_ROW ANCHOR (8, 60, 193, 252, 286) E5_EDGES 720 E5_COVERS_THROUGH_5 22 E5_COVER_SIZE_HIST ((5, 22),) E6_COVERS_THROUGH_5 0
SIZE5_ROW ANCHOR (8, 63, 84, 170, 286) E5_EDGES 1584 E5_COVERS_THROUGH_5 2 E5_COVER_SIZE_HIST ((5, 2),) E6_COVERS_THROUGH_5 0
SIZE5_ROW ANCHOR (8, 63, 84, 190, 286) E5_EDGES 1713 E5_COVERS_THROUGH_5 0 E5_COVER_SIZE_HIST () E6_COVERS_THROUGH_5 0
SIZE5_ROW ANCHOR (8, 63, 84, 286, 290) E5_EDGES 1238 E5_COVERS_THROUGH_5 10 E5_COVER_SIZE_HIST ((5, 10),) E6_COVERS_THROUGH_5 0
SIZE5_ROW ANCHOR (8, 63, 170, 252, 286) E5_EDGES 1283 E5_COVERS_THROUGH_5 5 E5_COVER_SIZE_HIST ((5, 5),) E6_COVERS_THROUGH_5 0
SIZE5_ROW ANCHOR (8, 63, 190, 252, 286) E5_EDGES 1370 E5_COVERS_THROUGH_5 0 E5_COVER_SIZE_HIST () E6_COVERS_THROUGH_5 0
SIZE5_ROW ANCHOR (8, 63, 252, 286, 290) E5_EDGES 998 E5_COVERS_THROUGH_5 12 E5_COVER_SIZE_HIST ((5, 12),) E6_COVERS_THROUGH_5 0
SIZE5_ROW ANCHOR (8, 85, 170, 252, 286) E5_EDGES 995 E5_COVERS_THROUGH_5 10 E5_COVER_SIZE_HIST ((5, 10),) E6_COVERS_THROUGH_5 0
SIZE5_ROW ANCHOR (8, 85, 190, 252, 286) E5_EDGES 990 E5_COVERS_THROUGH_5 14 E5_COVER_SIZE_HIST ((5, 14),) E6_COVERS_THROUGH_5 0
SIZE5_ROW ANCHOR (8, 85, 252, 286, 290) E5_EDGES 668 E5_COVERS_THROUGH_5 113 E5_COVER_SIZE_HIST ((4, 5), (5, 108)) E6_COVERS_THROUGH_5 0
SIZE5_ROW ANCHOR (8, 95, 170, 252, 286) E5_EDGES 737 E5_COVERS_THROUGH_5 124 E5_COVER_SIZE_HIST ((4, 5), (5, 119)) E6_COVERS_THROUGH_5 0
SIZE5_ROW ANCHOR (8, 95, 190, 252, 286) E5_EDGES 864 E5_COVERS_THROUGH_5 19 E5_COVER_SIZE_HIST ((5, 19),) E6_COVERS_THROUGH_5 0
SIZE5_ROW ANCHOR (8, 95, 252, 286, 290) E5_EDGES 567 E5_COVERS_THROUGH_5 194 E5_COVER_SIZE_HIST ((4, 9), (5, 185)) E6_COVERS_THROUGH_5 0
SIZE5_ROW ANCHOR (8, 145, 170, 252, 286) E5_EDGES 721 E5_COVERS_THROUGH_5 79 E5_COVER_SIZE_HIST ((4, 3), (5, 76)) E6_COVERS_THROUGH_5 0
SIZE5_ROW ANCHOR (8, 145, 190, 252, 286) E5_EDGES 819 E5_COVERS_THROUGH_5 13 E5_COVER_SIZE_HIST ((5, 13),) E6_COVERS_THROUGH_5 0
SIZE5_ROW ANCHOR (8, 145, 252, 286, 290) E5_EDGES 686 E5_COVERS_THROUGH_5 79 E5_COVER_SIZE_HIST ((4, 3), (5, 76)) E6_COVERS_THROUGH_5 0
SIZE5_ROW ANCHOR (8, 170, 193, 252, 286) E5_EDGES 578 E5_COVERS_THROUGH_5 123 E5_COVER_SIZE_HIST ((4, 5), (5, 118)) E6_COVERS_THROUGH_5 0
SIZE5_ROW ANCHOR (8, 190, 193, 252, 286) E5_EDGES 603 E5_COVERS_THROUGH_5 28 E5_COVER_SIZE_HIST ((5, 28),) E6_COVERS_THROUGH_5 0
SIZE5_ROW ANCHOR (8, 193, 252, 286, 290) E5_EDGES 355 E5_COVERS_THROUGH_5 261 E5_COVER_SIZE_HIST ((4, 12), (5, 249)) E6_COVERS_THROUGH_5 0
SIZE5_ROW ANCHOR (10, 15, 16, 252, 286) E5_EDGES 1627 E5_COVERS_THROUGH_5 1 E5_COVER_SIZE_HIST ((5, 1),) E6_COVERS_THROUGH_5 0
SIZE5_ROW ANCHOR (10, 15, 88, 252, 286) E5_EDGES 1112 E5_COVERS_THROUGH_5 7 E5_COVER_SIZE_HIST ((5, 7),) E6_COVERS_THROUGH_5 0
SIZE5_ROW ANCHOR (10, 15, 168, 252, 286) E5_EDGES 1014 E5_COVERS_THROUGH_5 15 E5_COVER_SIZE_HIST ((5, 15),) E6_COVERS_THROUGH_5 0
SIZE5_ROW ANCHOR (10, 15, 176, 252, 286) E5_EDGES 1295 E5_COVERS_THROUGH_5 1 E5_COVER_SIZE_HIST ((5, 1),) E6_COVERS_THROUGH_5 0
SIZE5_ROW ANCHOR (10, 15, 252, 264, 286) E5_EDGES 1737 E5_COVERS_THROUGH_5 0 E5_COVER_SIZE_HIST () E6_COVERS_THROUGH_5 0
SIZE5_ROW ANCHOR (10, 16, 63, 84, 286) E5_EDGES 1991 E5_COVERS_THROUGH_5 1 E5_COVER_SIZE_HIST ((5, 1),) E6_COVERS_THROUGH_5 0
SIZE5_ROW ANCHOR (10, 16, 63, 252, 286) E5_EDGES 1608 E5_COVERS_THROUGH_5 1 E5_COVER_SIZE_HIST ((5, 1),) E6_COVERS_THROUGH_5 0
SIZE5_ROW ANCHOR (10, 16, 85, 252, 286) E5_EDGES 1200 E5_COVERS_THROUGH_5 5 E5_COVER_SIZE_HIST ((5, 5),) E6_COVERS_THROUGH_5 0
SIZE5_ROW ANCHOR (10, 16, 95, 252, 286) E5_EDGES 985 E5_COVERS_THROUGH_5 29 E5_COVER_SIZE_HIST ((4, 1), (5, 28)) E6_COVERS_THROUGH_5 0
SIZE5_ROW ANCHOR (10, 16, 145, 252, 286) E5_EDGES 1020 E5_COVERS_THROUGH_5 23 E5_COVER_SIZE_HIST ((4, 1), (5, 22)) E6_COVERS_THROUGH_5 0
SIZE5_ROW ANCHOR (10, 16, 193, 252, 286) E5_EDGES 695 E5_COVERS_THROUGH_5 33 E5_COVER_SIZE_HIST ((4, 1), (5, 32)) E6_COVERS_THROUGH_5 0
SIZE5_ROW ANCHOR (10, 42, 63, 264, 286) E5_EDGES 2078 E5_COVERS_THROUGH_5 0 E5_COVER_SIZE_HIST () E6_COVERS_THROUGH_5 0
SIZE5_ROW ANCHOR (10, 63, 84, 88, 286) E5_EDGES 1391 E5_COVERS_THROUGH_5 3 E5_COVER_SIZE_HIST ((5, 3),) E6_COVERS_THROUGH_5 0
SIZE5_ROW ANCHOR (10, 63, 84, 176, 286) E5_EDGES 1628 E5_COVERS_THROUGH_5 1 E5_COVER_SIZE_HIST ((5, 1),) E6_COVERS_THROUGH_5 0
SIZE5_ROW ANCHOR (10, 63, 84, 264, 286) E5_EDGES 2129 E5_COVERS_THROUGH_5 0 E5_COVER_SIZE_HIST () E6_COVERS_THROUGH_5 0
SIZE5_ROW ANCHOR (10, 63, 88, 252, 286) E5_EDGES 1096 E5_COVERS_THROUGH_5 7 E5_COVER_SIZE_HIST ((5, 7),) E6_COVERS_THROUGH_5 0
SIZE5_ROW ANCHOR (10, 63, 176, 252, 286) E5_EDGES 1288 E5_COVERS_THROUGH_5 1 E5_COVER_SIZE_HIST ((5, 1),) E6_COVERS_THROUGH_5 0
SIZE5_ROW ANCHOR (10, 63, 252, 264, 286) E5_EDGES 1719 E5_COVERS_THROUGH_5 0 E5_COVER_SIZE_HIST () E6_COVERS_THROUGH_5 0
SIZE5_ROW ANCHOR (10, 85, 88, 252, 286) E5_EDGES 771 E5_COVERS_THROUGH_5 72 E5_COVER_SIZE_HIST ((4, 3), (5, 69)) E6_COVERS_THROUGH_5 0
SIZE5_ROW ANCHOR (10, 85, 168, 252, 286) E5_EDGES 765 E5_COVERS_THROUGH_5 116 E5_COVER_SIZE_HIST ((4, 5), (5, 111)) E6_COVERS_THROUGH_5 0
SIZE5_ROW ANCHOR (10, 85, 176, 252, 286) E5_EDGES 929 E5_COVERS_THROUGH_5 10 E5_COVER_SIZE_HIST ((5, 10),) E6_COVERS_THROUGH_5 0
SIZE5_ROW ANCHOR (10, 85, 252, 264, 286) E5_EDGES 1288 E5_COVERS_THROUGH_5 5 E5_COVER_SIZE_HIST ((5, 5),) E6_COVERS_THROUGH_5 0
SIZE5_ROW ANCHOR (10, 88, 95, 252, 286) E5_EDGES 693 E5_COVERS_THROUGH_5 94 E5_COVER_SIZE_HIST ((4, 4), (5, 90)) E6_COVERS_THROUGH_5 0
SIZE5_ROW ANCHOR (10, 88, 145, 252, 286) E5_EDGES 683 E5_COVERS_THROUGH_5 22 E5_COVER_SIZE_HIST ((5, 22),) E6_COVERS_THROUGH_5 0
SIZE5_ROW ANCHOR (10, 88, 193, 252, 286) E5_EDGES 445 E5_COVERS_THROUGH_5 162 E5_COVER_SIZE_HIST ((4, 7), (5, 155)) E6_COVERS_THROUGH_5 0
SIZE5_ROW ANCHOR (10, 95, 168, 252, 286) E5_EDGES 580 E5_COVERS_THROUGH_5 253 E5_COVER_SIZE_HIST ((4, 12), (5, 241)) E6_COVERS_THROUGH_5 0
SIZE5_ROW ANCHOR (10, 95, 176, 252, 286) E5_EDGES 774 E5_COVERS_THROUGH_5 40 E5_COVER_SIZE_HIST ((4, 1), (5, 39)) E6_COVERS_THROUGH_5 0
SIZE5_ROW ANCHOR (10, 95, 252, 264, 286) E5_EDGES 1070 E5_COVERS_THROUGH_5 12 E5_COVER_SIZE_HIST ((5, 12),) E6_COVERS_THROUGH_5 0
SIZE5_ROW ANCHOR (10, 145, 168, 252, 286) E5_EDGES 588 E5_COVERS_THROUGH_5 126 E5_COVER_SIZE_HIST ((4, 5), (5, 121)) E6_COVERS_THROUGH_5 0
SIZE5_ROW ANCHOR (10, 145, 176, 252, 286) E5_EDGES 760 E5_COVERS_THROUGH_5 17 E5_COVER_SIZE_HIST ((5, 17),) E6_COVERS_THROUGH_5 0
SIZE5_ROW ANCHOR (10, 145, 252, 264, 286) E5_EDGES 1086 E5_COVERS_THROUGH_5 5 E5_COVER_SIZE_HIST ((5, 5),) E6_COVERS_THROUGH_5 0
SIZE5_ROW ANCHOR (10, 168, 193, 252, 286) E5_EDGES 361 E5_COVERS_THROUGH_5 317 E5_COVER_SIZE_HIST ((4, 15), (5, 302)) E6_COVERS_THROUGH_5 0
SIZE5_ROW ANCHOR (10, 176, 193, 252, 286) E5_EDGES 604 E5_COVERS_THROUGH_5 39 E5_COVER_SIZE_HIST ((4, 1), (5, 38)) E6_COVERS_THROUGH_5 0
SIZE5_ROW ANCHOR (10, 193, 252, 264, 286) E5_EDGES 754 E5_COVERS_THROUGH_5 15 E5_COVER_SIZE_HIST ((5, 15),) E6_COVERS_THROUGH_5 0
SIZE5_ROW ANCHOR (15, 16, 20, 252, 286) E5_EDGES 1724 E5_COVERS_THROUGH_5 1 E5_COVER_SIZE_HIST ((5, 1),) E6_COVERS_THROUGH_5 0
SIZE5_ROW ANCHOR (15, 16, 30, 252, 286) E5_EDGES 1726 E5_COVERS_THROUGH_5 1 E5_COVER_SIZE_HIST ((5, 1),) E6_COVERS_THROUGH_5 0
SIZE5_ROW ANCHOR (15, 16, 60, 252, 286) E5_EDGES 1725 E5_COVERS_THROUGH_5 1 E5_COVER_SIZE_HIST ((5, 1),) E6_COVERS_THROUGH_5 0
SIZE5_ROW ANCHOR (15, 16, 170, 252, 286) E5_EDGES 1431 E5_COVERS_THROUGH_5 2 E5_COVER_SIZE_HIST ((5, 2),) E6_COVERS_THROUGH_5 0
SIZE5_ROW ANCHOR (15, 16, 190, 252, 286) E5_EDGES 1531 E5_COVERS_THROUGH_5 1 E5_COVER_SIZE_HIST ((5, 1),) E6_COVERS_THROUGH_5 0
SIZE5_ROW ANCHOR (15, 16, 252, 286, 290) E5_EDGES 1152 E5_COVERS_THROUGH_5 9 E5_COVER_SIZE_HIST ((5, 9),) E6_COVERS_THROUGH_5 0
SIZE5_ROW ANCHOR (15, 20, 88, 252, 286) E5_EDGES 1183 E5_COVERS_THROUGH_5 7 E5_COVER_SIZE_HIST ((5, 7),) E6_COVERS_THROUGH_5 0
SIZE5_ROW ANCHOR (15, 20, 168, 252, 286) E5_EDGES 1078 E5_COVERS_THROUGH_5 15 E5_COVER_SIZE_HIST ((5, 15),) E6_COVERS_THROUGH_5 0
SIZE5_ROW ANCHOR (15, 20, 176, 252, 286) E5_EDGES 1382 E5_COVERS_THROUGH_5 1 E5_COVER_SIZE_HIST ((5, 1),) E6_COVERS_THROUGH_5 0
SIZE5_ROW ANCHOR (15, 20, 252, 264, 286) E5_EDGES 1835 E5_COVERS_THROUGH_5 0 E5_COVER_SIZE_HIST () E6_COVERS_THROUGH_5 0
SIZE5_ROW ANCHOR (15, 30, 88, 252, 286) E5_EDGES 1184 E5_COVERS_THROUGH_5 7 E5_COVER_SIZE_HIST ((5, 7),) E6_COVERS_THROUGH_5 0
SIZE5_ROW ANCHOR (15, 30, 168, 252, 286) E5_EDGES 1082 E5_COVERS_THROUGH_5 15 E5_COVER_SIZE_HIST ((5, 15),) E6_COVERS_THROUGH_5 0
SIZE5_ROW ANCHOR (15, 30, 176, 252, 286) E5_EDGES 1383 E5_COVERS_THROUGH_5 1 E5_COVER_SIZE_HIST ((5, 1),) E6_COVERS_THROUGH_5 0
SIZE5_ROW ANCHOR (15, 30, 252, 264, 286) E5_EDGES 1837 E5_COVERS_THROUGH_5 0 E5_COVER_SIZE_HIST () E6_COVERS_THROUGH_5 0
SIZE5_ROW ANCHOR (15, 60, 88, 252, 286) E5_EDGES 1181 E5_COVERS_THROUGH_5 7 E5_COVER_SIZE_HIST ((5, 7),) E6_COVERS_THROUGH_5 0
SIZE5_ROW ANCHOR (15, 60, 168, 252, 286) E5_EDGES 1082 E5_COVERS_THROUGH_5 15 E5_COVER_SIZE_HIST ((5, 15),) E6_COVERS_THROUGH_5 0
SIZE5_ROW ANCHOR (15, 60, 176, 252, 286) E5_EDGES 1382 E5_COVERS_THROUGH_5 1 E5_COVER_SIZE_HIST ((5, 1),) E6_COVERS_THROUGH_5 0
SIZE5_ROW ANCHOR (15, 60, 252, 264, 286) E5_EDGES 1836 E5_COVERS_THROUGH_5 0 E5_COVER_SIZE_HIST () E6_COVERS_THROUGH_5 0
SIZE5_ROW ANCHOR (15, 88, 170, 252, 286) E5_EDGES 939 E5_COVERS_THROUGH_5 30 E5_COVER_SIZE_HIST ((4, 1), (5, 29)) E6_COVERS_THROUGH_5 0
SIZE5_ROW ANCHOR (15, 88, 190, 252, 286) E5_EDGES 1053 E5_COVERS_THROUGH_5 10 E5_COVER_SIZE_HIST ((5, 10),) E6_COVERS_THROUGH_5 0
SIZE5_ROW ANCHOR (15, 88, 252, 286, 290) E5_EDGES 753 E5_COVERS_THROUGH_5 91 E5_COVER_SIZE_HIST ((4, 4), (5, 87)) E6_COVERS_THROUGH_5 0
SIZE5_ROW ANCHOR (15, 168, 170, 252, 286) E5_EDGES 915 E5_COVERS_THROUGH_5 58 E5_COVER_SIZE_HIST ((4, 2), (5, 56)) E6_COVERS_THROUGH_5 0
SIZE5_ROW ANCHOR (15, 168, 190, 252, 286) E5_EDGES 959 E5_COVERS_THROUGH_5 18 E5_COVER_SIZE_HIST ((5, 18),) E6_COVERS_THROUGH_5 0
SIZE5_ROW ANCHOR (15, 168, 252, 286, 290) E5_EDGES 688 E5_COVERS_THROUGH_5 169 E5_COVER_SIZE_HIST ((4, 8), (5, 161)) E6_COVERS_THROUGH_5 0
SIZE5_ROW ANCHOR (15, 170, 176, 252, 286) E5_EDGES 1120 E5_COVERS_THROUGH_5 8 E5_COVER_SIZE_HIST ((5, 8),) E6_COVERS_THROUGH_5 0
SIZE5_ROW ANCHOR (15, 170, 252, 264, 286) E5_EDGES 1523 E5_COVERS_THROUGH_5 2 E5_COVER_SIZE_HIST ((5, 2),) E6_COVERS_THROUGH_5 0
SIZE5_ROW ANCHOR (15, 176, 190, 252, 286) E5_EDGES 1214 E5_COVERS_THROUGH_5 1 E5_COVER_SIZE_HIST ((5, 1),) E6_COVERS_THROUGH_5 0
SIZE5_ROW ANCHOR (15, 176, 252, 286, 290) E5_EDGES 855 E5_COVERS_THROUGH_5 29 E5_COVER_SIZE_HIST ((4, 1), (5, 28)) E6_COVERS_THROUGH_5 0
SIZE5_ROW ANCHOR (15, 190, 252, 264, 286) E5_EDGES 1638 E5_COVERS_THROUGH_5 0 E5_COVER_SIZE_HIST () E6_COVERS_THROUGH_5 0
SIZE5_ROW ANCHOR (15, 252, 264, 286, 290) E5_EDGES 1212 E5_COVERS_THROUGH_5 8 E5_COVER_SIZE_HIST ((5, 8),) E6_COVERS_THROUGH_5 0
SIZE5_ROW ANCHOR (16, 20, 63, 84, 286) E5_EDGES 2096 E5_COVERS_THROUGH_5 1 E5_COVER_SIZE_HIST ((5, 1),) E6_COVERS_THROUGH_5 0
SIZE5_ROW ANCHOR (16, 20, 63, 252, 286) E5_EDGES 1708 E5_COVERS_THROUGH_5 1 E5_COVER_SIZE_HIST ((5, 1),) E6_COVERS_THROUGH_5 0
SIZE5_ROW ANCHOR (16, 20, 85, 252, 286) E5_EDGES 1270 E5_COVERS_THROUGH_5 5 E5_COVER_SIZE_HIST ((5, 5),) E6_COVERS_THROUGH_5 0
SIZE5_ROW ANCHOR (16, 20, 95, 252, 286) E5_EDGES 1037 E5_COVERS_THROUGH_5 29 E5_COVER_SIZE_HIST ((4, 1), (5, 28)) E6_COVERS_THROUGH_5 0
SIZE5_ROW ANCHOR (16, 20, 145, 252, 286) E5_EDGES 1066 E5_COVERS_THROUGH_5 23 E5_COVER_SIZE_HIST ((4, 1), (5, 22)) E6_COVERS_THROUGH_5 0
SIZE5_ROW ANCHOR (16, 20, 193, 252, 286) E5_EDGES 747 E5_COVERS_THROUGH_5 33 E5_COVER_SIZE_HIST ((4, 1), (5, 32)) E6_COVERS_THROUGH_5 0
SIZE5_ROW ANCHOR (16, 30, 63, 84, 286) E5_EDGES 2098 E5_COVERS_THROUGH_5 1 E5_COVER_SIZE_HIST ((5, 1),) E6_COVERS_THROUGH_5 0
SIZE5_ROW ANCHOR (16, 30, 63, 252, 286) E5_EDGES 1710 E5_COVERS_THROUGH_5 1 E5_COVER_SIZE_HIST ((5, 1),) E6_COVERS_THROUGH_5 0
SIZE5_ROW ANCHOR (16, 30, 85, 252, 286) E5_EDGES 1270 E5_COVERS_THROUGH_5 5 E5_COVER_SIZE_HIST ((5, 5),) E6_COVERS_THROUGH_5 0
SIZE5_ROW ANCHOR (16, 30, 95, 252, 286) E5_EDGES 1038 E5_COVERS_THROUGH_5 29 E5_COVER_SIZE_HIST ((4, 1), (5, 28)) E6_COVERS_THROUGH_5 0
SIZE5_ROW ANCHOR (16, 30, 145, 252, 286) E5_EDGES 1066 E5_COVERS_THROUGH_5 23 E5_COVER_SIZE_HIST ((4, 1), (5, 22)) E6_COVERS_THROUGH_5 0
SIZE5_ROW ANCHOR (16, 30, 193, 252, 286) E5_EDGES 744 E5_COVERS_THROUGH_5 33 E5_COVER_SIZE_HIST ((4, 1), (5, 32)) E6_COVERS_THROUGH_5 0
SIZE5_ROW ANCHOR (16, 42, 60, 63, 286) E5_EDGES 2046 E5_COVERS_THROUGH_5 1 E5_COVER_SIZE_HIST ((5, 1),) E6_COVERS_THROUGH_5 0
SIZE5_ROW ANCHOR (16, 60, 63, 84, 286) E5_EDGES 2097 E5_COVERS_THROUGH_5 1 E5_COVER_SIZE_HIST ((5, 1),) E6_COVERS_THROUGH_5 0
SIZE5_ROW ANCHOR (16, 60, 63, 252, 286) E5_EDGES 1709 E5_COVERS_THROUGH_5 1 E5_COVER_SIZE_HIST ((5, 1),) E6_COVERS_THROUGH_5 0
SIZE5_ROW ANCHOR (16, 60, 85, 252, 286) E5_EDGES 1272 E5_COVERS_THROUGH_5 5 E5_COVER_SIZE_HIST ((5, 5),) E6_COVERS_THROUGH_5 0
SIZE5_ROW ANCHOR (16, 60, 95, 252, 286) E5_EDGES 1033 E5_COVERS_THROUGH_5 29 E5_COVER_SIZE_HIST ((4, 1), (5, 28)) E6_COVERS_THROUGH_5 0
SIZE5_ROW ANCHOR (16, 60, 145, 252, 286) E5_EDGES 1063 E5_COVERS_THROUGH_5 23 E5_COVER_SIZE_HIST ((4, 1), (5, 22)) E6_COVERS_THROUGH_5 0
SIZE5_ROW ANCHOR (16, 60, 193, 252, 286) E5_EDGES 746 E5_COVERS_THROUGH_5 33 E5_COVER_SIZE_HIST ((4, 1), (5, 32)) E6_COVERS_THROUGH_5 0
SIZE5_ROW ANCHOR (16, 63, 84, 170, 286) E5_EDGES 1737 E5_COVERS_THROUGH_5 1 E5_COVER_SIZE_HIST ((5, 1),) E6_COVERS_THROUGH_5 0
SIZE5_ROW ANCHOR (16, 63, 84, 190, 286) E5_EDGES 1881 E5_COVERS_THROUGH_5 1 E5_COVER_SIZE_HIST ((5, 1),) E6_COVERS_THROUGH_5 0
SIZE5_ROW ANCHOR (16, 63, 84, 286, 290) E5_EDGES 1407 E5_COVERS_THROUGH_5 6 E5_COVER_SIZE_HIST ((5, 6),) E6_COVERS_THROUGH_5 0
SIZE5_ROW ANCHOR (16, 63, 170, 252, 286) E5_EDGES 1418 E5_COVERS_THROUGH_5 2 E5_COVER_SIZE_HIST ((5, 2),) E6_COVERS_THROUGH_5 0
SIZE5_ROW ANCHOR (16, 63, 190, 252, 286) E5_EDGES 1514 E5_COVERS_THROUGH_5 1 E5_COVER_SIZE_HIST ((5, 1),) E6_COVERS_THROUGH_5 0
SIZE5_ROW ANCHOR (16, 63, 252, 286, 290) E5_EDGES 1137 E5_COVERS_THROUGH_5 9 E5_COVER_SIZE_HIST ((5, 9),) E6_COVERS_THROUGH_5 0
SIZE5_ROW ANCHOR (16, 85, 170, 252, 286) E5_EDGES 1117 E5_COVERS_THROUGH_5 5 E5_COVER_SIZE_HIST ((5, 5),) E6_COVERS_THROUGH_5 0
SIZE5_ROW ANCHOR (16, 85, 190, 252, 286) E5_EDGES 1117 E5_COVERS_THROUGH_5 9 E5_COVER_SIZE_HIST ((5, 9),) E6_COVERS_THROUGH_5 0
SIZE5_ROW ANCHOR (16, 85, 252, 286, 290) E5_EDGES 786 E5_COVERS_THROUGH_5 76 E5_COVER_SIZE_HIST ((4, 3), (5, 73)) E6_COVERS_THROUGH_5 0
SIZE5_ROW ANCHOR (16, 95, 170, 252, 286) E5_EDGES 835 E5_COVERS_THROUGH_5 65 E5_COVER_SIZE_HIST ((4, 2), (5, 63)) E6_COVERS_THROUGH_5 1
SIZE5_ROW ANCHOR (16, 95, 190, 252, 286) E5_EDGES 969 E5_COVERS_THROUGH_5 29 E5_COVER_SIZE_HIST ((4, 1), (5, 28)) E6_COVERS_THROUGH_5 0
SIZE5_ROW ANCHOR (16, 95, 252, 286, 290) E5_EDGES 669 E5_COVERS_THROUGH_5 122 E5_COVER_SIZE_HIST ((4, 5), (5, 117)) E6_COVERS_THROUGH_5 0
SIZE5_ROW ANCHOR (16, 145, 170, 252, 286) E5_EDGES 834 E5_COVERS_THROUGH_5 38 E5_COVER_SIZE_HIST ((4, 1), (5, 37)) E6_COVERS_THROUGH_5 1
SIZE5_ROW ANCHOR (16, 145, 190, 252, 286) E5_EDGES 940 E5_COVERS_THROUGH_5 25 E5_COVER_SIZE_HIST ((4, 1), (5, 24)) E6_COVERS_THROUGH_5 0
SIZE5_ROW ANCHOR (16, 145, 252, 286, 290) E5_EDGES 803 E5_COVERS_THROUGH_5 57 E5_COVER_SIZE_HIST ((4, 2), (5, 55)) E6_COVERS_THROUGH_5 0
SIZE5_ROW ANCHOR (16, 170, 193, 252, 286) E5_EDGES 604 E5_COVERS_THROUGH_5 67 E5_COVER_SIZE_HIST ((4, 2), (5, 65)) E6_COVERS_THROUGH_5 1
SIZE5_ROW ANCHOR (16, 190, 193, 252, 286) E5_EDGES 630 E5_COVERS_THROUGH_5 38 E5_COVER_SIZE_HIST ((4, 1), (5, 37)) E6_COVERS_THROUGH_5 0
SIZE5_ROW ANCHOR (16, 193, 252, 286, 290) E5_EDGES 389 E5_COVERS_THROUGH_5 203 E5_COVER_SIZE_HIST ((4, 9), (5, 194)) E6_COVERS_THROUGH_5 0
SIZE5_ROW ANCHOR (20, 42, 63, 264, 286) E5_EDGES 2183 E5_COVERS_THROUGH_5 0 E5_COVER_SIZE_HIST () E6_COVERS_THROUGH_5 0
SIZE5_ROW ANCHOR (20, 63, 84, 88, 286) E5_EDGES 1468 E5_COVERS_THROUGH_5 3 E5_COVER_SIZE_HIST ((5, 3),) E6_COVERS_THROUGH_5 0
SIZE5_ROW ANCHOR (20, 63, 84, 176, 286) E5_EDGES 1723 E5_COVERS_THROUGH_5 1 E5_COVER_SIZE_HIST ((5, 1),) E6_COVERS_THROUGH_5 0
SIZE5_ROW ANCHOR (20, 63, 84, 264, 286) E5_EDGES 2235 E5_COVERS_THROUGH_5 0 E5_COVER_SIZE_HIST () E6_COVERS_THROUGH_5 0
SIZE5_ROW ANCHOR (20, 63, 88, 252, 286) E5_EDGES 1169 E5_COVERS_THROUGH_5 7 E5_COVER_SIZE_HIST ((5, 7),) E6_COVERS_THROUGH_5 0
SIZE5_ROW ANCHOR (20, 63, 176, 252, 286) E5_EDGES 1378 E5_COVERS_THROUGH_5 1 E5_COVER_SIZE_HIST ((5, 1),) E6_COVERS_THROUGH_5 0
SIZE5_ROW ANCHOR (20, 63, 252, 264, 286) E5_EDGES 1820 E5_COVERS_THROUGH_5 0 E5_COVER_SIZE_HIST () E6_COVERS_THROUGH_5 0
SIZE5_ROW ANCHOR (20, 85, 88, 252, 286) E5_EDGES 823 E5_COVERS_THROUGH_5 72 E5_COVER_SIZE_HIST ((4, 3), (5, 69)) E6_COVERS_THROUGH_5 0
SIZE5_ROW ANCHOR (20, 85, 168, 252, 286) E5_EDGES 813 E5_COVERS_THROUGH_5 116 E5_COVER_SIZE_HIST ((4, 5), (5, 111)) E6_COVERS_THROUGH_5 0
SIZE5_ROW ANCHOR (20, 85, 176, 252, 286) E5_EDGES 990 E5_COVERS_THROUGH_5 10 E5_COVER_SIZE_HIST ((5, 10),) E6_COVERS_THROUGH_5 0
SIZE5_ROW ANCHOR (20, 85, 252, 264, 286) E5_EDGES 1359 E5_COVERS_THROUGH_5 5 E5_COVER_SIZE_HIST ((5, 5),) E6_COVERS_THROUGH_5 0
SIZE5_ROW ANCHOR (20, 88, 95, 252, 286) E5_EDGES 733 E5_COVERS_THROUGH_5 94 E5_COVER_SIZE_HIST ((4, 4), (5, 90)) E6_COVERS_THROUGH_5 0
SIZE5_ROW ANCHOR (20, 88, 145, 252, 286) E5_EDGES 716 E5_COVERS_THROUGH_5 20 E5_COVER_SIZE_HIST ((5, 20),) E6_COVERS_THROUGH_5 0
SIZE5_ROW ANCHOR (20, 88, 193, 252, 286) E5_EDGES 478 E5_COVERS_THROUGH_5 160 E5_COVER_SIZE_HIST ((4, 7), (5, 153)) E6_COVERS_THROUGH_5 0
SIZE5_ROW ANCHOR (20, 95, 168, 252, 286) E5_EDGES 611 E5_COVERS_THROUGH_5 253 E5_COVER_SIZE_HIST ((4, 12), (5, 241)) E6_COVERS_THROUGH_5 0
SIZE5_ROW ANCHOR (20, 95, 176, 252, 286) E5_EDGES 820 E5_COVERS_THROUGH_5 40 E5_COVER_SIZE_HIST ((4, 1), (5, 39)) E6_COVERS_THROUGH_5 0
SIZE5_ROW ANCHOR (20, 95, 252, 264, 286) E5_EDGES 1123 E5_COVERS_THROUGH_5 12 E5_COVER_SIZE_HIST ((5, 12),) E6_COVERS_THROUGH_5 0
SIZE5_ROW ANCHOR (20, 145, 168, 252, 286) E5_EDGES 617 E5_COVERS_THROUGH_5 124 E5_COVER_SIZE_HIST ((4, 5), (5, 119)) E6_COVERS_THROUGH_5 0
SIZE5_ROW ANCHOR (20, 145, 176, 252, 286) E5_EDGES 801 E5_COVERS_THROUGH_5 16 E5_COVER_SIZE_HIST ((5, 16),) E6_COVERS_THROUGH_5 0
SIZE5_ROW ANCHOR (20, 145, 252, 264, 286) E5_EDGES 1132 E5_COVERS_THROUGH_5 5 E5_COVER_SIZE_HIST ((5, 5),) E6_COVERS_THROUGH_5 0
SIZE5_ROW ANCHOR (20, 168, 193, 252, 286) E5_EDGES 393 E5_COVERS_THROUGH_5 315 E5_COVER_SIZE_HIST ((4, 15), (5, 300)) E6_COVERS_THROUGH_5 0
SIZE5_ROW ANCHOR (20, 176, 193, 252, 286) E5_EDGES 653 E5_COVERS_THROUGH_5 38 E5_COVER_SIZE_HIST ((4, 1), (5, 37)) E6_COVERS_THROUGH_5 0
SIZE5_ROW ANCHOR (20, 193, 252, 264, 286) E5_EDGES 807 E5_COVERS_THROUGH_5 15 E5_COVER_SIZE_HIST ((5, 15),) E6_COVERS_THROUGH_5 0
SIZE5_ROW ANCHOR (30, 42, 63, 264, 286) E5_EDGES 2185 E5_COVERS_THROUGH_5 0 E5_COVER_SIZE_HIST () E6_COVERS_THROUGH_5 0
SIZE5_ROW ANCHOR (30, 63, 84, 88, 286) E5_EDGES 1469 E5_COVERS_THROUGH_5 3 E5_COVER_SIZE_HIST ((5, 3),) E6_COVERS_THROUGH_5 0
SIZE5_ROW ANCHOR (30, 63, 84, 176, 286) E5_EDGES 1724 E5_COVERS_THROUGH_5 1 E5_COVER_SIZE_HIST ((5, 1),) E6_COVERS_THROUGH_5 0
SIZE5_ROW ANCHOR (30, 63, 84, 264, 286) E5_EDGES 2237 E5_COVERS_THROUGH_5 0 E5_COVER_SIZE_HIST () E6_COVERS_THROUGH_5 0
SIZE5_ROW ANCHOR (30, 63, 88, 252, 286) E5_EDGES 1170 E5_COVERS_THROUGH_5 7 E5_COVER_SIZE_HIST ((5, 7),) E6_COVERS_THROUGH_5 0
SIZE5_ROW ANCHOR (30, 63, 176, 252, 286) E5_EDGES 1379 E5_COVERS_THROUGH_5 1 E5_COVER_SIZE_HIST ((5, 1),) E6_COVERS_THROUGH_5 0
SIZE5_ROW ANCHOR (30, 63, 252, 264, 286) E5_EDGES 1822 E5_COVERS_THROUGH_5 0 E5_COVER_SIZE_HIST () E6_COVERS_THROUGH_5 0
SIZE5_ROW ANCHOR (30, 85, 88, 252, 286) E5_EDGES 823 E5_COVERS_THROUGH_5 72 E5_COVER_SIZE_HIST ((4, 3), (5, 69)) E6_COVERS_THROUGH_5 0
SIZE5_ROW ANCHOR (30, 85, 168, 252, 286) E5_EDGES 815 E5_COVERS_THROUGH_5 116 E5_COVER_SIZE_HIST ((4, 5), (5, 111)) E6_COVERS_THROUGH_5 0
SIZE5_ROW ANCHOR (30, 85, 176, 252, 286) E5_EDGES 990 E5_COVERS_THROUGH_5 10 E5_COVER_SIZE_HIST ((5, 10),) E6_COVERS_THROUGH_5 0
SIZE5_ROW ANCHOR (30, 85, 252, 264, 286) E5_EDGES 1359 E5_COVERS_THROUGH_5 5 E5_COVER_SIZE_HIST ((5, 5),) E6_COVERS_THROUGH_5 0
SIZE5_ROW ANCHOR (30, 88, 95, 252, 286) E5_EDGES 734 E5_COVERS_THROUGH_5 94 E5_COVER_SIZE_HIST ((4, 4), (5, 90)) E6_COVERS_THROUGH_5 0
SIZE5_ROW ANCHOR (30, 88, 145, 252, 286) E5_EDGES 716 E5_COVERS_THROUGH_5 20 E5_COVER_SIZE_HIST ((5, 20),) E6_COVERS_THROUGH_5 0
SIZE5_ROW ANCHOR (30, 88, 193, 252, 286) E5_EDGES 476 E5_COVERS_THROUGH_5 160 E5_COVER_SIZE_HIST ((4, 7), (5, 153)) E6_COVERS_THROUGH_5 0
SIZE5_ROW ANCHOR (30, 95, 168, 252, 286) E5_EDGES 612 E5_COVERS_THROUGH_5 253 E5_COVER_SIZE_HIST ((4, 12), (5, 241)) E6_COVERS_THROUGH_5 0
SIZE5_ROW ANCHOR (30, 95, 176, 252, 286) E5_EDGES 821 E5_COVERS_THROUGH_5 40 E5_COVER_SIZE_HIST ((4, 1), (5, 39)) E6_COVERS_THROUGH_5 0
SIZE5_ROW ANCHOR (30, 95, 252, 264, 286) E5_EDGES 1124 E5_COVERS_THROUGH_5 12 E5_COVER_SIZE_HIST ((5, 12),) E6_COVERS_THROUGH_5 0
SIZE5_ROW ANCHOR (30, 145, 168, 252, 286) E5_EDGES 618 E5_COVERS_THROUGH_5 124 E5_COVER_SIZE_HIST ((4, 5), (5, 119)) E6_COVERS_THROUGH_5 0
SIZE5_ROW ANCHOR (30, 145, 176, 252, 286) E5_EDGES 800 E5_COVERS_THROUGH_5 16 E5_COVER_SIZE_HIST ((5, 16),) E6_COVERS_THROUGH_5 0
SIZE5_ROW ANCHOR (30, 145, 252, 264, 286) E5_EDGES 1132 E5_COVERS_THROUGH_5 5 E5_COVER_SIZE_HIST ((5, 5),) E6_COVERS_THROUGH_5 0
SIZE5_ROW ANCHOR (30, 168, 193, 252, 286) E5_EDGES 392 E5_COVERS_THROUGH_5 315 E5_COVER_SIZE_HIST ((4, 15), (5, 300)) E6_COVERS_THROUGH_5 0
SIZE5_ROW ANCHOR (30, 176, 193, 252, 286) E5_EDGES 650 E5_COVERS_THROUGH_5 38 E5_COVER_SIZE_HIST ((4, 1), (5, 37)) E6_COVERS_THROUGH_5 0
SIZE5_ROW ANCHOR (30, 193, 252, 264, 286) E5_EDGES 804 E5_COVERS_THROUGH_5 15 E5_COVER_SIZE_HIST ((5, 15),) E6_COVERS_THROUGH_5 0
SIZE5_ROW ANCHOR (40, 42, 60, 63, 286) E5_EDGES 2195 E5_COVERS_THROUGH_5 0 E5_COVER_SIZE_HIST () E6_COVERS_THROUGH_5 0
SIZE5_ROW ANCHOR (40, 42, 63, 132, 286) E5_EDGES 2153 E5_COVERS_THROUGH_5 0 E5_COVER_SIZE_HIST () E6_COVERS_THROUGH_5 0
SIZE5_ROW ANCHOR (40, 42, 63, 264, 286) E5_EDGES 2150 E5_COVERS_THROUGH_5 0 E5_COVER_SIZE_HIST () E6_COVERS_THROUGH_5 0
SIZE5_ROW ANCHOR (42, 60, 63, 80, 286) E5_EDGES 1587 E5_COVERS_THROUGH_5 2 E5_COVER_SIZE_HIST ((5, 2),) E6_COVERS_THROUGH_5 0
SIZE5_ROW ANCHOR (42, 60, 63, 88, 286) E5_EDGES 1478 E5_COVERS_THROUGH_5 3 E5_COVER_SIZE_HIST ((5, 3),) E6_COVERS_THROUGH_5 0
SIZE5_ROW ANCHOR (42, 60, 63, 176, 286) E5_EDGES 1677 E5_COVERS_THROUGH_5 1 E5_COVER_SIZE_HIST ((5, 1),) E6_COVERS_THROUGH_5 0
SIZE5_ROW ANCHOR (42, 60, 63, 264, 286) E5_EDGES 2184 E5_COVERS_THROUGH_5 0 E5_COVER_SIZE_HIST () E6_COVERS_THROUGH_5 0
SIZE5_ROW ANCHOR (42, 63, 80, 132, 286) E5_EDGES 1561 E5_COVERS_THROUGH_5 2 E5_COVER_SIZE_HIST ((5, 2),) E6_COVERS_THROUGH_5 0
SIZE5_ROW ANCHOR (42, 63, 80, 264, 286) E5_EDGES 1549 E5_COVERS_THROUGH_5 2 E5_COVER_SIZE_HIST ((5, 2),) E6_COVERS_THROUGH_5 0
SIZE5_ROW ANCHOR (42, 63, 170, 264, 286) E5_EDGES 1804 E5_COVERS_THROUGH_5 0 E5_COVER_SIZE_HIST () E6_COVERS_THROUGH_5 0
SIZE5_ROW ANCHOR (42, 63, 190, 264, 286) E5_EDGES 1968 E5_COVERS_THROUGH_5 0 E5_COVER_SIZE_HIST () E6_COVERS_THROUGH_5 0
SIZE5_ROW ANCHOR (42, 63, 264, 286, 290) E5_EDGES 1451 E5_COVERS_THROUGH_5 6 E5_COVER_SIZE_HIST ((5, 6),) E6_COVERS_THROUGH_5 0
SIZE5_ROW ANCHOR (60, 63, 84, 88, 286) E5_EDGES 1466 E5_COVERS_THROUGH_5 3 E5_COVER_SIZE_HIST ((5, 3),) E6_COVERS_THROUGH_5 0
SIZE5_ROW ANCHOR (60, 63, 84, 176, 286) E5_EDGES 1723 E5_COVERS_THROUGH_5 1 E5_COVER_SIZE_HIST ((5, 1),) E6_COVERS_THROUGH_5 0
SIZE5_ROW ANCHOR (60, 63, 84, 264, 286) E5_EDGES 2236 E5_COVERS_THROUGH_5 0 E5_COVER_SIZE_HIST () E6_COVERS_THROUGH_5 0
SIZE5_ROW ANCHOR (60, 63, 88, 252, 286) E5_EDGES 1167 E5_COVERS_THROUGH_5 7 E5_COVER_SIZE_HIST ((5, 7),) E6_COVERS_THROUGH_5 0
SIZE5_ROW ANCHOR (60, 63, 176, 252, 286) E5_EDGES 1378 E5_COVERS_THROUGH_5 1 E5_COVER_SIZE_HIST ((5, 1),) E6_COVERS_THROUGH_5 0
SIZE5_ROW ANCHOR (60, 63, 252, 264, 286) E5_EDGES 1821 E5_COVERS_THROUGH_5 0 E5_COVER_SIZE_HIST () E6_COVERS_THROUGH_5 0
SIZE5_ROW ANCHOR (60, 85, 88, 252, 286) E5_EDGES 823 E5_COVERS_THROUGH_5 72 E5_COVER_SIZE_HIST ((4, 3), (5, 69)) E6_COVERS_THROUGH_5 0
SIZE5_ROW ANCHOR (60, 85, 168, 252, 286) E5_EDGES 816 E5_COVERS_THROUGH_5 116 E5_COVER_SIZE_HIST ((4, 5), (5, 111)) E6_COVERS_THROUGH_5 0
SIZE5_ROW ANCHOR (60, 85, 176, 252, 286) E5_EDGES 992 E5_COVERS_THROUGH_5 10 E5_COVER_SIZE_HIST ((5, 10),) E6_COVERS_THROUGH_5 0
SIZE5_ROW ANCHOR (60, 85, 252, 264, 286) E5_EDGES 1361 E5_COVERS_THROUGH_5 5 E5_COVER_SIZE_HIST ((5, 5),) E6_COVERS_THROUGH_5 0
SIZE5_ROW ANCHOR (60, 88, 95, 252, 286) E5_EDGES 729 E5_COVERS_THROUGH_5 94 E5_COVER_SIZE_HIST ((4, 4), (5, 90)) E6_COVERS_THROUGH_5 0
SIZE5_ROW ANCHOR (60, 88, 145, 252, 286) E5_EDGES 712 E5_COVERS_THROUGH_5 20 E5_COVER_SIZE_HIST ((5, 20),) E6_COVERS_THROUGH_5 0
SIZE5_ROW ANCHOR (60, 88, 193, 252, 286) E5_EDGES 476 E5_COVERS_THROUGH_5 160 E5_COVER_SIZE_HIST ((4, 7), (5, 153)) E6_COVERS_THROUGH_5 0
SIZE5_ROW ANCHOR (60, 95, 168, 252, 286) E5_EDGES 610 E5_COVERS_THROUGH_5 253 E5_COVER_SIZE_HIST ((4, 12), (5, 241)) E6_COVERS_THROUGH_5 0
SIZE5_ROW ANCHOR (60, 95, 176, 252, 286) E5_EDGES 816 E5_COVERS_THROUGH_5 40 E5_COVER_SIZE_HIST ((4, 1), (5, 39)) E6_COVERS_THROUGH_5 0
SIZE5_ROW ANCHOR (60, 95, 252, 264, 286) E5_EDGES 1119 E5_COVERS_THROUGH_5 12 E5_COVER_SIZE_HIST ((5, 12),) E6_COVERS_THROUGH_5 0
SIZE5_ROW ANCHOR (60, 145, 168, 252, 286) E5_EDGES 617 E5_COVERS_THROUGH_5 124 E5_COVER_SIZE_HIST ((4, 5), (5, 119)) E6_COVERS_THROUGH_5 0
SIZE5_ROW ANCHOR (60, 145, 176, 252, 286) E5_EDGES 797 E5_COVERS_THROUGH_5 16 E5_COVER_SIZE_HIST ((5, 16),) E6_COVERS_THROUGH_5 0
SIZE5_ROW ANCHOR (60, 145, 252, 264, 286) E5_EDGES 1129 E5_COVERS_THROUGH_5 5 E5_COVER_SIZE_HIST ((5, 5),) E6_COVERS_THROUGH_5 0
SIZE5_ROW ANCHOR (60, 168, 193, 252, 286) E5_EDGES 394 E5_COVERS_THROUGH_5 315 E5_COVER_SIZE_HIST ((4, 15), (5, 300)) E6_COVERS_THROUGH_5 0
SIZE5_ROW ANCHOR (60, 176, 193, 252, 286) E5_EDGES 652 E5_COVERS_THROUGH_5 38 E5_COVER_SIZE_HIST ((4, 1), (5, 37)) E6_COVERS_THROUGH_5 0
SIZE5_ROW ANCHOR (60, 193, 252, 264, 286) E5_EDGES 806 E5_COVERS_THROUGH_5 15 E5_COVER_SIZE_HIST ((5, 15),) E6_COVERS_THROUGH_5 0
SIZE5_ROW ANCHOR (63, 84, 88, 170, 286) E5_EDGES 1169 E5_COVERS_THROUGH_5 7 E5_COVER_SIZE_HIST ((5, 7),) E6_COVERS_THROUGH_5 0
SIZE5_ROW ANCHOR (63, 84, 88, 190, 286) E5_EDGES 1323 E5_COVERS_THROUGH_5 4 E5_COVER_SIZE_HIST ((5, 4),) E6_COVERS_THROUGH_5 0
SIZE5_ROW ANCHOR (63, 84, 88, 286, 290) E5_EDGES 932 E5_COVERS_THROUGH_5 68 E5_COVER_SIZE_HIST ((4, 3), (5, 65)) E6_COVERS_THROUGH_5 0
SIZE5_ROW ANCHOR (63, 84, 170, 176, 286) E5_EDGES 1403 E5_COVERS_THROUGH_5 1 E5_COVER_SIZE_HIST ((5, 1),) E6_COVERS_THROUGH_5 0
SIZE5_ROW ANCHOR (63, 84, 170, 264, 286) E5_EDGES 1857 E5_COVERS_THROUGH_5 0 E5_COVER_SIZE_HIST () E6_COVERS_THROUGH_5 0
SIZE5_ROW ANCHOR (63, 84, 176, 190, 286) E5_EDGES 1535 E5_COVERS_THROUGH_5 1 E5_COVER_SIZE_HIST ((5, 1),) E6_COVERS_THROUGH_5 0
SIZE5_ROW ANCHOR (63, 84, 176, 286, 290) E5_EDGES 1075 E5_COVERS_THROUGH_5 25 E5_COVER_SIZE_HIST ((4, 1), (5, 24)) E6_COVERS_THROUGH_5 0
SIZE5_ROW ANCHOR (63, 84, 190, 264, 286) E5_EDGES 2016 E5_COVERS_THROUGH_5 0 E5_COVER_SIZE_HIST () E6_COVERS_THROUGH_5 0
SIZE5_ROW ANCHOR (63, 84, 264, 286, 290) E5_EDGES 1481 E5_COVERS_THROUGH_5 6 E5_COVER_SIZE_HIST ((5, 6),) E6_COVERS_THROUGH_5 0
SIZE5_ROW ANCHOR (63, 88, 170, 252, 286) E5_EDGES 928 E5_COVERS_THROUGH_5 30 E5_COVER_SIZE_HIST ((4, 1), (5, 29)) E6_COVERS_THROUGH_5 0
SIZE5_ROW ANCHOR (63, 88, 190, 252, 286) E5_EDGES 1039 E5_COVERS_THROUGH_5 10 E5_COVER_SIZE_HIST ((5, 10),) E6_COVERS_THROUGH_5 0
SIZE5_ROW ANCHOR (63, 88, 252, 286, 290) E5_EDGES 738 E5_COVERS_THROUGH_5 91 E5_COVER_SIZE_HIST ((4, 4), (5, 87)) E6_COVERS_THROUGH_5 0
SIZE5_ROW ANCHOR (63, 170, 176, 252, 286) E5_EDGES 1119 E5_COVERS_THROUGH_5 8 E5_COVER_SIZE_HIST ((5, 8),) E6_COVERS_THROUGH_5 0
SIZE5_ROW ANCHOR (63, 170, 252, 264, 286) E5_EDGES 1511 E5_COVERS_THROUGH_5 2 E5_COVER_SIZE_HIST ((5, 2),) E6_COVERS_THROUGH_5 0
SIZE5_ROW ANCHOR (63, 176, 190, 252, 286) E5_EDGES 1209 E5_COVERS_THROUGH_5 1 E5_COVER_SIZE_HIST ((5, 1),) E6_COVERS_THROUGH_5 0
SIZE5_ROW ANCHOR (63, 176, 252, 286, 290) E5_EDGES 849 E5_COVERS_THROUGH_5 30 E5_COVER_SIZE_HIST ((4, 1), (5, 29)) E6_COVERS_THROUGH_5 0
SIZE5_ROW ANCHOR (63, 190, 252, 264, 286) E5_EDGES 1622 E5_COVERS_THROUGH_5 0 E5_COVER_SIZE_HIST () E6_COVERS_THROUGH_5 0
SIZE5_ROW ANCHOR (63, 252, 264, 286, 290) E5_EDGES 1198 E5_COVERS_THROUGH_5 8 E5_COVER_SIZE_HIST ((5, 8),) E6_COVERS_THROUGH_5 0
SIZE5_ROW ANCHOR (85, 88, 170, 252, 286) E5_EDGES 700 E5_COVERS_THROUGH_5 73 E5_COVER_SIZE_HIST ((4, 3), (5, 70)) E6_COVERS_THROUGH_5 0
SIZE5_ROW ANCHOR (85, 88, 190, 252, 286) E5_EDGES 723 E5_COVERS_THROUGH_5 113 E5_COVER_SIZE_HIST ((4, 5), (5, 108)) E6_COVERS_THROUGH_5 0
SIZE5_ROW ANCHOR (85, 88, 252, 286, 290) E5_EDGES 464 E5_COVERS_THROUGH_5 530 E5_COVER_SIZE_HIST ((3, 2), (4, 44), (5, 484)) E6_COVERS_THROUGH_5 0
SIZE5_ROW ANCHOR (85, 168, 170, 252, 286) E5_EDGES 735 E5_COVERS_THROUGH_5 116 E5_COVER_SIZE_HIST ((4, 5), (5, 111)) E6_COVERS_THROUGH_5 0
SIZE5_ROW ANCHOR (85, 168, 190, 252, 286) E5_EDGES 717 E5_COVERS_THROUGH_5 155 E5_COVER_SIZE_HIST ((4, 7), (5, 148)) E6_COVERS_THROUGH_5 0
SIZE5_ROW ANCHOR (85, 168, 252, 286, 290) E5_EDGES 483 E5_COVERS_THROUGH_5 759 E5_COVER_SIZE_HIST ((3, 3), (4, 65), (5, 691)) E6_COVERS_THROUGH_5 0
SIZE5_ROW ANCHOR (85, 170, 176, 252, 286) E5_EDGES 858 E5_COVERS_THROUGH_5 11 E5_COVER_SIZE_HIST ((5, 11),) E6_COVERS_THROUGH_5 0
SIZE5_ROW ANCHOR (85, 170, 252, 264, 286) E5_EDGES 1193 E5_COVERS_THROUGH_5 5 E5_COVER_SIZE_HIST ((5, 5),) E6_COVERS_THROUGH_5 0
SIZE5_ROW ANCHOR (85, 176, 190, 252, 286) E5_EDGES 860 E5_COVERS_THROUGH_5 17 E5_COVER_SIZE_HIST ((5, 17),) E6_COVERS_THROUGH_5 0
SIZE5_ROW ANCHOR (85, 176, 252, 286, 290) E5_EDGES 546 E5_COVERS_THROUGH_5 126 E5_COVER_SIZE_HIST ((4, 5), (5, 121)) E6_COVERS_THROUGH_5 0
SIZE5_ROW ANCHOR (85, 190, 252, 264, 286) E5_EDGES 1202 E5_COVERS_THROUGH_5 7 E5_COVER_SIZE_HIST ((5, 7),) E6_COVERS_THROUGH_5 0
SIZE5_ROW ANCHOR (85, 252, 264, 286, 290) E5_EDGES 831 E5_COVERS_THROUGH_5 68 E5_COVER_SIZE_HIST ((4, 3), (5, 65)) E6_COVERS_THROUGH_5 0
SIZE5_ROW ANCHOR (88, 95, 170, 252, 286) E5_EDGES 560 E5_COVERS_THROUGH_5 344 E5_COVER_SIZE_HIST ((3, 1), (4, 25), (5, 318)) E6_COVERS_THROUGH_5 2
SIZE5_ROW ANCHOR (88, 95, 190, 252, 286) E5_EDGES 681 E5_COVERS_THROUGH_5 94 E5_COVER_SIZE_HIST ((4, 4), (5, 90)) E6_COVERS_THROUGH_5 0
SIZE5_ROW ANCHOR (88, 95, 252, 286, 290) E5_EDGES 456 E5_COVERS_THROUGH_5 380 E5_COVER_SIZE_HIST ((3, 1), (4, 27), (5, 352)) E6_COVERS_THROUGH_5 0
SIZE5_ROW ANCHOR (88, 145, 170, 252, 286) E5_EDGES 523 E5_COVERS_THROUGH_5 95 E5_COVER_SIZE_HIST ((4, 3), (5, 92)) E6_COVERS_THROUGH_5 2
SIZE5_ROW ANCHOR (88, 145, 190, 252, 286) E5_EDGES 636 E5_COVERS_THROUGH_5 60 E5_COVER_SIZE_HIST ((4, 2), (5, 58)) E6_COVERS_THROUGH_5 0
SIZE5_ROW ANCHOR (88, 145, 252, 286, 290) E5_EDGES 533 E5_COVERS_THROUGH_5 148 E5_COVER_SIZE_HIST ((4, 6), (5, 142)) E6_COVERS_THROUGH_5 0
SIZE5_ROW ANCHOR (88, 170, 193, 252, 286) E5_EDGES 362 E5_COVERS_THROUGH_5 439 E5_COVER_SIZE_HIST ((3, 1), (4, 30), (5, 408)) E6_COVERS_THROUGH_5 2
SIZE5_ROW ANCHOR (88, 190, 193, 252, 286) E5_EDGES 403 E5_COVERS_THROUGH_5 219 E5_COVER_SIZE_HIST ((4, 10), (5, 209)) E6_COVERS_THROUGH_5 0
SIZE5_ROW ANCHOR (88, 193, 252, 286, 290) E5_EDGES 222 E5_COVERS_THROUGH_5 1096 E5_COVER_SIZE_HIST ((3, 4), (4, 91), (5, 1001)) E6_COVERS_THROUGH_5 0
SIZE5_ROW ANCHOR (95, 168, 170, 252, 286) E5_EDGES 504 E5_COVERS_THROUGH_5 698 E5_COVER_SIZE_HIST ((3, 2), (4, 53), (5, 643)) E6_COVERS_THROUGH_5 2
SIZE5_ROW ANCHOR (95, 168, 190, 252, 286) E5_EDGES 575 E5_COVERS_THROUGH_5 253 E5_COVER_SIZE_HIST ((4, 12), (5, 241)) E6_COVERS_THROUGH_5 0
SIZE5_ROW ANCHOR (95, 168, 252, 286, 290) E5_EDGES 370 E5_COVERS_THROUGH_5 1189 E5_COVER_SIZE_HIST ((3, 5), (4, 105), (5, 1079)) E6_COVERS_THROUGH_5 0
SIZE5_ROW ANCHOR (95, 170, 176, 252, 286) E5_EDGES 641 E5_COVERS_THROUGH_5 185 E5_COVER_SIZE_HIST ((4, 8), (5, 177)) E6_COVERS_THROUGH_5 0
SIZE5_ROW ANCHOR (95, 170, 252, 264, 286) E5_EDGES 903 E5_COVERS_THROUGH_5 58 E5_COVER_SIZE_HIST ((4, 2), (5, 56)) E6_COVERS_THROUGH_5 0
SIZE5_ROW ANCHOR (95, 176, 190, 252, 286) E5_EDGES 760 E5_COVERS_THROUGH_5 40 E5_COVER_SIZE_HIST ((4, 1), (5, 39)) E6_COVERS_THROUGH_5 0
SIZE5_ROW ANCHOR (95, 176, 252, 286, 290) E5_EDGES 478 E5_COVERS_THROUGH_5 370 E5_COVER_SIZE_HIST ((3, 1), (4, 26), (5, 343)) E6_COVERS_THROUGH_5 0
SIZE5_ROW ANCHOR (95, 190, 252, 264, 286) E5_EDGES 1053 E5_COVERS_THROUGH_5 12 E5_COVER_SIZE_HIST ((5, 12),) E6_COVERS_THROUGH_5 0
SIZE5_ROW ANCHOR (95, 252, 264, 286, 290) E5_EDGES 715 E5_COVERS_THROUGH_5 111 E5_COVER_SIZE_HIST ((4, 5), (5, 106)) E6_COVERS_THROUGH_5 0
SIZE5_ROW ANCHOR (145, 168, 170, 252, 286) E5_EDGES 491 E5_COVERS_THROUGH_5 413 E5_COVER_SIZE_HIST ((3, 1), (4, 29), (5, 383)) E6_COVERS_THROUGH_5 2
SIZE5_ROW ANCHOR (145, 168, 190, 252, 286) E5_EDGES 540 E5_COVERS_THROUGH_5 165 E5_COVER_SIZE_HIST ((4, 7), (5, 158)) E6_COVERS_THROUGH_5 0
SIZE5_ROW ANCHOR (145, 168, 252, 286, 290) E5_EDGES 451 E5_COVERS_THROUGH_5 422 E5_COVER_SIZE_HIST ((3, 1), (4, 29), (5, 392)) E6_COVERS_THROUGH_5 0
SIZE5_ROW ANCHOR (145, 170, 176, 252, 286) E5_EDGES 596 E5_COVERS_THROUGH_5 136 E5_COVER_SIZE_HIST ((4, 6), (5, 130)) E6_COVERS_THROUGH_5 0
SIZE5_ROW ANCHOR (145, 170, 252, 264, 286) E5_EDGES 885 E5_COVERS_THROUGH_5 33 E5_COVER_SIZE_HIST ((4, 1), (5, 32)) E6_COVERS_THROUGH_5 0
SIZE5_ROW ANCHOR (145, 176, 190, 252, 286) E5_EDGES 695 E5_COVERS_THROUGH_5 23 E5_COVER_SIZE_HIST ((5, 23),) E6_COVERS_THROUGH_5 0
SIZE5_ROW ANCHOR (145, 176, 252, 286, 290) E5_EDGES 572 E5_COVERS_THROUGH_5 132 E5_COVER_SIZE_HIST ((4, 5), (5, 127)) E6_COVERS_THROUGH_5 0
SIZE5_ROW ANCHOR (145, 190, 252, 264, 286) E5_EDGES 1004 E5_COVERS_THROUGH_5 7 E5_COVER_SIZE_HIST ((5, 7),) E6_COVERS_THROUGH_5 0
SIZE5_ROW ANCHOR (145, 252, 264, 286, 290) E5_EDGES 843 E5_COVERS_THROUGH_5 33 E5_COVER_SIZE_HIST ((4, 1), (5, 32)) E6_COVERS_THROUGH_5 0
SIZE5_ROW ANCHOR (168, 170, 193, 252, 286) E5_EDGES 328 E5_COVERS_THROUGH_5 754 E5_COVER_SIZE_HIST ((3, 2), (4, 56), (5, 696)) E6_COVERS_THROUGH_5 2
SIZE5_ROW ANCHOR (168, 190, 193, 252, 286) E5_EDGES 326 E5_COVERS_THROUGH_5 372 E5_COVER_SIZE_HIST ((4, 18), (5, 354)) E6_COVERS_THROUGH_5 0
SIZE5_ROW ANCHOR (168, 193, 252, 286, 290) E5_EDGES 171 E5_COVERS_THROUGH_5 1859 E5_COVER_SIZE_HIST ((3, 8), (4, 167), (5, 1684)) E6_COVERS_THROUGH_5 0
SIZE5_ROW ANCHOR (170, 176, 193, 252, 286) E5_EDGES 517 E5_COVERS_THROUGH_5 145 E5_COVER_SIZE_HIST ((4, 6), (5, 139)) E6_COVERS_THROUGH_5 0
SIZE5_ROW ANCHOR (170, 193, 252, 264, 286) E5_EDGES 654 E5_COVERS_THROUGH_5 61 E5_COVER_SIZE_HIST ((4, 2), (5, 59)) E6_COVERS_THROUGH_5 0
SIZE5_ROW ANCHOR (176, 190, 193, 252, 286) E5_EDGES 545 E5_COVERS_THROUGH_5 46 E5_COVER_SIZE_HIST ((4, 1), (5, 45)) E6_COVERS_THROUGH_5 0
SIZE5_ROW ANCHOR (176, 193, 252, 286, 290) E5_EDGES 307 E5_COVERS_THROUGH_5 399 E5_COVER_SIZE_HIST ((3, 1), (4, 27), (5, 371)) E6_COVERS_THROUGH_5 0
SIZE5_ROW ANCHOR (190, 193, 252, 264, 286) E5_EDGES 686 E5_COVERS_THROUGH_5 18 E5_COVER_SIZE_HIST ((5, 18),) E6_COVERS_THROUGH_5 0
SIZE5_ROW ANCHOR (193, 252, 264, 286, 290) E5_EDGES 409 E5_COVERS_THROUGH_5 173 E5_COVER_SIZE_HIST ((4, 8), (5, 165)) E6_COVERS_THROUGH_5 0
SIZE5_E6_BLOCKER ANCHOR (16, 95, 170, 252, 286) K (88, 145, 168, 193, 240)
SIZE5_E6_BLOCKER ANCHOR (16, 145, 170, 252, 286) K (88, 95, 168, 193, 240)
SIZE5_E6_BLOCKER ANCHOR (16, 170, 193, 252, 286) K (88, 95, 145, 168, 240)
SIZE5_E6_BLOCKER ANCHOR (88, 95, 170, 252, 286) K (16, 145, 168, 193, 240)
SIZE5_E6_BLOCKER ANCHOR (88, 95, 170, 252, 286) K (80, 145, 168, 193, 240)
SIZE5_E6_BLOCKER ANCHOR (88, 145, 170, 252, 286) K (16, 95, 168, 193, 240)
SIZE5_E6_BLOCKER ANCHOR (88, 145, 170, 252, 286) K (80, 95, 168, 193, 240)
SIZE5_E6_BLOCKER ANCHOR (88, 170, 193, 252, 286) K (16, 95, 145, 168, 240)
SIZE5_E6_BLOCKER ANCHOR (88, 170, 193, 252, 286) K (80, 95, 145, 168, 240)
SIZE5_E6_BLOCKER ANCHOR (95, 168, 170, 252, 286) K (16, 88, 145, 193, 240)
SIZE5_E6_BLOCKER ANCHOR (95, 168, 170, 252, 286) K (80, 88, 145, 193, 240)
SIZE5_E6_BLOCKER ANCHOR (145, 168, 170, 252, 286) K (16, 88, 95, 193, 240)
SIZE5_E6_BLOCKER ANCHOR (145, 168, 170, 252, 286) K (80, 88, 95, 193, 240)
SIZE5_E6_BLOCKER ANCHOR (168, 170, 193, 252, 286) K (16, 88, 95, 145, 240)
SIZE5_E6_BLOCKER ANCHOR (168, 170, 193, 252, 286) K (80, 88, 95, 145, 240)
SIZE5_RESIDUAL_BODY (16, 88, 95, 145, 168, 170, 193, 240, 252, 286) PRESENTATIONS 9 E7_WITNESSES 736 FIRST_WITNESS (8, 10, 15, 20, 80, 85, 290)
SIZE5_RESIDUAL_BODY (80, 88, 95, 145, 168, 170, 193, 240, 252, 286) PRESENTATIONS 6 E7_WITNESSES 514 FIRST_WITNESS (8, 10, 15, 16, 20, 85, 120)
SIZE5_SUMMARY NO_E5_COVER_ROWS 41 E5_COVER_ROWS 256 COMPLETE_E5_COVERS 21506 COVER_SIZE_HIST ((3, 33), (4, 1229), (5, 20244)) E6_BLOCKER_PRESENTATIONS 15 E6_BLOCKER_BODIES 2 ROW_LEDGER_FNV1A64_LE 9dbf51ecd6f8c2d5
SIZE6_ROW ANCHOR (8, 10, 42, 63, 132, 286) E5_EDGES 1733 E5_COVERS_THROUGH_4 0 COVERS () E6_COVERS_THROUGH_4 0
SIZE6_ROW ANCHOR (8, 20, 42, 63, 132, 286) E5_EDGES 1828 E5_COVERS_THROUGH_4 0 COVERS () E6_COVERS_THROUGH_4 0
SIZE6_ROW ANCHOR (8, 30, 42, 63, 132, 286) E5_EDGES 1830 E5_COVERS_THROUGH_4 0 COVERS () E6_COVERS_THROUGH_4 0
SIZE6_ROW ANCHOR (8, 42, 63, 132, 170, 286) E5_EDGES 1493 E5_COVERS_THROUGH_4 0 COVERS () E6_COVERS_THROUGH_4 0
SIZE6_ROW ANCHOR (8, 42, 63, 132, 190, 286) E5_EDGES 1621 E5_COVERS_THROUGH_4 0 COVERS () E6_COVERS_THROUGH_4 0
SIZE6_ROW ANCHOR (8, 42, 63, 132, 286, 290) E5_EDGES 1177 E5_COVERS_THROUGH_4 0 COVERS () E6_COVERS_THROUGH_4 0
SIZE6_ROW ANCHOR (10, 16, 42, 63, 132, 286) E5_EDGES 1890 E5_COVERS_THROUGH_4 0 COVERS () E6_COVERS_THROUGH_4 0
SIZE6_ROW ANCHOR (10, 42, 63, 88, 132, 286) E5_EDGES 1377 E5_COVERS_THROUGH_4 0 COVERS () E6_COVERS_THROUGH_4 0
SIZE6_ROW ANCHOR (10, 42, 63, 132, 176, 286) E5_EDGES 1543 E5_COVERS_THROUGH_4 0 COVERS () E6_COVERS_THROUGH_4 0
SIZE6_ROW ANCHOR (16, 20, 42, 63, 132, 286) E5_EDGES 1994 E5_COVERS_THROUGH_4 0 COVERS () E6_COVERS_THROUGH_4 0
SIZE6_ROW ANCHOR (16, 30, 42, 63, 132, 286) E5_EDGES 1996 E5_COVERS_THROUGH_4 0 COVERS () E6_COVERS_THROUGH_4 0
SIZE6_ROW ANCHOR (16, 42, 63, 132, 170, 286) E5_EDGES 1640 E5_COVERS_THROUGH_4 0 COVERS () E6_COVERS_THROUGH_4 0
SIZE6_ROW ANCHOR (16, 42, 63, 132, 190, 286) E5_EDGES 1783 E5_COVERS_THROUGH_4 0 COVERS () E6_COVERS_THROUGH_4 0
SIZE6_ROW ANCHOR (16, 42, 63, 132, 286, 290) E5_EDGES 1340 E5_COVERS_THROUGH_4 0 COVERS () E6_COVERS_THROUGH_4 0
SIZE6_ROW ANCHOR (20, 42, 63, 88, 132, 286) E5_EDGES 1453 E5_COVERS_THROUGH_4 0 COVERS () E6_COVERS_THROUGH_4 0
SIZE6_ROW ANCHOR (20, 42, 63, 132, 176, 286) E5_EDGES 1637 E5_COVERS_THROUGH_4 0 COVERS () E6_COVERS_THROUGH_4 0
SIZE6_ROW ANCHOR (30, 42, 63, 88, 132, 286) E5_EDGES 1454 E5_COVERS_THROUGH_4 0 COVERS () E6_COVERS_THROUGH_4 0
SIZE6_ROW ANCHOR (30, 42, 63, 132, 176, 286) E5_EDGES 1638 E5_COVERS_THROUGH_4 0 COVERS () E6_COVERS_THROUGH_4 0
SIZE6_ROW ANCHOR (42, 63, 88, 132, 170, 286) E5_EDGES 1158 E5_COVERS_THROUGH_4 0 COVERS () E6_COVERS_THROUGH_4 0
SIZE6_ROW ANCHOR (42, 63, 88, 132, 190, 286) E5_EDGES 1309 E5_COVERS_THROUGH_4 0 COVERS () E6_COVERS_THROUGH_4 0
SIZE6_ROW ANCHOR (42, 63, 88, 132, 286, 290) E5_EDGES 929 E5_COVERS_THROUGH_4 3 COVERS ((80, 85, 168, 193), (85, 168, 193, 240), (95, 168, 193, 240)) E6_COVERS_THROUGH_4 0
SIZE6_ROW ANCHOR (42, 63, 132, 170, 176, 286) E5_EDGES 1322 E5_COVERS_THROUGH_4 0 COVERS () E6_COVERS_THROUGH_4 0
SIZE6_ROW ANCHOR (42, 63, 132, 176, 190, 286) E5_EDGES 1453 E5_COVERS_THROUGH_4 0 COVERS () E6_COVERS_THROUGH_4 0
SIZE6_ROW ANCHOR (42, 63, 132, 176, 286, 290) E5_EDGES 1020 E5_COVERS_THROUGH_4 1 COVERS ((95, 168, 193, 240),) E6_COVERS_THROUGH_4 0
SIZE6_E5_BLOCKER ANCHOR (42, 63, 88, 132, 286, 290) K (80, 85, 168, 193) E6_WITNESSES 913 FIRST_WITNESS (8, 10, 15, 16, 95, 145)
SIZE6_E5_BLOCKER ANCHOR (42, 63, 88, 132, 286, 290) K (85, 168, 193, 240) E6_WITNESSES 708 FIRST_WITNESS (8, 10, 15, 16, 95, 145)
SIZE6_E5_BLOCKER ANCHOR (42, 63, 88, 132, 286, 290) K (95, 168, 193, 240) E6_WITNESSES 461 FIRST_WITNESS (8, 10, 16, 80, 85, 145)
SIZE6_E5_BLOCKER ANCHOR (42, 63, 132, 176, 286, 290) K (95, 168, 193, 240) E6_WITNESSES 651 FIRST_WITNESS (8, 10, 15, 85, 88, 143)
SIZE6_SUMMARY NO_E5_COVER_ROWS 22 E5_COVER_ROWS 2 COMPLETE_E5_COVERS 4 COVER_SIZE_HIST ((4, 4),) E6_BLOCKERS 0 ROW_LEDGER_FNV1A64_LE a4f776dc340f0260
BODY_HIERARCHY AMBIENT 8436285 VALID_PRIMITIVE_DIVISOR_COMPLETE 1491665 SIZE4_UNION 1138494 AFTER_SIZE5 1487206 AFTER_SIZE6 1491665 REMAINDER_AFTER_SIZE4 353171 REMAINDER_AFTER_SIZE5 4459 REMAINDER_AFTER_SIZE6 0 PRESENTATIONS_BY_ANCHOR_SIZE ((4, 3230304), (5, 7821198), (6, 143640))
Q50_FOUR_DISJOINT_ORIGINAL_ANCHOR_SLICES 10111881
VERDICT PASS
