==============================================================================
PROBE 1: rounded real-ratio dilates v_i = round(lambda*i), DC + primitive hits
==============================================================================
  lam= 1678.622  j@L0=12  M = 2611/23501 = 0.111102
  lam= 1834.500  j@L0=12  M = 1949/15593 = 0.124992
  lam= 1517.500  j@L0=12  M =   569/4553 = 0.124973
  lam= 1237.103  j@L0= 9  M = 2103/21031 = 0.099995
  lam= 1571.103  j@L0= 9  M = 2985/29851 = 0.099997
  lam= 1496.500  j@L0=12  M =        1/8 = 0.125000
  lam= 1133.857  j@L0=10  M =   992/7937 = 0.124984
  lam= 1863.400  j@L0=12  M =   828/7453 = 0.111096
  lam= 1495.143  j@L0=10  M = 2615/20932 = 0.124928
  lam= 1647.269  j@L0=12  M = 3088/24709 = 0.124975
  lam=  707.111  j@L0= 9  M = 1202/12021 = 0.099992
  lam=  504.143  j@L0=10  M =   441/3529 = 0.124965
  lam= 1887.583  j@L0=12  M = 2307/20764 = 0.111106
  lam= 1247.941  j@L0= 5  M =        1/9 = 0.111111
  lam= 1201.105  j@L0= 9  M = 2282/22821 = 0.099996
  lam= 1062.452  j@L0=12  M = 1859/14874 = 0.124983
  lam= 1160.938  j@L0= 5  M =        1/9 = 0.111111
  lam= 1420.500  j@L0=12  M = 1509/12074 = 0.124979
  lam=  537.286  j@L0=12  M =   470/3761 = 0.124967
  lam=  633.100  j@L0= 9  M =   633/6331 = 0.099984
  lam= 1595.870  j@L0=10  M = 1496/11969 = 0.124990
  lam= 1017.667  j@L0=12  M = 1628/16283 = 0.099982
  lam= 1708.160  j@L0=10  M = 2989/23914 = 0.124990
  lam= 1733.750  j@L0=11  M = 3467/27740 = 0.124982
  lam= 1739.840  j@L0=10  M = 1522/12179 = 0.124969
  lam=  752.400  j@L0=12  M = 1253/11286 = 0.111023
  lam=  859.667  j@L0=12  M =   275/2751 = 0.099964
  lam= 1173.292  j@L0=12  M = 2053/16426 = 0.124985
  lam=  744.900  j@L0= 9  M = 1564/15643 = 0.099981
  lam= 1818.833  j@L0=11  M = 3233/29101 = 0.111096
  lam=  717.500  j@L0=12  M =   269/2153 = 0.124942
  lam=  624.441  j@L0=12  M =   182/1457 = 0.124914
  lam= 1321.667  j@L0=12  M = 1850/18503 = 0.099984
  lam= 1872.043  j@L0= 2  M =       1/12 = 0.083333
  lam= 1951.108  j@L0= 9  M = 3707/37071 = 0.099997
  lam= 1027.265  j@L0=12  M = 1926/15409 = 0.124992
  lam= 1202.500  j@L0=12  M =  1127/9019 = 0.124958
  lam= 1317.500  j@L0=12  M =  1235/9881 = 0.124987
  lam= 1563.357  j@L0=12  M = 3517/28141 = 0.124978
  lam=  699.650  j@L0=12  M =   408/3265 = 0.124962
  lam=  546.250  j@L0=11  M =   273/2185 = 0.124943
  lam= 1998.846  j@L0=10  M = 3497/27984 = 0.124964
  lam=  690.818  j@L0=11  M = 1228/11053 = 0.111101
  lam=  955.500  j@L0=12  M =  1015/8122 = 0.124969
  lam=  653.182  j@L0=11  M = 1161/10451 = 0.111090
  lam= 1931.750  j@L0=11  M = 3863/30908 = 0.124984
  lam= 1978.333  j@L0=12  M = 1055/10551 = 0.099991
  lam= 1307.600  j@L0=12  M = 2179/19614 = 0.111094
  lam=  749.783  j@L0=11  M = 1312/10497 = 0.124988
  lam=  899.524  j@L0=12  M = 1686/13493 = 0.124954
  lam= 1528.842  j@L0=10  M = 2675/21404 = 0.124977
  lam=  813.600  j@L0=12  M = 1355/12204 = 0.111029
  lam= 1743.643  j@L0=12  M =  1017/8137 = 0.124985
  lam=  834.583  j@L0=12  M =  1020/9181 = 0.111099
  lam=  988.471  j@L0=12  M = 1853/14827 = 0.124975
  lam=  643.676  j@L0=12  M =   901/9011 = 0.099989
  lam=  902.438  j@L0=12  M = 1579/12634 = 0.124980
  lam= 1697.136  j@L0=10  M = 3182/25457 = 0.124995
  lam= 1069.647  j@L0=12  M = 1337/10697 = 0.124988
  lam= 1678.625  j@L0=12  M = 3357/26858 = 0.124991

  DC hit rate: 60/483 tried; below 1/13: 0; min M seen: none below

==============================================================================
PROBE 2: adversarial offsets at L=1560 — hill-climb b (|b_i|<=6) minimizing exact M
==============================================================================
  restart 0: min M = 4049/20285 = 0.199606  at b=[-6, 1, 2, 4, -4, 6, 0, 5, 1, 0, 2, 4, -5]  (j=11)
  restart 1: min M = 4283/24960 = 0.171595  at b=[3, -3, -1, -2, 1, -5, 4, 0, -2, 1, -5, -2, 1]  (j=12)
  restart 2: min M = 1/5 = 0.200000  at b=[-4, 3, 1, -1, -4, 2, 6, 4, 3, -4, -2, -1, 1]  (j=13)
  restart 3: min M = 4988/24961 = 0.199832  at b=[5, 1, 6, 6, 6, -3, 5, -6, 3, 5, -5, 3, 0]  (j=12)

  OVERALL adversarial min at L=1560: M = 4283/24960 = 0.171595, b = [3, -3, -1, -2, 1, -5, 4, 0, -2, 1, -5, -2, 1]
  vs 1/13 = 0.076923: still >= 1/13 (u-obstruction not found by this climb)
  vs 1/14 = 0.071429: above

DONE.
