LRC14 projected k=2 scalar scout 1600..1679
direct_base_lf_sha256=000b89e4e6745bcfece0f78b7fbd386300dd4162ac22d3da3eaa69aef16cd495
candidate_rows=240240;survivors=68
height_counts=((1604, 1), (1608, 2), (1612, 19), (1616, 1), (1618, 1), (1620, 8), (1625, 1), (1630, 1), (1631, 1), (1642, 1), (1645, 1), (1650, 12), (1656, 5), (1660, 1), (1665, 1), (1668, 9), (1670, 2), (1672, 1))
SURVIVOR;E=1,4,8,10,12,14;h=1049/2940;r=34;L=11760;largest_floor=1020;z1=1604;delta1=727/1650516;suffix=EXACT:1836:3583/3148740,EXACT:1708:1111/1255380,EXACT:2060:1867/2119740,EXACT:2172:263/310415;lower=1049/267540;upper=3009230909089/717954319578510;gap=5049130824083/18666812309041260
SURVIVOR;E=1,4,8,10,12,14;h=1049/2940;r=34;L=11760;largest_floor=1020;z1=1608;delta1=26/114905;suffix=EXACT:1836:3583/3148740,EXACT:1708:1111/1255380,EXACT:2060:1867/2119740,EXACT:2172:263/310415;lower=1049/267540;upper=954189969799/239914909784340;gap=17557065871/311889382719642
SURVIVOR;E=1,4,10,12,13,14;h=853/2548;r=34;L=76440;largest_floor=6625;z1=1608;delta1=475/1792518;suffix=HIGH-TAIL:None:204/343049,EXACT:1612:591/552916,EXACT:2340:239/267540,EXACT:1736:493/552916;lower=853/231868;upper=4815563251/1296773246860;gap=292314429/8429026104590
SURVIVOR;E=1,2,8,10,12,14;h=1049/2940;r=34;L=11760;largest_floor=1020;z1=1612;delta1=4813/8293740;suffix=EXACT:1836:1031/1049580,EXACT:1708:503/627690,EXACT:1736:1007/1275960,EXACT:2142:821/1049580;lower=1049/267540;upper=40616131/10320730056;gap=747437/51603650280
SURVIVOR;E=1,2,10,12,13,14;h=2629/7644;r=34;L=76440;largest_floor=6625;z1=1612;delta1=1661/1658748;suffix=HIGH-TAIL:None:204/343049,EXACT:2340:149/160524,EXACT:1836:7025/8186724,EXACT:1750:5527/6688500;lower=2629/695604;upper=467366264593/111048306027750;gap=1239285586043/2887255956721500
SURVIVOR;E=1,3,10,12,13,14;h=4353/12740;r=32;L=76440;largest_floor=6625;z1=1612;delta1=2677/2764580;suffix=HIGH-TAIL:None:192/343049,EXACT:2340:709/802620,EXACT:1750:1831/2229500,EXACT:1800:5921/8026200;lower=4353/1159340;upper=11526767351/2903223687000;gap=8137584113/37741907931000
SURVIVOR;E=1,4,6,8,10,14;h=1049/2940;r=30;L=11760;largest_floor=1020;z1=1612;delta1=6283/8293740;suffix=EXACT:1836:2603/3148740,EXACT:1750:403/514500,EXACT:2142:821/1049580,EXACT:1810:2911/3724980;lower=1049/267540;upper=1327819711/337762561500;gap=870859/84440640375
SURVIVOR;E=1,4,8,10,12,13;h=3/8;r=26;L=21840;largest_floor=1893;z1=1612;delta1=23/22568;suffix=EXACT:2340:29/32760,EXACT:1836:269/334152,EXACT:1724:35/44824,EXACT:2060:7/10712;lower=3/728;upper=1361068661/328467358440;gap=6557584/287408938635
SURVIVOR;E=1,4,8,10,12,14;h=1049/2940;r=34;L=11760;largest_floor=1020;z1=1612;delta1=6283/8293740;suffix=EXACT:1836:3583/3148740,EXACT:1708:1111/1255380,EXACT:2060:1867/2119740,EXACT:2172:263/310415;lower=1049/267540;upper=1626515921029/360767569563765;gap=169583281871/288614055651012
SURVIVOR;E=1,4,10,12,13,14;h=853/2548;r=34;L=76440;largest_floor=6625;z1=1612;delta1=591/552916;suffix=HIGH-TAIL:None:204/343049,EXACT:2340:239/267540,EXACT:1736:493/552916,EXACT:2004:3425/4467918;lower=853/231868;upper=13624225051/3232255704860;gap=11266755379/21009662081590
SURVIVOR;E=1,6,8,10,12,14;h=1049/2940;r=34;L=11760;largest_floor=1020;z1=1612;delta1=4813/8293740;suffix=EXACT:1836:1031/1049580,EXACT:1810:3401/3724980,EXACT:1722:671/843780,EXACT:2004:2617/3436860;lower=1049/267540;upper=422751026641/104840598389436;gap=29201446111/262101495973590
SURVIVOR;E=1,6,8,10,13,14;h=1587/5096;r=34;L=152880;largest_floor=13250;z1=1612;delta1=37/35672;suffix=HIGH-TAIL:None:102/324625,EXACT:1976:257/338884,EXACT:2340:17/24696,EXACT:1790:62581/95779320;lower=1587/463736;upper=24967709929/7233733143000;gap=1380514601/47019265429500
SURVIVOR;E=1,6,10,12,13,14;h=2657/7644;r=34;L=76440;largest_floor=6625;z1=1612;delta1=1675/1658748;suffix=HIGH-TAIL:None:204/343049,EXACT:2340:239/267540,EXACT:1836:6563/8186724,EXACT:1750:5303/6688500;lower=2657/695604;upper=454443706777/111048306027750;gap=787078982327/2887255956721500
SURVIVOR;E=1,8,10,12,13,14;h=811/2548;r=38;L=152880;largest_floor=13250;z1=1612;delta1=619/552916;suffix=HIGH-TAIL:None:114/324625,EXACT:2340:149/160524,EXACT:2004:1877/2233959,EXACT:1836:1081/1364454;lower=811/231868;upper=31443060848/7799588603625;gap=216455096471/405578607388500
SURVIVOR;E=1,10,11,12,13,14;h=32029/105105;r=38;L=840840;largest_floor=72873;z1=1612;delta1=85919/91231140;suffix=HIGH-TAIL:None:76/1190259,EXACT:1800:5099/5885880,EXACT:2340:823/980980,EXACT:1736:149893/182462280;lower=32029/9564555;upper=2609373703/738698540580;gap=1763845327/9603081027540
SURVIVOR;E=2,3,10,12,13,14;h=895/2548;r=32;L=76440;largest_floor=6625;z1=1612;delta1=15/17836;suffix=HIGH-TAIL:None:192/343049,EXACT:1750:2057/2229500,EXACT:2340:53/61740,EXACT:1836:103/151606;lower=895/231868;upper=9220931171/2388135613500;gap=9215837/7761440743875
SURVIVOR;E=2,4,8,10,12,14;h=281/735;r=36;L=11760;largest_floor=1020;z1=1612;delta1=2729/4146870;suffix=EXACT:1836:563/524790,EXACT:1708:289/313845,EXACT:1750:23/25725,EXACT:1810:1633/1862490;lower=281/66885;upper=51635163613/11675325875850;gap=2584306603/11675325875850
SURVIVOR;E=2,4,10,12,13,14;h=233/637;r=34;L=76440;largest_floor=6625;z1=1612;delta1=19/21266;suffix=HIGH-TAIL:None:204/343049,EXACT:1736:501/552916,EXACT:2340:23/26754,EXACT:1750:18/22295;lower=233/57967;upper=235814791/58064473740;gap=31498903/754838158620
SURVIVOR;E=2,6,8,10,12,14;h=363/980;r=36;L=11760;largest_floor=1020;z1=1612;delta1=1621/2764580;suffix=EXACT:1810:3721/3724980,EXACT:1836:317/349860,EXACT:1722:237/281260,EXACT:1946:783/953540;lower=363/89180;upper=120862724485/29087511329604;gap=3080443442/36359389162005
SURVIVOR;E=2,8,10,12,13,14;h=1689/5096;r=38;L=152880;largest_floor=13250;z1=1612;delta1=1121/1105832;suffix=HIGH-TAIL:None:114/324625,EXACT:2340:283/321048,EXACT:1736:219/276458,EXACT:1836:4265/5457816;lower=1689/463736;upper=4281823681/1120898961000;gap=1295658239/7285843246500
SURVIVOR;E=4,6,8,10,12,14;h=199/490;r=36;L=11760;largest_floor=1020;z1=1612;delta1=554/691145;suffix=EXACT:1836:862/787185,EXACT:1810:883/931245,EXACT:2172:278/310415,EXACT:1708:181/209230;lower=199/44590;upper=32262109967/7005195525510;gap=499367278/3502597762755
SURVIVOR;E=4,8,10,12,13,14;h=145/392;r=38;L=152880;largest_floor=13250;z1=1612;delta1=1317/1105832;suffix=HIGH-TAIL:None:114/324625,EXACT:1736:19/21266,EXACT:1836:4853/5457816,EXACT:2340:283/321048;lower=145/35672;upper=362675437/86222997000;gap=79268153/560449480500
SURVIVOR;E=1,4,8,10,12,14;h=1049/2940;r=34;L=11760;largest_floor=1020;z1=1616;delta1=69/277144;suffix=EXACT:1836:3583/3148740,EXACT:1708:1111/1255380,EXACT:2060:1867/2119740,EXACT:2172:263/310415;lower=1049/267540;upper=2893226821591/723325548902040;gap=742730954821/9403232135726520
SURVIVOR;E=2,6,8,10,12,14;h=363/980;r=36;L=11760;largest_floor=1020;z1=1618;delta1=764/1387435;suffix=EXACT:1810:3721/3724980,EXACT:1836:317/349860,EXACT:1722:237/281260,EXACT:1946:783/953540;lower=363/89180;upper=300676513498/72989443752015;gap=186101103073/3795451075104780
SURVIVOR;E=1,2,8,10,12,14;h=1049/2940;r=34;L=11760;largest_floor=1020;z1=1620;delta1=107/185220;suffix=EXACT:1836:1031/1049580,EXACT:1708:503/627690,EXACT:1736:1007/1275960,EXACT:2142:821/1049580;lower=1049/267540;upper=46833497/11908534680;gap=1835807/154810950840
SURVIVOR;E=1,4,8,10,12,14;h=1049/2940;r=34;L=11760;largest_floor=1020;z1=1620;delta1=419/555660;suffix=EXACT:1836:3583/3148740,EXACT:1708:1111/1255380,EXACT:2060:1867/2119740,EXACT:2172:263/310415;lower=1049/267540;upper=12098656417/2685614661765;gap=81567494191/139651962411780
SURVIVOR;E=1,4,9,10,12,14;h=1009/2940;r=32;L=17640;largest_floor=1529;z1=1620;delta1=173/185220;suffix=EXACT:1810:9481/11174940,EXACT:1836:2353/3148740,EXACT:2004:2437/3436860,EXACT:2534:2591/3724980;lower=1009/267540;upper=374461897/95176963980;gap=100825541/618650265870
SURVIVOR;E=2,4,8,10,12,14;h=281/735;r=36;L=11760;largest_floor=1020;z1=1620;delta1=113/138915;suffix=EXACT:1836:563/524790,EXACT:1708:289/313845,EXACT:1750:23/25725,EXACT:1810:1633/1862490;lower=281/66885;upper=596825582/130369643775;gap=638446871/1694805369075
SURVIVOR;E=2,4,9,10,12,14;h=271/735;r=34;L=17640;largest_floor=1529;z1=1620;delta1=46/46305;suffix=EXACT:1810:542/558747,EXACT:2534:719/931245,EXACT:1750:92/128625,EXACT:1790:7663/11051460;lower=271/66885;upper=621724013/150023569500;gap=180296069/1950306403500
SURVIVOR;E=2,8,9,10,12,14;h=1993/5880;r=36;L=35280;largest_floor=3058;z1=1620;delta1=163/185220;suffix=HIGH-TAIL:None:216/343049,EXACT:1810:21449/22349880,EXACT:1790:17573/22102920,EXACT:1722:1307/1687560;lower=1993/535080;upper=13914208358443/3445033233027960;gap=1759181775422/5598179003670435
SURVIVOR;E=3,4,8,10,12,14;h=373/980;r=34;L=11760;largest_floor=1020;z1=1620;delta1=391/555660;suffix=EXACT:1836:3163/3148740,EXACT:2172:3191/3724980,EXACT:1708:347/418460,EXACT:1750:139/171500;lower=373/89180;upper=10962971123/2607392875500;gap=373194037/16948053690750
SURVIVOR;E=4,8,9,10,12,14;h=2203/5880;r=36;L=35280;largest_floor=3058;z1=1620;delta1=11/10290;suffix=EXACT:3180:467/727160,EXACT:1836:5801/6297480,EXACT:1810:4063/4469976,EXACT:2172:5857/7449960;lower=2203/535080;upper=13071641/3020586282;gap=165219673/785352433320
SURVIVOR;E=1,2,10,12,13,14;h=2629/7644;r=34;L=76440;largest_floor=6625;z1=1625;delta1=27/44590;suffix=HIGH-TAIL:None:204/343049,EXACT:2340:149/160524,EXACT:1836:7025/8186724,EXACT:1750:5527/6688500;lower=2629/695604;upper=27316698281/7164406840500;gap=777355757/23284322231625
SURVIVOR;E=1,4,8,10,12,14;h=1049/2940;r=34;L=11760;largest_floor=1020;z1=1630;delta1=751/3354540;suffix=EXACT:1836:3583/3148740,EXACT:1708:1111/1255380,EXACT:2060:1867/2119740,EXACT:2172:263/310415;lower=1049/267540;upper=579996946672/145918396622565;gap=408937814491/7587756624373380
SURVIVOR;E=1,4,8,10,12,14;h=1049/2940;r=34;L=11760;largest_floor=1020;z1=1631;delta1=657/3196760;suffix=EXACT:1836:3583/3148740,EXACT:1708:1111/1255380,EXACT:2060:1867/2119740,EXACT:2172:263/310415;lower=1049/267540;upper=6601974642007/1668661909843320;gap=154188068969/4338520965592632
SURVIVOR;E=1,4,8,10,12,14;h=1049/2940;r=34;L=11760;largest_floor=1020;z1=1642;delta1=4741/16896180;suffix=EXACT:1836:3583/3148740,EXACT:1708:1111/1255380,EXACT:2060:1867/2119740,EXACT:2172:263/310415;lower=1049/267540;upper=2963021623313/734963212436355;gap=845496414205/7643617409338092
SURVIVOR;E=1,4,8,10,12,14;h=1049/2940;r=34;L=11760;largest_floor=1020;z1=1645;delta1=31/128968;suffix=EXACT:1836:3583/3148740,EXACT:1708:1111/1255380,EXACT:2060:1867/2119740,EXACT:2172:263/310415;lower=1049/267540;upper=1343458899157/336597037607880;gap=308002984927/4375761488902440
SURVIVOR;E=1,2,10,11,12,14;h=10973/32340;r=34;L=64680;largest_floor=5606;z1=1650;delta1=827/1131900;suffix=HIGH-TAIL:None:204/343049,EXACT:1800:1009/1131900,EXACT:1836:28991/34636140,EXACT:1750:4723/5659500;lower=10973/2942940;upper=11785687967/3031095201750;gap=12583840417/78808475245500
SURVIVOR;E=1,2,10,12,13,14;h=2629/7644;r=34;L=76440;largest_floor=6625;z1=1650;delta1=1733/2942940;suffix=HIGH-TAIL:None:204/343049,EXACT:2340:149/160524,EXACT:1836:7025/8186724,EXACT:1750:5527/6688500;lower=2629/695604;upper=149585759333/39404237622750;gap=17145541783/1024510178191500
SURVIVOR;E=1,4,8,10,12,14;h=1049/2940;r=34;L=11760;largest_floor=1020;z1=1650;delta1=173/282975;suffix=EXACT:1836:3583/3148740,EXACT:1708:1111/1255380,EXACT:2060:1867/2119740,EXACT:2172:263/310415;lower=1049/267540;upper=859131370063/196945075196100;gap=565029710057/1280142988774650
SURVIVOR;E=1,4,10,11,12,14;h=10693/32340;r=32;L=64680;largest_floor=5606;z1=1650;delta1=403/565950;suffix=HIGH-TAIL:None:192/343049,EXACT:1836:28711/34636140,EXACT:1708:10697/13809180,EXACT:1750:4331/5659500;lower=10693/2942940;upper=1346265932513/369793614613500;gap=8588150861/1201829247493875
SURVIVOR;E=1,4,10,12,13,14;h=853/2548;r=34;L=76440;largest_floor=6625;z1=1650;delta1=4721/7357350;suffix=HIGH-TAIL:None:204/343049,EXACT:2340:239/267540,EXACT:1736:493/552916,EXACT:2004:3425/4467918;lower=853/231868;upper=505039513156/133330547825475;gap=756121224787/6933188486924700
SURVIVOR;E=1,8,10,12,13,14;h=811/2548;r=38;L=152880;largest_floor=13250;z1=1650;delta1=4847/7357350;suffix=HIGH-TAIL:None:114/324625,EXACT:2340:149/160524,EXACT:2004:1877/2233959,EXACT:1836:1081/1364454;lower=811/231868;upper=39528490367/11070383824500;gap=5250917323/71957494859250
SURVIVOR;E=1,10,11,12,13,14;h=32029/105105;r=38;L=840840;largest_floor=72873;z1=1650;delta1=1006/1226225;suffix=HIGH-TAIL:None:76/1190259,EXACT:1800:5099/5885880,EXACT:2340:823/980980,EXACT:1736:149893/182462280;lower=32029/9564555;upper=3149648576/923373175725;gap=747915473/12003851284425
SURVIVOR;E=2,3,10,11,12,14;h=10973/32340;r=34;L=64680;largest_floor=5606;z1=1650;delta1=827/1131900;suffix=HIGH-TAIL:None:204/343049,EXACT:1800:1009/1131900,EXACT:1750:4723/5659500,EXACT:1736:2591/3508890;lower=10973/2942940;upper=4654783543/1228286944500;gap=81263082/1330644189875
SURVIVOR;E=2,4,6,8,10,14;h=281/735;r=32;L=11760;largest_floor=1020;z1=1650;delta1=293/377300;suffix=EXACT:1810:841/931245,EXACT:1750:23/25725,EXACT:2142:229/262395,EXACT:2534:799/931245;lower=281/66885;upper=44975401/10448568900;gap=14019793/135831395700
SURVIVOR;E=2,4,8,10,12,14;h=281/735;r=36;L=11760;largest_floor=1020;z1=1650;delta1=293/377300;suffix=EXACT:1836:563/524790,EXACT:1708:289/313845,EXACT:1750:23/25725,EXACT:1810:1633/1862490;lower=281/66885;upper=2894310121/637362702900;gap=2815745953/8285715137700
SURVIVOR;E=2,4,10,11,12,14;h=5759/16170;r=34;L=64680;largest_floor=5606;z1=1650;delta1=331/377300;suffix=HIGH-TAIL:None:204/343049,EXACT:1750:2479/2829750,EXACT:1708:2798/3452295,EXACT:1736:1403/1754445;lower=443/113190;upper=98855729831/24975167871500;gap=3325753843/74925503614500
SURVIVOR;E=2,8,10,11,12,14;h=21041/64680;r=38;L=129360;largest_floor=11212;z1=1650;delta1=43/56595;suffix=HIGH-TAIL:None:57/137347,EXACT:1708:23959/27618360,EXACT:1736:5927/7017780,EXACT:1836:18769/23090760;lower=21041/5885880;upper=56601677156/15298993741185;gap=198684552181/1591095349083240
SURVIVOR;E=1,2,8,10,12,14;h=1049/2940;r=34;L=11760;largest_floor=1020;z1=1656;delta1=317/473340;suffix=EXACT:1836:1031/1049580,EXACT:1708:503/627690,EXACT:1736:1007/1275960,EXACT:2142:821/1049580;lower=1049/267540;upper=367457893/91298765880;gap=24657719/237376791288
SURVIVOR;E=1,4,8,10,12,14;h=1049/2940;r=34;L=11760;largest_floor=1020;z1=1656;delta1=317/473340;suffix=EXACT:1836:3583/3148740,EXACT:1708:1111/1255380,EXACT:2060:1867/2119740,EXACT:2172:263/310415;lower=1049/267540;upper=182039273611/41179424813730;gap=535040877773/1070665045156980
SURVIVOR;E=1,6,8,10,12,14;h=1049/2940;r=34;L=11760;largest_floor=1020;z1=1656;delta1=317/473340;suffix=EXACT:1836:1031/1049580,EXACT:1810:3401/3724980,EXACT:1722:671/843780,EXACT:2004:2617/3436860;lower=1049/267540;upper=123310505893/29917292344380;gap=7809781717/38892480047694
SURVIVOR;E=1,8,10,12,13,14;h=811/2548;r=38;L=152880;largest_floor=13250;z1=1656;delta1=6373/9230130;suffix=HIGH-TAIL:None:114/324625,EXACT:2340:149/160524,EXACT:2004:1877/2233959,EXACT:1836:1081/1364454;lower=811/231868;upper=19242299941/5341653733500;gap=47227560077/451369740480750
SURVIVOR;E=2,4,8,10,12,14;h=281/735;r=36;L=11760;largest_floor=1020;z1=1656;delta1=169/355005;suffix=EXACT:1836:563/524790,EXACT:1708:289/313845,EXACT:1750:23/25725,EXACT:1810:1633/1862490;lower=281/66885;upper=1412811284/333166867425;gap=170261027/4331169276525
SURVIVOR;E=1,4,8,10,12,14;h=1049/2940;r=34;L=11760;largest_floor=1020;z1=1660;delta1=377/1708140;suffix=EXACT:1836:3583/3148740,EXACT:1708:1111/1255380,EXACT:2060:1867/2119740,EXACT:2172:263/310415;lower=1049/267540;upper=590200989571/148604011284330;gap=195992702873/3863704293392580
SURVIVOR;E=1,4,8,10,12,14;h=1049/2940;r=34;L=11760;largest_floor=1020;z1=1665;delta1=929/4568760;suffix=EXACT:1836:3583/3148740,EXACT:1708:1111/1255380,EXACT:2060:1867/2119740,EXACT:2172:263/310415;lower=1049/267540;upper=1047803749079/264980646627480;gap=114903630533/3444748406157240
SURVIVOR;E=1,2,10,11,12,14;h=10973/32340;r=34;L=64680;largest_floor=5606;z1=1668;delta1=3853/5244470;suffix=HIGH-TAIL:None:204/343049,EXACT:1800:1009/1131900,EXACT:1836:28991/34636140,EXACT:1750:4723/5659500;lower=10973/2942940;upper=3279832877131/842644466086500;gap=448376226982/2738594514781125
SURVIVOR;E=1,4,8,10,12,14;h=1049/2940;r=34;L=11760;largest_floor=1020;z1=1668;delta1=1609/2860620;suffix=EXACT:1836:3583/3148740,EXACT:1708:1111/1255380,EXACT:2060:1867/2119740,EXACT:2172:263/310415;lower=1049/267540;upper=1073461054439/248866958656890;gap=507917023781/1294108185015828
SURVIVOR;E=1,6,8,10,12,14;h=1049/2940;r=34;L=11760;largest_floor=1020;z1=1668;delta1=1609/2860620;suffix=EXACT:1836:1031/1049580,EXACT:1810:3401/3724980,EXACT:1722:671/843780,EXACT:2004:2617/3436860;lower=1049/267540;upper=145166854429/36160901181468;gap=109955648029/1175229288397710
SURVIVOR;E=1,6,9,10,12,14;h=1601/4410;r=32;L=17640;largest_floor=1529;z1=1668;delta1=6107/8581860;suffix=EXACT:1836:1369/1574370,EXACT:1746:851/998130,EXACT:1810:2267/2793735,EXACT:2172:8333/11174940;lower=1601/401310;upper=3066718511/768425751702;gap=36862421/24973836930315
SURVIVOR;E=1,6,10,11,12,14;h=11183/32340;r=32;L=64680;largest_floor=5606;z1=1668;delta1=949/1430310;suffix=HIGH-TAIL:None:192/343049,EXACT:1750:5017/5659500,EXACT:1722:8117/9281580,EXACT:1836:29201/34636140;lower=11183/2942940;upper=132225803733899/34548423109546500;gap=6134798141581/224564750212052250
SURVIVOR;E=1,8,10,11,12,14;h=10273/32340;r=36;L=129360;largest_floor=11212;z1=1668;delta1=11699/15733410;suffix=HIGH-TAIL:None:54/137347,EXACT:1836:28291/34636140,EXACT:1708:10907/13809180,EXACT:1736:11029/14035560;lower=10273/2942940;upper=16374547747891/4639767556417560;gap=25509205155527/663486760567711080
SURVIVOR;E=2,4,8,10,12,14;h=281/735;r=36;L=11760;largest_floor=1020;z1=1668;delta1=737/1430310;suffix=EXACT:1836:563/524790,EXACT:1708:289/313845,EXACT:1750:23/25725,EXACT:1810:1633/1862490;lower=281/66885;upper=17234539669/4026973441050;gap=4111302007/52350654733650
SURVIVOR;E=2,6,8,10,12,14;h=363/980;r=36;L=11760;largest_floor=1020;z1=1668;delta1=1439/2860620;suffix=EXACT:1810:3721/3724980,EXACT:1836:317/349860,EXACT:1722:237/281260,EXACT:1946:783/953540;lower=363/89180;upper=293894543/72177447468;gap=1658512/1172883521355
SURVIVOR;E=2,8,10,11,12,14;h=21041/64680;r=38;L=129360;largest_floor=11212;z1=1668;delta1=42671/62933640;suffix=HIGH-TAIL:None:57/137347,EXACT:1708:23959/27618360,EXACT:1736:5927/7017780,EXACT:1836:18769/23090760;lower=21041/5885880;upper=5595477034967/1546589185472520;gap=1192065473288/27645281690321295
SURVIVOR;E=1,4,8,10,12,14;h=1049/2940;r=34;L=11760;largest_floor=1020;z1=1670;delta1=1637/3436860;suffix=EXACT:1836:3583/3148740,EXACT:1708:1111/1255380,EXACT:2060:1867/2119740,EXACT:2172:263/310415;lower=1049/267540;upper=1263936521887/298998432343170;gap=476272527457/1554791848184484
SURVIVOR;E=1,6,8,10,12,14;h=1049/2940;r=34;L=11760;largest_floor=1020;z1=1670;delta1=1637/3436860;suffix=EXACT:1836:1031/1049580,EXACT:1810:3401/3724980,EXACT:1722:671/843780,EXACT:2004:2617/3436860;lower=1049/267540;upper=1021951663/260150368212;gap=62586451/8454886966890
SURVIVOR;E=1,4,8,10,12,14;h=1049/2940;r=34;L=11760;largest_floor=1020;z1=1672;delta1=1679/4301220;suffix=EXACT:1836:3583/3148740,EXACT:1708:1111/1255380,EXACT:2060:1867/2119740,EXACT:2172:263/310415;lower=1049/267540;upper=1549649723059/374195642872590;gap=428805782971/1945817342937468
profile_sha256=8ef2eead4eb68eeff33e38152c09648032e5652886594c71214c54bd55e39d83
survivor_sha256=b94748a736bc0069efb3b091b112527ad42a146b7eb549bd15f101658d2249d6
all_exact_controls=PASS
