==============================================================================
Total configs screened: 129029
Lowest FLOAT max-min (candidate counterexamples sit near 1/14=0.0714286):
==============================================================================

EXACT max-min, smallest 25 (counterexample iff < 1/14):
  maxmin=0.0714285714=1/14  (=1/14 exactly: LRC tight)
        tau=13/14  S=(1, 2, 3, 4, 5, 6, 7, 8, 9, 10, 11, 12, 13) lcm=360360 prim=True [AP]
  maxmin=0.0714285714=1/14  (=1/14 exactly: LRC tight)
        tau=3/14  S=(1, 2, 3, 4, 5, 6, 7, 8, 9, 10, 11, 13, 24) lcm=360360 prim=True [sporadic]
  maxmin=0.0740740741=2/27
        tau=25/27  S=(1, 2, 3, 4, 5, 6, 7, 8, 9, 10, 11, 12, 26) lcm=360360 prim=True [single 13->26]
  maxmin=0.0769230769=1/13
        tau=3/13  S=(1, 2, 3, 4, 5, 6, 7, 8, 9, 10, 11, 12, 27) lcm=83160 prim=True [single 13->27]
  maxmin=0.08=2/25
        tau=9/25  S=(1, 2, 3, 4, 5, 6, 7, 8, 9, 10, 12, 13, 22) lcm=360360 prim=True [single 11->22]
  maxmin=0.0802919708=11/137
        tau=80/137  S=(1, 2, 3, 4, 5, 6, 7, 8, 9, 10, 11, 13, 132) lcm=360360 prim=True [single 12->132]
  maxmin=0.0816326531=4/49
        tau=17/98  S=(1, 2, 3, 4, 5, 7, 8, 9, 10, 11, 12, 13, 86) lcm=15495480 prim=True [single 6->86]
  maxmin=0.0833333333=1/12
        tau=5/12  S=(1, 2, 3, 4, 5, 6, 7, 8, 9, 10, 11, 25, 26) lcm=1801800 prim=True [double 12,13->25,26]
  maxmin=0.0833333333=1/12
        tau=5/12  S=(1, 2, 3, 4, 5, 6, 7, 8, 9, 10, 11, 13, 87) lcm=10450440 prim=True [single 12->87]
  maxmin=0.0833333333=1/12
        tau=5/12  S=(1, 2, 3, 4, 5, 6, 7, 8, 9, 10, 11, 13, 118) lcm=21261240 prim=True [single 12->118]
  maxmin=0.0833333333=1/12
        tau=5/12  S=(1, 2, 3, 4, 5, 6, 7, 8, 9, 10, 11, 13, 86) lcm=15495480 prim=True [single 12->86]
  maxmin=0.0833333333=1/12
        tau=5/12  S=(1, 2, 3, 4, 5, 6, 7, 8, 9, 10, 11, 13, 70) lcm=360360 prim=True [single 12->70]
  maxmin=0.0833333333=1/12
        tau=5/12  S=(1, 2, 3, 4, 5, 6, 7, 8, 9, 11, 13, 20, 70) lcm=360360 prim=True [double 10,12->20,70]
  maxmin=0.0833333333=1/12
        tau=119/144  S=(1, 2, 3, 4, 5, 7, 8, 9, 10, 11, 12, 13, 132) lcm=360360 prim=True [single 6->132]
  maxmin=0.0833333333=1/12
        tau=5/12  S=(1, 2, 3, 5, 6, 7, 8, 9, 10, 11, 13, 19, 25) lcm=34234200 prim=True [double 4,12->19,25]
  maxmin=0.085106383=4/47
        tau=33/47  S=(1, 2, 3, 4, 5, 6, 7, 8, 9, 11, 13, 40, 70) lcm=360360 prim=True [double 10,12->40,70]
  maxmin=0.085106383=4/47
        tau=14/47  S=(1, 2, 3, 4, 5, 7, 8, 9, 11, 12, 13, 25, 40) lcm=1801800 prim=True [double 6,10->25,40]
  maxmin=0.085106383=4/47
        tau=14/47  S=(1, 2, 3, 4, 5, 6, 7, 8, 9, 11, 13, 25, 40) lcm=1801800 prim=True [double 10,12->25,40]
  maxmin=0.0869565217=2/23
        tau=4/23  S=(1, 2, 3, 4, 5, 7, 8, 9, 10, 11, 12, 13, 104) lcm=360360 prim=True [single 6->104]
  maxmin=0.0869565217=2/23
        tau=4/23  S=(1, 2, 3, 4, 5, 7, 8, 9, 10, 11, 12, 13, 88) lcm=360360 prim=True [single 6->88]
  maxmin=0.0869565217=2/23
        tau=4/23  S=(1, 2, 3, 4, 5, 7, 8, 9, 10, 11, 12, 13, 87) lcm=10450440 prim=True [single 6->87]
  maxmin=0.0869565217=2/23
        tau=4/23  S=(1, 2, 3, 4, 5, 7, 8, 9, 10, 11, 12, 13, 102) lcm=6126120 prim=True [single 6->102]
  maxmin=0.0869565217=2/23
        tau=4/23  S=(1, 2, 3, 4, 5, 7, 8, 9, 10, 11, 12, 13, 70) lcm=360360 prim=True [single 6->70]
  maxmin=0.0869565217=2/23
        tau=4/23  S=(1, 2, 3, 4, 5, 7, 8, 9, 11, 12, 13, 20, 70) lcm=360360 prim=True [double 6,10->20,70]
  maxmin=0.0869565217=2/23
        tau=11/46  S=(1, 2, 3, 5, 6, 7, 8, 9, 10, 11, 12, 13, 38) lcm=6846840 prim=True [single 4->38]

SMALLEST exact max-min over verified survivors: 1/14 = 0.07142857142857142
1/14 = 0.07142857142857142
Below 1/14?  False
count below 1/14: 0
