SPREAD-BOUND PLATEAU  m(k,W) for k=8..11 (exhibit the bounded W*):

k=8:
   W= 7: m =          163/490 = 0.332653  <-- new min
   W= 8: m =           47/140 = 0.335714
   W= 9: m =            31/90 = 0.344444
   W=10: m =           47/140 = 0.335714
   W=11: m =           71/220 = 0.322727  <-- new min
   W=12: m =         971/2940 = 0.330272
   W=13: m =         603/1820 = 0.331319
   W=14: m =         743/2205 = 0.336961
   W=15: m =          221/630 = 0.350794
   W=16: m =          319/980 = 0.325510
   => k=8: min m = 71/220 = 0.322727 at W*=11, E=(0, 2, 3, 4, 5, 6, 8, 11) (spread 11)

k=9:
   W= 8: m =          277/980 = 0.282653  <-- new min
   W= 9: m =         557/2205 = 0.252608  <-- new min
   W=10: m =         383/1470 = 0.260544
   W=11: m =        1261/5390 = 0.233952  <-- new min
   W=12: m =          164/735 = 0.223129  <-- new min
   W=13: m =         263/1092 = 0.240842
   W=14: m =        1049/4410 = 0.237868
   W=15: m =         293/1470 = 0.199320  <-- new min
   W=16: m =             5/24 = 0.208333
   => k=9: min m = 293/1470 = 0.199320 at W*=15, E=(0, 3, 5, 7, 8, 9, 10, 11, 15) (spread 15)

k=10:
   W= 9: m =         557/2205 = 0.252608  <-- new min
   W=10: m =          127/588 = 0.215986  <-- new min
   W=11: m =         509/2310 = 0.220346
   W=12: m =       3083/16170 = 0.190662  <-- new min
   W=13: m =        1399/7644 = 0.183019  <-- new min
   W=14: m =         468/2695 = 0.173655  <-- new min
   W=15: m =         214/1365 = 0.156777  <-- new min
   W=16: m =          115/728 = 0.157967
   => k=10: min m = 214/1365 = 0.156777 at W*=15, E=(0, 1, 3, 4, 5, 7, 9, 10, 14, 15) (spread 15)

k=11:
   W=10: m =          127/588 = 0.215986  <-- new min
   W=11: m =        1313/6468 = 0.202999  <-- new min
   W=12: m =         829/4620 = 0.179437  <-- new min
   W=13: m =           76/455 = 0.167033  <-- new min
   W=14: m =         409/2548 = 0.160518  <-- new min
   W=15: m =         817/5460 = 0.149634  <-- new min
   W=16: m =       3363/25480 = 0.131986  <-- new min
   => k=11: min m = 3363/25480 = 0.131986 at W*=16, E=(0, 1, 2, 4, 5, 6, 8, 11, 14, 15, 16) (spread 16)

DONE.
