  [1/78] removed (1, 7): raw 628877, scanned 93519, survivors 0,   3.4s
  [2/78] removed (1, 9): raw 628877, scanned 130403, survivors 0,   4.4s
  [3/78] removed (1, 8): raw 628877, scanned 139751, survivors 0,   4.7s
  [4/78] removed (1, 10): raw 628877, scanned 112135, survivors 0,   7.0s
  [5/78] removed (1, 12): raw 628877, scanned 93304, survivors 0,   7.7s
  [6/78] removed (1, 11): raw 628877, scanned 112323, survivors 0,   8.1s
  [7/78] removed (1, 13): raw 628877, scanned 93599, survivors 0,   9.7s
  [8/78] removed (1, 2): raw 628877, scanned 628877, survivors 0,  18.9s
  [9/78] removed (1, 5): raw 628877, scanned 628877, survivors 0,  18.9s
  [10/78] removed (1, 6): raw 628877, scanned 628877, survivors 0,  18.9s
  [11/78] removed (1, 3): raw 628877, scanned 628877, survivors 0,  19.0s
  [12/78] removed (1, 4): raw 628877, scanned 628877, survivors 0,  19.1s
  [13/78] removed (2, 7): raw 628877, scanned 93519, survivors 0,  23.1s
  [14/78] removed (2, 10): raw 628877, scanned 112135, survivors 0,  23.9s
  [15/78] removed (2, 9): raw 628877, scanned 130403, survivors 0,  24.6s
  [16/78] removed (2, 8): raw 628877, scanned 139751, survivors 0,  24.7s
  [17/78] removed (2, 13): raw 628877, scanned 93599, survivors 0,  28.1s
  [18/78] removed (2, 11): raw 628877, scanned 112323, survivors 0,  28.2s
  [19/78] removed (2, 12): raw 628877, scanned 93304, survivors 0,  28.4s
  [20/78] removed (2, 3): raw 628877, scanned 628877, survivors 0,  31.6s
  [21/78] removed (3, 7): raw 628877, scanned 93519, survivors 0,  32.6s
  [22/78] removed (2, 4): raw 628877, scanned 628877, survivors 0,  34.1s
  [23/78] removed (2, 5): raw 628877, scanned 628877, survivors 0,  35.6s
  [24/78] removed (3, 8): raw 628877, scanned 139751, survivors 0,  37.8s
  [25/78] removed (3, 9): raw 628877, scanned 130403, survivors 0,  38.3s
  [26/78] removed (3, 10): raw 628877, scanned 112135, survivors 0,  39.1s
  [27/78] removed (3, 11): raw 628877, scanned 112323, survivors 0,  39.2s
  [69/78] removed (9, 13): raw 628877, scanned 20818, survivors 0,  84.9s
  [70/78] removed (10, 11): raw 628877, scanned 20706, survivors 0,  85.0s
  [71/78] removed (8, 12): raw 628877, scanned 54029, survivors 0,  85.3s
  [72/78] removed (10, 13): raw 628877, scanned 19309, survivors 0,  85.4s
  [73/78] removed (11, 12): raw 628877, scanned 19335, survivors 0,  85.7s
  [74/78] removed (9, 12): raw 628877, scanned 35929, survivors 0,  85.7s
  [75/78] removed (12, 13): raw 628877, scanned 13383, survivors 0,  86.2s
  [76/78] removed (11, 13): raw 628877, scanned 15075, survivors 0,  86.2s
  [77/78] removed (10, 12): raw 628877, scanned 26845, survivors 0,  86.5s
  [78/78] removed (5, 6): raw 628877, scanned 628877, survivors 0,  90.8s

TOTALS: raw 49052406, duty 14546735, rung 14546735, scanned 14546735, max exit-q 49, survivors 0, 90.8s

==== STRIP VERDICT ====
The mixed strip is EMPTY of gap families.  Together with
HYP-7985 (x<y ≤ 300) and HYP-8005 (both ≥ 265; y ≥ 23x):
THE TWO-FAR STRATUM HAS NO FAMILY WITH M ∈ (1/14, 3/41)
AT ANY HEIGHT (modulo the plateau lemma's independent read).
