========================================================================
PART 0: ENGINE SANITY (analytic mu_theta vs brute midpoint sampling)
========================================================================
E=[0, 1, 2, 3, 4, 5, 6, 7]  analytic=0.940136 (=691/735)  brute~0.940150  |diff|=1.39e-05  OK (close)
E=[0, 1, 2, 3, 4, 5, 6]  analytic=1.000000 (=1)  brute~1.000000  |diff|=0.00e+00  OK (close)
E=[0, 1, 2]  analytic=1.000000 (=1)  brute~1.000000  |diff|=0.00e+00  OK (close)
E=[0, 2, 5, 9]  analytic=1.000000 (=1)  brute~1.000000  |diff|=0.00e+00  OK (close)
E=[0, 1, 3, 7, 12, 20, 30, 44]  analytic=1.000000 (=1)  brute~1.000000  |diff|=0.00e+00  OK (close)

========================================================================
PART 1: RE-DERIVE mu_{1/7}(consec_k) and thr_k EXACTLY
========================================================================
k=8: mu_1/7(consec) = 691/735 = 0.940136   claimed 691/735   OK
k=9: mu_1/7(consec) = 247/294 = 0.840136   claimed 247/294   OK
k=10: mu_1/7(consec) = 38/49 = 0.775510   claimed 38/49   OK
k=11: mu_1/7(consec) = 1381/2205 = 0.626304   claimed 1381/2205   OK
k=12: mu_1/7(consec) = 13823/24255 = 0.569903   claimed 13823/24255   OK
k=13: mu_1/7(consec) = 477/1078 = 0.442486   claimed 477/1078   OK

thr_k = 1 - min_{|P|=13-k, P in {1..13}} meas(G_P):
k=8: thr = 3637/5880 = 0.618537   argmin P=(1, 5, 7, 8, 9)   claimed 3637/5880=0.618537   OK
k=9: thr = 2025/4004 = 0.505744   argmin P=(1, 11, 12, 13)   
k=10: thr = 36/91 = 0.395604   argmin P=(1, 12, 13)   
k=11: thr = 25/91 = 0.274725   argmin P=(1, 13)   
k=12: thr = 1/7 = 0.142857   argmin P=(1,)   claimed 1/7=0.142857   OK
k=13: thr = 0 = 0.000000   argmin P=()   claimed 0=0.000000   OK

MARGIN check: mu_1/7(consec_k) - thr_k  (must be >= 0):
k=8: margin = 1891/5880 = 0.321599  >=0
k=9: margin = 28117/84084 = 0.334392  >=0
k=10: margin = 242/637 = 0.379906  >=0
k=11: margin = 10078/28665 = 0.351579  >=0
k=12: margin = 10358/24255 = 0.427046  >=0
k=13: margin = 477/1078 = 0.442486  >=0

Consecutive clears thr at every k=8..13: True

========================================================================
PART 2: HUNT for integer E with mu_{1/7}(E) < thr_k
========================================================================

[2a] Exhaustive small-spread (subsets of {0..W} with 0 in E):
  k=8: checked 792 sets up to W=12; min mu=691/735=0.940136 at E=(0, 1, 2, 3, 4, 5, 6, 7); thr=0.618537; consec is min
  k=9: checked 1287 sets up to W=13; min mu=247/294=0.840136 at E=(0, 1, 2, 3, 4, 5, 6, 7, 8); thr=0.505744; consec is min
  k=10: checked 715 sets up to W=13; min mu=38/49=0.775510 at E=(0, 1, 2, 3, 4, 5, 6, 7, 8, 9); thr=0.395604; consec is min
  k=11: checked 286 sets up to W=13; min mu=1381/2205=0.626304 at E=(0, 1, 2, 3, 4, 5, 6, 7, 8, 9, 10); thr=0.274725; consec is min
  k=12: checked 78 sets up to W=13; min mu=13823/24255=0.569903 at E=(0, 1, 2, 3, 4, 5, 6, 7, 8, 9, 10, 11); thr=0.142857; consec is min

[2b] Aggressive large-spread families (the mu_{2/7} crushers):
  family 'AP step s':
    k=8: min=0.940136 (E=(0, 1, 2, 3, 4, 5, 6, 7)) thr=0.618537 consec=0.940136 [ok]
    k=9: min=0.840136 (E=(0, 1, 2, 3, 4, 5, 6, 7, 8)) thr=0.505744 consec=0.840136 [ok]
    k=10: min=0.775510 (E=(0, 1, 2, 3, 4, 5, 6, 7, 8, 9)) thr=0.395604 consec=0.775510 [ok]
    k=11: min=0.626304 (E=(0, 1, 2, 3, 4, 5, 6, 7, 8, 9, 10)) thr=0.274725 consec=0.626304 [ok]
    k=12: min=0.569903 (E=(0, 1, 2, 3, 4, 5, 6, 7, 8, 9, 10, 11)) thr=0.142857 consec=0.569903 [ok]
  family 'doubling/poly':
    k=8: min=0.940136 (E=(0, 2, 4, 6, 8, 10, 12, 14)) thr=0.618537 consec=0.940136 [ok]
    k=9: min=0.840136 (E=(0, 2, 4, 6, 8, 10, 12, 14, 16)) thr=0.505744 consec=0.840136 [ok]
    k=10: min=0.775510 (E=(0, 2, 4, 6, 8, 10, 12, 14, 16, 18)) thr=0.395604 consec=0.775510 [ok]
    k=11: min=0.626304 (E=(0, 2, 4, 6, 8, 10, 12, 14, 16, 18, 20)) thr=0.274725 consec=0.626304 [ok]
    k=12: min=0.569903 (E=(0, 2, 4, 6, 8, 10, 12, 14, 16, 18, 20, 22)) thr=0.142857 consec=0.569903 [ok]
  family 'perforated-consec':
    k=8: min=0.971882 (E=(0, 2, 3, 4, 5, 6, 7, 9)) thr=0.618537 consec=0.940136 [ok]
    k=9: min=0.916327 (E=(0, 2, 3, 4, 5, 6, 7, 8, 10)) thr=0.505744 consec=0.840136 [ok]
    k=10: min=0.840136 (E=(0, 2, 3, 4, 5, 6, 7, 8, 9, 10)) thr=0.395604 consec=0.775510 [ok]
    k=11: min=0.690930 (E=(0, 2, 3, 4, 5, 6, 7, 8, 9, 10, 12)) thr=0.274725 consec=0.626304 [ok]
    k=12: min=0.626304 (E=(0, 2, 3, 4, 5, 6, 7, 8, 9, 10, 11, 12)) thr=0.142857 consec=0.569903 [ok]
  family 'random large-spread':
    k=8: min=0.940136 (E=(0, 1, 2, 3, 4, 5, 6, 7)) thr=0.618537 consec=0.940136 [ok]
    k=9: min=0.840136 (E=(0, 1, 2, 3, 4, 5, 6, 7, 8)) thr=0.505744 consec=0.840136 [ok]
    k=10: min=0.775510 (E=(0, 1, 2, 3, 4, 5, 6, 7, 8, 9)) thr=0.395604 consec=0.775510 [ok]
    k=11: min=0.775510 (E=(0, 4, 5, 6, 7, 8, 9, 10, 11, 12, 13)) thr=0.274725 consec=0.626304 [ok]
    k=12: min=0.605896 (E=(0, 1, 2, 3, 4, 5, 6, 7, 8, 9, 10, 18)) thr=0.142857 consec=0.569903 [ok]
