THM-2782 SEMANTIC RIGHT-ARM / BOCKSTEIN ATTACHMENT
status=THM-2782 FINITE-EXACT candidate; no LRC conclusion
universe=T=297836897838480; address=Z/4826809; source_center={Z+7n/4826809}; target_center=source+7/4826809; radius=1/100360982066072
carrier_formula=E3 intersect clock_e; subtract D_q1(-sigma/13),D_c2(+sigma/13),D_q2(-tau/13),D_c3(+tau/13); R=(T_tau^-1 A)\A; push R to target; retain c3-root1,D6-Q_(3,{1,2}),carry6
clock=1 base_n=3454614 base_mod13=7 arm_metadata=((3454614, 7, Fraction(47876838572525, 100360982066072), Fraction(47876984119381, 100360982066072), (0, None), (3, (1, 2)), 6), (3454627, 7, Fraction(47878730681653, 100360982066072), Fraction(47878876228509, 100360982066072), (3, (1, 2)), (3, (1, 2)), 6), (3454640, 7, Fraction(47880622790781, 100360982066072), Fraction(47880768337637, 100360982066072), (3, (1, 2)), (3, (1, 2)), 6))
clock=1 raw_content=790161473087466480 v13=1 (content/13 mod13)=2 positive_mass_each_cell=60781651775958960/371293 positive_cells=12
clock=1 primitive_arm_by_tau=((0, 0, 0, 1, 1, 1, 1, 1, 1, 1, 1, 1, 1), (0, 0, 0, 0, 0, 0, 0, 0, 0, 0, 0, 0, 1), (0, 0, 0, 0, 0, 0, 0, 0, 0, 0, 0, 0, 1))
clock=1 decoded_Q3_mod13=((11, 9, 2, 12, 10, 9, 10, 4, 3, 5, 6, 1, 12), (1, 2, 12, 7, 8, 2, 8, 11, 5, 4, 10, 6, 7), (1, 2, 12, 7, 8, 2, 8, 11, 5, 4, 10, 6, 7))
clock=2 base_n=1393828 base_mod13=7 arm_metadata=((1393828, 7, Fraction(49018861581925, 100360982066072), Fraction(49019007128781, 100360982066072), (0, None), (3, (1, 2)), 6), (1393841, 7, Fraction(49020753691053, 100360982066072), Fraction(49020899237909, 100360982066072), (3, (1, 2)), (3, (1, 2)), 6), (1393854, 7, Fraction(49022645800181, 100360982066072), Fraction(49022791347037, 100360982066072), (3, (1, 2)), (3, (1, 2)), 6))
clock=2 raw_content=790135314376327920 v13=1 (content/13 mod13)=12 positive_mass_each_cell=60779639567409840/371293 positive_cells=11
clock=2 primitive_arm_by_tau=((0, 0, 1, 1, 1, 1, 1, 1, 1, 1, 0, 0, 1), (0, 0, 0, 0, 0, 0, 0, 0, 0, 0, 0, 0, 1), (0, 0, 0, 0, 0, 0, 0, 0, 0, 0, 0, 0, 1))
clock=2 decoded_Q3_mod13=((12, 0, 5, 12, 5, 12, 3, 8, 0, 10, 12, 4, 11), (7, 0, 4, 7, 4, 7, 5, 9, 0, 8, 7, 11, 1), (7, 0, 4, 7, 4, 7, 5, 9, 0, 8, 7, 11, 1))
clock=3 base_n=708364 base_mod13=7 arm_metadata=((708364, 7, Fraction(49612713546813, 100360982066072), Fraction(49612859093669, 100360982066072), (0, None), (3, (1, 2)), 6), (708377, 7, Fraction(49614605655941, 100360982066072), Fraction(49614751202797, 100360982066072), (3, (1, 2)), (3, (1, 2)), 6), (708390, 7, Fraction(49616497765069, 100360982066072), Fraction(49616643311925, 100360982066072), (3, (1, 2)), (3, (1, 2)), 6))
clock=3 raw_content=790135314376327920 v13=1 (content/13 mod13)=12 positive_mass_each_cell=60779639567409840/371293 positive_cells=11
clock=3 primitive_arm_by_tau=((0, 0, 1, 1, 1, 1, 1, 1, 0, 0, 1, 1, 1), (0, 0, 0, 0, 0, 0, 0, 0, 0, 0, 0, 0, 1), (0, 0, 0, 0, 0, 0, 0, 0, 0, 0, 0, 0, 1))
clock=3 decoded_Q3_mod13=((4, 4, 0, 4, 7, 0, 6, 9, 7, 4, 0, 8, 2), (11, 11, 0, 11, 3, 0, 10, 2, 3, 11, 0, 9, 12), (11, 11, 0, 11, 3, 0, 10, 2, 3, 11, 0, 9, 12))
clock1_arm_contrast_W=(0, 0, 0, 1, 1, 1, 1, 1, 1, 1, 1, 1, 0); inverse=(0, 0, 1, 0, 0, 0, 1, 0, 0, 0, 1, 0, 0); W*inverse=(3, 2, 2, 2, 2, 2, 2, 2, 2, 2, 2, 2, 2)=delta0+2*N13
clock1_actual_Bockstein_Q3_arm0_all13=(11, 9, 2, 12, 10, 9, 10, 4, 3, 5, 6, 1, 12); nonzero=13/13
arm_address_step=n->n+13; physical_shift=91/4826809; full_address_order=371293; Omega=Z/169 order=13
endpoint_central_Z=fixed target q and Delta; R0->R0+q; in frame q=(1,0),t=(0,1): (v,w)->(v,w+1); order=13; at Delta=1, Z(R0)=L
Omega_Heisenberg=n=v+13w; X:n->14n; Y:(v,w)->(v+1,w) (carry-suppressed); Z:n->n+13; X*Y=Z*Y*X
clock1_central_lift_metadata=((0, 85, (7, 6), (3, (1, 2)), 6), (1, 98, (7, 7), (3, (1, 2)), 6), (2, 111, (7, 8), (3, (1, 2)), 6), (3, 124, (7, 9), (3, (1, 2)), 6), (4, 137, (7, 10), (3, (1, 2)), 6), (5, 150, (7, 11), (3, (1, 2)), 6), (6, 163, (7, 12), (3, (1, 2)), 6), (7, 7, (7, 0), (3, (1, 2)), 6), (8, 20, (7, 1), (3, (1, 2)), 6), (9, 33, (7, 2), (3, (1, 2)), 6), (10, 46, (7, 3), (3, (1, 2)), 6), (11, 59, (7, 4), (3, (1, 2)), 6), (12, 72, (7, 5), (3, (1, 2)), 6))
clock1_central_lift_primitive_by_(w,tau)=((0, 0, 0, 1, 1, 1, 1, 1, 1, 1, 1, 1, 1), (0, 0, 0, 0, 0, 0, 0, 0, 0, 0, 0, 0, 1), (0, 0, 0, 0, 0, 0, 0, 0, 0, 0, 0, 0, 1), (0, 0, 0, 0, 0, 0, 0, 0, 0, 0, 0, 0, 1), (0, 0, 0, 0, 0, 0, 0, 0, 0, 0, 0, 0, 1), (0, 0, 0, 0, 0, 0, 0, 0, 0, 0, 0, 0, 1), (0, 0, 0, 0, 0, 0, 0, 0, 0, 0, 0, 0, 1), (0, 0, 0, 0, 0, 0, 0, 0, 0, 0, 0, 0, 0), (0, 0, 0, 0, 0, 0, 0, 0, 0, 0, 0, 0, 0), (0, 0, 0, 0, 0, 0, 0, 0, 0, 0, 0, 0, 0), (0, 0, 0, 0, 0, 0, 0, 0, 0, 0, 0, 0, 0), (0, 0, 0, 0, 0, 0, 0, 0, 0, 0, 0, 0, 0), (0, 0, 0, 0, 0, 0, 0, 0, 0, 0, 0, 0, 0))
clock1_central_lift_decoded_columns=13/13 nonconstant for the printed integer lift of K_beta, hence every such column has all 12 primitive complex Z-characters
central_descent_hostile=j=0 Omega=(7, 6) raw_tau3=790161473087466480 raw_tau12=790161473087466480; j=13 same_Omega=(7, 6) cells={3: (0, 0), 12: (0, 0)}
successive_base_Y_cospan=target_cylinder(n)=source_cylinder(n+1) exactly; rows=((0, ((0, 0), (Fraction(60781651775958960, 371293), 790161473087466480)), ((Fraction(60781651775958960, 371293), 790161473087466480), (0, 0))), (1, ((0, 0), (Fraction(60781651775958960, 371293), 790161473087466480)), ((Fraction(60781651775958960, 371293), 790161473087466480), (0, 0))), (2, ((0, 0), (Fraction(60781651775958960, 371293), 790161473087466480)), ((Fraction(60781651775958960, 371293), 790161473087466480), (0, 0))))
naive_shift_hostile=(sigma,tau,arm)=(0,3,0) mass=60781651775958960/371293,coeff=790161473087466480; (1,3,1)=(0,0); (0,4,1)=(0,0)
typing_verdict=positive physical semantic-arm attachment to the right-wing coefficient Bockstein.  Modulo 169 the arm step is exactly the endpoint central Z direction, and the three printed arms are one same-semantic/carry central segment.  The coefficient does not descend around the full quotient cycle; Y cospan endpoint coefficients alternate zero/nonzero; both naive lawful-target-label identifications fail.
scope=central-Z segment and decoded central charge, not a full H13-equivariant endpoint allocation: carry-suppressed Y is not a physical translation, the high address digit prevents Omega descent, and full factor/current covariance is absent.  No THM2542 C7-chart identification, root-deck intertwiner, or row exclusion.
label_hostile=Omega low digit v=7, predecessor carry=6, and the THM2542 marker/root-deck transition are three distinct typed coordinates; the numerical congruence 7=-6 mod13 identifies none of them.
ALL CHECKS PASSED
