LRC14 reflected upper-median two-star D6-D8 exact proof
universe=bodies:3003;upstream_arbitrary_level:2354;active_bodies:649;m=1;spreads=(6, 7, 8)
median_rule=upper median of all integer body-safe cells
boundary_law=unique e_* with e_*j=L/14 mod L on every active body;centre_label_hist=((2, 356), (4, 170), (6, 67), (8, 13), (10, 7), (12, 2), (13, 34))
boundary_toothpick=A(e_*,q)=union_{0<=k<q}[kL/(qL-e_*),(k+1/7)L/(qL-e_*)]
second_pivot=least body label distinct from e_*;selector=union of the two pivot stars;selector_edges=9
assignment_counts=((6, 3270960), (7, 13083840), (8, 39251520));total=55606320;failures=0
arc_law_singleton_controls=35046;pair_profile_route_controls=420552;boundary_comb_controls=5841
D6_weakest_margin=279417235894/59234582752345;E=(1, 2, 3, 4, 6, 12);L=168;cell=90;pivot_slots=(1, 0);pivot_labels=(2, 1);word=(4, 3, 6, 2, 5, 1);gain=1834/93269;debt=885345169276/59234582752345;winning_edge_slots=(0, 4);winning_edge_labels=(1, 6);safe_cells=88
D6_winner_edge_hist=(325337, 352290, 376087, 348333, 327674, 403470, 410209, 375742, 351818)
D7_weakest_margin=727640508707102047/286068087083094746521;E=(1, 2, 5, 7, 8, 14);L=3920;cell=2100;pivot_slots=(1, 0);pivot_labels=(2, 1);word=(4, 2, 8, 1, 3, 6);gain=70245/23032451;debt=11139829207263296/22005237467930365117;winning_edge_slots=(0, 4);winning_edge_labels=(1, 8);safe_cells=1582
D7_winner_edge_hist=(1270660, 1403638, 1508584, 1411833, 1364152, 1569129, 1603887, 1494482, 1457475)
D8_weakest_margin=727640508707102047/286068087083094746521;E=(1, 2, 5, 7, 8, 14);L=3920;cell=2100;pivot_slots=(1, 0);pivot_labels=(2, 1);word=(4, 2, 8, 1, 3, 6);gain=70245/23032451;debt=11139829207263296/22005237467930365117;winning_edge_slots=(0, 4);winning_edge_labels=(1, 8);safe_cells=1582
D8_winner_edge_hist=(3739887, 4182189, 4512529, 4288639, 4111489, 4634532, 4800869, 4562409, 4418977)
insertion_signal=D7 and D8 have the same exact weakest row;adding level9 creates no new minimum
conclusion=at m=1 and D in {6,7,8}, every reflected residual packet closes on all 3003 bodies
scope=finite-exact base cases for an all-spread insertion theorem;physical LRC14 remains open
normal_vs_python_O=BYTE_IDENTICAL
base_sha256=2cf0866932f775cc493f97093333e81e65ac3aa76a8e439de969aa700c993f31
low_phase_sha256=416c36f16f7c821feb8d260882711d2717069147b8604a93ba60432785cf1d1c
edge11_sha256=d5ddf85650d2786da10107919c07f7f578e9c234609965491ef856b8f90b3085
edge11_output_sha256=8c3f9e6c14eca3f0276fba9cb8aa5babbcee3618f4277f77f99302cab9034b32
gmpy2_version=2.3.0
body_digest=1e26d6c95aabdf1f39a7a4d1fcc90626c51fbdf2f120c795261d73265a4a95e6
source_sha256=a94a7c689ee337b9fc68c146d7aad9910f4120ade2c7921fcb8e985de1a82b05
semantic_sha256=aa7f4927df4dbbd79128d28472bbdd7fd205cc659286e34bc4a2ec450b3b834d
all_exact_controls=PASS
