C:\Users\Eliott\Documents\GitHub\math\04-computation\lrc14_one_swap_witnesses_kps.py:2: SyntaxWarning: invalid escape sequence '\{'
  F(j,X)={1..13}\{j} u {X}, to Lean-prove the whole one-swap covering stratum (klein-S127 HYP-4082).
drop-j one-swap families: witness t*=p/q, M, residue table (V at t*)
======================================================================
j= 1: X0= 14 | k=1: X= 14 M=1/8=0.12500 t*=1/16  (14/183=0.07650)
j= 2: X0= 14 | k=1: X= 14 M=2/17=0.11765 t*=8/17  (14/183=0.07650)
j= 3: X0= 14 | k=1: X= 14 M=2/19=0.10526 t*=6/19  (14/183=0.07650)
j= 4: X0= 14 | k=1: X= 14 M=2/19=0.10526 t*=5/19  (14/183=0.07650)
j= 5: X0= 14 | k=1: X= 14 M=2/21=0.09524 t*=4/21  (14/183=0.07650)
j= 6: X0= 14 | k=1: X= 14 M=2/23=0.08696 t*=4/23  (14/183=0.07650)
j= 7: X0= 14 | k=1: X= 14 M=1/11=0.09091 t*=3/22  (14/183=0.07650)
j= 8: X0= 56 | k=1: X= 56 M=1/9=0.11111 t*=8/63  (14/183=0.07650)
j= 9: X0=126 | k=1: X=126 M=14/131=0.10687 t*=29/131  (14/183=0.07650)
j=10: X0= 70 | k=1: X= 70 M=1/11=0.09091 t*=23/77  (14/183=0.07650)
j=11: X0=154 | k=1: X=154 M=14/157=0.08917 t*=57/157  (14/183=0.07650)
j=12: X0= 84 | k=1: X= 84 M=7/89=0.07865 t*=37/89  (14/183=0.07650)
j=13: X0=182 | k=1: X=182 M=14/183=0.07650 t*=14/183  (14/183=0.07650)

=== LADDER FITS (p,q,M vs k) + drop-12 (residue-liar) cross-check ===

drop-12 (X0=84):
  k=1: X=  84 M=7/89 t*=37/89 md=7  binding runners(d=7): [(5, 7), (84, 82)]
  k=2: X= 168 M=14/173 t*=72/173 md=14  binding runners(d=14): [(5, 14), (168, 159)]
  k=3: X= 252 M=21/257 t*=107/257 md=21  binding runners(d=21): [(5, 21), (252, 236)]

drop-13 (X0=182):
  k=1: X= 182 M=14/183 t*=14/183 md=14  binding runners(d=14): [(1, 14), (182, 169)]
  k=2: X= 364 M=28/365 t*=28/365 md=28  binding runners(d=28): [(1, 28), (364, 337)]
  k=3: X= 546 M=42/547 t*=42/547 md=42  binding runners(d=42): [(1, 42), (546, 505)]

drop-11 (X0=154):
  k=1: X= 154 M=14/157 t*=57/157 md=14  binding runners(d=14): [(3, 14), (154, 143)]
  k=2: X= 308 M=28/311 t*=113/311 md=28  binding runners(d=28): [(3, 28), (308, 283)]
  k=3: X= 462 M=14/155 t*=169/465 md=42  binding runners(d=42): [(3, 42), (462, 423)]

drop-9 (X0=126):
  k=1: X= 126 M=14/131 t*=29/131 md=14  binding runners(d=14): [(5, 14), (126, 117)]
  k=2: X= 252 M=28/257 t*=57/257 md=28  binding runners(d=28): [(5, 28), (252, 229)]
  k=3: X= 378 M=42/383 t*=85/383 md=42  binding runners(d=42): [(5, 42), (378, 341)]

drop-5 (X0=14):
  k=1: X=  14 M=2/21 t*=4/21 md=2  binding runners(d=2): [(10, 19), (11, 2)]
  k=2: X=  28 M=2/19 t*=4/19 md=2  binding runners(d=2): [(9, 17), (10, 2), (28, 17)]
  k=3: X=  42 M=2/19 t*=4/19 md=2  binding runners(d=2): [(9, 17), (10, 2)]

drop-1 (X0=14):
  k=1: X=  14 M=1/8 t*=1/16 md=2  binding runners(d=2): [(2, 2), (14, 14)]
  k=2: X=  28 M=2/15 t*=1/15 md=2  binding runners(d=2): [(2, 2), (13, 13), (28, 13)]
  k=3: X=  42 M=2/15 t*=1/15 md=2  binding runners(d=2): [(2, 2), (13, 13)]
