
=== family generic-covering: [1, 2, 3, 4, 7, 8, 9, 10, 11, 12, 13, 14, 17]
  twists tested: 936; WORST err/(q L2/P) = 0.0089
  top-5 tightest (q, va/vb, w, P(w), err, ratio):
    q=  149  3/17   w=    44  P=    44  err=     2.04  ratio=0.0089
    q=  149  7/10   w=   105  P=    44  err=     2.04  ratio=0.0089
    q=  149  10/7    w=    44  P=    44  err=     2.04  ratio=0.0089
    q=  149  17/3    w=   105  P=    44  err=     2.04  ratio=0.0089
    q=  149  4/11   w=    41  P=    40  err=     1.96  ratio=0.0078

=== family near-dilation 20*{1..12}+241: [20, 40, 60, 80, 100, 120, 140, 160, 180, 200, 220, 240, 241]
  twists tested: 936; WORST err/(q L2/P) = 0.0089
  top-5 tightest (q, va/vb, w, P(w), err, ratio):
    q=  149  140/200  w=   105  P=    44  err=     2.04  ratio=0.0089
    q=  149  200/140  w=    44  P=    44  err=     2.04  ratio=0.0089
    q=  149  80/220  w=    41  P=    40  err=     1.96  ratio=0.0078
    q=  149  140/220  w=   109  P=    40  err=     1.96  ratio=0.0078
    q=  149  220/80   w=    40  P=    40  err=     1.96  ratio=0.0078

=== P(w) anatomy: w = a*b^{-1} with small ab  =>  P(w) = ?
  P(w) <= ab check: 340/340 pass (P(w)=ab typically; strictly less when a better approximation exists)

=== FULL w-sweep (all units w != 1) — the honest constant
  q=  149: running worst ratio = 0.0089  at (q,w,P,err)=(149, 44, 44, 2.0402684563758413)
  q=  251: running worst ratio = 0.0089  at (q,w,P,err)=(149, 44, 44, 2.0402684563758413)
  q=  401: running worst ratio = 0.0089  at (q,w,P,err)=(149, 44, 44, 2.0402684563758413)
  q=  557: running worst ratio = 0.0089  at (q,w,P,err)=(149, 44, 44, 2.0402684563758413)
  HONEST CONSTANT (sup over all tested (q,w)): C_meas = 0.0089

=== VERDICT
  sup err / (q (1+log2 q)^2 / P(w)) over ALL tests = 0.0089
  LEM-022 with C = 0.01 verified on every tested (q, w).
  Exception set = small P(w) = small-rational ratios (P <= ab), exactly the
  quarantined mult-coherent family; generic twists have P ~ q and error O(log^2 q).
