LRC14 reflected three-quarter cone exact proof candidate
universe=bodies:3003;arbitrary_level_bank:2442;residual:561;spread:D>=6;cone:4m>=3D
corner=integer boundary D=8,m=6;debt_level=5;ratio_cap=7/3;max_abs_eta=27/166;intermediate_slope_floor=803/166
phase=1/49+c/(PQ),c>=-12/49;constrained_edges=6576;max_product_bound=688440220530612109197534/17995027579452067021@(1, 2, 4, 5, 8, 12),(1, 4);primitive_bank=9857;cap_endpoint=(3,7)
phase_zero_channels=((1, 2), (2, 3), (3, 4));no_new_zero_gain_beyond_cap2
coarse_csp=closed:459;traps:102;reverse_order_agrees;largest_witness_span=128/55<7/3;forced_full_components=0
coarse_traps=((1, 2, 3, 4, 5, 6), (1, 2, 3, 4, 5, 10), (1, 2, 3, 4, 5, 12), (1, 2, 3, 4, 6, 8), (1, 2, 3, 4, 6, 9), (1, 2, 3, 4, 6, 10), (1, 2, 3, 4, 6, 12), (1, 2, 3, 4, 8, 12), (1, 2, 3, 4, 9, 12), (1, 2, 3, 4, 10, 12), (1, 2, 3, 5, 6, 10), (1, 2, 3, 5, 6, 12), (1, 2, 3, 5, 10, 12), (1, 2, 3, 6, 7, 12), (1, 2, 3, 6, 7, 14), (1, 2, 3, 6, 8, 9), (1, 2, 3, 6, 8, 12), (1, 2, 3, 6, 9, 10), (1, 2, 3, 6, 9, 12), (1, 2, 3, 6, 10, 12), (1, 2, 3, 6, 12, 14), (1, 2, 3, 7, 12, 14), (1, 2, 3, 8, 9, 12), (1, 2, 3, 8, 10, 12), (1, 2, 4, 5, 6, 10), (1, 2, 4, 5, 6, 12), (1, 2, 4, 5, 8, 10), (1, 2, 4, 5, 10, 12), (1, 2, 4, 6, 7, 12), (1, 2, 4, 6, 7, 14), (1, 2, 4, 6, 8, 9), (1, 2, 4, 6, 8, 12), (1, 2, 4, 6, 9, 12), (1, 2, 4, 6, 10, 12), (1, 2, 4, 6, 12, 14), (1, 2, 4, 7, 8, 14), (1, 2, 4, 7, 12, 14), (1, 2, 4, 8, 9, 12), (1, 2, 4, 8, 10, 12), (1, 2, 5, 6, 9, 10), (1, 2, 5, 6, 10, 12), (1, 2, 5, 7, 10, 14), (1, 2, 5, 8, 10, 12), (1, 2, 6, 7, 12, 14), (1, 2, 6, 8, 9, 12), (1, 2, 6, 8, 10, 12), (1, 3, 4, 5, 6, 10), (1, 3, 4, 5, 6, 12), (1, 3, 4, 5, 10, 12), (1, 3, 4, 6, 7, 12), (1, 3, 4, 6, 7, 14), (1, 3, 4, 6, 8, 9), (1, 3, 4, 6, 8, 12), (1, 3, 4, 6, 9, 12), (1, 3, 4, 6, 10, 12), (1, 3, 4, 6, 12, 14), (1, 3, 4, 7, 12, 14), (1, 3, 4, 8, 9, 12), (1, 3, 4, 8, 10, 12), (1, 3, 5, 6, 9, 10), (1, 3, 5, 6, 10, 12), (1, 3, 5, 8, 10, 12), (1, 3, 6, 7, 12, 14), (1, 3, 6, 8, 9, 12), (1, 3, 6, 8, 10, 12), (1, 4, 5, 6, 10, 12), (1, 4, 5, 8, 10, 12), (1, 4, 6, 7, 12, 14), (1, 4, 6, 8, 9, 12), (1, 4, 6, 8, 10, 12), (1, 5, 6, 8, 10, 12), (2, 3, 4, 5, 6, 10), (2, 3, 4, 5, 6, 12), (2, 3, 4, 5, 10, 12), (2, 3, 4, 6, 7, 12), (2, 3, 4, 6, 7, 14), (2, 3, 4, 6, 8, 9), (2, 3, 4, 6, 8, 12), (2, 3, 4, 6, 9, 12), (2, 3, 4, 6, 10, 12), (2, 3, 4, 6, 12, 14), (2, 3, 4, 7, 12, 14), (2, 3, 4, 8, 9, 12), (2, 3, 4, 8, 10, 12), (2, 3, 5, 6, 9, 10), (2, 3, 5, 6, 10, 12), (2, 3, 5, 8, 10, 12), (2, 3, 6, 7, 12, 14), (2, 3, 6, 8, 9, 12), (2, 3, 6, 8, 10, 12), (2, 4, 5, 6, 10, 12), (2, 4, 5, 8, 10, 12), (2, 4, 6, 7, 12, 14), (2, 4, 6, 8, 9, 12), (2, 4, 6, 8, 10, 12), (2, 5, 6, 8, 10, 12), (3, 4, 5, 6, 10, 12), (3, 4, 5, 8, 10, 12), (3, 4, 6, 7, 12, 14), (3, 4, 6, 8, 9, 12), (3, 4, 6, 8, 10, 12), (3, 5, 6, 8, 10, 12))
trap_digest=cff2ad5603eb88999cc9a5bebb8cdc4a6e3a2cb29d52fab433a935ed4453a971;verdict_digest=a565b7e36607800c6adef6280e67b2135efb4da5375d920713a6606a9e5475b2
located_policies=93;oriented_controls=806;weakest=5872772186389138471201/537284849527258325396904@body=(1, 4, 5, 6, 10, 12),pair=(1, 2),channel=(11, 24),cell=779;digest=5053e6beef2c8dd6e6de28379560e4a8fa1842f0efb0bed570583acb74c5cdb9
tail_1=body:(1, 2, 3, 4, 6, 8);side:all;ordered_pair:(0, 1);start:6;numerator:22/7;margin:10368265853221942/4713625358170423695;first_step:61607083/34122519795;eta_bound:66/14105;head_channels:26;head_weakest:39924943235178367393/4433636011895100527517@(7, 3),cell=311
tail_2=body:(1, 2, 3, 4, 6, 12);side:low;ordered_pair:(1, 0);start:9;numerator:2;margin:4795168909947124/7273331730534395295;first_step:2413706/4190238675;eta_bound:9/1510;head_channels:29;head_weakest:1304842894152683/195882223206445083@(8, 7),cell=155
tail_3=body:(1, 2, 3, 4, 6, 12);side:high;ordered_pair:(0, 1);start:9;numerator:2;margin:9711526080236899/14556297013029763299;first_step:48268561/83910249675;eta_bound:9/1511;head_channels:29;head_weakest:20339028393380839/3773141184714311025@(7, 8),cell=155
tail_4=body:(1, 2, 3, 4, 8, 12);side:all;ordered_pair:(0, 1);start:6;numerator:22/7;margin:367764887563191946/218397974928562964535;first_step:61607083/34122519795;eta_bound:66/14105;head_channels:26;head_weakest:18751769676205987273/2208872421696842198297@(7, 3),cell=311
tail_5=body:(1, 2, 3, 6, 8, 12);side:all;ordered_pair:(0, 1);start:6;numerator:22/7;margin:2365634493029102/1563708651039830295;first_step:61607083/34122519795;eta_bound:66/14105;head_channels:26;head_weakest:12234626018786742353/1470824357168064375477@(7, 3),cell=311
tail_6=body:(1, 2, 4, 6, 8, 12);side:all;ordered_pair:(0, 1);start:6;numerator:22/7;margin:21750097914505666/15237068018271834735;first_step:61607083/34122519795;eta_bound:66/14105;head_channels:26;head_weakest:9076359374179192633/1102460475229729827057@(7, 3),cell=311
tail_7=body:(1, 3, 4, 6, 8, 12);side:low;ordered_pair:(2, 1);start:5;numerator:18/7;margin:281278289245511/7809224371700701950;first_step:4641379/1549063950;eta_bound:45/11732;head_channels:8;head_weakest:1806482020443317174/183516772734966495825@(7, 3),cell=311
tail_8=body:(1, 3, 4, 6, 8, 12);side:high;ordered_pair:(0, 1);start:7;numerator:4;margin:10714776833746874957/17992296767910983278761;first_step:284424829/242679134992;eta_bound:14/2351;head_channels:16;head_weakest:5142490788532529/780922437170070195@(6, 7),cell=311
tail_9=body:(1, 3, 4, 6, 9, 12);side:all;ordered_pair:(0, 1);start:6;numerator:36/7;margin:615541416206341276/437367822183886011957;first_step:138644617/76799257563;eta_bound:108/21161;head_channels:26;head_weakest:493068385824479651/60042225010358152485@(7, 3),cell=467
tail_10=body:(2, 3, 4, 6, 8, 12);side:all;ordered_pair:(0, 1);start:8;numerator:30/7;margin:1386829045630913165/1677046701107192727312;first_step:34543001/42955650864;eta_bound:60/9401;head_channels:48;head_weakest:854592947125294523/183485517233014245249@(7, 3),cell=323
tail_11=body:(2, 3, 4, 6, 9, 12);side:all;ordered_pair:(0, 1);start:5;numerator:30/7;margin:1088230061995768/19885610903362159725;first_step:20933714/6991132575;eta_bound:75/17626;head_channels:16;head_weakest:27647788631193976811/2805461986246333494003@(7, 3),cell=485
head_controls=276;weakest=854592947125294523/183485517233014245249@body=(2, 3, 4, 6, 8, 12),pair=(0, 1),channel=(7, 3),cell=323;head_digest=f3f4cb5f8d38f27b324bd010e31f2ba1c5b8b36a4335f69ca65cec1b74b7cda8
transport=exact integer corner separated from debt corner;oriented eta_g retained;g/(PgL-a) strictly decreases;c_inverse dropped only after positive bracket
tail=PQ>=s^2,Pg>=s;endpoint numerator bounds exact on declared intervals;losses decrease strictly;finite heads 3s-vs-5s audited
conclusion=all reflected residual packets with D>=6 and 4m>=3D close on all 3003 bodies
corollary=assembled reflected certificate-failure wedge is confined to 561 bodies,D>=6,1<=m<3D/4
scope=reflected THM-2941 sufficient family only;physical LRC14 remains open
normal_vs_python_O=BYTE_IDENTICAL
one_cone_source_sha256=800395ae242860094fed3db9638a93ebc2faba7973558a3eaa51f3af62145200
one_cone_output_sha256=e63ee74f42d8f213196cf2907bbc25dc20b93a3e64b8a40aa85d5d81c8b11ee6
one_cone_semantic_sha256=dc84fbea8c3e951aa510f02776e5ad300e7d50843da6137fd967f14faff7d2d9
source_sha256=85bb9bd1613abd5cd7a877958b5c89a10172a5034c37cae5cc0467bd8ba4c0d3
semantic_sha256=05a900c80283d5bc9a7b01c1c4ad045b889aebe2e4d5798eaa66cb8907a7ae9f
all_exact_controls=PASS
