================================================================================
(I-III) union-bound closure:  m_k + mu_{1/7}(consec k) - 1  > 0 ?
================================================================================
  k     mu17(consec k)    m_k=min meas(G_P)    margin=m_k+mu-1
  7                  1           3029/10780         3029/10780  +0.2810  CLOSES
  8            691/735            2243/5880          1891/5880  +0.3216  CLOSES
  9            247/294            1979/4004        28117/84084  +0.3344  CLOSES
 10              38/49                55/91            242/637  +0.3799  CLOSES
 11          1381/2205                66/91        10078/28665  +0.3516  CLOSES
 12        13823/24255                  6/7        10358/24255  +0.4270  CLOSES
 13           477/1078                    1           477/1078  +0.4425  CLOSES

================================================================================
(IV) EXHAUSTIVE: does consecutive {0..k-1} minimize mu_{1/7}? k=8 (spread<=12)
================================================================================
   k=8: mu17(consec)=0.94014; checked 792 shapes; violations(mu<consec)=0; min=0.94014 at consec

================================================================================
(V) large-spread / dissociated shapes: mu_{1/7} >= mu_{1/7}(consec k)?  (k=8,10)
================================================================================
   k=8: mu17(consec)=0.94014
       E=[0, 2, 4, 6, 8, 10, 12, 14]: mu17=0.94014  OK(>=consec)
       E=[0, 1, 2, 3, 4, 5, 6, 24]: mu17=1.00000  OK(>=consec)
       E=[0, 1, 2, 3, 20, 21, 22, 23]: mu17=0.98808  OK(>=consec)
       E=[0, 1, 3, 7, 15, 31, 63, 127]: mu17=1.00000  OK(>=consec)
   k=10: mu17(consec)=0.77551
       E=[0, 2, 4, 6, 8, 10, 12, 14, 16, 18]: mu17=0.77551  OK(>=consec)
       E=[0, 1, 2, 3, 4, 5, 6, 7, 8, 30]: mu17=0.82560  OK(>=consec)
       E=[0, 1, 2, 3, 4, 20, 21, 22, 23, 24]: mu17=0.91089  OK(>=consec)
       E=[0, 1, 3, 7, 15, 31, 63, 127, 255, 511]: mu17=0.99940  OK(>=consec)

DONE.
