== THM-2584: b/r=5 theta and absolute deep-root tensor ==
row: (1, 14, 27, 40, 53, 66, 13, 2197, 742586)
sigma={b}, K=2, r=5, d=13^5, Cdeep=2d
theta=t-2v=floor(2y) in {0,1}; all restrictions are pre-marginal
two exact routes agree on all 13x13x7 tensor entries: PASS
common denominator: 6939029398456584394954868880
t-marginal and theta-marginal recover THM-2581 C_ell(s): PASS
C_ell(0,t)=0 cellwise for all 91 (t,ell): PASS
positive tensor cells: 168/1183
positive (s,ell) cells per deep root t: [84, 0, 0, 0, 0, 0, 0, 0, 0, 0, 0, 0, 84]
deep-root mass numerators: [84454231732372561156381440, 0, 0, 0, 0, 0, 0, 0, 0, 0, 0, 0, 84454231732372561156381440]
absolute deep-root marginal is nonuniform; all 12 colours survive: PASS
positive arrival/deep-root edges (v,t,numerator): [(0, 0, 42233787706033899602125200), (6, 0, 42220444026338661554256240), (6, 12, 42220444026338661554256240), (12, 12, 42233787706033899602125200)]
in w=7t coordinates, support is w=v or w=v+7: PASS
theta=0/1 rail mass numerators: [84454231732372561156381440, 84454231732372561156381440]
two exact routes agree on the finer 13x13x13x7 tensor: PASS
each owner cell has exactly the four-edge path
  v=0--w=0--v=6--w=6--v=12: PASS
after deleting v=w, S={0} has empty neighbourhood;
forced Hall diagonal numerators by owner cell: [6249059521015559424616440, 6046379450516355622045920, 6046349219574764690509920, 6023789212036895197975440, 5956074442634483944576800, 5956072213234504529324520, 5956063647021336193076160]
global 2D Fourier zeros (k,h): []
per-owner-cell 2D Fourier zero counts: [0, 0, 0, 0, 0, 0, 0]
owner-centred 2D transform nonzero: 1183/1183
owner-centred zeros: []
finite-field certificate: 169 global mod79; centred 1165 mod79
  plus remaining 18 mod131: PASS
signed theta law D_ell(s)=-D_-ell(-s): PASS
signed theta global Fourier zeros k: [0]
signed theta per-cell Fourier zeros: [[0], [], [], [], [], [], []]
signed theta numerator table (rows s, columns ell):
s= 0: [0, 0, 0, 0, 0, 0, 0]
s= 1: [3562993437417996341760, 3098575511684939189280, 3102180875904190560480, -19467541271927332354680, 25659284032706186182320, 3090943191014550504360, 3097113106323643012320]
s= 2: [9488584226723041440, 10224968457366817440, 13830419029152005280, -22555109606182843369680, 22571714221068580527960, 5267065896546690600, 8752253820138310560]
s= 3: [0, 736338011615880960, 4341747853568885760, -22564598277358426489200, 22564598277358426489200, -4341747853568885760, -736338011615880960]
s= 4: [0, 736338011615880960, 4341747853568885760, -22564598277358426489200, 22564598277358426489200, -4341747853568885760, -736338011615880960]
s= 5: [-5539700439739425960, -5594458076641349760, -1053746997885068760, -22567764838989252027600, 22561431708189937202640, -7508312081782031520, -3902770992090228960]
s= 6: [-3679455337462730105280, -92868117537530028133440, -92864444105127834659520, -92865582297488699899200, 86444264145123620255520, 86448981214524595867200, 86451429726807797770560]
s= 7: [3679455337462730105280, -86451429726807797770560, -86448981214524595867200, -86444264145123620255520, 92865582297488699899200, 92864444105127834659520, 92868117537530028133440]
s= 8: [5539700439739425960, 3902770992090228960, 7508312081782031520, -22561431708189937202640, 22567764838989252027600, 1053746997885068760, 5594458076641349760]
s= 9: [0, 736338011615880960, 4341747853568885760, -22564598277358426489200, 22564598277358426489200, -4341747853568885760, -736338011615880960]
s=10: [0, 736338011615880960, 4341747853568885760, -22564598277358426489200, 22564598277358426489200, -4341747853568885760, -736338011615880960]
s=11: [-9488584226723041440, -8752253820138310560, -5267065896546690600, -22571714221068580527960, 22555109606182843369680, -13830419029152005280, -10224968457366817440]
s=12: [-3562993437417996341760, -3097113106323643012320, -3090943191014550504360, -25659284032706186182320, 19467541271927332354680, -3102180875904190560480, -3098575511684939189280]
C_ell(s,t)=C_-ell(-s,-t-1): PASS
K_ell(s,v,t)=K_-ell(-s,-v-1,-t-1): PASS
SCOPE: exact positive ancestry tensor on one typed b/K=2 packet;
no THM-2365 target identification, physical current, row exclusion,
or LRC(14) conclusion. All exact checks passed.
