theorem=THM-2305
status=PROVED+VERIFIED-EXACT+INDEPENDENTLY-AUDITED
terminal_truth_rows=9
canonical_words={a};{b};{a,b}
sharp_trade_rows=176850
sharp_trade_equality_rows=2600
trade=max(p_a,p_b)>=(rho-d)/2
dichotomy=fork>=rho/3_or_pure>rho/3
strict_word_mass_floor=39002430583/160481782761300
repeat_word_mass_floor=13560199813/160481782761300
strict_word_energy_floor=1521189591381733719889/25754402598245085852777690000
repeat_word_energy_floor=183879018968485234969/25754402598245085852777690000
covariant_jump_rows=191
gauge_index_bound_on_exact_word=h<=4S-1
pure_functional_graphs=8
pure_graphs_with_2_cycle=6
pure_graphs_with_3_cycle=2
word_hypergraph_selections=27
selections_with_fork=19
cycle_scope=conditional_on_three_positive_pure_returns
composition_loss=incoming_and_outgoing_owner_subsets_may_be_disjoint
all_checks=PASS
