LRC14 mixed three-drift activity/fibre exact referee
combined_script_sha256=42dc165781148c702dfcd3c6535f4d02aee516af60b5ddf602a19cb1d87695e4
combined_output_sha256=2e211620ad7064ea06f7544b5fbac709d6d52d9a0e261b464ae26b595f09b669
four_comb_safe_floor=558/1183
activity_measure_d2=2/7
activity_measure_d3=3/7
activity_control_samples=1358
activity_control_active_samples=490
positive_fibre_union_size=174
hostile_fibre_control=maximum=4,capacity=3
all_top_occurrences=544571
all_top_diagonal=2636
all_top_semantic_sha256=88ac1b6c34c11eadd286d02f930f69a44a82bd429fe90248417fd35caa947960
q_fibre_kills=125060
q_fibre_survivors=419511
q_fibre_diagonal_survivors=0
q_fibre_best_margin_histogram=Counter({-2: 342978, -1: 44839, 1: 32563, 0: 31694, 3: 28738, 2: 25539, 4: 19296, 5: 7754, 6: 6032, 7: 2351, 8: 1692, 9: 570, 10: 380, 11: 106, 12: 39})
q_fibre_kill_local_modulus_top=[(13, 10647), (20, 9313), (84, 8855), (60, 7911), (14, 7870), (12, 7766), (7, 7728), (21, 7429), (55, 7171), (40, 6710), (6, 5470), (28, 4231), (35, 4194), (5, 3660), (42, 3579), (65, 3045), (48, 2522), (36, 1854), (24, 1685), (33, 1634), (70, 1609), (10, 1469), (26, 1396), (66, 1054), (78, 945), (11, 933), (39, 768), (52, 601), (18, 467), (30, 415), (56, 351), (15, 281), (4, 272), (156, 212), (110, 129), (91, 100), (180, 89), (8, 82), (9, 76), (44, 75), (77, 74), (45, 65), (143, 63), (182, 41), (130, 32), (132, 26), (117, 25), (49, 19), (63, 18), (440, 11), (1170, 9), (462, 8), (1716, 7), (280, 6), (630, 6), (273, 6), (16, 6), (140, 5), (168, 4), (195, 4)]
q_fibre_repeat_survivors=Counter({'distinct': 388984, 'low_pair': 17813, 'high_pair': 12714})
q_survivor_semantic_sha256=87fc8e09d7e69c9d91cf7ebc895703393496e9b1d4b5a1623ca6c112c6cbb4fc
general_activity_kills=383391
general_activity_reasons=Counter({((0, 2),): 352763, ((0, 3),): 11922, ((0, 2), (1, 3)): 10083, ((0, 2), (1, 2)): 8623})
post_general_activity_survivors=36120
double_two_q_survivors=15379
double_two_general_overlap=8623
double_two_after_general=6756
double_two_parity_kills=6756
double_two_parity_margin=distinct=4371,minimum=21,maximum=520126,top=[(597, 13), (200, 12), (457, 12), (1249, 10), (280, 9), (321, 9), (346, 9), (595, 9), (685, 9), (687, 9), (955, 9), (617, 9), (492, 8), (657, 8), (750, 8), (843, 8), (1339, 8), (809, 8), (914, 8), (1189, 8), (182, 7), (345, 7), (234, 7), (375, 7), (675, 7), (653, 7), (577, 7), (677, 7), (747, 7), (764, 7), (933, 7), (897, 7), (1318, 7), (91, 6), (119, 6), (132, 6), (141, 6), (152, 6), (192, 6), (208, 6), (256, 6), (266, 6), (316, 6), (351, 6), (244, 6), (363, 6), (411, 6), (625, 6), (702, 6), (759, 6), (963, 6), (1030, 6), (1103, 6), (1033, 6), (1089, 6), (1305, 6), (1314, 6), (1369, 6), (1425, 6), (1378, 6)]
final_occurrences=29364
final_rows=2974
final_shapes=4993
final_bodies=2878
final_divisors=110
final_repeat_types=Counter({'distinct': 20946, 'high_pair': 5984, 'low_pair': 2434})
final_minimum_denominator_histogram=Counter({2: 13126, 3: 3382, 4: 3083, 8: 1703, 9: 494, 6: 434, 11: 397, 22: 394, 7: 316, 14: 313, 12: 281, 28: 276, 16: 249, 44: 242, 21: 229, 42: 218, 77: 187, 154: 186, 33: 166, 56: 157, 66: 156, 308: 155, 18: 152, 24: 146, 84: 144, 231: 129, 462: 126, 88: 111, 36: 101, 924: 95, 132: 94, 616: 93, 112: 87, 63: 84, 126: 80, 168: 73, 176: 63, 252: 57, 1232: 54, 1848: 52, 99: 51, 264: 50, 49: 46, 6468: 46, 12936: 46, 98: 45, 1078: 45, 198: 43, 147: 41, 3234: 41, 196: 40, 539: 40, 1617: 40, 2156: 40, 294: 39, 1386: 39, 48: 37, 588: 37, 693: 37, 4312: 37, 3696: 35, 336: 34, 396: 33, 25872: 32, 1176: 30, 2772: 30, 392: 29, 72: 27, 8624: 27, 528: 25, 19404: 24, 882: 22, 1764: 22, 441: 21, 9702: 21, 784: 17, 2352: 17, 4851: 16, 5544: 16, 504: 15, 38808: 13, 792: 10, 3528: 10, 7056: 10, 11088: 8, 77616: 7, 5: 5, 10: 5, 32340: 5, 15: 4, 10780: 3, 16170: 3, 21560: 3, 64680: 3, 2940: 2, 8085: 2, 8820: 2, 9240: 2, 11760: 2, 13860: 2, 43120: 2, 48510: 2, 20: 1, 30: 1, 35: 1, 45: 1, 55: 1, 60: 1, 70: 1, 90: 1, 105: 1, 110: 1, 140: 1, 165: 1, 180: 1, 210: 1, 220: 1, 315: 1, 330: 1, 385: 1, 420: 1, 495: 1, 630: 1, 660: 1, 770: 1, 990: 1, 1155: 1, 1260: 1, 1540: 1, 1584: 1, 1980: 1, 2310: 1, 3080: 1, 3465: 1, 4410: 1, 4620: 1, 5390: 1, 5880: 1, 6160: 1, 6930: 1, 17640: 1, 18480: 1, 24255: 1})
final_D_quantiles={0: 336, 1: 2352, 5: 5880, 10: 11760, 25: 35280, 50: 129360, 75: 360360, 90: 720720, 95: 1009008, 99: 2522520, 100: 5045040}
final_smallest_examples=[((1, 2, 3, 4, 8, 12), 336, 336, 160, 2, 3, 112, -2), ((1, 2, 3, 4, 8, 12), 336, 336, 160, 2, 3, 336, -2), ((1, 2, 3, 4, 8, 12), 336, 336, 160, 3, 3, 336, 0), ((1, 2, 3, 5, 6, 10), 420, 420, 198, 2, 3, 140, -2), ((1, 2, 3, 5, 6, 10), 420, 420, 198, 2, 3, 420, -2), ((1, 2, 3, 4, 6, 9), 504, 504, 240, 2, 3, 504, -2), ((1, 2, 3, 4, 9, 12), 504, 504, 228, 2, 3, 504, -2), ((1, 2, 3, 6, 9, 12), 504, 504, 240, 2, 3, 504, -2), ((1, 2, 4, 6, 9, 12), 504, 504, 240, 2, 3, 504, -2), ((1, 3, 4, 6, 9, 12), 504, 504, 234, 2, 3, 504, -2), ((1, 2, 3, 4, 5, 6), 840, 840, 384, 2, 3, 280, -2), ((1, 2, 3, 4, 5, 10), 840, 840, 376, 2, 3, 280, -2)]
final_semantic_sha256=6a0b57e9da265d9f5aab55b8dd6166e7439d759a0f4ba5f1ef6e43b4d212cab5
all_exact_controls=PASS
