THM-3388 Q3 PHASE-TRIANGLE COVER CLUTTER
source_sha256_lf=5323346310a9a6b188caa0131b177b2ae8e23c7113808cda8955f89828e62154
dependency_sha256_lf=(('THM-3387', 'c540255a185efb54c67035d69f3fbd94f4c1ad3e30c4e31738a8800e81198613'), ('THM-3387-script', '9b0b46874a569d674b937b37cf74a8985fca2b77e3e480a75fb4924ea602f25a'), ('THM-3387-output', 'b4d9ce439bab4501bfd5e2cf13eb0b0e3685b7364f30e43b7d5ca9138d25cb5c'))
status=PROVED analytic phase-triangle criterion plus FINITE-EXACT literal q3 clutter and atlas;independently_hostile_audited
gap_set=P(u,v)={p:p=uv_mod_3gcd(u,v),14|p|<3(u+v)}
cover_iff=exists_pqr_in_pair_gap_sets_with_w*p+u*q+v*r=0
pair_checks=8778;triple_event_checks=2925;positive_reconstructions=2209;permutation_checks=2184
literal_vertices=(1, 2, 4, 5, 7, 8, 10, 11, 13, 14);cover_edges=48;pairwise_triangles=82;pairwise_false_positives=34
literal_edges=((1, 4, 5), (1, 4, 10), (1, 5, 7), (1, 5, 11), (1, 5, 14), (1, 7, 8), (1, 7, 13), (1, 8, 10), (1, 8, 14), (1, 10, 11), (1, 10, 14), (1, 11, 13), (1, 13, 14), (2, 5, 7), (2, 5, 8), (2, 5, 14), (2, 7, 10), (2, 7, 11), (2, 8, 10), (2, 10, 11), (2, 10, 14), (2, 11, 13), (2, 11, 14), (2, 13, 14), (4, 5, 13), (4, 5, 14), (4, 7, 10), (4, 7, 11), (4, 10, 13), (4, 10, 14), (4, 11, 13), (4, 11, 14), (5, 7, 13), (5, 8, 11), (5, 8, 13), (5, 8, 14), (5, 11, 14), (7, 8, 11), (7, 10, 13), (7, 11, 13), (8, 10, 11), (8, 10, 13), (8, 11, 13), (8, 11, 14), (8, 13, 14), (10, 11, 14), (10, 13, 14), (11, 13, 14))
edge_degrees=((1, 13), (2, 11), (4, 10), (5, 14), (7, 12), (8, 14), (10, 16), (11, 19), (13, 17), (14, 18))
independence_profile=(1, 10, 45, 72, 38, 6, 0, 0, 0, 0, 0);maximal_five_sets=((1, 2, 4, 7, 14), (1, 2, 4, 8, 11), (1, 2, 4, 8, 13), (1, 2, 5, 10, 13), (2, 4, 7, 8, 13), (2, 4, 7, 8, 14))
pairwise_hostile=(1,4,7):all_gap_sets_nonempty_but_no_closed_phase_triangle
extended_pairwise_hostile=(1,4,41);gap_tail=(-7,-4,-1,2,5,8);no_closed_phase_triangle
positive_control=(1,4,5):phase_triangle=(1,-1,-1)
dilation_sign_hostile=2*(1,4,5):(p,q,r)=(-2,2,2),not_naive_(2,-2,-2)
q3_body_candidates=2793;global_transverse_rows=585;exact_rows=588;core_rescues=(((1, 2, 3), (8, 11, 13)), ((1, 2, 4), (8, 11, 13)), ((2, 3, 4), (8, 11, 13)))
core_nonrescue_hostile=C:(1,3,4),U:(8,11,13),t:389/2464;only_omitted_clock_2_is_dangerous
ternary_dilation=roots:(1, 4, 5),multipliers:(7, 11, 13);word_nodes=3^d;distinct_scales=C(d+2,2);checks=1771
harmonic_support_recurrence=1001H_d=311H_(d-1)-31H_(d-2)+H_(d-3)
harmonic_word_recurrence=1001W_(d+1)=311W_d
orbit_harmonic_mass=29029/14400;root_mass=29/20
typing=3_uniform_cover_clutter_with_integral_phase_cochain;not_tournament;word_order_abelianized_by_integer_support
scope=classifies_q3_slice_of_T3387;no_new_refined_ledger_decrement;no_LRC14
semantic_sha256=082e97aa25d8019ba7de49c0a76333c7a3a221dd19cb4bc3e8d5b43ef9a42216
verdict=PASS
