ROW (3, 4225, 9, (8, 85, 88, 95, 132, 145, 193, 240, 252), 0, 171)
ROW (6, 2118, 8, (16, 88, 95, 170, 193, 240, 252, 264), 0, 407)
ROW (22, 1793, 9, (16, 85, 88, 95, 168, 193, 240, 252, 264), 0, 262)
ROW (24, 2259, 8, (16, 85, 88, 145, 168, 240, 252, 264), 0, 521)
ROW (25, 925, 6, (85, 88, 145, 168, 193, 252), 0, 172)
ROW (46, 4031, 11, (16, 85, 88, 95, 145, 168, 193, 240, 252, 264, 290), 0, 145)
ROW (48, 4610, 10, (8, 80, 85, 88, 95, 145, 168, 193, 252, 264), 0, 186)
ROW (50, 4, 1, (193,), 0, 0)
ROW (55, 3968, 11, (8, 80, 85, 88, 95, 132, 170, 193, 252, 286, 290), 0, 128)
ROW (64, 4826, 11, (8, 80, 85, 88, 95, 145, 168, 193, 240, 252, 286), 0, 179)
ROW (70, 4051, 9, (80, 85, 88, 95, 145, 168, 193, 252, 264), 0, 184)
ROW (72, 3044, 9, (16, 85, 88, 95, 168, 193, 240, 252, 264), 0, 366)
ROW (75, 5798, 11, (16, 80, 85, 88, 95, 132, 145, 168, 170, 193, 252), 0, 67)
ROW (83, 5831, 11, (16, 85, 88, 145, 168, 193, 240, 252, 264, 286, 290), 0, 72)
ROW (93, 7113, 12, (16, 42, 80, 85, 88, 95, 145, 168, 193, 240, 252, 264), 0, 41)
ROW (96, 421, 6, (95, 145, 168, 193, 252, 264), 0, 212)
ROW (100, 538, 5, (85, 193, 240, 252, 290), 0, 123)
ROW (103, 5605, 11, (16, 80, 85, 88, 95, 132, 145, 168, 193, 252, 290), 0, 76)
ROW (105, 1328, 6, (80, 85, 88, 145, 168, 252), 0, 268)
ROW (110, 1597, 9, (16, 88, 95, 168, 170, 193, 252, 264, 290), 0, 474)
ROW (122, 5591, 12, (16, 42, 85, 88, 95, 145, 168, 193, 240, 252, 264, 290), 0, 108)
ROW (127, 6526, 12, (8, 16, 80, 85, 88, 95, 145, 168, 193, 240, 252, 264), 0, 42)
ROW (128, 819, 6, (85, 88, 168, 240, 252, 264), 0, 399)
ROW (140, 3080, 8, (80, 85, 88, 145, 168, 240, 252, 264), 0, 365)
ROW (147, 4656, 10, (8, 80, 88, 95, 168, 170, 193, 252, 264, 290), 0, 136)
ROW (153, 4826, 11, (16, 42, 85, 95, 145, 168, 193, 240, 252, 264, 290), 0, 100)
ROW (158, 6635, 12, (16, 80, 85, 88, 95, 132, 145, 168, 193, 240, 252, 286), 0, 45)
ROW (166, 5925, 12, (16, 80, 85, 88, 95, 145, 168, 176, 193, 240, 252, 264), 0, 62)
ROW (172, 6633, 11, (80, 85, 88, 95, 132, 145, 168, 193, 252, 264, 290), 0, 82)
ROW (173, 6285, 10, (16, 85, 88, 95, 145, 168, 193, 240, 252, 264), 0, 100)
ROW (183, 1956, 8, (80, 85, 88, 145, 168, 193, 252, 264), 0, 554)
ROW (186, 3087, 9, (16, 85, 88, 168, 170, 193, 252, 264, 290), 0, 263)
ROW (192, 1557, 7, (95, 132, 145, 168, 193, 252, 290), 0, 534)
ROW (206, 2965, 10, (16, 80, 85, 88, 95, 145, 168, 193, 252, 264), 0, 142)
ROW (210, 891, 5, (85, 145, 168, 193, 252), 0, 116)
ROW (220, 4629, 10, (8, 80, 88, 95, 168, 193, 240, 252, 264, 286), 0, 136)
ROW (256, 520, 6, (88, 95, 168, 240, 252, 264), 0, 250)
ROW (260, 3341, 9, (85, 88, 132, 145, 168, 176, 193, 252, 290), 0, 324)
ROW (270, 5644, 11, (8, 80, 85, 88, 95, 168, 193, 240, 252, 264, 290), 0, 56)
ROW (282, 5475, 11, (8, 16, 85, 88, 95, 145, 168, 193, 240, 252, 264), 0, 112)
ROW (294, 3681, 10, (8, 85, 88, 95, 145, 168, 193, 252, 264, 290), 0, 170)
ROW (306, 5258, 12, (8, 16, 80, 85, 88, 95, 145, 168, 193, 240, 252, 264), 0, 92)
ROW (313, 3850, 10, (16, 80, 88, 95, 145, 168, 170, 193, 252, 264), 0, 176)
ROW (320, 3185, 10, (85, 88, 95, 132, 145, 168, 193, 240, 252, 290), 0, 188)
ROW (325, 6822, 11, (16, 80, 85, 88, 95, 145, 168, 193, 240, 252, 264), 0, 76)
ROW (332, 5995, 12, (16, 42, 85, 95, 145, 168, 176, 193, 240, 252, 264, 290), 0, 76)
ROW (346, 6515, 12, (16, 85, 88, 95, 145, 168, 176, 193, 240, 252, 264, 290), 0, 48)
ROW (366, 2183, 8, (80, 85, 88, 95, 132, 168, 193, 252), 0, 510)
ROW (372, 4431, 10, (16, 85, 88, 95, 145, 168, 193, 240, 252, 264), 0, 139)
ROW (384, 3713, 9, (8, 88, 95, 168, 170, 193, 252, 264, 290), 0, 319)
ROW (416, 3740, 10, (16, 85, 88, 95, 145, 193, 240, 252, 264, 290), 0, 195)
ROW (440, 6245, 11, (80, 85, 88, 95, 132, 145, 168, 193, 240, 252, 264), 0, 106)
ROW (462, 4981, 10, (16, 85, 88, 95, 145, 168, 193, 240, 252, 264), 0, 94)
ROW (512, 3247, 9, (16, 85, 88, 95, 168, 193, 240, 252, 264), 0, 308)
ROW (516, 6582, 11, (16, 85, 88, 95, 145, 168, 193, 240, 252, 264, 290), 0, 59)
ROW (520, 4665, 10, (8, 85, 88, 145, 168, 193, 240, 252, 264, 290), 0, 119)
ROW (550, 6009, 11, (16, 85, 88, 95, 145, 168, 193, 240, 252, 264, 290), 0, 62)
ROW (567, 5396, 11, (16, 85, 88, 95, 132, 145, 168, 193, 240, 252, 290), 0, 76)
ROW (744, 6588, 12, (8, 80, 85, 88, 95, 145, 168, 193, 240, 252, 264, 290), 0, 44)
ROW (768, 5301, 11, (8, 80, 85, 88, 95, 145, 168, 193, 240, 252, 264), 0, 111)
ROW (924, 6007, 11, (8, 80, 85, 88, 95, 145, 168, 193, 240, 252, 264), 0, 69)
TAU_HIST ((1, 1), (5, 2), (6, 5), (7, 1), (8, 5), (9, 9), (10, 12), (11, 17), (12, 9))
FAIL_THROUGH_7 ((25, 925, 6, (85, 88, 145, 168, 193, 252), 0, 172), (50, 4, 1, (193,), 0, 0), (96, 421, 6, (95, 145, 168, 193, 252, 264), 0, 212), (100, 538, 5, (85, 193, 240, 252, 290), 0, 123), (105, 1328, 6, (80, 85, 88, 145, 168, 252), 0, 268), (128, 819, 6, (85, 88, 168, 240, 252, 264), 0, 399), (192, 1557, 7, (95, 132, 145, 168, 193, 252, 290), 0, 534), (210, 891, 5, (85, 145, 168, 193, 252), 0, 116), (256, 520, 6, (88, 95, 168, 240, 252, 264), 0, 250))
RESCUED (3, 6, 22, 24, 46, 48, 55, 64, 70, 72, 75, 83, 93, 103, 110, 122, 127, 140, 147, 153, 158, 166, 172, 173, 183, 186, 206, 220, 260, 270, 282, 294, 306, 313, 320, 325, 332, 346, 366, 372, 384, 416, 440, 462, 512, 516, 520, 550, 567, 744, 768, 924)
EQUALITY_TOTAL 0
EXACT_STATE_RANGE 0 554
