C:\Users\Eliott\Documents\GitHub\math\04-computation\lrc14_perturbation_gap_recover_kps.py:7: SyntaxWarning: invalid escape sequence '\{'
  L(C\{e} u {w}) = meas( G_e \ D_w ) = meas(G_e) - meas(G_e \u2229 D_w)
==============================================================================
TIGHT AP = [1, 2, 3, 4, 5, 6, 7, 8, 9, 10, 11, 12, 13]   (L=0)
==============================================================================
    e best_w    meas(G_e)   min opened L>0  float
   12     36    426/35035           1/1260  7.937e-04
   10     20   1520/63063            1/980  1.020e-03
    6     69        7/858         19/10626  1.788e-03
   13     26  6617/194040            1/182  5.495e-03
    8     16    950/21021        263/25872  1.017e-02
    4     19      97/4004          73/6916  1.056e-02
   11     22   4733/76440          17/1540  1.104e-02
    9     18   3273/56056          47/3528  1.332e-02
    2     17       11/364             1/68  1.471e-02
    5     19     103/2860          87/4004  2.173e-02
    7     14   4319/51480    57191/2522520  2.267e-02
    3     17       11/273         109/4641  2.349e-02
    1     15         1/14           11/210  5.238e-02

  >>> minimal POSITIVE single-perturbation L for AP: 1/1260 = 7.936508e-04
      via drop e=12 -> add w=36
      direct L_exact check = 1/1260
==============================================================================
TIGHT SPORADIC = [1, 2, 3, 4, 5, 6, 7, 8, 9, 10, 11, 13, 24]   (L=0)
==============================================================================
    e best_w    meas(G_e)   min opened L>0  float
   24     36    426/35035           1/1260  7.937e-04
   10     20   1520/63063            1/980  1.020e-03
   13     26    697/17640            5/728  6.868e-03
    6     12    241/12012            7/858  8.159e-03
    8     16    899/42042        263/25872  1.017e-02
    4     19      97/4004          73/6916  1.056e-02
    9     18   3273/56056          47/3528  1.332e-02
   11     22     391/5880         127/9240  1.374e-02
    2     17       11/364             1/68  1.471e-02
    5     17     101/3003      8731/408408  2.138e-02
    3     17       11/273         109/4641  2.349e-02
    7     14   5875/72072      6191/252252  2.454e-02
    1     15         5/84           17/420  4.048e-02

  >>> minimal POSITIVE single-perturbation L for SPORADIC: 1/1260 = 7.936508e-04
      via drop e=24 -> add w=36
      direct L_exact check = 1/1260

==============================================================================
CHAMPION residual lonely set: AP, drop 12, add 36  (expect L=1/1260)
==============================================================================
  L = 1/1260
  residual lonely arcs (2):
     [29/70, 209/504]  len=1/2520=3.968254e-04  center~0.414484
     [295/504, 41/70]  len=1/2520=3.968254e-04  center~0.585516

  G_12 (12-exclusive gap) meas=426/35035 = 1.215927e-02, arcs:
     [15/182,13/154] center~0.083417
     [29/70,41/98] center~0.416327
     [57/98,41/70] center~0.583673
     [141/154,167/182] center~0.916583
  meas(G_12 cap D_36) recovered = 2867/252252
  meas(G_12 cap D_24) recovered = 426/35035 (the tight w)
