theorem=THM-2325
status=PROVED+VERIFIED-EXACT+INDEPENDENTLY-AUDITED
owner_packet_rank_mod13=6
owner_packet_rank_mod7=6
hostile_scalar_septimal_support=8
projective_target_directions=14
nonzero_target_quotient_vector_cosets=168
per_vector_coset_mod13_floor=2239488
model_per_vector_coset_mod13_minimum=2316060
model_per_vector_coset_mod13_maximum=2526612
septimal_support_counts_s1_through_s9=(0, 1679616, 1399680, 1446336, 1438560, 1439856, 1439640, 1439676, 1439670)
septimal_full_kernel_all_unit_floor=1399680
septimal_floor_attained_at_support_size=3
per_vector_coset_mod91_floor=3134566563840
per_projective_direction_mod91_floor=37614798766080
aggregate_all_168_nonzero_quotient_cosets_mod91_floor=526607182725120
exact_lift_control_gain=5
exact_lift_control_height=16338640
exact_lift_certified_height=33524910
each_projective_direction_has_12_disjoint_vector_cosets=true
all_nine_coordinates_are_91_units=true
exact_bezout_lift_preserves_gain_and_residues=true
bounded_visible_carrier_membership_not_proved=true
word_current_incidence_not_proved=true
all_checks=PASS
