small_prefix_edge_candidate_visibility_checks (2170, 4, 370, 994)
nested_preservation_checks_and_c14_boundary (84, (26, 35, ((3, 2), (29, 20)), ((3, 2), (42, 29))))
wall_capacity_checks_and_sharp_control (14336, 13888, (31, 433, 10, 10), 20384, 128, (3, 7, (1, 13), (29, 41), 24, 36, 3))
h420_P1287
 component_status (('missing', 726), ('renew', 4), ('span', 110))
 sieve_all_obligation_successor_reached (21176, 50, 10, 6)
 local_partition_candidate_groups_survivors_shared_excess_empty_groups (21176, 15409, 10239, 5767, 5170)
 candidate_status (('missing', 19736), ('renew', 50), ('span', 1390))
 successor_status (('missing', 10229), ('renew', 10))
 top_chosen_killers ((525, 2446), (945, 1893), (1365, 1473), (11, 1464), (1287, 1302), (1575, 878), (1691, 512), (3371, 304), (10091, 281), (5051, 158), (6731, 124), (8411, 102))
 pair_525_1365_candidate_obligation_successor_reached (105, 1, 1, 1)
 pair_525_1365_candidate_status (('missing', 90), ('renew', 1), ('span', 14))
 pair_525_1365_chosen_killers ((11, 15), (1287, 6), (1691, 4))
 pair_1365_525_candidate_obligation_successor_reached (105, 1, 1, 1)
 pair_1365_525_candidate_status (('missing', 90), ('renew', 1), ('span', 14))
 pair_1365_525_chosen_killers ((11, 14),)
 actual_edges ((147, 525, 92, 11, 2, 38), (147, 1365, 239, 525, 92, 105), (310, 11, 4, 1575, 583, 113), (529, 1575, 992, 11, 7, 113), (692, 11, 9, 525, 433, 38), (692, 525, 433, 1365, 1126, 105))
h420_P9009
 component_status (('missing', 726), ('renew', 4), ('span', 110))
 sieve_all_obligation_successor_reached (27404, 86, 11, 6)
 local_partition_candidate_groups_survivors_shared_excess_empty_groups (27404, 20340, 12458, 7064, 7882)
 candidate_status (('missing', 25112), ('renew', 86), ('span', 2206))
 successor_status (('missing', 12447), ('renew', 11))
 top_chosen_killers ((525, 3182), (945, 2711), (11, 2381), (1365, 2285), (1575, 1311), (1691, 1024), (3371, 634), (10091, 420), (5051, 323), (6731, 269), (8411, 214), (9009, 192))
 pair_525_1365_candidate_obligation_successor_reached (105, 1, 1, 1)
 pair_525_1365_candidate_status (('missing', 90), ('renew', 1), ('span', 14))
 pair_525_1365_chosen_killers ((11, 15), (1691, 4))
 pair_1365_525_candidate_obligation_successor_reached (105, 1, 1, 1)
 pair_1365_525_candidate_status (('missing', 90), ('renew', 1), ('span', 14))
 pair_1365_525_chosen_killers ((11, 14),)
 actual_edges ((147, 525, 92, 11, 2, 38), (147, 1365, 239, 525, 92, 105), (310, 11, 4, 1575, 583, 113), (529, 1575, 992, 11, 7, 113), (692, 11, 9, 525, 433, 38), (692, 525, 433, 1365, 1126, 105))
full_twelve_tail_nested_counterfamily
 M_h_u_v (1, 420, 141, 143) base_pair_full_pair_lower (24, 26, 20) full_status (('missing', 806), ('renew', 34)) halfturn_bad_multipliers (39, 41, 43, 45, 47) wall_witness_clearance (Fraction(1, 1974), Fraction(1, 14)) anchor_plus_residual_wall_capacity (84, 282)
 M_h_u_v (2, 840, 281, 283) base_pair_full_pair_lower (50, 50, 40) full_status (('missing', 1612), ('renew', 68)) halfturn_bad_multipliers (39, 41, 43, 45, 47) wall_witness_clearance (Fraction(1, 3934), Fraction(1, 14)) anchor_plus_residual_wall_capacity (164, 562)
 M_h_u_v (5, 2100, 701, 703) base_pair_full_pair_lower (122, 124, 100) full_status (('missing', 4028), ('renew', 172)) halfturn_bad_multipliers (39, 41, 43, 45, 47) wall_witness_clearance (Fraction(1, 9814), Fraction(1, 14)) anchor_plus_residual_wall_capacity (404, 1402)
PASS
