==============================================================================
THM-527 Thread A: ASYMPTOTIC -- does rho* -> positive limit or 0?
==============================================================================

fixed P=[1, 2, 3, 12]: meas(G_P)=25/42=0.59524
F_iid(k) ceilings: k=7:0.7998, k=8:0.6846, k=9:0.5689, k=10:0.4621

--- F1: E = {0,1,..,7, M}, M growing (k=9) ---
    predicted product floor F(9)*cap = 0.5689*0.5952 = 0.33862
    M=   8: rho* = 0.011905
    M=   9: rho* = 0.026190
    M=  11: rho* = 0.051701
    M=  13: rho* = 0.051701
    M=  17: rho* = 0.049300
    M=  23: rho* = 0.031721
    M=  31: rho* = 0.039796
    M=  47: rho* = 0.037047
    M=  61: rho* = 0.043092
    M= 101: rho* = 0.039077
    M= 211: rho* = 0.040135
    M= 401: rho* = 0.039855

--- F2: E = {0,1,2} U {M,M+1,M+2}, M growing (k=6) ---
    M=   3: rho* = 0.238095  (k=6)
    M=   4: rho* = 0.395238  (k=6)
    M=   6: rho* = 0.357143  (k=6)
    M=  10: rho* = 0.416017  (k=6)
    M=  16: rho* = 0.371729  (k=6)
    M=  30: rho* = 0.388987  (k=6)
    M=  61: rho* = 0.391461  (k=6)
    M= 121: rho* = 0.399827  (k=6)
    M= 241: rho* = 0.395483  (k=6)
    [F(6)*cap = 0.53567]

--- F3: E = {0, s, 2s, ..., 8s}, s growing (k=9 AP) ---
    pure mu is CONSTANT (=mu_9) under scaling; rho* tests GOOD-comb vs G_P
    predicted floor mu_9*cap = 0.2827*0.5952 = 0.16825
    s=  1: rho* = 0.011905
    s=  2: rho* = 0.055272
    s=  3: rho* = 0.083673
    s=  5: rho* = 0.194694
    s=  7: rho* = 0.198931
    s= 11: rho* = 0.204453
    s= 13: rho* = 0.193040
    s= 17: rho* = 0.154462
    s= 23: rho* = 0.171843
    s= 31: rho* = 0.162157
    s= 43: rho* = 0.161090

--- F4: extend the observed k=9 minimizer tail (does it -> 0?) ---
    base [0,1,3,5,6,7,9, a, a+1] with a growing (mimic the W-min family)
    a=  11: rho* = 0.060939  P=[1,6,7,13]
    a=  13: rho* = 0.012821  P=[1,6,7,13]
    a=  17: rho* = 0.070998  P=[1,6,7,13]
    a=  23: rho* = 0.090427  P=[1,6,7,13]
    a=  31: rho* = 0.063399  P=[1,6,7,13]
    a=  47: rho* = 0.065561  P=[1,6,7,13]
    a=  71: rho* = 0.058555  P=[1,6,7,13]
    a= 101: rho* = 0.063228  P=[1,6,7,13]

Net read: if every family FLOORS at a positive value, the inf is
positive (the subtorus floors F(k)*cap, mu_k*cap, etc. are all > 0);
the only way compactness fails is a family with rho* -> 0.

DONE.
