base [1, 2, 3, 4, 5, 7]: M=1/6 at t=1/6  (generic denominator 6)

PLATEAU test (x NOT = 0 mod 6): M should be 1/6
  plateau holds for all non-resonant x in 13..49: True

RESONANCE LADDER (x=6j): closed form M=j/(6j+5) at t=(j+1)/(6j+5)
   j  x=6j  M(computed)   j/(6j+5)  match         t  in gap?
   3    18         3/23       3/23   True 4/23           YES
   4    24         4/29       4/29   True 5/29              
   5    30          1/7        1/7   True 6/35              
   6    36         6/41       6/41   True 7/41              
   7    42         7/47       7/47   True 8/47              
   8    48         8/53       8/53   True 9/53              
   9    54         9/59       9/59   True 10/59              
  10    60         2/13       2/13   True 11/65              
  11    66        11/71      11/71   True 12/71              

CLOSED-FORM LOWER BOUND at t=(j+1)/(6j+5), q=6j+5, c=j+1 -- residue-distances:
  runner 1 -> j+1 ;  2 -> 2j+2 ;  3 -> 3j+2 ;  4 -> 2j+1 ;  5 -> j ;  7 -> j+2 ;  6j -> j
  => min = j (runners 5 and 6j bind), so M >= j/(6j+5).  [equality computational above]
  verified min-dist = j for j=3..7.

UNIQUENESS: j/(6j+5) in (1/8,2/15)  <=>  8j>6j+5 (j>=3) AND 15j<12j+10 (j<=3)  <=>  j=3.
  => the ONLY gap member in this slice is x=6*3=18, M=3/23 (mediant, denom 23=3k+2 wall).
  The gap window catches exactly ONE rung of the resonance ladder.
