U_FULL DESHEETED COMMON-RESIDUAL -- INDEPENDENT HOSTILE AUDIT
status=ACCEPT_SCOPED_FINITE_EXACT_ALTERNATE_DIAGONAL;LRC14_OPEN
dependencies=(thm3514_engine=f89be10c65bb77270199f9399b155d5a2c82c0da121b3e8589fe3c1f7e9824fc,old_point_api=d1182de4d777bab20a8d423cf942151ac3149014b67d9c34883cbce37a7b0a9f)
field=(prime=572252886246508880869,root=279936,zeta7=353818603057943120846,zeta13=505438565698892403012,order=81750412320929840124)
coordinate_descent=(91t=7a+r,y=13t-a,Q169t=Q13y,742586=169*4394,residual_frequency=57122)
guard_restoration=(atom_law_exhaustive=True,literal_controls=78,digest=1b365ef227df30a50309e0c4cb3b1e77f0852a6aa9f3039abd84e37c65390239)
same_sheet_point_gamma=(hash=771545a5cb1f0f03459b8d351de668ad950ece5fcb985fa61d599d643de3303f,values=(633668780131603861, 405160484437854840264),bridge=167726070588785644466)
gamma_decomposition=(same_plus_cross_equals_full=True,same=771545a5cb1f0f03459b8d351de668ad950ece5fcb985fa61d599d643de3303f,cross=f02e10902bd8cc5ec9b588f059c7ebb72eac14b5f9ee46f6055f2f2ee0a530c6,full=c16e6c4e82b73aced92f5d9ab61779d535263deed17a9caa90fce0ca6c947dcf)
table_spectra=(order=(same,cross,full),shapes=((91, 1, 6, 12, 72), (91, 1, 6, 12, 72), (91, 1, 6, 12, 72)),table_digests=('b80423dad8b155bd02e79d98c981ec3ada15934d91cb72ebacc385ded6b7ed6d', '50d44c5db5cea5842ceada123d06c54f0221561d08744c83eaf3aebd55f2420c', '64adfc3850b8a8924546a75e051116aa10e3a62661ca409175aad174a9ebb926'),spectrum_digests=('17e08d5c0a5d107bad1d9828e754ed197d2737ee4dc7c1fcbfdeccb410992f72', '14c5490ee52e4283848290feee3b0995a44791fee30a9aaef6ad2a945b9442e8', '398a2c2ccb57714aa9d735d3bca4f24c2212396a8be9e2bd07e8e4ec57b6c05a'))
full_ANOVA_shapes=((72, 0, 0, 0, 72), (72, 0, 0, 0, 72), (72, 0, 0, 0, 72))
fixed_class_1_0_6_seven_modes=((358299394447943835912, 358299394447943835912, 358299394447943835912, 358299394447943835912, 358299394447943835912, 358299394447943835912, 358299394447943835912), (503768152836401331823, 503768152836401331823, 503768152836401331823, 503768152836401331823, 503768152836401331823, 503768152836401331823, 503768152836401331823), (289814661037836286866, 289814661037836286866, 289814661037836286866, 289814661037836286866, 289814661037836286866, 289814661037836286866, 289814661037836286866))
zero_cell_rows_mod_p_only=((1, 2, 3, 4, 5, 6), (1, 2, 3, 4, 5, 6), (1, 2, 3, 4, 5, 6))
bridge_boundary=(full_values=(95783417057771114126, 124341028951542154618),full_bridge=543695274352737840377,cross_bridge=375969203763952195911,Cartesian_bridge=389266878372286537904,different=True)
proof=('91t_equals_7a_plus_r_and_y_equals_13t_minus_a', 'Q_169t_equals_Q_13y_on_every_transformed_endpoint', '742586_equals_13_squared_times_4394_kills_the_sheet_phase', 'literal_guarded_controls_equal_unguarded_atom_restoration', 'same_sheet_bank_recovers_the_old_point_diagonal_hash', 'ordered_same_plus_cross_equals_full_before_every_transform')
boundary=('alternate_common_residual_diagonal_coupling', 'full_bridge_differs_from_the_Cartesian_endpoint_bridge', 'six_zero_cell_rows_are_only_mod_p_statements', 'no_collision_horizon_source_chronology_exact_address_or_LRC14_claim')
semantic_sha256=dac1a968808aaf3bf5c1f2208f62fd1c68e55b4e17af2e12aa65d8a9809a969e
script_sha256_lf=ede780b135f4032be364b43a9543ede259686d1b298256a258a666cdcae083f2
reproducibility=no_candidate_imports;no_randomness;no_elapsed_fields;normal_and_O_transcripts_must_match
commands=python -B 04-computation/lrc_ufull_desheeted_common_residual_independent_audit_20260816.py;python -B -O 04-computation/lrc_ufull_desheeted_common_residual_independent_audit_20260816.py
PASS
