q=3 (n=6):
   [random      ] holds WITH apex constraint: 1290/3000 ;  EXCLUDING apex: 1781/3000
   [zero-coord  ] holds WITH apex constraint: 1471/3000 ;  EXCLUDING apex: 1900/3000
   [parity-tight] holds WITH apex constraint: 738/3000 ;  EXCLUDING apex: 1149/3000
   tight tuple: with-apex=False  excl-apex=True
   runners with c_i≡0 mod q (speed≡0 mod q) among 1..5: [3]
q=5 (n=10):
   [random      ] holds WITH apex constraint: 2422/3000 ;  EXCLUDING apex: 2742/3000
   [zero-coord  ] holds WITH apex constraint: 2562/3000 ;  EXCLUDING apex: 2811/3000
   [parity-tight] holds WITH apex constraint: 1419/3000 ;  EXCLUDING apex: 1759/3000
   tight tuple: with-apex=False  excl-apex=True
   runners with c_i≡0 mod q (speed≡0 mod q) among 1..9: [5]
q=7 (n=14):
   [random      ] holds WITH apex constraint: 2719/3000 ;  EXCLUDING apex: 2936/3000
   [zero-coord  ] holds WITH apex constraint: 2735/3000 ;  EXCLUDING apex: 2963/3000
   [parity-tight] holds WITH apex constraint: 1831/3000 ;  EXCLUDING apex: 2168/3000
   tight tuple: with-apex=False  excl-apex=True
   runners with c_i≡0 mod q (speed≡0 mod q) among 1..13: [7]
q=11 (n=22):
   [random      ] holds WITH apex constraint: 2879/3000 ;  EXCLUDING apex: 2994/3000
   [zero-coord  ] holds WITH apex constraint: 2872/3000 ;  EXCLUDING apex: 2996/3000
   [parity-tight] holds WITH apex constraint: 2325/3000 ;  EXCLUDING apex: 2577/3000
   tight tuple: with-apex=False  excl-apex=True
   runners with c_i≡0 mod q (speed≡0 mod q) among 1..21: [11]
