LRC AS A CONSTRAINED TOURNAMENT-CLASS PROBLEM (S512)
====================================================================================================
Raw A000568 classes are the base.  LRC needs a runner-clock walk in a
decorated fiber over that base: observer mark, safe mask, gap marks, or
pair-cell deficit marks.  The question is which decoration is minimal.

A000568 base layer
====================================================================================================
n  Burnside  enumerated<=5  odd partitions
 1         1             1  1
 2         1             1  1+1
 3         2             2  3, 1+1+1
 4         4             4  3+1, 1+1+1+1
 5        12            12  5, 3+1+1, 1+1+1+1+1
 6        56             -  5+1, 3+3, 3+1+1+1, 1+1+1+1+1+1
 7       456             -  7, 5+1+1, 3+3+1, 3+1+1+1+1, 1+1+1+1+1+1+1

Circular half-turn menu probe for total n=3
----------------------------------------------------------------------------------------------------
open-cell phase classes: 2; wall-compactified classes: 2; A000568(3)=2
  open-cell class details:
  H=1     score=(0, 1, 2) c3=0  first_speed=(0, 1, 2)
  H=3     score=(1, 1, 1) c3=1  first_speed=(0, 1, 2)

Circular half-turn menu probe for total n=4
----------------------------------------------------------------------------------------------------
open-cell phase classes: 2; wall-compactified classes: 4; A000568(4)=4
  open-cell class details:
  H=1     score=(0, 1, 2, 3) c3=0  first_speed=(0, 1, 2, 3)
  H=5     score=(1, 1, 2, 2) c3=2  first_speed=(0, 1, 2, 3)
  tie-wall adds 2 extra phase classes under the fixed tie path

Circular half-turn menu probe for total n=5
----------------------------------------------------------------------------------------------------
open-cell phase classes: 4; wall-compactified classes: 11; A000568(5)=12
  open-cell class details:
  H=1     score=(0, 1, 2, 3, 4) c3=0  first_speed=(0, 1, 2, 3, 4)
  H=9     score=(1, 1, 2, 3, 3) c3=3  first_speed=(0, 1, 2, 3, 4)
  H=11    score=(1, 2, 2, 2, 3) c3=4  first_speed=(0, 1, 2, 3, 4)
  H=15    score=(2, 2, 2, 2, 2) c3=5  first_speed=(0, 1, 2, 3, 4)
  tie-wall adds 7 extra phase classes under the fixed tie path

TOTAL n=3 (observer + 2 moving), max_speed=16
----------------------------------------------------------------------------------------------------
primitive speed sets: 79
sampled exact states: 10995
speed sets with sampled LRC witness: 79/79

Lift separation by class/fiber:
  lift                         classes  good-only  bad-only  mixed  certifies speeds
  gap_rank_marked_adjacent           3          0         1      2        0/79
  gap_threshold_fiber                8          2         6      0       79/79
  pair_deficit_origin_marked         3          0         1      2        0/79
  pair_deficit_threshold_fiber       9          2         7      0       79/79
  phase_half                         2          0         0      2        0/79
  phase_marked_observer              4          0         1      3        0/79
  phase_safe_colored                14          3        11      0       79/79

Representative tight/equality witnesses:
  speeds=(0, 1, 2): 1/3, 2/3
  speeds=(0, 1, 3): 4/9, 17/36, 1/2, 19/36, 5/9
  speeds=(0, 1, 4): 1/3, 17/48, 3/8, 19/48, 5/12
  speeds=(0, 1, 5): 1/3, 7/15, 29/60, 1/2, 31/60
  initial segment (0, 1, 2): first witnesses [Fraction(1, 3), Fraction(2, 3)]

TOTAL n=4 (observer + 3 moving), max_speed=10
----------------------------------------------------------------------------------------------------
primitive speed sets: 109
sampled exact states: 13197
speed sets with sampled LRC witness: 109/109

Lift separation by class/fiber:
  lift                         classes  good-only  bad-only  mixed  certifies speeds
  gap_rank_marked_adjacent           6          0         2      4        0/109
  gap_threshold_fiber               20          5        15      0      109/109
  pair_deficit_origin_marked        17          0        13      4        0/109
  pair_deficit_threshold_fiber      50          4        46      0      109/109
  phase_half                         4          0         0      4        0/109
  phase_marked_observer             11          0         1     10        0/109
  phase_safe_colored                52         10        42      0      109/109

Representative tight/equality witnesses:
  speeds=(0, 1, 2, 3): 1/4, 3/4
  speeds=(0, 1, 2, 4): 5/16, 31/96, 1/3, 17/48, 3/8
  speeds=(0, 1, 2, 5): 1/4, 11/40, 3/10, 19/60, 1/3
  speeds=(0, 1, 2, 6): 1/4, 13/48, 7/24, 3/8, 5/8
  initial segment (0, 1, 2, 3): first witnesses [Fraction(1, 4), Fraction(3, 4)]

SYNTHESIS
====================================================================================================
1. The open half-turn runner clock lands in a circular-menu subset of
   A000568 classes.  Equality walls form a tie-path compactification
   that can add many boundary classes, so tight LRC states need the
   boundary fiber, not only the open circular menu.
2. For LRC itself, unmarked phase class is too coarse: good and bad
   states live in the same A000568 class.  This is the first warning.
3. Pure gap-rank and pair-deficit rank are still too coarse.  The
   first separating objects are threshold-decorated fibers over the
   A000568 base: gap-rank plus 1/n gap colors, or pair-deficit plus
   zero/nonzero danger colors.
4. A future n=14 proof by this route would likely show that the hard
   quotient-ladder walk is trapped in the circular/pair-cell fiber and
   must hit a good-only decorated class before closing.
