Farey_76: 1773 fractions
contributing cells: 24
total roof-superlevel measure = 2314528732/40290957525 = 0.05744536
m_P = 14249/252252 = 0.05648716
published AP76 value 2314528732/40290957525 = 0.05744536
total >= m_P ? True   (margin 0.000958)

MINIMAL greedy subset to clear m_P: 22 intervals, sum=0.05673463 >= m_P (True)
  (margin 0.000247)

The picked intervals (for Lean instantiation):
  cell (p/q,p'/q')=(0/1,1/76)  interval (0, 2/175)  len=2/175=0.011429
  cell (p/q,p'/q')=(1/6,12/71)  interval (1/6, 76/455)  len=1/2730=0.000366
  cell (p/q,p'/q')=(15/76,1/5)  interval (99/497, 1/5)  len=2/2485=0.000805
  cell (p/q,p'/q')=(1/5,15/74)  interval (1/5, 97/483)  len=2/2415=0.000828
  cell (p/q,p'/q')=(18/73,1/4)  interval (40/161, 1/4)  len=1/644=0.001553
  cell (p/q,p'/q')=(1/4,19/75)  interval (1/4, 125/497)  len=3/1988=0.001509
  cell (p/q,p'/q')=(25/76,1/3)  interval (169/511, 1/3)  len=4/1533=0.002609
  cell (p/q,p'/q')=(1/3,25/74)  interval (1/3, 167/497)  len=4/1491=0.002683
  cell (p/q,p'/q')=(29/73,2/5)  interval (95/238, 2/5)  len=1/1190=0.000840
  cell (p/q,p'/q')=(2/5,29/72)  interval (2/5, 188/469)  len=2/2345=0.000853
  cell (p/q,p'/q')=(37/75,1/2)  interval (253/511, 1/2)  len=5/1022=0.004892
  cell (p/q,p'/q')=(1/2,38/75)  interval (1/2, 258/511)  len=5/1022=0.004892
  cell (p/q,p'/q')=(43/72,3/5)  interval (281/469, 3/5)  len=2/2345=0.000853
  cell (p/q,p'/q')=(3/5,44/73)  interval (3/5, 143/238)  len=1/1190=0.000840
  cell (p/q,p'/q')=(49/74,2/3)  interval (330/497, 2/3)  len=4/1491=0.002683
  cell (p/q,p'/q')=(2/3,51/76)  interval (2/3, 342/511)  len=4/1533=0.002609
  cell (p/q,p'/q')=(56/75,3/4)  interval (372/497, 3/4)  len=3/1988=0.001509
  cell (p/q,p'/q')=(3/4,55/73)  interval (3/4, 121/161)  len=1/644=0.001553
  cell (p/q,p'/q')=(59/74,4/5)  interval (386/483, 4/5)  len=2/2415=0.000828
  cell (p/q,p'/q')=(4/5,61/76)  interval (4/5, 398/497)  len=2/2485=0.000805
  cell (p/q,p'/q')=(59/71,5/6)  interval (379/455, 5/6)  len=1/2730=0.000366
  cell (p/q,p'/q')=(75/76,1/1)  interval (173/175, 1)  len=2/175=0.011429

All contributing cells by node denominator:
  minq=1: 2 cells, total len 0.022857
  minq=2: 2 cells, total len 0.009785
  minq=3: 4 cells, total len 0.010584
  minq=4: 4 cells, total len 0.006124
  minq=5: 8 cells, total len 0.006652
  minq=6: 4 cells, total len 0.001443
