n=4 exact measure gap study (monad-S1), speeds<=24

smallest |SAFE| values (exact):
   (1, 2, 3): |SAFE| = 0 = 0.000000
   (1, 6, 7): |SAFE| = 1/28 = 0.035714
   (1, 3, 4): |SAFE| = 1/24 = 0.041667
   (1, 10, 11): |SAFE| = 1/22 = 0.045455
   (1, 14, 15): |SAFE| = 1/20 = 0.050000
   (2, 3, 5): |SAFE| = 1/20 = 0.050000
   (1, 18, 19): |SAFE| = 1/19 = 0.052632
   (1, 7, 8): |SAFE| = 3/56 = 0.053571
   (1, 22, 23): |SAFE| = 5/92 = 0.054348
   (1, 3, 9): |SAFE| = 1/18 = 0.055556
   (1, 11, 12): |SAFE| = 5/88 = 0.056818
   (2, 5, 7): |SAFE| = 2/35 = 0.057143
   (3, 10, 13): |SAFE| = 3/52 = 0.057692
   (1, 15, 16): |SAFE| = 7/120 = 0.058333

  measure-zero triples (speeds<=24): [(1, 2, 3)]
  smallest POSITIVE measure: 1/28 = 0.035714
  is it 1/28? True

  (1,6,7) exact measure = 1/28 (== 1/28: True)
