============================================================================================================
(1) PER-q VORONOI PROFILE W_q  --  near-affine primitive adversaries vs AP (k=13, res 2e6)
============================================================================================================
    W_q(AP_13) exact: 1/7, 5/77, 3/35, 8/147, 23/294, 4/245
    family                                      mu      dmu                                      W_1..W_6
    AP {1..13}                              0.4425  +0.0000  0.1429 0.0649 0.0857 0.0544 0.0782 0.0163  gcd-diff=1
    spread 2AP-1 {1,3,..,25}                0.4425  +0.0000  0.0748 0.0714 0.0582 0.0649 0.0745 0.0986  gcd-diff=2  *** BELOW AP at: q1<AP,q3<AP,q5<AP ***
    spread3 3AP-2 {1,4,..,37}               0.4425  +0.0000  0.0769 0.0366 0.0952 0.0466 0.0949 0.0923  gcd-diff=3  *** BELOW AP at: q1<AP,q2<AP,q4<AP ***
    spread+bump {1,3,..,23,26}              0.5510  +0.1085  0.0829 0.0779 0.0782 0.0794 0.1163 0.1163  gcd-diff=1  *** BELOW AP at: q1<AP,q3<AP ***
    spread+bump2 {1,3,..,23,27}             0.5589  +0.1164  0.0962 0.0724 0.0782 0.0794 0.1163 0.1163  gcd-diff=2  *** BELOW AP at: q1<AP,q3<AP ***
    spread+mid {1,3,..,11,14,15,..,25odd}   0.8693  +0.4268  0.1344 0.0935 0.1308 0.1268 0.2090 0.1748  gcd-diff=1  *** BELOW AP at: q1<AP ***
    spread+head {2,3,5,7,..,25}             0.5591  +0.1166  0.0909 0.0779 0.0782 0.0794 0.1163 0.1163  gcd-diff=1  *** BELOW AP at: q1<AP,q3<AP ***
    spread3+bump {1,4,..,34,38}             0.5549  +0.1125  0.0862 0.0494 0.1039 0.0720 0.1282 0.1153  gcd-diff=1  *** BELOW AP at: q1<AP,q2<AP ***

============================================================================================================
(2) INTRINSIC PROFILE V_r = meas{x : exactly r gaps > 1/7}  (affine-invariant by construction)
============================================================================================================
    family                                      mu                                      V_1..V_6   tail sums T_j = sum_(r>=j) V_r
    AP {1..13}                              0.4425  0.1717 0.0761 0.0814 0.0553 0.0469 0.0111   [per-r >= AP]  [tails >= AP]
    spread 2AP-1 {1,3,..,25}                0.4425  0.1717 0.0761 0.0814 0.0553 0.0469 0.0111   [per-r >= AP]  [tails >= AP]
    spread3 3AP-2 {1,4,..,37}               0.4425  0.1717 0.0761 0.0814 0.0553 0.0469 0.0111   [per-r >= AP]  [tails >= AP]
    spread+bump {1,3,..,23,26}              0.5510  0.2243 0.1076 0.1285 0.0580 0.0328 0.0000   [V5<AP,V6<AP]  [T4<AP,T5<AP,T6<AP TAILS]
    spread+bump2 {1,3,..,23,27}             0.5589  0.2981 0.0749 0.0799 0.0535 0.0445 0.0080   [V6<AP]  [T2<AP,T3<AP,T4<AP,T5<AP,T6<AP TAILS]
    spread+mid {1,3,..,11,14,15,..,25odd}   0.8693  0.5708 0.0931 0.1334 0.0374 0.0346 0.0000   [V4<AP,V5<AP,V6<AP]  [T4<AP,T5<AP,T6<AP TAILS]
    spread+head {2,3,5,7,..,25}             0.5591  0.2322 0.1041 0.1373 0.0502 0.0354 0.0000   [V4<AP,V5<AP,V6<AP]  [T4<AP,T5<AP,T6<AP TAILS]
    spread3+bump {1,4,..,34,38}             0.5549  0.2243 0.1278 0.0964 0.0739 0.0325 0.0000   [V5<AP,V6<AP]  [T4<AP,T5<AP,T6<AP TAILS]

    V_r(AP_13) roof-derived structure (for the record):
      q=1 window: r=1 throughout       -> V_1 gains 1/7
      q=2 window: r=2 throughout       -> V_2 gains 5/77
      q=3 windows: r=3 then r=1 slivers; q=4: r=4->2->1...; etc.
    measured V_r(AP_13): 0.1717 0.0761 0.0814 0.0553 0.0469 0.0111

[9s]
