MEASURE OBSTRUCTION at r = 2/25: |L_base| > 2*(4/25) = 8/25 closes the frame's doubles
threshold 8/25 = 0.3200
bases passing (doubles closed by measure alone): 0/66
failing bases (need the witness-side/frame argument): 66
  drop (10, 12): |L(2/25)| = 454/12375 = 0.0367
  drop (4, 12): |L(2/25)| = 3313/86625 = 0.0382
  drop (6, 10): |L(2/25)| = 142/3465 = 0.0410
  drop (4, 6): |L(2/25)| = 67/1575 = 0.0425
  drop (2, 12): |L(2/25)| = 442/9625 = 0.0459
  drop (5, 6): |L(2/25)| = 1861/38500 = 0.0483
  drop (6, 12): |L(2/25)| = 482/9625 = 0.0501
  drop (2, 6): |L(2/25)| = 58/1155 = 0.0502
  drop (3, 12): |L(2/25)| = 139/2625 = 0.0530
  drop (4, 10): |L(2/25)| = 967/17325 = 0.0558
  drop (5, 12): |L(2/25)| = 6473/115500 = 0.0560
  drop (8, 12): |L(2/25)| = 564/9625 = 0.0586
  drop (6, 8): |L(2/25)| = 1816/28875 = 0.0629
  drop (4, 5): |L(2/25)| = 3127/49500 = 0.0632
  drop (2, 10): |L(2/25)| = 4/63 = 0.0635

j=3 (triples): threshold 12/25 = 0.48
  passing: 0/220; failing: 220
