################################################################################
# THREAD D follow-up: scaling, Bonferroni lattice, collision, miss-GF
################################################################################

=== (A) SCALING INVARIANCE  measS7(c*E) == measS7(E) ? ===
  E=[1, 2, 3, 4, 5]: base=0.00000  c2=0.00000 c3=0.00000 c5=0.00000  scale-inv(c coprime 7)=YES
  E=[1, 3, 4, 5, 9]: base=0.00000  c2=0.00000 c3=0.00000 c5=0.00000  scale-inv(c coprime 7)=YES
  E=[2, 3, 5, 7, 11]: base=0.00000  c2=0.00000 c3=0.00000 c5=0.00000  scale-inv(c coprime 7)=YES
  E=[1, 2, 4, 8, 16]: base=0.00000  c2=0.00000 c3=0.00000 c5=0.00000  scale-inv(c coprime 7)=YES
  => If YES universally for gcd(c,7)=1: measS7 depends only on E mod global
     scaling by a 7-coprime unit. Big search-space reduction.

=== (B/D) MISS-LATTICE  S_j  and bracketing Bonferroni ===

  k=8 [1..8]: p0=0.34490  cap=0.3815
    S_j  = [1.0000, 1.6745, 2.0541, 1.6929, 0.8929, 0.2704, 0.0357, 0.0000]
    IE partial sums (Bonferroni bracketing):
      ['1.0000', '-0.6745', '1.3796', '-0.3133', '0.5796', '0.3092', '0.3449', '0.3449']
    tightest even-trunc UPPER on p0 = 0.3449  (BEATS cap)

  k=9 [1..9]: p0=0.43821  cap=0.4943
    S_j  = [1.0000, 1.4456, 1.8056, 1.5068, 0.7914, 0.2381, 0.0317, 0.0000]
    IE partial sums (Bonferroni bracketing):
      ['1.0000', '-0.4456', '1.3600', '-0.1468', '0.6446', '0.4065', '0.4382', '0.4382']
    tightest even-trunc UPPER on p0 = 0.4382  (BEATS cap)

  k=9 2clust: p0=0.22752  cap=0.4943
    S_j  = [1.0000, 1.7275, 1.6717, 1.0571, 0.4245, 0.0917, 0.0076, 0.0000]
    IE partial sums (Bonferroni bracketing):
      ['1.0000', '-0.7275', '0.9442', '-0.1129', '0.3116', '0.2199', '0.2275', '0.2275']
    tightest even-trunc UPPER on p0 = 0.2275  (BEATS cap)

  k=8 QR-fl: p0=0.32857  cap=0.3815
    S_j  = [1.0000, 1.6435, 1.9399, 1.5719, 0.8104, 0.2381, 0.0317, 0.0000]
    IE partial sums (Bonferroni bracketing):
      ['1.0000', '-0.6435', '1.2964', '-0.2755', '0.5349', '0.2968', '0.3286', '0.3286']
    tightest even-trunc UPPER on p0 = 0.3286  (BEATS cap)

=== (C) TOURNAMENT-SIDE: corr vs E[#collisions], and gcd structure ===
  family                                  k       p0   coupon     corr  E[coll]
  [1..8]                                  8   0.3449   0.0245  +0.3204   4.1071
  [1..9]                                  9   0.4382   0.0577  +0.3805   5.3294
  [2,4..16]                               8   0.3449   0.0245  +0.3204   4.1071
  primes[2,3,5,7,11,13,17,19]             8   0.0585   0.0245  +0.0340   4.0487
  2clust k9                               9   0.2275   0.0577  +0.1698   5.1931
  sep k9 [1,2,3,40,41,42,500,501,502]     9   0.1506   0.0577  +0.0929   5.1442
  hypothesis check: does corr DECREASE as clusters separate (-> coupon)?

DONE.
