f(al,be) target grid (al,be in 1..3):
   [3, 5, 6]
   [5, 8, 9]
   [6, 9, 11]

 f - al*be:
   [2, 3, 3]
   [3, 4, 3]
   [3, 3, 2]

 (f - al*be) candidates:
   [2, 3, 3]
   [3, 4, 3]
   [3, 3, 2]

 al*be+al+be-1:
   [2, 4, 6]
   [4, 7, 10]
   [6, 10, 14]

 al*be+al+be:
   [3, 5, 7]
   [5, 8, 11]
   [7, 11, 15]

FINAL: S(p%7,q%7) explicit table is the closed form. Print as nested dict.
   ['.', 0, 0, 0, 0, 0, 0]
   [0, 12, 20, 24, 24, 20, 12]
   [0, 20, 32, 36, 36, 32, 20]
   [0, 24, 36, 44, 44, 36, 24]
   [0, 24, 36, 44, 44, 36, 24]
   [0, 20, 32, 36, 36, 32, 20]
   [0, 12, 20, 24, 24, 20, 12]

UNIVERSAL: S <= 44 for ALL (p,q) => D <= 44/(7pq) (RESIDUE-ONLY, no Koksma!).
Sharp window faces: max S/p = 12 (at 3/2), max S/q = 20 (at 2/1).
=> D <= 12/(7q)  AND  D <= 20/(7p)  AND  D <= 44/(7pq), all SHARP & ELEMENTARY.
