==============================================================================
THM-527 Thread A: EXACT rho*(P,E) engine  (kind-pasteur kpswf10)
==============================================================================

--- (1) pure consecutive mu_k = meas(maxgap{j x: j<k} > 2/7) ---
  k= 3: mu = 1 = 1.000000  canon=1  OK
  k= 4: mu = 19/21 = 0.904762  canon=19/21  OK
  k= 5: mu = 9/14 = 0.642857  canon=9/14  OK
  k= 6: mu = 4/7 = 0.571429
  k= 7: mu = 83/210 = 0.395238
  k= 8: mu = 163/490 = 0.332653
  k= 9: mu = 277/980 = 0.282653
  k=10: mu = 557/2205 = 0.252608
  k=11: mu = 127/588 = 0.215986
  k=12: mu = 1313/6468 = 0.202999
  k=13: mu = 829/4620 = 0.179437  canon=829/4620  OK

--- (2) exact vs brute (numeric grid) cross-check ---
  E=[0, 1, 2, 3, 4, 5, 6, 7, 8]
      exact=0.282653  brute=0.282639  OK
  E=[0, 2, 3, 4, 5, 6, 8]
      exact=0.371429  brute=0.371429  OK
  E=[0, 1, 3, 5, 6, 8, 10, 11, 12, 14]
      exact=0.173655  brute=0.173710  OK
  E=[0, 5, 7, 8, 9, 10, 11, 13, 18]
      exact=0.198046  brute=0.198016  OK

--- (3) meas(G_P) for canonical worst P (cap cross-check) ---
  P=[1, 2, 3, 12]: meas(G_P) = 25/42 = 0.595238
  P=[1, 2, 3]: meas(G_P) = 29/42 = 0.690476
  P=[1, 2]: meas(G_P) = 11/14 = 0.785714
  P=[1]: meas(G_P) = 6/7 = 0.857143

--- (4) consec k=9 floor: min_P meas(GOOD({0..8}) cap G_P), |P|=4 ---
  min rho* = 1/84 = 0.011905  at P=(1, 2, 3, 12)
  target 1/84 = 1/84 = 0.011905  OK

--- (5) k=3 check: GOOD({0,1,2}) = all of [0,1)? rho*=meas(G_P)? ---
  mu_pure([0, 1, 2]) = 1  (expect 1)
  P=[1, 2, 3, 12]: rho*=0.595238  meas(G_P)=0.595238  EQUAL (all-good)
  P=[4, 6, 9]: rho*=0.666667  meas(G_P)=0.666667  EQUAL (all-good)

DONE.
