LRC ADD/MULT GAUGE STACK - S513
============================================================================
Denominator vertices: 10 12 14 15 16 18 20 21 22 24 26 27 28 30
Tie Hamiltonian path: increasing denominator order.
Even additive fiber: Goldbach pairs N=p+q.
Odd additive fiber: Levy/Lemoine pairs N=p+2q.
Multiplicative grid: N = 2^h * odd_core; horizontal odd_core -> odd_core+2, vertical h -> h+1.
Product-sum bridge: P-S=D and D ones repair the equation; two-factor layer is (a-1)(b-1)=N-1.
A000568 bridge: unlabelled tournament Burnside terms survive on odd cycle partitions; here we track odd partition survival as a coarse shadow.

x+2 / x*2 OPERATION GRID
============================================================================
odd_core | h=0 | h=1 | h=2 | h=3 | h=4
--------------------------------------
       1 | 1:L0 | 2:G0 | 4:G1 | 8:G1 | 16:G2
       3 | 3:L0 | 6:G1 | 12:G1 | 24:G3 | 48:G5
       5 | 5:L0 | 10:G2 | 20:G2 | 40:G3 | 80:G4
       7 | 7:L1 | 14:G2 | 28:G2 | 56:G3 | 112:G7
       9 | 9:L2 | 18:G2 | 36:G4 | 72:G6 | 144:G11
      11 | 11:L2 | 22:G3 | 44:G3 | 88:G4 | 176:G7
      13 | 13:L2 | 26:G3 | 52:G3 | 104:G5 | 208:G7
      15 | 15:L2 | 30:G3 | 60:G6 | 120:G12 | 240:G18
      17 | 17:L4 | 34:G4 | 68:G2 | 136:G5 | 272:G7
      19 | 19:L2 | 38:G2 | 76:G5 | 152:G4 | 304:G10

Reading: horizontal motion keeps h fixed and adds 2 to the odd core; vertical motion doubles.
Goldbach/Lemoine counts are additive fibers sitting on these multiplicative addresses.

DENOMINATOR RECORDS
============================================================================
N  core h kind      add ex        phi div lpd tf ps_min seed        oddpart
---------------------------------------------------------------------------
10     5 1 Goldbach    2 3+7,5+5         4   4   5  2     16 4*4         10/42
12     3 2 Goldbach    1 5+7             4   6   6  1     16 2*2*2*2     15/77
14     7 1 Goldbach    2 3+11,7+7        6   4   7  1     20 2*2*5       22/135
15    15 0 Lemoine     2 11+2*2,5+2*5    8   4   5  2     24 3*8         27/176
16     1 4 Goldbach    2 3+13,5+11       8   5   8  2     24 4*6         32/231
18     9 1 Goldbach    2 5+13,7+11       6   6   9  1     24 2*3*4       46/385
20     5 2 Goldbach    2 3+17,7+13       8   6  10  1     28 2*2*7       64/627
21    21 0 Lemoine     3 17+2*2,11+2*5,7+2*7  12   4   7  3     27 3*3*3       76/792
22    11 1 Goldbach    3 3+19,5+17,11+11  10   4  11  2     32 4*8         89/1002
24     3 3 Goldbach    3 5+19,7+17,11+13   8   8  12  1     48 2*24       122/1575
26    13 1 Goldbach    3 3+23,7+19,13+13  12   4  13  2     32 2*2*2*4    165/2436
27    27 0 Lemoine     4 23+2*2,17+2*5,13+2*7  18   4   9  2     32 2*2*2*2*2  192/3010
28     7 2 Goldbach    2 5+23,11+17     12   6  14  2     36 2*3*6      222/3718
30    15 1 Goldbach    3 7+23,11+19,13+17   8   8  15  1     36 2*2*3*3    296/5604

DENOMINATOR TOURNAMENT FINGERPRINTS
============================================================================
gauge                         H        c3  SCCs        score_hist             top scores
----------------------------------------------------------------------------------------
additive_prime_fiber                 1     0 (1, 1, 1, 1, 1, 1, 1, 1, 1, 1, 1, 1, 1, 1) 0:1,1:1,2:1,3:1,4:1,5:1,6:1,7:1,8:1,9:1,10:1,11:1,12:1,13:1 27:13 21:12 26:11 22:10 24:9
additive_scarcity                    1     0 (1, 1, 1, 1, 1, 1, 1, 1, 1, 1, 1, 1, 1, 1) 0:1,1:1,2:1,3:1,4:1,5:1,6:1,7:1,8:1,9:1,10:1,11:1,12:1,13:1 12:13 28:12 15:11 16:10 20:9
multiplicative_branch_depth          1     0 (1, 1, 1, 1, 1, 1, 1, 1, 1, 1, 1, 1, 1, 1) 0:1,1:1,2:1,3:1,4:1,5:1,6:1,7:1,8:1,9:1,10:1,11:1,12:1,13:1 16:13 24:12 28:11 20:10 12:9
product_sum_collision                1     0 (1, 1, 1, 1, 1, 1, 1, 1, 1, 1, 1, 1, 1, 1) 0:1,1:1,2:1,3:1,4:1,5:1,6:1,7:1,8:1,9:1,10:1,11:1,12:1,13:1 21:13 10:12 15:11 16:10 22:9
lrc_endpoint_debt                    1     0 (1, 1, 1, 1, 1, 1, 1, 1, 1, 1, 1, 1, 1, 1) 0:1,1:1,2:1,3:1,4:1,5:1,6:1,7:1,8:1,9:1,10:1,11:1,12:1,13:1 27:13 21:12 26:11 28:10 22:9
a000568_odd_survival                 1     0 (1, 1, 1, 1, 1, 1, 1, 1, 1, 1, 1, 1, 1, 1) 0:1,1:1,2:1,3:1,4:1,5:1,6:1,7:1,8:1,9:1,10:1,11:1,12:1,13:1 10:13 12:12 14:11 15:10 16:9
scalar_grid_stack                    1     0 (1, 1, 1, 1, 1, 1, 1, 1, 1, 1, 1, 1, 1, 1) 0:1,1:1,2:1,3:1,4:1,5:1,6:1,7:1,8:1,9:1,10:1,11:1,12:1,13:1 16:13 28:12 12:11 26:10 10:9
add_mult_majority               242407    42 (13, 1)     2:3,4:1,5:2,7:2,8:2,9:2,10:1,13:1 16:13 24:10 21:9 20:9 28:8
loneliness_pressure_majority       509    15 (9, 1, 1, 1, 1, 1) 0:1,1:1,4:2,5:3,6:1,7:1,9:2,11:1,12:1,13:1 16:13 12:12 10:11 28:9 20:9

Scalar gauges mostly collapse to transitive orders. Majority gauges keep the operation conflict visible.

EDGE-FLIP RATES BETWEEN DENOMINATOR GAUGES
============================================================================
                             additi additi multip produc lrc_en a00056 scalar add_mu loneli
additive_prime_fiber              --   0.66   0.57   0.47   0.10   0.77   0.67   0.38   0.70
additive_scarcity               0.66     --   0.42   0.43   0.56   0.26   0.23   0.45   0.18
multiplicative_branch_depth     0.57   0.42     --   0.69   0.56   0.57   0.32   0.27   0.40
product_sum_collision           0.47   0.43   0.69     --   0.40   0.34   0.40   0.46   0.41
lrc_endpoint_debt               0.10   0.56   0.56   0.40     --   0.71   0.57   0.37   0.60
a000568_odd_survival            0.77   0.26   0.57   0.34   0.71     --   0.34   0.43   0.22
scalar_grid_stack               0.67   0.23   0.32   0.40   0.57   0.34     --   0.35   0.16
add_mult_majority               0.38   0.45   0.27   0.46   0.37   0.43   0.35     --   0.34
loneliness_pressure_majority    0.70   0.18   0.40   0.41   0.60   0.22   0.16   0.34     --

CANDIDATE ARC-CRITERIA ROUTE TOURNAMENT
============================================================================
vertices=13 H=1 c3=0 SCCs=(1, 1, 1, 1, 1, 1, 1, 1, 1, 1, 1, 1, 1)
score_hist=0:1,1:1,2:1,3:1,4:1,5:1,6:1,7:1,8:1,9:1,10:1,11:1,12:1
top route scores: endpoint_owner_debt:12 | add_mult_gauge_stack:11 | edge_danger_deficit:10 | A000568_marked_quotient:9 | danger_deficit:8 | pressure_relief_SCC:7 | open_arc_density:6 | theta_close:5

route                         LRC dyn op  A568 proof risk  note
----------------------------------------------------------------------------
endpoint_owner_debt            10   8   4     4    10    2  keeps labelled LRC boundary fiber
add_mult_gauge_stack            9   6  10     8     9    2  hybrid metric proposed here
edge_danger_deficit             9   8   6     4     8    3  pair-cell close-burden meter
A000568_marked_quotient         7   5   5    10     9    2  rooted quotient/sheaf route
danger_deficit                  9   9   2     3     8    3  dynamic shortfall from threshold
pressure_relief_SCC             8   8   3     3     9    3  blocker-debt dependency gauge
open_arc_density                8   7   3     6     7    4  best S506c bridge gauge
theta_close                     8   8   2     3     6    4  local 1/N crowding switch
phase_half_H                    7   8   2     5     6    5  global semicircle/entropy meter
product_sum_defect              5   2  10     5     8    5  equation tying product to sum
dyadic_height_branch            5   2   9     7     6    6  vertical x*2 branch label
goldbach_lemoine_fiber          4   1   9     4     7    6  additive prime abundance fiber
odd_core_row                    3   1   9     8     4    7  horizontal x+2 branch label

SYNTHESIS
============================================================================
1. Addition is the flattening operation: as a shadow it becomes the total order x<z, but its fibers remember p+q and p+2q abundance.
2. Multiplication is the branching operation: divisors, dyadic height, and odd core build the sparse vertical skeleton under that order.
3. Product-sum equations are collision equations between those two operations: multiplication creates surplus D=P-S, and addition repairs it by D ones.
4. A000568 enters because tournament quotienting forgets labels by odd-cycle fixed-point survival; the LRC analogue must keep marked endpoint fibers over that quotient.
5. A useful loneliness metric should therefore be a stack, not one number: dynamic LRC threshold gauges, pair-cell danger, endpoint debt, odd/dyadic branch labels, and additive/product-sum fiber entropy.

Proposed practical arc criteria:
  runner level: phase_half_H, theta_close, open_arc_density, danger_deficit, pressure_relief_SCC.
  pair-cell level: edge_danger_deficit plus odd_core_row, dyadic_height_branch, product_sum_defect labels.
  denominator level: Goldbach/Lemoine scarcity, phi(N) endpoint debt, A000568 odd survival, and add_mult_gauge_stack majority.

Conjectural proof shape: a counterexample row would need to be scarce in additive fibers, high in endpoint debt, trapped in the marked A000568 fiber, and cyclic/nonpeeling in pressure gauges at the same time.
