p=13
hostile_entry_range=(0, 3)
hostile_diagonal_zero=True
hostile_successor_value=24
hostile_successor_variance=0
hostile_all_169_successor_defects_zero=True
hostile_orbitwise_nonzero_defects=78
hostile_nonzero_orbit_profiles=39
hostile_orbitwise_defect_values=(-2, -1, 1, 2)
hostile_target_drift=4/169
hostile_deep_target_energy=4/169
hostile_edge_energy=12/169
hostile_three_site_energy=12/169
hostile_largest_defect=2
hostile_edge_tariff=2/2197
hostile_three_site_tariff=2/6591
hostile_all_12_nontrivial_deep_characters_live_mod79=True
successor_defect_is_deep_offset_sum=True
parent_sha256=a191f934b20494b98e878fc5504a328c47d4cb6a92ea332246f782fac80c01c8
typed_deep_speed=742586
typed_period=67782634920
typed_half_width=4841616780
typed_successor_colour_sum_identity=True
typed_chart_count=30
typed_common_nonzero_colours=(1, 2, 10, 11, 12)
typed_positive_colours=(1, 2)
typed_negative_colours=(10, 11, 12)
typed_all_13_deep_characters_live_mod79=True
typed_balanced_first_moment_range=(430999196213378, 441421418113351)
typed_A_negative_colours=(1, 2, 11, 12)
typed_B_negative_colours=(1, 2)
typed_B_positive_colours=(10, 11, 12)
typed_strongest_cases=((5, 0, 11, -66828200140260), (5, 1, 11, -66828200140260), (5, 2, 11, -66828200140260))
typed_strongest_k_l_u_numerator=(5, 2, 11, -66828200140260)
typed_strongest_reduced=-28559059889/21510442621668
typed_strongest_drift_tariff=815619901743488692321/6099300086944899889559253516768
typed_strongest_deep_target_tariff=815619901743488692321/79290901130283698564270295717984
typed_defect_digest=fee602c81a407062806886a4d8d2945e86b706e99b8a9d90f6275cbe83ab5a27
PASS
