====================================================================================================
(1) periodic Motzkin (exact, N <= 240) vs M (exact)
====================================================================================================
  AP {1..4}    M =    1/5 = 0.2000   mu(<=240) =    1/5 = 0.2000 (N=5)   mu = M
  {1,2}        M =    1/3 = 0.3333   mu(<=240) =    1/3 = 0.3333 (N=3)   mu = M
  {2,3}        M =    2/5 = 0.4000   mu(<=240) =    2/5 = 0.4000 (N=5)   mu = M
  {1,4,5}      M =    1/3 = 0.3333   mu(<=240) =    1/3 = 0.3333 (N=3)   mu = M
  {2,3,5}      M =    2/7 = 0.2857   mu(<=240) =    2/7 = 0.2857 (N=7)   mu = M
  {1,3,4}      M =    2/7 = 0.2857   mu(<=240) =    2/7 = 0.2857 (N=7)   mu = M
  {3,5,8}      M =   4/13 = 0.3077   mu(<=240) =   4/13 = 0.3077 (N=13)   mu = M
  {1,2,5,6}    M =    2/7 = 0.2857   mu(<=240) =    2/7 = 0.2857 (N=7)   mu = M

====================================================================================================
(2) repo extremal 13-families: witness reconstruction + certified independent set
====================================================================================================
  GW {1..11,13,24}       M =    1/14 = 0.07143  witness (a,q,v)=(1,14,1)  indep set density = 1/14 (certified: True)  >= 1/14 OK
  prim-sat 2AP+13        M =    1/13 = 0.07692  witness (a,q,v)=(1,26,2)  indep set density = 1/13 (certified: True)  >= 1/14 OK
  parity record          M =    1/12 = 0.08333  witness (a,q,v)=(1,24,2)  indep set density = 1/12 (certified: True)  >= 1/14 OK
  deep well {1..12,182}  M =  14/183 = 0.07650  witness (a,q,v)=(14,183,14)  indep set density = 14/183 (certified: True)  >= 1/14 OK

====================================================================================================
(3) chi_c probes on tiny S: any circular coloring strictly better than 1/M?
====================================================================================================
  S=[1, 2]: 1/M = 3.000; coloring with p/q < 1/M: None  (none: consistent with chi_c = 1/M)
  S=[2, 3]: 1/M = 2.500; coloring with p/q < 1/M: None  (none: consistent with chi_c = 1/M)
  S=[1, 4, 5]: 1/M = 3.000; coloring with p/q < 1/M: None  (none: consistent with chi_c = 1/M)

[360s]
