THREAD C: does e depend only on (p mod 7, q mod 7)?
========================================================================
e vector constant within (p%7,q%7) group: YES
sum|e| constant within (p%7,q%7) group:  YES

TABLE: (p%7,q%7) -> sum|e| values seen, sample ratios, max p in group
  (p%7=0, q%7=1): sum|e| in [0]  e.g. 28/15 e=(0, 0, 0, 0, 0, 0, 0)
  (p%7=0, q%7=2): sum|e| in [0]  e.g. 14/9 e=(0, 0, 0, 0, 0, 0, 0)
  (p%7=0, q%7=3): sum|e| in [0]  e.g. 21/10 e=(0, 0, 0, 0, 0, 0, 0)
  (p%7=0, q%7=4): sum|e| in [0]  e.g. 7/4 e=(0, 0, 0, 0, 0, 0, 0)
  (p%7=0, q%7=5): sum|e| in [0]  e.g. 7/5 e=(0, 0, 0, 0, 0, 0, 0)
  (p%7=0, q%7=6): sum|e| in [0]  e.g. 7/6 e=(0, 0, 0, 0, 0, 0, 0)
  (p%7=1, q%7=0): sum|e| in [0]  e.g. 8/7 e=(0, 0, 0, 0, 0, 0, 0)
  (p%7=1, q%7=1): sum|e| in [12]  e.g. 15/8 e=(6, -1, -1, -1, -1, -1, -1)
  (p%7=1, q%7=2): sum|e| in [20]  e.g. 29/16 e=(5, -2, -2, 5, -2, -2, -2)
  (p%7=1, q%7=3): sum|e| in [24]  e.g. 22/17 e=(4, -3, 4, -3, 4, -3, -3)
  (p%7=1, q%7=4): sum|e| in [24]  e.g. 15/11 e=(3, 3, -4, 3, -4, 3, -4)
  (p%7=1, q%7=5): sum|e| in [20]  e.g. 8/5 e=(2, 2, 2, -5, 2, 2, -5)
  (p%7=1, q%7=6): sum|e| in [12]  e.g. 15/13 e=(1, 1, 1, 1, 1, 1, -6)
  (p%7=2, q%7=0): sum|e| in [0]  e.g. 9/7 e=(0, 0, 0, 0, 0, 0, 0)
  (p%7=2, q%7=1): sum|e| in [20]  e.g. 2/1 e=(5, 5, -2, -2, -2, -2, -2)
  (p%7=2, q%7=2): sum|e| in [32]  e.g. 16/9 e=(10, -4, -4, 3, 3, -4, -4)
  (p%7=2, q%7=3): sum|e| in [36]  e.g. 23/17 e=(8, -6, 8, -6, 1, 1, -6)
  (p%7=2, q%7=4): sum|e| in [36]  e.g. 16/11 e=(6, -1, -1, 6, -8, 6, -8)
  (p%7=2, q%7=5): sum|e| in [32]  e.g. 9/5 e=(4, 4, -3, -3, 4, 4, -10)
  (p%7=2, q%7=6): sum|e| in [20]  e.g. 16/13 e=(2, 2, 2, 2, 2, -5, -5)
  (p%7=3, q%7=0): sum|e| in [0]  e.g. 10/7 e=(0, 0, 0, 0, 0, 0, 0)
  (p%7=3, q%7=1): sum|e| in [24]  e.g. 17/8 e=(4, 4, 4, -3, -3, -3, -3)
  (p%7=3, q%7=2): sum|e| in [36]  e.g. 3/2 e=(8, 1, -6, 1, 8, -6, -6)
  (p%7=3, q%7=3): sum|e| in [44]  e.g. 17/10 e=(12, -9, 5, -2, -2, 5, -9)
  (p%7=3, q%7=4): sum|e| in [44]  e.g. 17/11 e=(9, -5, 2, 2, -5, 9, -12)
  (p%7=3, q%7=5): sum|e| in [36]  e.g. 17/12 e=(6, 6, -8, -1, 6, -1, -8)
  (p%7=3, q%7=6): sum|e| in [24]  e.g. 17/13 e=(3, 3, 3, 3, -4, -4, -4)
  (p%7=4, q%7=0): sum|e| in [0]  e.g. 11/7 e=(0, 0, 0, 0, 0, 0, 0)
  (p%7=4, q%7=1): sum|e| in [24]  e.g. 11/8 e=(3, 3, 3, 3, -4, -4, -4)
  (p%7=4, q%7=2): sum|e| in [36]  e.g. 11/9 e=(6, 6, -8, -1, 6, -1, -8)
  (p%7=4, q%7=3): sum|e| in [44]  e.g. 4/3 e=(9, -5, 2, 2, -5, 9, -12)
  (p%7=4, q%7=4): sum|e| in [44]  e.g. 18/11 e=(12, -9, 5, -2, -2, 5, -9)
  (p%7=4, q%7=5): sum|e| in [36]  e.g. 25/12 e=(8, 1, -6, 1, 8, -6, -6)
  (p%7=4, q%7=6): sum|e| in [24]  e.g. 11/6 e=(4, 4, 4, -3, -3, -3, -3)
  (p%7=5, q%7=0): sum|e| in [0]  e.g. 12/7 e=(0, 0, 0, 0, 0, 0, 0)
  (p%7=5, q%7=1): sum|e| in [20]  e.g. 19/15 e=(2, 2, 2, 2, 2, -5, -5)
  (p%7=5, q%7=2): sum|e| in [32]  e.g. 19/9 e=(4, 4, -3, -3, 4, 4, -10)
  (p%7=5, q%7=3): sum|e| in [36]  e.g. 5/3 e=(6, -1, -1, 6, -8, 6, -8)
  (p%7=5, q%7=4): sum|e| in [36]  e.g. 5/4 e=(8, -6, 8, -6, 1, 1, -6)
  (p%7=5, q%7=5): sum|e| in [32]  e.g. 19/12 e=(10, -4, -4, 3, 3, -4, -4)
  (p%7=5, q%7=6): sum|e| in [20]  e.g. 19/13 e=(5, 5, -2, -2, -2, -2, -2)
  (p%7=6, q%7=0): sum|e| in [0]  e.g. 13/7 e=(0, 0, 0, 0, 0, 0, 0)
  (p%7=6, q%7=1): sum|e| in [12]  e.g. 13/8 e=(1, 1, 1, 1, 1, 1, -6)
  (p%7=6, q%7=2): sum|e| in [20]  e.g. 13/9 e=(2, 2, 2, -5, 2, 2, -5)
  (p%7=6, q%7=3): sum|e| in [24]  e.g. 13/10 e=(3, 3, -4, 3, -4, 3, -4)
  (p%7=6, q%7=4): sum|e| in [24]  e.g. 13/11 e=(4, -3, 4, -3, 4, -3, -3)
  (p%7=6, q%7=5): sum|e| in [20]  e.g. 6/5 e=(5, -2, -2, 5, -2, -2, -2)
  (p%7=6, q%7=6): sum|e| in [12]  e.g. 20/13 e=(6, -1, -1, -1, -1, -1, -1)

========================================================================
If sum|e| is residue-only (bounded), the sharp face sum|e|<=12p is tightest
at the SMALLEST p with that residue pair. Find max sum|e| / p_min per class:
========================================================================
  (p%7=0,q%7=1): binding 28/15 sum|e|=0 S/p=0.0000
  (p%7=0,q%7=2): binding 14/9 sum|e|=0 S/p=0.0000
  (p%7=0,q%7=3): binding 21/10 sum|e|=0 S/p=0.0000
  (p%7=0,q%7=4): binding 7/4 sum|e|=0 S/p=0.0000
  (p%7=0,q%7=5): binding 7/5 sum|e|=0 S/p=0.0000
  (p%7=0,q%7=6): binding 7/6 sum|e|=0 S/p=0.0000
  (p%7=1,q%7=0): binding 8/7 sum|e|=0 S/p=0.0000
  (p%7=1,q%7=1): binding 15/8 sum|e|=12 S/p=0.8000
  (p%7=1,q%7=2): binding 29/16 sum|e|=20 S/p=0.6897
  (p%7=1,q%7=3): binding 22/17 sum|e|=24 S/p=1.0909
  (p%7=1,q%7=4): binding 15/11 sum|e|=24 S/p=1.6000
  (p%7=1,q%7=5): binding 8/5 sum|e|=20 S/p=2.5000
  (p%7=1,q%7=6): binding 15/13 sum|e|=12 S/p=0.8000
  (p%7=2,q%7=0): binding 9/7 sum|e|=0 S/p=0.0000
  (p%7=2,q%7=1): binding 2/1 sum|e|=20 S/p=10.0000
  (p%7=2,q%7=2): binding 16/9 sum|e|=32 S/p=2.0000
  (p%7=2,q%7=3): binding 23/17 sum|e|=36 S/p=1.5652
  (p%7=2,q%7=4): binding 16/11 sum|e|=36 S/p=2.2500
  (p%7=2,q%7=5): binding 9/5 sum|e|=32 S/p=3.5556
  (p%7=2,q%7=6): binding 16/13 sum|e|=20 S/p=1.2500
  (p%7=3,q%7=0): binding 10/7 sum|e|=0 S/p=0.0000
  (p%7=3,q%7=1): binding 17/8 sum|e|=24 S/p=1.4118
  (p%7=3,q%7=2): binding 3/2 sum|e|=36 S/p=12.0000
  (p%7=3,q%7=3): binding 17/10 sum|e|=44 S/p=2.5882
  (p%7=3,q%7=4): binding 17/11 sum|e|=44 S/p=2.5882
  (p%7=3,q%7=5): binding 17/12 sum|e|=36 S/p=2.1176
  (p%7=3,q%7=6): binding 17/13 sum|e|=24 S/p=1.4118
  (p%7=4,q%7=0): binding 11/7 sum|e|=0 S/p=0.0000
  (p%7=4,q%7=1): binding 11/8 sum|e|=24 S/p=2.1818
  (p%7=4,q%7=2): binding 11/9 sum|e|=36 S/p=3.2727
  (p%7=4,q%7=3): binding 4/3 sum|e|=44 S/p=11.0000
  (p%7=4,q%7=4): binding 18/11 sum|e|=44 S/p=2.4444
  (p%7=4,q%7=5): binding 25/12 sum|e|=36 S/p=1.4400
  (p%7=4,q%7=6): binding 11/6 sum|e|=24 S/p=2.1818
  (p%7=5,q%7=0): binding 12/7 sum|e|=0 S/p=0.0000
  (p%7=5,q%7=1): binding 19/15 sum|e|=20 S/p=1.0526
  (p%7=5,q%7=2): binding 19/9 sum|e|=32 S/p=1.6842
  (p%7=5,q%7=3): binding 5/3 sum|e|=36 S/p=7.2000
  (p%7=5,q%7=4): binding 5/4 sum|e|=36 S/p=7.2000
  (p%7=5,q%7=5): binding 19/12 sum|e|=32 S/p=1.6842
  (p%7=5,q%7=6): binding 19/13 sum|e|=20 S/p=1.0526
  (p%7=6,q%7=0): binding 13/7 sum|e|=0 S/p=0.0000
  (p%7=6,q%7=1): binding 13/8 sum|e|=12 S/p=0.9231
  (p%7=6,q%7=2): binding 13/9 sum|e|=20 S/p=1.5385
  (p%7=6,q%7=3): binding 13/10 sum|e|=24 S/p=1.8462
  (p%7=6,q%7=4): binding 13/11 sum|e|=24 S/p=1.8462
  (p%7=6,q%7=5): binding 6/5 sum|e|=20 S/p=3.3333
  (p%7=6,q%7=6): binding 20/13 sum|e|=12 S/p=0.6000

GLOBAL max sum|e|/p over all residue classes = 12 = 12.00000  at 3/2  (target sup = 12)
