====================================================================================================
(1) EXACT U-moments + reversal-symmetrized PZ on the board (theta = 1/7)
    [PZ floors mu directly: mu >= P(U>0) >= E[U]^2/E[U_sym^2] = PZ_sym]
====================================================================================================
 AP_13                   
    E[U] =                     8599/67914 = 0.126616
    E[U^2] = 0.058930   E[U(x)U(1-x)] = 0.058930   (cross/second = 1.000)
    PZ = 0.272045   PZ_sym = 0.272045   GAIN x1.000   [0s]
 monad rec               
    E[U] =                   14585/135828 = 0.107378
    E[U^2] = 0.043481   E[U(x)U(1-x)] = 0.043481   (cross/second = 1.000)
    PZ = 0.265174   PZ_sym = 0.265174   GAIN x1.000   [0s]
 2AP+13                  
    E[U] =                     1847/16170 = 0.114224
    E[U^2] = 0.046818   E[U(x)U(1-x)] = 0.046818   (cross/second = 1.000)
    PZ = 0.278676   PZ_sym = 0.278676   GAIN x1.000   [0s]
 S41 EU-min (mirror A)   
    E[U] =           170908753/1425854430 = 0.119864
    E[U^2] = 0.048226   E[U(x)U(1-x)] = 0.048226   (cross/second = 1.000)
    PZ = 0.297917   PZ_sym = 0.297917   GAIN x1.000   [0s]
 S41 EU-min mirror B     
    E[U] =           170908753/1425854430 = 0.119864
    E[U^2] = 0.048226   E[U(x)U(1-x)] = 0.048226   (cross/second = 1.000)
    PZ = 0.297917   PZ_sym = 0.297917   GAIN x1.000   [0s]

====================================================================================================
(2) THE TWO HARD CORES: G_P-restricted exact U-moments (the intersected PZ floor)
    rho*(P,E) >= P(U>0 on G_P) >= E_GP[U]^2/E_GP[U_sym^2]; bar m_P = 0.056487
====================================================================================================
 CORE8 + AP co-offset     | G_P-restricted, meas(G_P)=0.4467
    E[U] =         4070910353/30300510240 = 0.134351
    E[U^2] = 0.067028   E[U(x)U(1-x)] = 0.067028   (cross/second = 1.000)
    PZ = 0.269293   PZ_sym = 0.269293   GAIN x1.000   [0s]
 CORE8 + CRT-block        | G_P-restricted, meas(G_P)=0.4467
    E[U] = 8260350068354915620829/6642222 = 0.124361
    E[U^2] = 0.038346   E[U(x)U(1-x)] = 0.038346   (cross/second = 1.000)
    PZ = 0.403322   PZ_sym = 0.403322   GAIN x1.000   [1s]
 CORE8 + two-cluster      | G_P-restricted, meas(G_P)=0.4467
    E[U] = 15362916539213105/103951095400 = 0.147790
    E[U^2] = 0.065558   E[U(x)U(1-x)] = 0.065558   (cross/second = 1.000)
    PZ = 0.333170   PZ_sym = 0.333170   GAIN x1.000   [1s]
 CORE9 + AP co-offset     | G_P-restricted, meas(G_P)=0.5251
    E[U] =         6329019589/50500850400 = 0.125325
    E[U^2] = 0.060228   E[U(x)U(1-x)] = 0.060228   (cross/second = 1.000)
    PZ = 0.260784   PZ_sym = 0.260784   GAIN x1.000   [0s]
 CORE9 + CRT-block        | G_P-restricted, meas(G_P)=0.5251
    E[U] = 592221705834887749741663/47261 = 0.125306
    E[U^2] = 0.033708   E[U(x)U(1-x)] = 0.033708   (cross/second = 1.000)
    PZ = 0.465807   PZ_sym = 0.465807   GAIN x1.000   [1s]
