##############################################################################
# ADVERSARIAL VERIFICATION -- LRC(14) OPEN-Q-108 boundary-window-finite
##############################################################################

==============================================================================
PROBE 1.  Fatou decorrelation identity p0(E) -> P_r(B), and MU_k margin.
==============================================================================
  1a. p0(B u far) vs Fatou P_r(B), far runners large & mutually coprime:
                 B  r                    far      p0(E)     P_r(B)     |diff|
  [0, 1, 2, 3, 4, 5]  1                  [101]    0.03812    0.03741    0.00070
  [0, 1, 2, 3, 4, 5]  2             [101, 103]    0.08966    0.08387    0.00579
  [0, 1, 2, 3, 4, 5]  3        [101, 103, 107]    0.14366    0.13696    0.00671
  [0, 1, 2, 3, 4, 5]  4   [101, 103, 107, 109]    0.21444    0.19480    0.01964
  [0, 1, 2, 3, 4, 5, 6]  1                  [101]    0.19847    0.19660    0.00187
  [0, 1, 2, 3, 4, 5, 6]  2             [101, 103]    0.25633    0.24645    0.00988
  [0, 1, 2, 3, 4, 5, 6]  3        [101, 103, 107]    0.30365    0.29722    0.00642
  [0, 1, 2, 3, 4, 5, 6]  4   [101, 103, 107, 109]    0.36221    0.34879    0.01342
  [0, 2, 4, 6, 8, 10]  1                  [101]    0.03753    0.03741    0.00011
  [0, 2, 4, 6, 8, 10]  2             [101, 103]    0.10763    0.08387    0.02376  <-- LARGE
  [0, 2, 4, 6, 8, 10]  3        [101, 103, 107]    0.17115    0.13696    0.03419  <-- LARGE
  [0, 2, 4, 6, 8, 10]  4   [101, 103, 107, 109]    0.25406    0.19480    0.05926  <-- LARGE
  [0, 1, 2, 3, 4, 5, 6]  1                  [101]    0.19847    0.19660    0.00187
  [0, 1, 2, 3, 4, 5, 6]  2             [101, 103]    0.25633    0.24645    0.00988
  [0, 1, 2, 3, 4, 5, 6]  3        [101, 103, 107]    0.30365    0.29722    0.00642
  [0, 1, 2, 3, 4, 5, 6]  4   [101, 103, 107, 109]    0.36221    0.34879    0.01342
  -> 3 bases where decorrelation gap >= 0.02 with far~100 (expect 0; gap ~ V/100).

  1b. EXHAUSTIVE recompute of MU_k = cap_k - sup_{B,r} P_r(B).
      Bounded base B subset {0..14}, 0 in B, |B| from 1..min(7,k-1), r=k-|B|>=1.
    k   sup P_r(B)      cap_k           MU_k               argmax (r,|B|,B)
    8     0.196599    0.38146      1087/5880  (1, 7, [0, 1, 2, 3, 4, 5, 6])
    9     0.246453    0.49426 729269/2942940  (2, 7, [0, 1, 2, 3, 4, 5, 6])
   10     0.297223    0.60440  287633/936390  (3, 7, [0, 1, 2, 3, 4, 5, 6])
   11     0.348791    0.72527 1233874/3277365  (4, 7, [0, 1, 2, 3, 4, 5, 6])
   12     0.400901    0.85714 1610291/3529470  (5, 7, [0, 1, 2, 3, 4, 5, 6])
  claimed MU_8 = 1087/5880 = 0.184864;  recomputed = 1087/5880 = 0.184864
  MATCH: True

==============================================================================
PROBE 2.  COUNTEREXAMPLE HUNT: wide primitive E with p0 > cap_k.
==============================================================================
