STATUS: HISTORICAL / LRC INHERITANCE REFUTED (MISTAKE-233).
SURVIVES: finite binary-theta identities in A-B; C-D/SUMMARY have no proved LRC map.

========================================================================
A  disc -7 binary theta: PURE EISENSTEIN  r_Q(n)=2*sum_{d|n}(d/7)
========================================================================
  r_Q(n) == 2*sum_{d|n}(d/7) for n=1..40 (pure weight-1 EISENSTEIN, NO cusp)? True
  sample r_Q(n): [2, 4, 0, 6, 0, 0, 2, 8, 2, 0, 4, 0, 0, 4, 0]
  => This binary theta is Eisenstein-only. No LRC or entropy consequence follows.

========================================================================
B  disc -23: class average is EISENSTEIN; class difference is a nonzero CUSP form
========================================================================
   n :  r_prin  r_non  | (r_prin+2 r_non)/2  vs  sum_{d|n}(d/23)  |  cusp = r_prin - r_non
   1 :     2      0  |      1            1          |   +2
   2 :     0      2  |      2            2          |   -2
   3 :     0      2  |      2            2          |   -2
   4 :     2      2  |      3            3          |   +0
   5 :     0      0  |      0            0          |   +0
   6 :     4      2  |      4            4          |   +2
   7 :     0      0  |      0            0          |   +0
   8 :     4      2  |      4            4          |   +2
   9 :     2      2  |      3            3          |   +0
  10 :     0      0  |      0            0          |   +0
  11 :     0      0  |      0            0          |   +0
  12 :     4      4  |      6            6          |   +0
  13 :     0      2  |      2            2          |   -2
  14 :     0      0  |      0            0          |   +0
  15 :     0      0  |      0            0          |   +0
  16 :     2      4  |      5            5          |   -2
  23 :     2      0  |      1            1          |   +2
  24 :     4      6  |      8            8          |   -2
  EISENSTEIN identity (r_prin+2 r_non)/2 == sum_{d|n}(d/23) for all n? True  (= the genus/ideal count/main term)
  CUSP difference r_prin - r_non is NONZERO (13 of 30 n).

========================================================================
C  HISTORICAL / REFUTED DICTIONARY (retained to show MISTAKE-233)
========================================================================
  theta of a disc-D binary form  =  EISENSTEIN  (+)  CUSP :
    EISENSTEIN coeff = sum_{d|n} chi_D(d)  = the GENUS ideal count = the singular-series MAIN TERM = the FLOOR.
      -> computable from LOCAL Legendre data (S215); it is the genus part (S218) => ZERO deep entropy.
    CUSP coeff = the class-group deviations (r_i - r_j) = a weight-1 CM/dihedral cusp form.
      -> invisible to any congruence; the DEEP class group (S218) => the HIDDEN arithmetic entropy.
  h=1 (Heegner -3,-7,-11 = Paley 3,7,11): NO cusp forms => pure Eisenstein => zero deep entropy => RIGID.
  h>1 (-23,-47): cusp forms present => the deep fluctuation = where hidden information lives.

========================================================================
D  REFUTED LRC inheritance: THM-515 supplies no modular transformation law
========================================================================
  THM-515: L(S) = sum_{relation lattice} prod h  = a positive-definite lattice THETA (a modular form).
  By the same Eisenstein (+) cusp split:
    * the EISENSTEIN part = the singular-series MAIN TERM = the archimedean/genus expected loneliness = the
      FLOOR (the AP extremal value; the Fejer-Bochner SOS minorant; the Phi_6-Eisenstein argmax t*=14/183).
    * the CUSP part = the DEEP fluctuation of the singular series = the hidden arithmetic entropy = exactly
      WHERE a counterexample would have to hide (a cuspidal dip below the Eisenstein floor).
  LRC(14)=2*7 -> the apex weight-1 theta is at disc -7 (Paley-7), h(-7)=1 => PURE EISENSTEIN, no cusp =>
  the apex has ZERO deep entropy: the floor has no cuspidal dip to exploit at the 7-part. The remaining
  fluctuation is the non-apex (composite) structure -- consistent with kps-S17's 'the apex prime's arithmetic
  is the floor' and my S216/S217 (corrected): the RIGIDITY of 7 = no cusp forms at the apex = Eisenstein-only.

========================================================================
HISTORICAL SUMMARY -- NOT A VALID LRC CONCLUSION
========================================================================
  Previous modular-form work ties to cutting-edge LRC through ONE split: theta = EISENSTEIN (+) CUSP.
   * VERIFIED: disc -7 (Paley-7, LRC(14)) theta = pure Eisenstein (r_Q=2 sum(d/7), no cusp) = h=1 rigid;
     disc -23 (h=3) theta = Eisenstein genus (sum(d/23)) + a NONZERO cusp (the deep class-group part).
   * The Eisenstein/cusp split IS the S218 genus/deep arithmetic-entropy split: Eisenstein = local floor
     (zero deep entropy), cusp = the hidden deep entropy.
   * The LRC singular series (THM-515) is a theta, so it inherits the split: Eisenstein = the FLOOR (the AP
     value / Fejer-Bochner / Eisenstein argmax), cusp = the deep fluctuation where a counterexample hides.
   * Apex Heegner h=1 (disc -7) => no cusp at the 7-part => the apex floor is cuspless => the RIGIDITY of 7.
  So: modular forms give the LRC floor (Eisenstein) and locate the difficulty (cusp = deep entropy), and the
  Paley/Heegner apex-prime rigidity is the statement that the apex weight-1 theta is Eisenstein-only.
