cylinder_bijection_depth=16
cylinder_words_checked=131070
depth16_distinct_residues=65536
periodic_safe_word=100
periodic_Y_phases=18/19,8/19,12/19
periodic_fractional_phases=9/19,4/19,6/19
periodic_2adic_state=-9/19
stabilizing_A1_prefix=1011
stabilizing_A1_partial_Y=94/81
greedy_boundary_steps=256
greedy_boundary_prefix64=1010000010010010100000000010000001000010000001001001010000000000
greedy_boundary_remainder256=44661121583478790258907723116517441510670355150862405027944044470981361913875/115792089237316195423570985008687907853269984665640564039457584007913129639936
periodic_blocks_checked=8190
periodic_tail_rows_checked=3586
safe_tail_rows=1793
open_tail_certificates=1793
lower_half_cycle_scan=5:();7:();11:();13:();17:();19:((4, 6, 9),)
first_lower_half_cycle=(19, ((4, 6, 9),))
pseudo_Z_horizons_checked=1..128
pseudo_Z_points_checked=8384
pseudo_Z_samples=((1, 14, 1, (9, 4)), (2, 7, 1, (9, 4, 6)), (3, 13, 5, (9, 4, 6, 9)), (4, 16, 13, (9, 4, 6, 9, 4)), (8, 1, 13, (9, 4, 6, 9, 4, 6)), (16, 17, 58637, (9, 4, 6, 9, 4, 6)), (32, 11, 2486560013, (9, 4, 6, 9, 4, 6)), (64, 5, 4854406335186724109, (9, 4, 6, 9, 4, 6)), (128, 7, 125367187812977328644401171159072498957, (9, 4, 6, 9, 4, 6)))
all_exact_checks=PASS
