===== n = 3: 2 classes (A000568 check OK), SC = 2, merged nodes = 2, tiles m = 1, tilings = 2
  axis levels (x = sum(2s-(n-1))^2, transitive -> distributed): [8, 0]
  pureblue :    2 classes; axis histogram {8: 1, 0: 1}
  mixed    :    0 classes; axis histogram {}
  pureblack:    0 classes; axis histogram {}
  lines by (colour, endpoint types):
    ('BLUE', 'pureblue', 'pureblue'): 1
  BLUE |dx| histogram: {8: 1}
  BLACK |dx| histogram: {}
  BLUE lines level (dx=0): 0/1;  BLACK level: 0/0
  lines with EQUAL score multisets: blue 0/1, black 0/0
  BLACK downhill line counts by (x_hi -> x_lo): {}
  transitive node (x = 8, type pureblue): partner profile [('BLUE', 0, 'pureblue')]
===== n = 4: 4 classes (A000568 check OK), SC = 2, merged nodes = 3, tiles m = 3, tilings = 8
  axis levels (x = sum(2s-(n-1))^2, transitive -> distributed): [20, 12, 4]
  pureblue :    1 classes; axis histogram {20: 1}
  mixed    :    1 classes; axis histogram {4: 1}
  pureblack:    2 classes; axis histogram {12: 2}
  lines by (colour, endpoint types):
    ('BLACK', 'mixed', 'pureblack'): 2
    ('BLUE', 'mixed', 'mixed'): 1
    ('BLUE', 'mixed', 'pureblue'): 1
  BLUE |dx| histogram: {0: 1, 16: 1}
  BLACK |dx| histogram: {8: 2}
  BLUE lines level (dx=0): 1/2;  BLACK level: 0/2
  lines with EQUAL score multisets: blue 1/2, black 0/2
  BLACK downhill line counts by (x_hi -> x_lo): {(12, 4): 2}
  transitive node (x = 20, type pureblue): partner profile [('BLUE', 4, 'mixed')]
===== n = 5: 12 classes (A000568 check OK), SC = 8, merged nodes = 10, tiles m = 6, tilings = 64
  axis levels (x = sum(2s-(n-1))^2, transitive -> distributed): [40, 32, 24, 16, 8, 0]
  pureblue :    3 classes; axis histogram {40: 1, 32: 1, 0: 1}
  mixed    :    5 classes; axis histogram {16: 2, 8: 3}
  pureblack:    4 classes; axis histogram {32: 2, 24: 2}
  lines by (colour, endpoint types):
    ('BLACK', 'mixed', 'mixed'): 12
    ('BLACK', 'mixed', 'pureblack'): 12
    ('BLUE', 'mixed', 'mixed'): 3
    ('BLUE', 'mixed', 'pureblue'): 5
  BLUE |dx| histogram: {8: 6, 24: 2}
  BLACK |dx| histogram: {0: 8, 8: 8, 16: 8}
  BLUE lines level (dx=0): 0/8;  BLACK level: 8/24
  lines with EQUAL score multisets: blue 0/8, black 8/24
  BLACK downhill line counts by (x_hi -> x_lo): {(32, 16): 2, (24, 16): 4, (24, 8): 6, (16, 8): 4}
  transitive node (x = 40, type pureblue): partner profile [('BLUE', 16, 'mixed')]
===== n = 6: 56 classes (A000568 check OK), SC = 12, merged nodes = 34, tiles m = 10, tilings = 1024
  axis levels (x = sum(2s-(n-1))^2, transitive -> distributed): [70, 62, 54, 46, 38, 30, 22, 14, 6]
  pureblue :    2 classes; axis histogram {70: 1, 54: 1}
  mixed    :   10 classes; axis histogram {54: 1, 38: 2, 22: 4, 6: 3}
  pureblack:   44 classes; axis histogram {62: 4, 54: 2, 46: 4, 38: 8, 30: 8, 22: 8, 14: 8, 6: 2}
  lines by (colour, endpoint types):
    ('BLACK', 'mixed', 'mixed'): 10
    ('BLACK', 'mixed', 'pureblack'): 156
    ('BLACK', 'pureblack', 'pureblack'): 314
    ('BLUE', 'mixed', 'mixed'): 30
    ('BLUE', 'mixed', 'pureblue'): 2
  BLUE |dx| histogram: {0: 12, 16: 16, 32: 4}
  BLACK |dx| histogram: {0: 108, 8: 208, 16: 112, 24: 48, 32: 4}
  BLUE lines level (dx=0): 12/32;  BLACK level: 108/480
  lines with EQUAL score multisets: blue 12/32, black 78/480
  BLACK downhill line counts by (x_hi -> x_lo): {(62, 38): 2, (62, 30): 2, (54, 38): 4, (54, 30): 6, (54, 22): 2, (46, 38): 8, (46, 30): 6, (46, 22): 22, (38, 30): 22, (38, 22): 50, (38, 14): 18, (30, 22): 34, (30, 14): 26, (22, 14): 82, (22, 6): 26, (14, 6): 62}
  transitive node (x = 70, type pureblue): partner profile [('BLUE', 38, 'mixed')]
===== n = 7: 456 classes (A000568 check OK), SC = 88, merged nodes = 272, tiles m = 15, tilings = 32768
  axis levels (x = sum(2s-(n-1))^2, transitive -> distributed): [112, 104, 96, 88, 80, 72, 64, 56, 48, 40, 32, 24, 16, 8, 0]
  pureblue :    4 classes; axis histogram {112: 1, 104: 1, 96: 1, 72: 1}
  mixed    :   84 classes; axis histogram {88: 2, 80: 3, 72: 4, 64: 3, 48: 11, 40: 15, 32: 5, 24: 10, 16: 17, 8: 11, 0: 3}
  pureblack:  368 classes; axis histogram {104: 4, 96: 6, 88: 6, 80: 14, 72: 18, 64: 36, 56: 40, 48: 48, 40: 46, 32: 74, 24: 42, 16: 30, 8: 4}
  lines by (colour, endpoint types):
    ('BLACK', 'mixed', 'mixed'): 876
    ('BLACK', 'mixed', 'pureblack'): 5044
    ('BLACK', 'pureblack', 'pureblack'): 10208
    ('BLUE', 'mixed', 'mixed'): 250
    ('BLUE', 'mixed', 'pureblue'): 6
  BLUE |dx| histogram: {8: 160, 24: 80, 40: 16}
  BLACK |dx| histogram: {0: 3584, 8: 6112, 16: 4096, 24: 1776, 32: 512, 40: 48}
  BLUE lines level (dx=0): 0/256;  BLACK level: 3584/16128
  lines with EQUAL score multisets: blue 0/256, black 2270/16128
  BLACK downhill line counts by (x_hi -> x_lo): {(104, 72): 2, (104, 64): 2, (96, 72): 4, (96, 64): 8, (96, 56): 10, (88, 72): 12, (88, 64): 12, (88, 56): 22, (88, 48): 14, (80, 72): 16, (80, 64): 20, (80, 56): 54, (80, 48): 96, (80, 40): 22, (72, 64): 56, (72, 56): 80, (72, 48): 136, (72, 40): 94, (64, 56): 132, (64, 48): 308, (64, 40): 336, (64, 32): 216, (56, 48): 282, (56, 40): 408, (56, 32): 454, (56, 24): 74, (48, 40): 552, (48, 32): 924, (48, 24): 432, (40, 32): 1206, (40, 24): 624, (40, 16): 326, (32, 24): 1504, (32, 16): 1308, (32, 8): 22, (24, 16): 1362, (24, 8): 412, (16, 8): 932, (8, 0): 70}
  transitive node (x = 112, type pureblue): partner profile [('BLUE', 72, 'mixed')]
