
============================================================
FIBER BUNDLE: G_4 from G_3
============================================================

  Step 1: Iso classes at n=3
    2 iso classes at n=3
    Class (np.int64(0), np.int64(0), np.int64(0))...: |Aut|=1, H=1, labeled copies=6
    Class (np.int64(0), np.int64(1), np.int64(0))...: |Aut|=3, H=3, labeled copies=2

  Step 2: Extension orbits (fiber structure)

    Parent class H=1, |Aut|=1:
      8 extension orbits (= 8 new classes at n=4)
        σ=(0, 0, 0), orbit_size=1, H_ext=1, score(n)=0
        σ=(1, 0, 0), orbit_size=1, H_ext=1, score(n)=1
        σ=(1, 1, 0), orbit_size=1, H_ext=1, score(n)=2
        σ=(1, 1, 1), orbit_size=1, H_ext=1, score(n)=3
        σ=(0, 1, 0), orbit_size=1, H_ext=3, score(n)=1
        σ=(1, 0, 1), orbit_size=1, H_ext=3, score(n)=2
        σ=(0, 0, 1), orbit_size=1, H_ext=5, score(n)=1
        σ=(0, 1, 1), orbit_size=1, H_ext=5, score(n)=2

    Parent class H=3, |Aut|=3:
      4 extension orbits (= 4 new classes at n=4)
        σ=(0, 0, 0), orbit_size=1, H_ext=3, score(n)=0
        σ=(1, 1, 1), orbit_size=1, H_ext=3, score(n)=3
        σ=(0, 0, 1), orbit_size=3, H_ext=5, score(n)=1
        σ=(0, 1, 1), orbit_size=3, H_ext=5, score(n)=2

  Step 3: Verification
    Total classes at n=4 (from fiber bundle): 12
    Total classes at n=4 (direct): 4
    Match: False
    Classes with MULTIPLE parents: 4
    (These are classes reachable from different parent deletions)
      Class H=1: 4 parents
      Class H=3: 2 parents
      Class H=5: 4 parents
      Class H=3: 2 parents

  Step 4: Bundle projection (class at n → parent classes at n-1)
    Computing full projection (all vertex deletions)...
    Parent count distribution: Counter({2: 3, 1: 1})
    Classes with 1 parent: 1
    Classes with max parents: 2

  Step 5: Fiber sizes (extensions per parent)
    Fiber size distribution: {4: 1, 8: 1}
    Total fibers (= total classes at n): 12

    Burnside verification:
      |Aut|=1: #orbits = 8/1 = 8
      |Aut|=3: #orbits = 12/3 = 4

============================================================
FIBER BUNDLE: G_5 from G_4
============================================================

  Step 1: Iso classes at n=4
    4 iso classes at n=4
    Class (np.int64(0), np.int64(0), np.int64(0), np.int64(0), np.int64(0), np.int64(0))...: |Aut|=1, H=1, labeled copies=24
    Class (np.int64(0), np.int64(0), np.int64(1), np.int64(0), np.int64(0), np.int64(1))...: |Aut|=3, H=3, labeled copies=8
    Class (np.int64(0), np.int64(0), np.int64(1), np.int64(0), np.int64(0), np.int64(0))...: |Aut|=1, H=5, labeled copies=24
    Class (np.int64(0), np.int64(0), np.int64(0), np.int64(0), np.int64(1), np.int64(0))...: |Aut|=3, H=3, labeled copies=8

  Step 2: Extension orbits (fiber structure)

    Parent class H=1, |Aut|=1:
      16 extension orbits (= 16 new classes at n=5)
        σ=(0, 0, 0, 0), orbit_size=1, H_ext=1, score(n)=0
        σ=(1, 0, 0, 0), orbit_size=1, H_ext=1, score(n)=1
        σ=(1, 1, 0, 0), orbit_size=1, H_ext=1, score(n)=2
        σ=(1, 1, 1, 0), orbit_size=1, H_ext=1, score(n)=3
        σ=(1, 1, 1, 1), orbit_size=1, H_ext=1, score(n)=4
        σ=(0, 1, 0, 0), orbit_size=1, H_ext=3, score(n)=1
        σ=(1, 0, 1, 0), orbit_size=1, H_ext=3, score(n)=2
        σ=(1, 1, 0, 1), orbit_size=1, H_ext=3, score(n)=3
        σ=(0, 0, 1, 0), orbit_size=1, H_ext=5, score(n)=1
        σ=(0, 1, 1, 0), orbit_size=1, H_ext=5, score(n)=2
        σ=(1, 0, 0, 1), orbit_size=1, H_ext=5, score(n)=2
        σ=(1, 0, 1, 1), orbit_size=1, H_ext=5, score(n)=3
        σ=(0, 0, 0, 1), orbit_size=1, H_ext=9, score(n)=1
        σ=(0, 1, 0, 1), orbit_size=1, H_ext=9, score(n)=2
        σ=(0, 1, 1, 1), orbit_size=1, H_ext=9, score(n)=3
        σ=(0, 0, 1, 1), orbit_size=1, H_ext=11, score(n)=2

    Parent class H=3, |Aut|=3:
      8 extension orbits (= 8 new classes at n=5)
        σ=(0, 0, 0, 0), orbit_size=1, H_ext=3, score(n)=0
        σ=(1, 1, 1, 0), orbit_size=1, H_ext=3, score(n)=3
        σ=(1, 1, 1, 1), orbit_size=1, H_ext=3, score(n)=4
        σ=(0, 0, 1, 0), orbit_size=3, H_ext=5, score(n)=1
        σ=(0, 1, 1, 0), orbit_size=3, H_ext=5, score(n)=2
        σ=(0, 1, 1, 1), orbit_size=3, H_ext=9, score(n)=3
        σ=(0, 0, 1, 1), orbit_size=3, H_ext=13, score(n)=2
        σ=(0, 0, 0, 1), orbit_size=1, H_ext=15, score(n)=1

    Parent class H=5, |Aut|=1:
      16 extension orbits (= 16 new classes at n=5)
        σ=(0, 0, 0, 0), orbit_size=1, H_ext=5, score(n)=0
        σ=(1, 1, 1, 1), orbit_size=1, H_ext=5, score(n)=4
        σ=(1, 0, 0, 0), orbit_size=1, H_ext=9, score(n)=1
        σ=(0, 1, 0, 0), orbit_size=1, H_ext=9, score(n)=1
        σ=(1, 1, 0, 0), orbit_size=1, H_ext=9, score(n)=2
        σ=(1, 1, 1, 0), orbit_size=1, H_ext=9, score(n)=3
        σ=(1, 1, 0, 1), orbit_size=1, H_ext=9, score(n)=3
        σ=(0, 1, 1, 0), orbit_size=1, H_ext=11, score(n)=2
        σ=(0, 0, 0, 1), orbit_size=1, H_ext=11, score(n)=1
        σ=(1, 0, 0, 1), orbit_size=1, H_ext=11, score(n)=2
        σ=(0, 1, 1, 1), orbit_size=1, H_ext=11, score(n)=3
        σ=(0, 0, 1, 0), orbit_size=1, H_ext=13, score(n)=1
        σ=(0, 1, 0, 1), orbit_size=1, H_ext=13, score(n)=2
        σ=(1, 0, 1, 1), orbit_size=1, H_ext=13, score(n)=3
        σ=(1, 0, 1, 0), orbit_size=1, H_ext=15, score(n)=2
        σ=(0, 0, 1, 1), orbit_size=1, H_ext=15, score(n)=2

    Parent class H=3, |Aut|=3:
      8 extension orbits (= 8 new classes at n=5)
        σ=(0, 0, 0, 0), orbit_size=1, H_ext=3, score(n)=0
        σ=(0, 1, 0, 0), orbit_size=1, H_ext=3, score(n)=1
        σ=(1, 1, 1, 1), orbit_size=1, H_ext=3, score(n)=4
        σ=(0, 1, 0, 1), orbit_size=3, H_ext=5, score(n)=2
        σ=(0, 1, 1, 1), orbit_size=3, H_ext=5, score(n)=3
        σ=(0, 0, 0, 1), orbit_size=3, H_ext=9, score(n)=1
        σ=(0, 0, 1, 1), orbit_size=3, H_ext=13, score(n)=2
        σ=(1, 0, 1, 1), orbit_size=1, H_ext=15, score(n)=3

  Step 3: Verification
    Total classes at n=5 (from fiber bundle): 48
    Total classes at n=5 (direct): 12
    Match: False
    Classes with MULTIPLE parents: 11
    (These are classes reachable from different parent deletions)
      Class H=1: 5 parents
      Class H=3: 3 parents
      Class H=5: 5 parents
      Class H=3: 3 parents
      Class H=9: 5 parents

  Step 4: Bundle projection (class at n → parent classes at n-1)
    Computing full projection (all vertex deletions)...
    Parent count distribution: Counter({3: 5, 2: 4, 1: 2, 4: 1})
    Classes with 1 parent: 2
    Classes with max parents: 4

  Step 5: Fiber sizes (extensions per parent)
    Fiber size distribution: {8: 2, 16: 2}
    Total fibers (= total classes at n): 48

    Burnside verification:
      |Aut|=1: #orbits = 16/1 = 16
      |Aut|=3: #orbits = 24/3 = 8
      |Aut|=1: #orbits = 16/1 = 16
      |Aut|=3: #orbits = 24/3 = 8

============================================================
FIBER BUNDLE: G_6 from G_5
============================================================

  Step 1: Iso classes at n=5
    12 iso classes at n=5
    Class (np.int64(0), np.int64(0), np.int64(0), np.int64(0), np.int64(0), np.int64(0))...: |Aut|=1, H=1, labeled copies=120
    Class (np.int64(0), np.int64(0), np.int64(0), np.int64(1), np.int64(0), np.int64(0))...: |Aut|=3, H=3, labeled copies=40
    Class (np.int64(0), np.int64(0), np.int64(0), np.int64(1), np.int64(0), np.int64(0))...: |Aut|=1, H=5, labeled copies=120
    Class (np.int64(0), np.int64(0), np.int64(0), np.int64(0), np.int64(0), np.int64(0))...: |Aut|=3, H=3, labeled copies=40
    Class (np.int64(0), np.int64(0), np.int64(0), np.int64(1), np.int64(0), np.int64(0))...: |Aut|=1, H=9, labeled copies=120
    Class (np.int64(0), np.int64(0), np.int64(0), np.int64(0), np.int64(0), np.int64(0))...: |Aut|=1, H=5, labeled copies=120
    Class (np.int64(0), np.int64(0), np.int64(0), np.int64(1), np.int64(0), np.int64(0))...: |Aut|=1, H=9, labeled copies=120
    Class (np.int64(0), np.int64(0), np.int64(0), np.int64(0), np.int64(0), np.int64(0))...: |Aut|=3, H=3, labeled copies=40
    Class (np.int64(0), np.int64(0), np.int64(0), np.int64(1), np.int64(0), np.int64(0))...: |Aut|=1, H=11, labeled copies=120
    Class (np.int64(0), np.int64(0), np.int64(0), np.int64(1), np.int64(0), np.int64(1))...: |Aut|=3, H=15, labeled copies=40
    Class (np.int64(0), np.int64(0), np.int64(0), np.int64(1), np.int64(0), np.int64(1))...: |Aut|=1, H=13, labeled copies=120
    Class (np.int64(0), np.int64(0), np.int64(1), np.int64(1), np.int64(0), np.int64(0))...: |Aut|=5, H=15, labeled copies=24

  Step 2: Extension orbits (fiber structure)

    Parent class H=1, |Aut|=1:
      32 extension orbits (= 32 new classes at n=6)
        σ=(0, 0, 0, 0, 0), orbit_size=1, H_ext=1, score(n)=0
        σ=(1, 0, 0, 0, 0), orbit_size=1, H_ext=1, score(n)=1
        σ=(1, 1, 0, 0, 0), orbit_size=1, H_ext=1, score(n)=2
        σ=(1, 1, 1, 0, 0), orbit_size=1, H_ext=1, score(n)=3
        σ=(1, 1, 1, 1, 0), orbit_size=1, H_ext=1, score(n)=4
        σ=(1, 1, 1, 1, 1), orbit_size=1, H_ext=1, score(n)=5
        σ=(0, 1, 0, 0, 0), orbit_size=1, H_ext=3, score(n)=1
        σ=(1, 0, 1, 0, 0), orbit_size=1, H_ext=3, score(n)=2
        σ=(1, 1, 0, 1, 0), orbit_size=1, H_ext=3, score(n)=3
        σ=(1, 1, 1, 0, 1), orbit_size=1, H_ext=3, score(n)=4
        σ=(0, 0, 1, 0, 0), orbit_size=1, H_ext=5, score(n)=1
        σ=(0, 1, 1, 0, 0), orbit_size=1, H_ext=5, score(n)=2
        σ=(1, 0, 0, 1, 0), orbit_size=1, H_ext=5, score(n)=2
        σ=(1, 0, 1, 1, 0), orbit_size=1, H_ext=5, score(n)=3
        σ=(1, 1, 0, 0, 1), orbit_size=1, H_ext=5, score(n)=3
        σ=(1, 1, 0, 1, 1), orbit_size=1, H_ext=5, score(n)=4
        σ=(0, 0, 0, 1, 0), orbit_size=1, H_ext=9, score(n)=1
        σ=(0, 1, 0, 1, 0), orbit_size=1, H_ext=9, score(n)=2
        σ=(0, 1, 1, 1, 0), orbit_size=1, H_ext=9, score(n)=3
        σ=(1, 0, 0, 0, 1), orbit_size=1, H_ext=9, score(n)=2
        σ=(1, 0, 1, 0, 1), orbit_size=1, H_ext=9, score(n)=3
        σ=(1, 0, 1, 1, 1), orbit_size=1, H_ext=9, score(n)=4
        σ=(0, 0, 1, 1, 0), orbit_size=1, H_ext=11, score(n)=2
        σ=(1, 0, 0, 1, 1), orbit_size=1, H_ext=11, score(n)=3
        σ=(0, 1, 0, 0, 1), orbit_size=1, H_ext=15, score(n)=2
        σ=(0, 1, 1, 0, 1), orbit_size=1, H_ext=15, score(n)=3
        σ=(0, 0, 0, 0, 1), orbit_size=1, H_ext=17, score(n)=1
        σ=(0, 1, 1, 1, 1), orbit_size=1, H_ext=17, score(n)=4
        σ=(0, 0, 1, 0, 1), orbit_size=1, H_ext=19, score(n)=2
        σ=(0, 1, 0, 1, 1), orbit_size=1, H_ext=19, score(n)=3
        σ=(0, 0, 0, 1, 1), orbit_size=1, H_ext=23, score(n)=2
        σ=(0, 0, 1, 1, 1), orbit_size=1, H_ext=23, score(n)=3

    Parent class H=3, |Aut|=3:
      16 extension orbits (= 16 new classes at n=6)
        σ=(0, 0, 0, 0, 0), orbit_size=1, H_ext=3, score(n)=0
        σ=(1, 1, 1, 0, 0), orbit_size=1, H_ext=3, score(n)=3
        σ=(1, 1, 1, 1, 0), orbit_size=1, H_ext=3, score(n)=4
        σ=(1, 1, 1, 1, 1), orbit_size=1, H_ext=3, score(n)=5
        σ=(0, 0, 1, 0, 0), orbit_size=3, H_ext=5, score(n)=1
        σ=(0, 1, 1, 0, 0), orbit_size=3, H_ext=5, score(n)=2
        σ=(0, 1, 1, 1, 0), orbit_size=3, H_ext=9, score(n)=3
        σ=(1, 1, 1, 0, 1), orbit_size=1, H_ext=9, score(n)=4
        σ=(0, 0, 1, 1, 0), orbit_size=3, H_ext=13, score(n)=2
        σ=(0, 0, 0, 1, 0), orbit_size=1, H_ext=15, score(n)=1
        σ=(0, 1, 1, 1, 1), orbit_size=3, H_ext=15, score(n)=4
        σ=(0, 1, 1, 0, 1), orbit_size=3, H_ext=17, score(n)=3
        σ=(0, 0, 1, 0, 1), orbit_size=3, H_ext=23, score(n)=2
        σ=(0, 0, 1, 1, 1), orbit_size=3, H_ext=25, score(n)=3
        σ=(0, 0, 0, 0, 1), orbit_size=1, H_ext=27, score(n)=1
        σ=(0, 0, 0, 1, 1), orbit_size=1, H_ext=33, score(n)=2

    Parent class H=5, |Aut|=1:
      32 extension orbits (= 32 new classes at n=6)
        σ=(0, 0, 0, 0, 0), orbit_size=1, H_ext=5, score(n)=0
        σ=(1, 1, 1, 1, 0), orbit_size=1, H_ext=5, score(n)=4
        σ=(1, 1, 1, 1, 1), orbit_size=1, H_ext=5, score(n)=5
        σ=(1, 0, 0, 0, 0), orbit_size=1, H_ext=9, score(n)=1
        σ=(0, 1, 0, 0, 0), orbit_size=1, H_ext=9, score(n)=1
        σ=(1, 1, 0, 0, 0), orbit_size=1, H_ext=9, score(n)=2
        σ=(1, 1, 1, 0, 0), orbit_size=1, H_ext=9, score(n)=3
        σ=(1, 1, 0, 1, 0), orbit_size=1, H_ext=9, score(n)=3
        σ=(0, 1, 1, 0, 0), orbit_size=1, H_ext=11, score(n)=2
        σ=(0, 0, 0, 1, 0), orbit_size=1, H_ext=11, score(n)=1
        σ=(1, 0, 0, 1, 0), orbit_size=1, H_ext=11, score(n)=2
        σ=(0, 1, 1, 1, 0), orbit_size=1, H_ext=11, score(n)=3
        σ=(0, 0, 1, 0, 0), orbit_size=1, H_ext=13, score(n)=1
        σ=(0, 1, 0, 1, 0), orbit_size=1, H_ext=13, score(n)=2
        σ=(1, 0, 1, 1, 0), orbit_size=1, H_ext=13, score(n)=3
        σ=(1, 0, 1, 0, 0), orbit_size=1, H_ext=15, score(n)=2
        σ=(0, 0, 1, 1, 0), orbit_size=1, H_ext=15, score(n)=2
        σ=(1, 1, 1, 0, 1), orbit_size=1, H_ext=15, score(n)=4
        σ=(1, 1, 0, 1, 1), orbit_size=1, H_ext=17, score(n)=4
        σ=(0, 1, 1, 1, 1), orbit_size=1, H_ext=19, score(n)=4
        σ=(1, 1, 0, 0, 1), orbit_size=1, H_ext=23, score(n)=3
        σ=(1, 0, 1, 1, 1), orbit_size=1, H_ext=23, score(n)=4
        σ=(0, 1, 1, 0, 1), orbit_size=1, H_ext=25, score(n)=3
        σ=(1, 0, 0, 1, 1), orbit_size=1, H_ext=29, score(n)=3
        σ=(0, 1, 0, 1, 1), orbit_size=1, H_ext=29, score(n)=3
        σ=(0, 1, 0, 0, 1), orbit_size=1, H_ext=31, score(n)=2
        σ=(1, 0, 1, 0, 1), orbit_size=1, H_ext=31, score(n)=3
        σ=(1, 0, 0, 0, 1), orbit_size=1, H_ext=33, score(n)=2
        σ=(0, 0, 1, 1, 1), orbit_size=1, H_ext=33, score(n)=3
        σ=(0, 0, 0, 0, 1), orbit_size=1, H_ext=37, score(n)=1
        σ=(0, 0, 1, 0, 1), orbit_size=1, H_ext=37, score(n)=2
        σ=(0, 0, 0, 1, 1), orbit_size=1, H_ext=37, score(n)=2

    Parent class H=3, |Aut|=3:
      16 extension orbits (= 16 new classes at n=6)
        σ=(0, 0, 0, 0, 0), orbit_size=1, H_ext=3, score(n)=0
        σ=(0, 1, 0, 0, 0), orbit_size=1, H_ext=3, score(n)=1
        σ=(1, 1, 1, 1, 0), orbit_size=1, H_ext=3, score(n)=4
        σ=(1, 1, 1, 1, 1), orbit_size=1, H_ext=3, score(n)=5
        σ=(0, 1, 0, 1, 0), orbit_size=3, H_ext=5, score(n)=2
        σ=(0, 1, 1, 1, 0), orbit_size=3, H_ext=5, score(n)=3
        σ=(0, 0, 0, 1, 0), orbit_size=3, H_ext=9, score(n)=1
        σ=(0, 1, 1, 1, 1), orbit_size=3, H_ext=9, score(n)=4
        σ=(0, 0, 1, 1, 0), orbit_size=3, H_ext=13, score(n)=2
        σ=(0, 1, 0, 1, 1), orbit_size=3, H_ext=13, score(n)=3
        σ=(1, 0, 1, 1, 0), orbit_size=1, H_ext=15, score(n)=3
        σ=(0, 1, 0, 0, 1), orbit_size=1, H_ext=15, score(n)=2
        σ=(0, 0, 0, 0, 1), orbit_size=1, H_ext=27, score(n)=1
        σ=(1, 0, 1, 1, 1), orbit_size=1, H_ext=27, score(n)=4
        σ=(0, 0, 0, 1, 1), orbit_size=3, H_ext=29, score(n)=2
        σ=(0, 0, 1, 1, 1), orbit_size=3, H_ext=29, score(n)=3

    Parent class H=9, |Aut|=1:
      32 extension orbits (= 32 new classes at n=6)
        σ=(0, 0, 0, 0, 0), orbit_size=1, H_ext=9, score(n)=0
        σ=(1, 1, 1, 1, 1), orbit_size=1, H_ext=9, score(n)=5
        σ=(0, 1, 0, 0, 0), orbit_size=1, H_ext=15, score(n)=1
        σ=(1, 1, 1, 0, 1), orbit_size=1, H_ext=15, score(n)=4
        σ=(1, 0, 0, 0, 0), orbit_size=1, H_ext=17, score(n)=1
        σ=(1, 1, 0, 0, 0), orbit_size=1, H_ext=17, score(n)=2
        σ=(1, 1, 1, 0, 0), orbit_size=1, H_ext=17, score(n)=3
        σ=(1, 1, 1, 1, 0), orbit_size=1, H_ext=17, score(n)=4
        σ=(0, 1, 1, 0, 0), orbit_size=1, H_ext=19, score(n)=2
        σ=(1, 1, 0, 0, 1), orbit_size=1, H_ext=19, score(n)=3
        σ=(0, 0, 1, 0, 0), orbit_size=1, H_ext=23, score(n)=1
        σ=(0, 1, 1, 1, 0), orbit_size=1, H_ext=23, score(n)=3
        σ=(0, 0, 0, 0, 1), orbit_size=1, H_ext=23, score(n)=1
        σ=(1, 0, 0, 0, 1), orbit_size=1, H_ext=23, score(n)=2
        σ=(1, 1, 0, 1, 1), orbit_size=1, H_ext=23, score(n)=4
        σ=(0, 1, 1, 1, 1), orbit_size=1, H_ext=23, score(n)=4
        σ=(0, 1, 0, 0, 1), orbit_size=1, H_ext=25, score(n)=2
        σ=(0, 1, 1, 0, 1), orbit_size=1, H_ext=25, score(n)=3
        σ=(1, 0, 1, 0, 0), orbit_size=1, H_ext=27, score(n)=2
        σ=(1, 1, 0, 1, 0), orbit_size=1, H_ext=27, score(n)=3
        σ=(0, 1, 0, 1, 0), orbit_size=1, H_ext=29, score(n)=2
        σ=(1, 0, 1, 0, 1), orbit_size=1, H_ext=29, score(n)=3
        σ=(0, 0, 0, 1, 0), orbit_size=1, H_ext=33, score(n)=1
        σ=(0, 0, 1, 0, 1), orbit_size=1, H_ext=33, score(n)=2
        σ=(0, 1, 0, 1, 1), orbit_size=1, H_ext=33, score(n)=3
        σ=(1, 0, 1, 1, 1), orbit_size=1, H_ext=33, score(n)=4
        σ=(1, 0, 0, 1, 0), orbit_size=1, H_ext=37, score(n)=2
        σ=(0, 0, 1, 1, 0), orbit_size=1, H_ext=37, score(n)=2
        σ=(1, 0, 1, 1, 0), orbit_size=1, H_ext=37, score(n)=3
        σ=(1, 0, 0, 1, 1), orbit_size=1, H_ext=37, score(n)=3
        σ=(0, 0, 0, 1, 1), orbit_size=1, H_ext=41, score(n)=2
        σ=(0, 0, 1, 1, 1), orbit_size=1, H_ext=41, score(n)=3

    Parent class H=5, |Aut|=1:
      32 extension orbits (= 32 new classes at n=6)
        σ=(0, 0, 0, 0, 0), orbit_size=1, H_ext=5, score(n)=0
        σ=(0, 1, 0, 0, 0), orbit_size=1, H_ext=5, score(n)=1
        σ=(1, 1, 1, 1, 1), orbit_size=1, H_ext=5, score(n)=5
        σ=(1, 1, 0, 0, 0), orbit_size=1, H_ext=9, score(n)=2
        σ=(0, 1, 1, 0, 0), orbit_size=1, H_ext=9, score(n)=2
        σ=(1, 1, 1, 0, 0), orbit_size=1, H_ext=9, score(n)=3
        σ=(1, 1, 1, 1, 0), orbit_size=1, H_ext=9, score(n)=4
        σ=(1, 1, 1, 0, 1), orbit_size=1, H_ext=9, score(n)=4
        σ=(0, 1, 1, 1, 0), orbit_size=1, H_ext=11, score(n)=3
        σ=(0, 1, 0, 0, 1), orbit_size=1, H_ext=11, score(n)=2
        σ=(1, 1, 0, 0, 1), orbit_size=1, H_ext=11, score(n)=3
        σ=(0, 1, 1, 1, 1), orbit_size=1, H_ext=11, score(n)=4
        σ=(0, 1, 0, 1, 0), orbit_size=1, H_ext=13, score(n)=2
        σ=(0, 1, 1, 0, 1), orbit_size=1, H_ext=13, score(n)=3
        σ=(1, 1, 0, 1, 1), orbit_size=1, H_ext=13, score(n)=4
        σ=(1, 0, 0, 0, 0), orbit_size=1, H_ext=15, score(n)=1
        σ=(1, 1, 0, 1, 0), orbit_size=1, H_ext=15, score(n)=3
        σ=(0, 1, 0, 1, 1), orbit_size=1, H_ext=15, score(n)=3
        σ=(0, 0, 1, 0, 0), orbit_size=1, H_ext=17, score(n)=1
        σ=(0, 0, 0, 0, 1), orbit_size=1, H_ext=19, score(n)=1
        σ=(1, 0, 1, 0, 0), orbit_size=1, H_ext=23, score(n)=2
        σ=(0, 0, 0, 1, 0), orbit_size=1, H_ext=23, score(n)=1
        σ=(1, 0, 0, 0, 1), orbit_size=1, H_ext=25, score(n)=2
        σ=(0, 0, 1, 1, 0), orbit_size=1, H_ext=29, score(n)=2
        σ=(0, 0, 1, 0, 1), orbit_size=1, H_ext=29, score(n)=2
        σ=(1, 0, 0, 1, 0), orbit_size=1, H_ext=31, score(n)=2
        σ=(1, 0, 1, 0, 1), orbit_size=1, H_ext=31, score(n)=3
        σ=(1, 0, 1, 1, 0), orbit_size=1, H_ext=33, score(n)=3
        σ=(0, 0, 0, 1, 1), orbit_size=1, H_ext=33, score(n)=2
        σ=(1, 0, 0, 1, 1), orbit_size=1, H_ext=37, score(n)=3
        σ=(0, 0, 1, 1, 1), orbit_size=1, H_ext=37, score(n)=3
        σ=(1, 0, 1, 1, 1), orbit_size=1, H_ext=37, score(n)=4

    Parent class H=9, |Aut|=1:
      32 extension orbits (= 32 new classes at n=6)
        σ=(0, 0, 0, 0, 0), orbit_size=1, H_ext=9, score(n)=0
        σ=(1, 1, 1, 1, 1), orbit_size=1, H_ext=9, score(n)=5
        σ=(0, 1, 0, 0, 0), orbit_size=1, H_ext=15, score(n)=1
        σ=(0, 1, 1, 0, 0), orbit_size=1, H_ext=15, score(n)=2
        σ=(1, 1, 1, 0, 0), orbit_size=1, H_ext=15, score(n)=3
        σ=(1, 1, 1, 1, 0), orbit_size=1, H_ext=15, score(n)=4
        σ=(0, 0, 1, 0, 0), orbit_size=1, H_ext=17, score(n)=1
        σ=(1, 1, 1, 0, 1), orbit_size=1, H_ext=17, score(n)=4
        σ=(1, 0, 0, 0, 0), orbit_size=1, H_ext=19, score(n)=1
        σ=(1, 1, 0, 0, 0), orbit_size=1, H_ext=19, score(n)=2
        σ=(0, 1, 1, 1, 0), orbit_size=1, H_ext=19, score(n)=3
        σ=(0, 1, 1, 1, 1), orbit_size=1, H_ext=19, score(n)=4
        σ=(1, 0, 1, 0, 0), orbit_size=1, H_ext=23, score(n)=2
        σ=(0, 1, 1, 0, 1), orbit_size=1, H_ext=23, score(n)=3
        σ=(0, 1, 0, 1, 0), orbit_size=1, H_ext=29, score(n)=2
        σ=(1, 1, 0, 1, 0), orbit_size=1, H_ext=29, score(n)=3
        σ=(0, 0, 1, 1, 0), orbit_size=1, H_ext=29, score(n)=2
        σ=(0, 0, 0, 0, 1), orbit_size=1, H_ext=29, score(n)=1
        σ=(1, 1, 0, 0, 1), orbit_size=1, H_ext=29, score(n)=3
        σ=(0, 0, 1, 0, 1), orbit_size=1, H_ext=29, score(n)=2
        σ=(1, 0, 1, 0, 1), orbit_size=1, H_ext=29, score(n)=3
        σ=(1, 0, 1, 1, 1), orbit_size=1, H_ext=29, score(n)=4
        σ=(0, 0, 0, 1, 0), orbit_size=1, H_ext=31, score(n)=1
        σ=(1, 0, 1, 1, 0), orbit_size=1, H_ext=31, score(n)=3
        σ=(0, 1, 0, 0, 1), orbit_size=1, H_ext=31, score(n)=2
        σ=(1, 1, 0, 1, 1), orbit_size=1, H_ext=31, score(n)=4
        σ=(1, 0, 0, 0, 1), orbit_size=1, H_ext=33, score(n)=2
        σ=(0, 0, 1, 1, 1), orbit_size=1, H_ext=33, score(n)=3
        σ=(1, 0, 0, 1, 0), orbit_size=1, H_ext=37, score(n)=2
        σ=(0, 1, 0, 1, 1), orbit_size=1, H_ext=37, score(n)=3
        σ=(0, 0, 0, 1, 1), orbit_size=1, H_ext=43, score(n)=2
        σ=(1, 0, 0, 1, 1), orbit_size=1, H_ext=43, score(n)=3

    Parent class H=3, |Aut|=3:
      16 extension orbits (= 16 new classes at n=6)
        σ=(0, 0, 0, 0, 0), orbit_size=1, H_ext=3, score(n)=0
        σ=(0, 1, 0, 0, 0), orbit_size=1, H_ext=3, score(n)=1
        σ=(0, 1, 1, 0, 0), orbit_size=1, H_ext=3, score(n)=2
        σ=(1, 1, 1, 1, 1), orbit_size=1, H_ext=3, score(n)=5
        σ=(0, 1, 1, 0, 1), orbit_size=3, H_ext=5, score(n)=3
        σ=(0, 1, 1, 1, 1), orbit_size=3, H_ext=5, score(n)=4
        σ=(0, 1, 0, 0, 1), orbit_size=3, H_ext=9, score(n)=2
        σ=(0, 0, 1, 0, 0), orbit_size=1, H_ext=9, score(n)=1
        σ=(0, 1, 0, 1, 1), orbit_size=3, H_ext=13, score(n)=3
        σ=(0, 0, 0, 0, 1), orbit_size=3, H_ext=15, score(n)=1
        σ=(1, 1, 0, 1, 1), orbit_size=1, H_ext=15, score(n)=4
        σ=(0, 0, 1, 0, 1), orbit_size=3, H_ext=17, score(n)=2
        σ=(0, 0, 1, 1, 1), orbit_size=3, H_ext=23, score(n)=3
        σ=(0, 0, 0, 1, 1), orbit_size=3, H_ext=25, score(n)=2
        σ=(1, 0, 1, 1, 1), orbit_size=1, H_ext=27, score(n)=4
        σ=(1, 0, 0, 1, 1), orbit_size=1, H_ext=33, score(n)=3

    Parent class H=11, |Aut|=1:
      32 extension orbits (= 32 new classes at n=6)
        σ=(0, 0, 0, 0, 0), orbit_size=1, H_ext=11, score(n)=0
        σ=(1, 1, 1, 1, 1), orbit_size=1, H_ext=11, score(n)=5
        σ=(0, 1, 0, 0, 0), orbit_size=1, H_ext=19, score(n)=1
        σ=(1, 1, 1, 1, 0), orbit_size=1, H_ext=19, score(n)=4
        σ=(1, 0, 0, 0, 0), orbit_size=1, H_ext=23, score(n)=1
        σ=(1, 1, 0, 0, 0), orbit_size=1, H_ext=23, score(n)=2
        σ=(0, 1, 1, 0, 0), orbit_size=1, H_ext=23, score(n)=2
        σ=(1, 1, 1, 0, 0), orbit_size=1, H_ext=23, score(n)=3
        σ=(0, 1, 1, 1, 0), orbit_size=1, H_ext=23, score(n)=3
        σ=(0, 1, 1, 1, 1), orbit_size=1, H_ext=23, score(n)=4
        σ=(0, 0, 1, 0, 0), orbit_size=1, H_ext=25, score(n)=1
        σ=(1, 1, 1, 0, 1), orbit_size=1, H_ext=25, score(n)=4
        σ=(0, 0, 0, 1, 0), orbit_size=1, H_ext=29, score(n)=1
        σ=(0, 1, 0, 1, 0), orbit_size=1, H_ext=29, score(n)=2
        σ=(1, 1, 0, 1, 0), orbit_size=1, H_ext=29, score(n)=3
        σ=(1, 1, 0, 1, 1), orbit_size=1, H_ext=29, score(n)=4
        σ=(1, 0, 1, 0, 0), orbit_size=1, H_ext=33, score(n)=2
        σ=(0, 0, 1, 1, 0), orbit_size=1, H_ext=33, score(n)=2
        σ=(1, 1, 0, 0, 1), orbit_size=1, H_ext=33, score(n)=3
        σ=(0, 1, 1, 0, 1), orbit_size=1, H_ext=33, score(n)=3
        σ=(1, 0, 0, 1, 0), orbit_size=1, H_ext=37, score(n)=2
        σ=(1, 0, 1, 1, 0), orbit_size=1, H_ext=37, score(n)=3
        σ=(0, 0, 0, 0, 1), orbit_size=1, H_ext=37, score(n)=1
        σ=(0, 1, 0, 0, 1), orbit_size=1, H_ext=37, score(n)=2
        σ=(0, 1, 0, 1, 1), orbit_size=1, H_ext=37, score(n)=3
        σ=(1, 0, 1, 1, 1), orbit_size=1, H_ext=37, score(n)=4
        σ=(1, 0, 0, 0, 1), orbit_size=1, H_ext=41, score(n)=2
        σ=(0, 0, 1, 1, 1), orbit_size=1, H_ext=41, score(n)=3
        σ=(0, 0, 1, 0, 1), orbit_size=1, H_ext=43, score(n)=2
        σ=(1, 0, 1, 0, 1), orbit_size=1, H_ext=43, score(n)=3
        σ=(0, 0, 0, 1, 1), orbit_size=1, H_ext=45, score(n)=2
        σ=(1, 0, 0, 1, 1), orbit_size=1, H_ext=45, score(n)=3

    Parent class H=15, |Aut|=3:
      16 extension orbits (= 16 new classes at n=6)
        σ=(0, 0, 0, 0, 0), orbit_size=1, H_ext=15, score(n)=0
        σ=(1, 1, 1, 1, 1), orbit_size=1, H_ext=15, score(n)=5
        σ=(1, 0, 0, 0, 0), orbit_size=1, H_ext=27, score(n)=1
        σ=(1, 1, 1, 1, 0), orbit_size=1, H_ext=27, score(n)=4
        σ=(0, 0, 0, 1, 0), orbit_size=3, H_ext=31, score(n)=1
        σ=(1, 0, 1, 1, 1), orbit_size=3, H_ext=31, score(n)=4
        σ=(0, 1, 1, 1, 0), orbit_size=1, H_ext=33, score(n)=3
        σ=(0, 0, 0, 0, 1), orbit_size=1, H_ext=33, score(n)=1
        σ=(1, 0, 0, 0, 1), orbit_size=1, H_ext=33, score(n)=2
        σ=(0, 1, 1, 1, 1), orbit_size=1, H_ext=33, score(n)=4
        σ=(1, 0, 0, 1, 0), orbit_size=3, H_ext=37, score(n)=2
        σ=(0, 0, 1, 1, 0), orbit_size=3, H_ext=37, score(n)=2
        σ=(1, 0, 1, 1, 0), orbit_size=3, H_ext=37, score(n)=3
        σ=(1, 0, 0, 1, 1), orbit_size=3, H_ext=37, score(n)=3
        σ=(0, 0, 0, 1, 1), orbit_size=3, H_ext=43, score(n)=2
        σ=(0, 0, 1, 1, 1), orbit_size=3, H_ext=43, score(n)=3

    Parent class H=13, |Aut|=1:
      32 extension orbits (= 32 new classes at n=6)
        σ=(0, 0, 0, 0, 0), orbit_size=1, H_ext=13, score(n)=0
        σ=(1, 1, 1, 1, 1), orbit_size=1, H_ext=13, score(n)=5
        σ=(0, 1, 0, 0, 0), orbit_size=1, H_ext=23, score(n)=1
        σ=(1, 1, 1, 1, 0), orbit_size=1, H_ext=23, score(n)=4
        σ=(0, 0, 0, 1, 0), orbit_size=1, H_ext=25, score(n)=1
        σ=(0, 1, 0, 1, 0), orbit_size=1, H_ext=25, score(n)=2
        σ=(0, 1, 1, 1, 0), orbit_size=1, H_ext=25, score(n)=3
        σ=(0, 1, 1, 1, 1), orbit_size=1, H_ext=25, score(n)=4
        σ=(1, 0, 0, 0, 0), orbit_size=1, H_ext=29, score(n)=1
        σ=(0, 0, 1, 0, 0), orbit_size=1, H_ext=29, score(n)=1
        σ=(1, 1, 1, 0, 1), orbit_size=1, H_ext=29, score(n)=4
        σ=(1, 1, 0, 1, 1), orbit_size=1, H_ext=29, score(n)=4
        σ=(0, 1, 1, 0, 0), orbit_size=1, H_ext=31, score(n)=2
        σ=(1, 1, 0, 1, 0), orbit_size=1, H_ext=31, score(n)=3
        σ=(1, 1, 0, 0, 0), orbit_size=1, H_ext=33, score(n)=2
        σ=(1, 1, 1, 0, 0), orbit_size=1, H_ext=33, score(n)=3
        σ=(0, 0, 1, 1, 0), orbit_size=1, H_ext=33, score(n)=2
        σ=(0, 1, 0, 1, 1), orbit_size=1, H_ext=33, score(n)=3
        σ=(1, 0, 1, 0, 0), orbit_size=1, H_ext=37, score(n)=2
        σ=(1, 0, 0, 1, 0), orbit_size=1, H_ext=37, score(n)=2
        σ=(1, 0, 1, 1, 0), orbit_size=1, H_ext=37, score(n)=3
        σ=(0, 0, 0, 0, 1), orbit_size=1, H_ext=37, score(n)=1
        σ=(0, 1, 0, 0, 1), orbit_size=1, H_ext=37, score(n)=2
        σ=(1, 1, 0, 0, 1), orbit_size=1, H_ext=37, score(n)=3
        σ=(0, 1, 1, 0, 1), orbit_size=1, H_ext=37, score(n)=3
        σ=(1, 0, 1, 1, 1), orbit_size=1, H_ext=37, score(n)=4
        σ=(1, 0, 0, 0, 1), orbit_size=1, H_ext=43, score(n)=2
        σ=(1, 0, 1, 0, 1), orbit_size=1, H_ext=43, score(n)=3
        σ=(0, 0, 0, 1, 1), orbit_size=1, H_ext=43, score(n)=2
        σ=(0, 0, 1, 1, 1), orbit_size=1, H_ext=43, score(n)=3
        σ=(0, 0, 1, 0, 1), orbit_size=1, H_ext=45, score(n)=2
        σ=(1, 0, 0, 1, 1), orbit_size=1, H_ext=45, score(n)=3

    Parent class H=15, |Aut|=5:
      8 extension orbits (= 8 new classes at n=6)
        σ=(0, 0, 0, 0, 0), orbit_size=1, H_ext=15, score(n)=0
        σ=(1, 1, 1, 1, 1), orbit_size=1, H_ext=15, score(n)=5
        σ=(0, 0, 0, 0, 1), orbit_size=5, H_ext=33, score(n)=1
        σ=(0, 1, 1, 1, 1), orbit_size=5, H_ext=33, score(n)=4
        σ=(0, 0, 0, 1, 1), orbit_size=5, H_ext=41, score(n)=2
        σ=(0, 0, 1, 1, 1), orbit_size=5, H_ext=41, score(n)=3
        σ=(0, 0, 1, 0, 1), orbit_size=5, H_ext=43, score(n)=2
        σ=(0, 1, 0, 1, 1), orbit_size=5, H_ext=43, score(n)=3

  Step 3: Verification
    Total classes at n=6 (from fiber bundle): 296
    Total classes at n=6 (direct): 56
    Match: False
    Classes with MULTIPLE parents: 56
    (These are classes reachable from different parent deletions)
      Class H=1: 6 parents
      Class H=3: 4 parents
      Class H=5: 6 parents
      Class H=3: 4 parents
      Class H=9: 6 parents

  Step 4: Bundle projection (class at n → parent classes at n-1)
    Computing full projection (all vertex deletions)...
    Parent count distribution: Counter({5: 17, 3: 13, 4: 13, 2: 6, 6: 4, 1: 3})
    Classes with 1 parent: 3
    Classes with max parents: 6

  Step 5: Fiber sizes (extensions per parent)
    Fiber size distribution: {8: 1, 16: 4, 32: 7}
    Total fibers (= total classes at n): 296

    Burnside verification:
      |Aut|=1: #orbits = 32/1 = 32
      |Aut|=3: #orbits = 48/3 = 16
      |Aut|=1: #orbits = 32/1 = 32
      |Aut|=3: #orbits = 48/3 = 16
      |Aut|=1: #orbits = 32/1 = 32
      |Aut|=1: #orbits = 32/1 = 32
      |Aut|=1: #orbits = 32/1 = 32
      |Aut|=3: #orbits = 48/3 = 16
      |Aut|=1: #orbits = 32/1 = 32
      |Aut|=3: #orbits = 48/3 = 16
      |Aut|=1: #orbits = 32/1 = 32
      |Aut|=5: #orbits = 40/5 = 8
