MOD19 COMPLETED ROUTE LIFTS: PROVED families; FINITE-EXACT controls
order19(2)=18; v19(2^18-1)=1; quotient mod19=3
seed : first source ; forward valuation word ; next-digit coefficient
 0 : 87381 ; (18,) ; 1
 1 : 349525 ; (20,) ; 4
 2 : 21 ; (6,) ; 7
 3 : 3 ; (1, 4) ; 10
 4 : 213 ; (7, 4) ; 13
 5 : 5 ; (4,) ; 16
 6 : 1507 ; (1, 7, 5, 4) ; 7
 7 : 54613 ; (15, 4) ; 3
 8 : 5461 ; (14,) ; 6
 9 : 85 ; (8,) ; 9
10 : 218453 ; (17, 4) ; 12
11 : 13653 ; (13, 4) ; 15
12 : 3413 ; (11, 4) ; 18
13 : 13 ; (3, 4) ; 2
14 : 21845 ; (16,) ; 5
15 : 53 ; (5, 4) ; 8
16 : 1365 ; (12,) ; 11
17 : 853 ; (9, 4) ; 14
18 : 341 ; (10,) ; 17
depth-two multiple19 table (root exponent, next exponent, legal, row): [(2, 18, True, 0), (4, 2, False, None), (8, 10, True, 0), (10, 9, True, 0), (14, 15, False, None), (16, 11, True, 0)]
literal forward replays: 475 ; exact difference valuations: 5700 ; digit-lift checks: 2888
all addresses at precision 1 : 19 ; odd-rank histogram [(1, 9), (2, 9), (4, 1)]
all addresses at precision 2 : 361 ; odd-rank histogram [(1, 171), (2, 171), (4, 19)]
all addresses at precision 3 : 6859 ; odd-rank histogram [(1, 3249), (2, 3249), (4, 361)]
least-level sources with three lift quotients: 57
symbolic precision80: parameter bits 336 ; odd rank 4 ; source bit-length bounds (1381398414477576854028793358512288422854085830431043152553483003524319450208523144981541345013331285918, 1381398414477576854028793358512288422854085830431043152553483003524319450208523144981541345013331285922)
rejected type/domain/root/integrality hostiles: 11
source-identity hostile: input19 replaced by certified87381, same residue0
UNIVERSE: all addresses mod19^a for a1..3; all19 rays, t0..24;
all19 digit choices at a1..8; one symbolic precision80; exact proof is all-height.
SCOPE: completed odd rank at most4, sharp; density-zero bank; Collatz coverage OPEN.
