#classes = 56 (A000568(6) = 56 expected)  [5s]
 |W|    H  c3  Aut  SC  intE  avgdeg  d(W) cntLB  exc 2d-vs-avg
   1    1   0    1   T     0   0.000     0     0    0     0.000
   1    3   1    3   F     0   0.000     0     0    0     0.000
   1    3   1    3   F     0   0.000     0     0    0     0.000
   1    3   1    3   F     0   0.000     0     0    0     0.000
   1    3   1    3   F     0   0.000     0     0    0     0.000
   1    9   2    9   T     0   0.000     0     0    0     0.000
   3   15   5    5   F     0   0.000     1     1    0     2.000
   3   15   5    5   F     0   0.000     1     1    0     2.000
   5    5   2    1   F     5   2.000     2     1    1     2.000
   5    5   2    1   T     5   2.000     2     1    1     2.000
   5    5   2    1   F     5   2.000     2     1    1     2.000
   5   15   4    3   F     0   0.000     1     1    0     2.000
   5   15   4    3   F     0   0.000     1     1    0     2.000
   9    9   3    1   F     4   0.889     2     1    1     3.111
   9    9   3    1   F     0   0.000     2     1    1     4.000
   9    9   3    1   F     4   0.889     2     1    1     3.111
   9    9   3    1   F     0   0.000     2     1    1     4.000
   9   27   5    3   F     0   0.000     1     1    0     2.000
   9   27   5    3   F     0   0.000     1     1    0     2.000
  11   11   4    1   F     6   1.091     2     1    1     2.909
  11   11   4    1   F     6   1.091     2     1    1     2.909
  11   33   7    3   F     3   0.545     2     1    1     3.455
  11   33   7    3   F     3   0.545     2     1    1     3.455
  13   13   4    1   F     0   0.000     2     2    0     4.000
  13   13   4    1   F     0   0.000     2     2    0     4.000
  15   15   4    1   F     3   0.400     2     2    0     3.600
  15   15   4    1   F     3   0.400     2     2    0     3.600
  15   45   8    3   T    17   2.267     3     2    1     3.733
  15   45   8    3   T     0   0.000     2     2    0     4.000
  17   17   4    1   T    12   1.412     2     2    0     2.588
  17   17   4    1   T     0   0.000     2     2    0     4.000
  19   19   5    1   F     5   0.526     2     2    0     3.474
  19   19   5    1   F     5   0.526     2     2    0     3.474
  23   23   6    1   F    19   1.652     2     2    0     2.348
  23   23   6    1   F    19   1.652     2     2    0     2.348
  23   23   5    1   F     0   0.000     2     2    0     4.000
  23   23   5    1   F     0   0.000     2     2    0     4.000
  25   25   6    1   F     6   0.480     2     2    0     3.520
  25   25   6    1   F     6   0.480     2     2    0     3.520
  29   29   6    1   F     0   0.000     2     2    0     4.000
  29   29   6    1   T     0   0.000     3     2    1     6.000
  29   29   6    1   T    10   0.690     2     2    0     3.310
  29   29   6    1   F     0   0.000     2     2    0     4.000
  31   31   6    1   F     0   0.000     2     2    0     4.000
  31   31   6    1   F     0   0.000     2     2    0     4.000
  33   33   6    1   T    10   0.606     3     2    1     5.394
  33   33   7    1   F     0   0.000     2     2    0     4.000
  33   33   7    1   F     0   0.000     2     2    0     4.000
  37   37   7    1   F    12   0.649     2     2    0     3.351
  37   37   6    1   T    39   2.108     3     2    1     3.892
  37   37   7    1   F     0   0.000     2     2    0     4.000
  37   37   7    1   F    12   0.649     2     2    0     3.351
  37   37   7    1   F     0   0.000     2     2    0     4.000
  41   41   8    1   T    45   2.195     3     2    1     3.805
  43   43   8    1   F     0   0.000     3     2    1     6.000
  43   43   8    1   F     0   0.000     3     2    1     6.000

SUMMARY: 56 classes; counting-LB exceeded by 18; Lemma-2.3 tight (nontrivial): 0; zero-internal-edge classes: 31
sizes where d(W) separates equal-size classes: {5: {1, 2}, 9: {1, 2}, 15: {2, 3}, 29: {2, 3}, 33: {2, 3}, 37: {2, 3}}
SC=True: n=12 d(W) values [0, 2, 3] mean=2.08
SC=False: n=44 d(W) values [0, 1, 2, 3] mean=1.73
[total 5.4s]
