
============================================================
Analyzing n=3...
  Setup done in 0.00s  (n=3, m=1, 2^m=2, n!=6)
  Computing canonical...
  Canonical done in 0.0s
  Computing comp_canonical...
  Comp_canonical done in 0.0s
  Computing |Aut| for 2 classes...
  |Aut| done in 0.0s

  RESULT n=3: 2 classes, 2 SC, 0 NS-pairs  (total 0.0s)
  Pure blue:  [1, 1]  sum=2
  Mixed blue: []  sum=0
  Mixed blk:  []  sum=0
  Pure blk count: 0, sum=0
  Check: blue 2/2✓  black 0/0✓

============================================================
Analyzing n=4...
  Setup done in 0.00s  (n=4, m=3, 2^m=8, n!=24)
  Computing canonical...
  Canonical done in 0.0s
  Computing comp_canonical...
  Comp_canonical done in 0.0s
  Computing |Aut| for 4 classes...
  |Aut| done in 0.0s

  RESULT n=4: 4 classes, 2 SC, 1 NS-pairs  (total 0.0s)
  Pure blue:  [1]  sum=1
  Mixed blue: [3]  sum=3
  Mixed blk:  [2]  sum=2
  Pure blk count: 1, sum=2
  Check: blue 4/4✓  black 4/4✓

============================================================
Analyzing n=5...
  Setup done in 0.00s  (n=5, m=6, 2^m=64, n!=120)
  Computing canonical...
  Canonical done in 0.0s
  Computing comp_canonical...
  Comp_canonical done in 0.0s
  Computing |Aut| for 12 classes...
  |Aut| done in 0.0s

  RESULT n=5: 12 classes, 8 SC, 2 NS-pairs  (total 0.0s)
  Pure blue:  [1, 1, 3]  sum=5
  Mixed blue: [1, 1, 3, 3, 3]  sum=11
  Mixed blk:  [4, 6, 8, 8, 10]  sum=36
  Pure blk count: 2, sum=12
  Check: blue 16/16✓  black 48/48✓

============================================================
Analyzing n=6...
  Setup done in 0.01s  (n=6, m=10, 2^m=1024, n!=720)
  Computing canonical...
  Canonical done in 0.1s
  Computing comp_canonical...
  Comp_canonical done in 0.1s
  Computing |Aut| for 56 classes...
  |Aut| done in 0.0s

  RESULT n=6: 56 classes, 12 SC, 22 NS-pairs  (total 0.2s)
  Pure blue:  [1, 1]  sum=2
  Mixed blue: [3, 3, 5, 5, 7, 7, 7, 7, 9, 9]  sum=62
  Mixed blk:  [2, 6, 12, 12, 12, 22, 22, 26, 30, 32]  sum=176
  Pure blk count: 22, sum=784
  Check: blue 64/64✓  black 960/960✓

============================================================
Analyzing n=7...
  Setup done in 0.21s  (n=7, m=15, 2^m=32768, n!=5040)
  Computing canonical...
    canon: 1000/5040 perms  8.2s
    canon: 2000/5040 perms  16.4s
    canon: 3000/5040 perms  24.3s
    canon: 4000/5040 perms  32.2s
    canon: 5000/5040 perms  40.1s
  Canonical done in 40.4s
  Computing comp_canonical...
    comp: 1000/5040 perms  5.7s
    comp: 2000/5040 perms  11.3s
    comp: 3000/5040 perms  16.8s
    comp: 4000/5040 perms  22.4s
    comp: 5000/5040 perms  27.9s
  Comp_canonical done in 28.1s
  Computing |Aut| for 456 classes...
  |Aut| done in 0.2s

  RESULT n=7: 456 classes, 88 SC, 184 NS-pairs  (total 69.2s)
  Pure blue:  [1, 1, 1, 3]  sum=6
  Mixed blue: [1, 1, 1, 1, 1, 1, 1, 3, 3, 3, 3, 3, 3, 3, 3, 3, 3, 3, 5, 5, 5, 5, 5, 5, 5, 5, 5, 5, 5, 5, 5, 5, 5, 5, 7, 7, 7, 7, 7, 7, 7, 7, 7, 7, 7, 7, 7, 7, 7, 7, 7, 7, 7, 7, 7, 7, 7, 7, 7, 7, 7, 7, 7, 7, 7, 7, 9, 9, 9, 9, 9, 9, 9, 9, 9, 9, 9, 9, 9, 9, 9, 9, 9, 9]  sum=506
  Mixed blk:  [4, 6, 6, 8, 8, 8, 10, 16, 16, 20, 24, 24, 26, 26, 26, 30, 32, 36, 36, 38, 38, 40, 44, 44, 44, 46, 48, 54, 58, 60, 62, 62, 62, 64, 64, 64, 68, 70, 70, 74, 74, 76, 78, 80, 86, 86, 88, 90, 92, 98, 98, 108, 108, 108, 112, 114, 116, 116, 120, 120, 122, 124, 126, 126, 128, 130, 130, 132, 134, 134, 136, 136, 138, 138, 138, 142, 142, 142, 144, 148, 148, 150, 152, 152]  sum=6796
  Pure blk count: 184, sum=25460
  Check: blue 512/512✓  black 32256/32256✓

======================================================================
CROSS-n EVOLUTION TABLE
======================================================================
  n |   m |     2^m |  fb |   blue |  #cls |   #SC |  #NS-pr |  #mix |  #pb |  #pblk
  3 |   1 |       2 |   1 |      2 |     2 |     2 |       0 |     0 |    2 |      0
  4 |   3 |       8 |   2 |      4 |     4 |     2 |       1 |     1 |    1 |      1
  5 |   6 |      64 |   4 |     16 |    12 |     8 |       2 |     5 |    3 |      2
  6 |  10 |    1024 |   6 |     64 |    56 |    12 |      22 |    10 |    2 |     22
  7 |  15 |   32768 |   9 |    512 |   456 |    88 |     184 |    84 |    4 |    184

======================================================================
FOUR CATEGORIES AT EACH n
======================================================================

n=3:
  Pure blue:  [1, 1]
  Mixed blue: []
  Mixed blk:  []
  Pure blk:   []

n=4:
  Pure blue:  [1]
  Mixed blue: [3]
  Mixed blk:  [2]
  Pure blk:   [2]

n=5:
  Pure blue:  [1, 1, 3]
  Mixed blue: [1, 1, 3, 3, 3]
  Mixed blk:  [4, 6, 8, 8, 10]
  Pure blk:   [2, 10]

n=6:
  Pure blue:  [1, 1]
  Mixed blue: [3, 3, 5, 5, 7, 7, 7, 7, 9, 9]
  Mixed blk:  [2, 6, 12, 12, 12, 22, 22, 26, 30, 32]
  Pure blk:   [2, 2, 6, 10, 10, 18, 18, 18, 22, 22, 26, 30, 38, 46, 46, 50, 58, 62, 66, 74, 74, 86]

n=7:
  Pure blue:  [1, 1, 1, 3]
  Mixed blue: [1, 1, 1, 1, 1, 1, 1, 3, 3, 3, 3, 3, 3, 3, 3, 3, 3, 3, 5, 5, 5, 5, 5, 5, 5, 5, 5, 5, 5, 5, 5, 5, 5, 5, 7, 7, 7, 7, 7, 7, 7, 7, 7, 7, 7, 7, 7, 7, 7, 7, 7, 7, 7, 7, 7, 7, 7, 7, 7, 7, 7, 7, 7, 7, 7, 7, 9, 9, 9, 9, 9, 9, 9, 9, 9, 9, 9, 9, 9, 9, 9, 9, 9, 9]
  Mixed blk:  [4, 6, 6, 8, 8, 8, 10, 16, 16, 20, 24, 24, 26, 26, 26, 30, 32, 36, 36, 38, 38, 40, 44, 44, 44, 46, 48, 54, 58, 60, 62, 62, 62, 64, 64, 64, 68, 70, 70, 74, 74, 76, 78, 80, 86, 86, 88, 90, 92, 98, 98, 108, 108, 108, 112, 114, 116, 116, 120, 120, 122, 124, 126, 126, 128, 130, 130, 132, 134, 134, 136, 136, 138, 138, 138, 142, 142, 142, 144, 148, 148, 150, 152, 152]
  Pure blk:   [2, 2, 2, 6, 10, 10, 10, 10, 18, 18, 18, 18, 22, 22, 22, 26, 30, 30, 30, 30, 30, 34, 34, 34, 38, 38, 38, 46, 46, 46]...

======================================================================
MIXED PAIRS DETAIL FOR EACH n
======================================================================

n=3 (0 mixed):
       H | |Aut| |    #t |  black | blue | bk/bl

n=4 (1 mixed):
       H | |Aut| |    #t |  black | blue | bk/bl
       5 |     1 |     5 |      2 |    3 | 0.67

n=5 (5 mixed):
       H | |Aut| |    #t |  black | blue | bk/bl
       9 |     1 |     9 |      6 |    3 | 2.00
       9 |     1 |     9 |      8 |    1 | 8.00
      11 |     1 |    11 |      8 |    3 | 2.67
      13 |     1 |    13 |     10 |    3 | 3.33
      15 |     3 |     5 |      4 |    1 | 4.00

n=6 (10 mixed):
       H | |Aut| |    #t |  black | blue | bk/bl
       5 |     1 |     5 |      2 |    3 | 0.67
      17 |     1 |    17 |     12 |    5 | 2.40
      17 |     1 |    17 |     12 |    5 | 2.40
      29 |     1 |    29 |     22 |    7 | 3.14
      29 |     1 |    29 |     22 |    7 | 3.14
      33 |     1 |    33 |     26 |    7 | 3.71
      37 |     1 |    37 |     30 |    7 | 4.29
      41 |     1 |    41 |     32 |    9 | 3.56
      45 |     3 |    15 |      6 |    9 | 0.67
      45 |     3 |    15 |     12 |    3 | 4.00

n=7 (84 mixed):
       H | |Aut| |    #t |  black | blue | bk/bl
       9 |     1 |     9 |      6 |    3 | 2.00
       9 |     1 |     9 |      8 |    1 | 8.00
      11 |     1 |    11 |      8 |    3 | 2.67
      13 |     1 |    13 |     10 |    3 | 3.33
      15 |     3 |     5 |      4 |    1 | 4.00
      25 |     1 |    25 |     20 |    5 | 4.00
      27 |     1 |    27 |     24 |    3 | 8.00
      31 |     1 |    31 |     26 |    5 | 5.20
      31 |     1 |    31 |     26 |    5 | 5.20
      33 |     1 |    33 |     32 |    1 | 32.00
      41 |     1 |    41 |     36 |    5 | 7.20
      45 |     1 |    45 |     38 |    7 | 5.43
      49 |     1 |    49 |     44 |    5 | 8.80
      51 |     1 |    51 |     44 |    7 | 6.29
      51 |     3 |    17 |     16 |    1 | 16.00
      61 |     1 |    61 |     54 |    7 | 7.71
      65 |     1 |    65 |     58 |    7 | 8.29
      65 |     1 |    65 |     60 |    5 | 12.00
      65 |     1 |    65 |     62 |    3 | 20.67
      67 |     1 |    67 |     62 |    5 | 12.40
      67 |     1 |    67 |     62 |    5 | 12.40
      69 |     1 |    69 |     64 |    5 | 12.80
      69 |     1 |    69 |     64 |    5 | 12.80
      71 |     1 |    71 |     64 |    7 | 9.14
      75 |     1 |    75 |     68 |    7 | 9.71
      77 |     1 |    77 |     70 |    7 | 10.00
      77 |     1 |    77 |     70 |    7 | 10.00
      79 |     1 |    79 |     74 |    5 | 14.80
      81 |     1 |    81 |     74 |    7 | 10.57
      83 |     1 |    83 |     76 |    7 | 10.86
      85 |     1 |    85 |     78 |    7 | 11.14
      87 |     1 |    87 |     80 |    7 | 11.43
      91 |     1 |    91 |     86 |    5 | 17.20
      93 |     1 |    93 |     86 |    7 | 12.29
      93 |     1 |    93 |     90 |    3 | 30.00
      93 |     1 |    93 |     92 |    1 | 92.00
      95 |     1 |    95 |     88 |    7 | 12.57
      99 |     3 |    33 |     26 |    7 | 3.71
      99 |     9 |    11 |      8 |    3 | 2.67
     105 |     1 |   105 |     98 |    7 | 14.00
  ... (84 total)

======================================================================
PURE BLUE CLASSES AT EACH n
======================================================================
n=3: 2 pure-blue classes
  H=     1, |Aut|=1, #t=1, blue=1
  H=     3, |Aut|=3, #t=1, blue=1
n=4: 1 pure-blue classes
  H=     1, |Aut|=1, #t=1, blue=1
n=5: 3 pure-blue classes
  H=     1, |Aut|=1, #t=1, blue=1
  H=     3, |Aut|=3, #t=1, blue=1
  H=    15, |Aut|=5, #t=3, blue=3
n=6: 2 pure-blue classes
  H=     1, |Aut|=1, #t=1, blue=1
  H=     9, |Aut|=9, #t=1, blue=1
n=7: 4 pure-blue classes
  H=     1, |Aut|=1, #t=1, blue=1
  H=     3, |Aut|=3, #t=1, blue=1
  H=     9, |Aut|=9, #t=1, blue=1
  H=    15, |Aut|=5, #t=3, blue=3

======================================================================
PURE BLACK NS PAIRS (sample) AT EACH n
======================================================================
n=3: 0 NS-pairs
n=4: 1 NS-pairs
  H_a=     3(au=3), H_b=     3(au=3): black=      2
n=5: 2 NS-pairs
  H_a=     3(au=3), H_b=     3(au=3): black=      2
  H_a=     5(au=1), H_b=     5(au=1): black=     10
n=6: 22 NS-pairs
  H_a=     3(au=3), H_b=     3(au=3): black=      2
  H_a=     3(au=3), H_b=     3(au=3): black=      2
  H_a=    15(au=5), H_b=    15(au=5): black=      6
  H_a=     5(au=1), H_b=     5(au=1): black=     10
  H_a=    15(au=3), H_b=    15(au=3): black=     10
  H_a=     9(au=1), H_b=     9(au=1): black=     18
  H_a=     9(au=1), H_b=     9(au=1): black=     18
  H_a=    27(au=3), H_b=    27(au=3): black=     18
  H_a=    11(au=1), H_b=    11(au=1): black=     22
  H_a=    33(au=3), H_b=    33(au=3): black=     22
  H_a=    13(au=1), H_b=    13(au=1): black=     26
  H_a=    15(au=1), H_b=    15(au=1): black=     30
  H_a=    19(au=1), H_b=    19(au=1): black=     38
  H_a=    23(au=1), H_b=    23(au=1): black=     46
  H_a=    23(au=1), H_b=    23(au=1): black=     46
  ... (22 total)
n=7: 184 NS-pairs
  H_a=     3(au=3), H_b=     3(au=3): black=      2
  H_a=     3(au=3), H_b=     3(au=3): black=      2
  H_a=     9(au=9), H_b=     9(au=9): black=      2
  H_a=    15(au=5), H_b=    15(au=5): black=      6
  H_a=     5(au=1), H_b=     5(au=1): black=     10
  H_a=     5(au=1), H_b=     5(au=1): black=     10
  H_a=    15(au=3), H_b=    15(au=3): black=     10
  H_a=    15(au=3), H_b=    15(au=3): black=     10
  H_a=     9(au=1), H_b=     9(au=1): black=     18
  H_a=     9(au=1), H_b=     9(au=1): black=     18
  H_a=    27(au=3), H_b=    27(au=3): black=     18
  H_a=    27(au=3), H_b=    27(au=3): black=     18
  H_a=    11(au=1), H_b=    11(au=1): black=     22
  H_a=    33(au=3), H_b=    33(au=3): black=     22
  H_a=    33(au=3), H_b=    33(au=3): black=     22
  ... (184 total)

======================================================================
UNIVERSAL (H, |Aut|) → (bk, bl) MAP
======================================================================
Universal: 55/69  Multiple: 14

Multiple-mapping entries:
  (H=      9, |Aut|=   1) → [((6, 3), [5, 7]), ((8, 1), [5, 7])]
  (H=     33, |Aut|=   1) → [((26, 7), [6]), ((32, 1), [7])]
  (H=     41, |Aut|=   1) → [((32, 9), [6]), ((36, 5), [7])]
  (H=     45, |Aut|=   3) → [((6, 9), [6]), ((12, 3), [6])]
  (H=     65, |Aut|=   1) → [((58, 7), [7]), ((60, 5), [7]), ((62, 3), [7])]
  (H=     93, |Aut|=   1) → [((86, 7), [7]), ((90, 3), [7]), ((92, 1), [7])]
  (H=    117, |Aut|=   1) → [((108, 9), [7]), ((112, 5), [7]), ((114, 3), [7])]
  (H=    133, |Aut|=   1) → [((124, 9), [7]), ((126, 7), [7])]
  (H=    135, |Aut|=   3) → [((38, 7), [7]), ((44, 1), [7])]
  (H=    137, |Aut|=   1) → [((128, 9), [7]), ((130, 7), [7])]
  (H=    139, |Aut|=   1) → [((130, 9), [7]), ((132, 7), [7])]
  (H=    141, |Aut|=   1) → [((134, 7), [7, 7]), ((136, 5), [7])]
  (H=    145, |Aut|=   1) → [((136, 9), [7]), ((138, 7), [7])]
  (H=    159, |Aut|=   1) → [((150, 9), [7]), ((152, 7), [7, 7])]

Universal entries (sample):
  (H=      1, |Aut|=   1) → (bk=     0, bl=   1) at n=[3, 4, 5, 6, 7]
  (H=      3, |Aut|=   3) → (bk=     0, bl=   1) at n=[3, 5, 7]
  (H=      5, |Aut|=   1) → (bk=     2, bl=   3) at n=[4, 6]
  (H=      9, |Aut|=   9) → (bk=     0, bl=   1) at n=[6, 7]
  (H=     11, |Aut|=   1) → (bk=     8, bl=   3) at n=[5, 7]
  (H=     13, |Aut|=   1) → (bk=    10, bl=   3) at n=[5, 7]
  (H=     15, |Aut|=   3) → (bk=     4, bl=   1) at n=[5, 7]
  (H=     15, |Aut|=   5) → (bk=     0, bl=   3) at n=[5, 7]
  (H=     17, |Aut|=   1) → (bk=    12, bl=   5) at n=[6, 6]
  (H=     25, |Aut|=   1) → (bk=    20, bl=   5) at n=[7]
  (H=     27, |Aut|=   1) → (bk=    24, bl=   3) at n=[7]
  (H=     29, |Aut|=   1) → (bk=    22, bl=   7) at n=[6, 6]
  (H=     31, |Aut|=   1) → (bk=    26, bl=   5) at n=[7, 7]
  (H=     37, |Aut|=   1) → (bk=    30, bl=   7) at n=[6]
  (H=     45, |Aut|=   1) → (bk=    38, bl=   7) at n=[7]
  (H=     49, |Aut|=   1) → (bk=    44, bl=   5) at n=[7]
  (H=     51, |Aut|=   1) → (bk=    44, bl=   7) at n=[7]
  (H=     51, |Aut|=   3) → (bk=    16, bl=   1) at n=[7]
  (H=     61, |Aut|=   1) → (bk=    54, bl=   7) at n=[7]
  (H=     67, |Aut|=   1) → (bk=    62, bl=   5) at n=[7, 7]
