=== Limit object: 0.5*T8 + 0.5*T12  (c3 density fixed, c5 -> '10' midpoint) ===

2x2 arc Gram (out/in) at the c5=10 limit point:
[[0.2 0.3]
 [0.3 0.2]]
  eigenvalues: [-0.1  0.5]   PSD: False

4x4 overlap triangle-type Gram (T_src,T_mid,T_sink,cyclic) at c5=10 limit:
[[0.05    0.04    0.03    0.08   ]
 [0.04    0.04333 0.04    0.07667]
 [0.03    0.04    0.05    0.08   ]
 [0.08    0.07667 0.08    0.16333]]
  eigenvalues: [0.       0.00618  0.02     0.280487]   PSD: True

=== overlap Gram PSD-ness across the whole c5 axis (incl holes) ===
  c5= 6 [REALIZED]: min eig = -0.000000  -> PSD:True
  c5= 7 [HOLE    ]: min eig = +0.000000  -> PSD:True
  c5= 8 [REALIZED]: min eig = +0.000000  -> PSD:True
  c5= 9 [HOLE    ]: min eig = -0.000000  -> PSD:True
  c5=10 [HOLE    ]: min eig = +0.000000  -> PSD:True
  c5=11 [REALIZED]: min eig = +0.000000  -> PSD:True
  c5=12 [REALIZED]: min eig = -0.000000  -> PSD:True

=== CONCLUSION ===
At EVERY point on the c5 axis -- realized integers AND the holes 7,9,10 -- the
overlap-density Gram matrix is PSD (min eigenvalue >= 0). The holes do NOT violate
any moment/Cauchy-Schwarz positivity. The overlap moment matrix therefore does
NOT cut the c5=10 hole. The hole is an integrality gap.

