Computing free moments m_k = A088368(k) (k<=60) via M=F(zM)...
m[0..8] = [1, 1, 3, 13, 69, 421, 2867, 21477, 175769]
matches brute NC-partition sum 1,1,3,13,69,421,2867,21477,175769: True

(B) tail coefficients  b_j  (rho*e^x = e * sum_j b_j x^{-j}):
   b_0 = 1   (~ 1.000000)
   b_1 = 2   (~ 2.000000)
   b_2 = 10   (~ 10.000000)
   b_3 = 178/3   (~ 59.333333)
   b_4 = 1178/3   (~ 392.666667)
   b_5 = 42494/15   (~ 2832.933333)
   b_6 = 993274/45   (~ 22072.755556)
   b_7 = 11665090/63   (~ 185160.158730)
   b_8 = 526913074/315   (~ 1672739.917460)
   b_9 = 46225306966/2835   (~ 16305222.915697)
   b_10 = 2436314612854/14175   (~ 171874046.762187)
   b_11 = 305945505905278/155925   (~ 1962132473.338323)
   b_12 = 2269713757234586/93555   (~ 24260742421.405441)

   b_j numerators: [1, 2, 10, 178, 1178, 42494, 993274, 11665090, 526913074, 46225306966, 2436314612854, 305945505905278, 2269713757234586]
   b_j as floats : [1.0, 2.0, 10.0, 59.3333, 392.6667, 2832.9333, 22072.7556, 185160.1587, 1672739.9175, 16305222.9157, 171874046.7622, 1962132473.3383, 24260742421.4054]

(C1) WATSON BRIDGE:  m_k/k!  vs  e * sum_{j<=J} b_j / (k)_j
   k         m_k/k! exact         Watson J=4         Watson J=8        Watson J=12   relerr J=12
  10      4.1925581459436      3.99975754759       7.9894915213       148.95187282          34.5
  15      3.4463809992955      3.30182181642      3.37288512198      3.84063806806         0.114
  20      3.1365532704691      3.09440276441      3.10287531939      3.10618784695       0.00968
  25      3.0143200519106      2.99625211056      2.99824251027      2.99839813484       0.00528
  30      2.9492896972499      2.93898896583      2.93964794766      2.93966480761       0.00326
  40      2.8796511819963      2.87482817171      2.87495423071      2.87495491172       0.00163
  50      2.8424994506378        2.839672712      2.83970945382      2.83970951981      0.000982
  60      2.8193101363583      2.81744671721      2.81746043437      2.81746044483      0.000656

(C2) parametric density tail rho*e^x = e^{R(w_r)}  vs  series e*sum b_j x^{-j}:
     w_r             x      rho*e^x param             series      relerr
    0.05    21.1191183       3.0621530077       3.0621341974     6.14e-6
    0.03    34.3995009       2.9042279804       2.9042279635     5.83e-9
    0.02    51.0426139       2.8366219496       2.8366219496    2.75e-11
   0.012    84.3582415       2.7868394947       2.7868394947    3.49e-14
   0.008    126.016397       2.7632203818       2.7632203818    1.79e-16

(D) RESURGENCE of the tail/moment coefficients b_j:
   j                b_j    b_j/b_{j-1}           b_j/j!
   1                  2         2.0000           2.0000
   2                 10         5.0000           5.0000
   3              59.33         5.9333           9.8889
   4              392.7         6.6180          16.3611
   5               2833         7.2146          23.6078
   6          2.207e+04         7.7915          30.6566
   7          1.852e+05         8.3886          36.7381
   8          1.673e+06         9.0340          41.4866
   9          1.631e+07         9.7476          44.9328
  10          1.719e+08        10.5410          47.3639
  11          1.962e+09        11.4161          49.1556
  12          2.426e+10        12.3645          50.6486

   optimal truncation of  m_k/k! = e*sum b_j/(k)_j  at fixed k
   (error of best partial sum vs exact -> the resurgent floor):
   k=40: best partial sum at J=12, |err|=0.0047 (rel 0.00163)
   k=50: best partial sum at J=12, |err|=0.00279 (rel 0.000982)
   k=60: best partial sum at J=12, |err|=0.00185 (rel 0.000656)

(E) Lagrange-Burmann cross-check of b_j (independent of the reversion):
   Lagrange-Burmann b_j == reversion b_j for all j<=12 : True

DONE.
