========================================================================================
ROOTS OF THE LEADING COEFFICIENT P_D(m) -- are they R-independent, and all < 1?
========================================================================================
  (M,N)=(1,1) D=2 : P_D real roots R-independent: True
       real roots of P_D = -2
       max real root = -2.0000   -> P_D(m) != 0 for all m >= 1 : True
       real roots of P_0(trailing) = [-1]
  (M,N)=(1,2) D=3 : P_D real roots R-independent: False
       real roots of P_D = VARY: ['dim2', ('-3', '-5/2', '-44/27'), ('-3', '-5/2', '-49/33')]
       real roots of P_0(trailing) = [-1]
  (M,N)=(2,2) D=4 : P_D real roots R-independent: False
       real roots of P_D = VARY: [('-4', '-7/2', '-1016483/481748 - sqrt(49428303121)/481748', '-5/2', '-1016483/481748 + sqrt(49428303121)/481748'), ('-4', '-7/2', '-829/396 - sqrt(3017)/132', '-5/2', '-829/396 + sqrt(3017)/132'), ('-4', '-7/2', '-30737/14366 - sqrt(95732569)/14366', '-5/2', '-30737/14366 + sqrt(95732569)/14366')]
       real roots of P_0(trailing) = [-1498231/481748 - sqrt(49428303121)/481748, -3, -1498231/481748 + sqrt(49428303121)/481748, -2, -1]
  (M,N)=(1,3) D=4 : P_D real roots R-independent: False
       real roots of P_D = VARY: [('-4', '-11/3', '-10/3', 'CRootOf(1596348*x**3 + 3888540*x**2 - 5740659*x - 12885089, 0)', 'CRootOf(1596348*x**3 + 3888540*x**2 - 5740659*x - 12885089, 1)', 'CRootOf(1596348*x**3 + 3888540*x**2 - 5740659*x - 12885089, 2)'), ('-4', '-11/3', '-10/3', '25*2**(155/256)*3**(109/128)*5**(1/64)*7**(61/128)/567'), ('-4', '-11/3', '-10/3', 'CRootOf(9144*x**3 + 63540*x**2 + 144046*x + 105845, 0)', 'CRootOf(9144*x**3 + 63540*x**2 + 144046*x + 105845, 1)', 'CRootOf(9144*x**3 + 63540*x**2 + 144046*x + 105845, 2)')]
       real roots of P_0(trailing) = [CRootOf(1596348*x**3 + 8677584*x**2 + 6825465*x - 13140860, 0), -3, CRootOf(1596348*x**3 + 8677584*x**2 + 6825465*x - 13140860, 1), -2, -1, CRootOf(1596348*x**3 + 8677584*x**2 + 6825465*x - 13140860, 2)]
  (M,N)=(2,3) D=5 : P_D real roots R-independent: False
       real roots of P_D = VARY: ['dim2', ('-5', '-14/3', '-9/2', '-13/3', 'CRootOf(72393351794*x**6 + 1247006343581*x**5 + 8835746615757*x**4 + 32920745026995*x**3 + 67926243993841*x**2 + 73467970105108*x + 32477487450924, 0)', 'CRootOf(72393351794*x**6 + 1247006343581*x**5 + 8835746615757*x**4 + 32920745026995*x**3 + 67926243993841*x**2 + 73467970105108*x + 32477487450924, 1)', 'CRootOf(72393351794*x**6 + 1247006343581*x**5 + 8835746615757*x**4 + 32920745026995*x**3 + 67926243993841*x**2 + 73467970105108*x + 32477487450924, 2)', 'CRootOf(72393351794*x**6 + 1247006343581*x**5 + 8835746615757*x**4 + 32920745026995*x**3 + 67926243993841*x**2 + 73467970105108*x + 32477487450924, 3)'), 'dim2']
       real roots of P_0(trailing) = [CRootOf(1596348*x**3 + 8677584*x**2 + 6825465*x - 13140860, 0), -3, CRootOf(1596348*x**3 + 8677584*x**2 + 6825465*x - 13140860, 1), -2, -1, CRootOf(1596348*x**3 + 8677584*x**2 + 6825465*x - 13140860, 2)]
  (M,N)=(1,4) D=5 : P_D real roots R-independent: False
       real roots of P_D = VARY: ['dim3', ('-5', '-19/4', '-9/2', '-17/4', 'CRootOf(157697745920*x**6 + 2008203471360*x**5 + 9558053100800*x**4 + 19658181661344*x**3 + 10931838781676*x**2 - 16704830926896*x - 18999580347099, 0)', 'CRootOf(157697745920*x**6 + 2008203471360*x**5 + 9558053100800*x**4 + 19658181661344*x**3 + 10931838781676*x**2 - 16704830926896*x - 18999580347099, 1)'), 'dim2']
       real roots of P_0(trailing) = [CRootOf(1596348*x**3 + 8677584*x**2 + 6825465*x - 13140860, 0), -3, CRootOf(1596348*x**3 + 8677584*x**2 + 6825465*x - 13140860, 1), -2, -1, CRootOf(1596348*x**3 + 8677584*x**2 + 6825465*x - 13140860, 2)]
  (M,N)=(3,3) D=6 : P_D real roots R-independent: False
       real roots of P_D = VARY: [('CRootOf(1792313104347576*x**8 + 47699265212965404*x**7 + 556364816889902334*x**6 + 3754592353818184785*x**5 + 16039181851562455091*x**4 + 43701028876000496245*x**3 + 71359259623798843735*x**2 + 58839498641952740798*x + 14352223239416091360, 0)', '-6', '-17/3', '-16/3', 'CRootOf(1792313104347576*x**8 + 47699265212965404*x**7 + 556364816889902334*x**6 + 3754592353818184785*x**5 + 16039181851562455091*x**4 + 43701028876000496245*x**3 + 71359259623798843735*x**2 + 58839498641952740798*x + 14352223239416091360, 1)', '-14/3', '-13/3', 'CRootOf(1792313104347576*x**8 + 47699265212965404*x**7 + 556364816889902334*x**6 + 3754592353818184785*x**5 + 16039181851562455091*x**4 + 43701028876000496245*x**3 + 71359259623798843735*x**2 + 58839498641952740798*x + 14352223239416091360, 2)', 'CRootOf(1792313104347576*x**8 + 47699265212965404*x**7 + 556364816889902334*x**6 + 3754592353818184785*x**5 + 16039181851562455091*x**4 + 43701028876000496245*x**3 + 71359259623798843735*x**2 + 58839498641952740798*x + 14352223239416091360, 3)'), ('-6', '-17/3', '-16/3', 'CRootOf(71811778625812407708*x**8 + 1907843322048412605102*x**7 + 21784098127108754420658*x**6 + 139241272233013536989532*x**5 + 541818050954649548819716*x**4 + 1299354887465281160219177*x**3 + 1832361413298420222510312*x**2 + 1317947734667364038625730*x + 314707992107403334091015, 0)', 'CRootOf(71811778625812407708*x**8 + 1907843322048412605102*x**7 + 21784098127108754420658*x**6 + 139241272233013536989532*x**5 + 541818050954649548819716*x**4 + 1299354887465281160219177*x**3 + 1832361413298420222510312*x**2 + 1317947734667364038625730*x + 314707992107403334091015, 1)', '-14/3', '-13/3', 'CRootOf(71811778625812407708*x**8 + 1907843322048412605102*x**7 + 21784098127108754420658*x**6 + 139241272233013536989532*x**5 + 541818050954649548819716*x**4 + 1299354887465281160219177*x**3 + 1832361413298420222510312*x**2 + 1317947734667364038625730*x + 314707992107403334091015, 2)', 'CRootOf(71811778625812407708*x**8 + 1907843322048412605102*x**7 + 21784098127108754420658*x**6 + 139241272233013536989532*x**5 + 541818050954649548819716*x**4 + 1299354887465281160219177*x**3 + 1832361413298420222510312*x**2 + 1317947734667364038625730*x + 314707992107403334091015, 3)'), ('-6', '-17/3', '-16/3', '-14/3', '-13/3', 'CRootOf(4864165136592*x**8 + 129116124932296*x**7 + 1480561492278012*x**6 + 9571474299761645*x**5 + 38117852659671341*x**4 + 95638123493626187*x**3 + 147390379026487811*x**2 + 127278035223218656*x + 47007237006948260, 0)', 'CRootOf(4864165136592*x**8 + 129116124932296*x**7 + 1480561492278012*x**6 + 9571474299761645*x**5 + 38117852659671341*x**4 + 95638123493626187*x**3 + 147390379026487811*x**2 + 127278035223218656*x + 47007237006948260, 1)')]
       real roots of P_0(trailing) = [CRootOf(1792313104347576*x**8 + 62037770047746012*x**7 + 940444440302392290*x**6 + 8194835358473336529*x**5 + 44952552073760033486*x**4 + 158300819974527464535*x**3 + 345640702489099451488*x**2 + 419277215955557613732*x + 208651640981756027328, 0), CRootOf(1792313104347576*x**8 + 62037770047746012*x**7 + 940444440302392290*x**6 + 8194835358473336529*x**5 + 44952552073760033486*x**4 + 158300819974527464535*x**3 + 345640702489099451488*x**2 + 419277215955557613732*x + 208651640981756027328, 1), -5, CRootOf(1792313104347576*x**8 + 62037770047746012*x**7 + 940444440302392290*x**6 + 8194835358473336529*x**5 + 44952552073760033486*x**4 + 158300819974527464535*x**3 + 345640702489099451488*x**2 + 419277215955557613732*x + 208651640981756027328, 2), -4, -3, -2, CRootOf(1792313104347576*x**8 + 62037770047746012*x**7 + 940444440302392290*x**6 + 8194835358473336529*x**5 + 44952552073760033486*x**4 + 158300819974527464535*x**3 + 345640702489099451488*x**2 + 419277215955557613732*x + 208651640981756027328, 3), -1]

  If P_D's real roots are R-independent and all < 1, the cap of THM-1710 is
  UNCONDITIONAL for that (M,N): a_1=..=a_D=0 => a_m=0 for all m, no proviso needed.
