======================================================================
PERSPECTIVES AND CLASSES — FAST COMPUTATION
======================================================================

  n=1 (1 labeled tournaments)
    Classes: 1 (expected: 1)
    Total perspectives: 1

                       Score  |Aut|  Orb  SC      H   #Lab
                        (0,)      1    1   Y      1      1

    SC: 1 classes, 1 perspectives
    Non-SC: 0 classes (0 pairs), 0 perspectives

  n=2 (2 labeled tournaments)
    Classes: 1 (expected: 1)
    Total perspectives: 2

                       Score  |Aut|  Orb  SC      H   #Lab
                      (0, 1)      1    2   Y      1      2

    SC: 1 classes, 2 perspectives
    Non-SC: 0 classes (0 pairs), 0 perspectives

  n=3 (8 labeled tournaments)
    Classes: 2 (expected: 2)
    Total perspectives: 4

                       Score  |Aut|  Orb  SC      H   #Lab
                   (0, 1, 2)      1    3   Y      1      6
                   (1, 1, 1)      3    1   Y      3      2

    SC: 2 classes, 4 perspectives
    Non-SC: 0 classes (0 pairs), 0 perspectives

  n=4 (64 labeled tournaments)
    Classes: 4 (expected: 4)
    Total perspectives: 12

                       Score  |Aut|  Orb  SC      H   #Lab
                (0, 1, 2, 3)      1    4   Y      1     24
                (0, 2, 2, 2)      3    2   N      3      8
                (1, 1, 1, 3)      3    2   N      3      8
                (1, 1, 2, 2)      1    4   Y      5     24

    SC: 2 classes, 8 perspectives
    Non-SC: 2 classes (1 pairs), 4 perspectives

  n=5 (1024 labeled tournaments)
    Classes: 12 (expected: 12)
    Total perspectives: 48

                       Score  |Aut|  Orb  SC      H   #Lab
             (0, 1, 2, 3, 4)      1    5   Y      1    120
             (0, 1, 3, 3, 3)      3    3   N      3     40
             (0, 2, 2, 2, 4)      3    3   Y      3     40
             (0, 2, 2, 3, 3)      1    5   N      5    120
             (1, 1, 1, 3, 4)      3    3   N      3     40
             (1, 1, 2, 2, 4)      1    5   N      5    120
             (1, 1, 2, 3, 3)      1    5   Y      9    120
             (1, 1, 2, 3, 3)      1    5   Y      9    120
             (1, 2, 2, 2, 3)      1    5   Y     11    120
             (1, 2, 2, 2, 3)      1    5   Y     13    120
             (1, 2, 2, 2, 3)      3    3   Y     15     40
             (2, 2, 2, 2, 2)      5    1   Y     15     24

    SC: 8 classes, 32 perspectives
    Non-SC: 4 classes (2 pairs), 16 perspectives

  n=6 (32768 labeled tournaments)
    Classes: 56 (expected: 56)
    Total perspectives: 296

                       Score  |Aut|  Orb  SC      H   #Lab
          (0, 1, 2, 3, 4, 5)      1    6   Y      1    720
          (0, 1, 2, 4, 4, 4)      3    4   N      3    240
          (0, 1, 3, 3, 3, 5)      3    4   N      3    240
          (0, 1, 3, 3, 4, 4)      1    6   N      5    720
          (0, 2, 2, 2, 4, 5)      3    4   N      3    240
          (0, 2, 2, 3, 3, 5)      1    6   Y      5    720
          (0, 2, 2, 3, 4, 4)      1    6   N      9    720
          (0, 2, 2, 3, 4, 4)      1    6   N      9    720
          (0, 2, 3, 3, 3, 4)      1    6   N     11    720
          (0, 2, 3, 3, 3, 4)      1    6   N     13    720
          (0, 2, 3, 3, 3, 4)      3    4   N     15    240
          (0, 3, 3, 3, 3, 3)      5    2   N     15    144
          (1, 1, 1, 3, 4, 5)      3    4   N      3    240
          (1, 1, 1, 4, 4, 4)      9    2   Y      9     80
          (1, 1, 2, 2, 4, 5)      1    6   N      5    720
          (1, 1, 2, 3, 3, 5)      1    6   N      9    720
          (1, 1, 2, 3, 3, 5)      1    6   N      9    720
          (1, 1, 2, 3, 4, 4)      1    6   N     15    720
          (1, 1, 2, 3, 4, 4)      1    6   N     15    720
          (1, 1, 2, 3, 4, 4)      1    6   Y     17    720
          (1, 1, 2, 3, 4, 4)      1    6   Y     17    720
          (1, 1, 3, 3, 3, 4)      1    6   N     19    720
          (1, 1, 3, 3, 3, 4)      1    6   N     23    720
          (1, 1, 3, 3, 3, 4)      3    4   N     27    240
          (1, 2, 2, 2, 3, 5)      1    6   N     11    720
          (1, 2, 2, 2, 3, 5)      1    6   N     13    720
          (1, 2, 2, 2, 3, 5)      3    4   N     15    240
          (1, 2, 2, 2, 4, 4)      1    6   N     19    720
          (1, 2, 2, 2, 4, 4)      1    6   N     23    720
          (1, 2, 2, 2, 4, 4)      3    4   N     27    240
          (1, 2, 2, 3, 3, 4)      1    6   N     23    720
          (1, 2, 2, 3, 3, 4)      1    6   N     23    720
          (1, 2, 2, 3, 3, 4)      1    6   N     25    720
          (1, 2, 2, 3, 3, 4)      1    6   N     25    720
          (1, 2, 2, 3, 3, 4)      1    6   Y     29    720
          (1, 2, 2, 3, 3, 4)      1    6   Y     29    720
          (1, 2, 2, 3, 3, 4)      1    6   N     29    720
          (1, 2, 2, 3, 3, 4)      1    6   N     29    720
          (1, 2, 2, 3, 3, 4)      1    6   N     31    720
          (1, 2, 2, 3, 3, 4)      1    6   N     31    720
          (1, 2, 2, 3, 3, 4)      1    6   Y     33    720
          (1, 2, 2, 3, 3, 4)      1    6   Y     37    720
          (1, 2, 3, 3, 3, 3)      1    6   N     33    720
          (1, 2, 3, 3, 3, 3)      3    4   N     33    240
          (1, 2, 3, 3, 3, 3)      1    6   N     37    720
          (1, 2, 3, 3, 3, 3)      1    6   N     37    720
          (2, 2, 2, 2, 2, 5)      5    2   N     15    144
          (2, 2, 2, 2, 3, 4)      3    4   N     33    240
          (2, 2, 2, 2, 3, 4)      1    6   N     33    720
          (2, 2, 2, 2, 3, 4)      1    6   N     37    720
          (2, 2, 2, 2, 3, 4)      1    6   N     37    720
          (2, 2, 2, 3, 3, 3)      1    6   Y     41    720
          (2, 2, 2, 3, 3, 3)      1    6   N     43    720
          (2, 2, 2, 3, 3, 3)      1    6   N     43    720
          (2, 2, 2, 3, 3, 3)      3    2   Y     45    240
          (2, 2, 2, 3, 3, 3)      3    2   Y     45    240

    SC: 12 classes, 60 perspectives
    Non-SC: 44 classes (22 pairs), 236 perspectives

  n=7: using known T(7) = 456

======================================================================
SUMMARY: P(n) vs T(n+1)
======================================================================

     n     T(n)     P(n)   T(n+1)   P=T?
     1        1        1        1    YES
     2        1        2        2    YES
     3        2        4        4    YES
     4        4       12       12    YES
     5       12       48       56     NO
     6       56      296      456     NO

  Perspective sequence P(n):
    P(1) = 1
    P(2) = 2
    P(3) = 4
    P(4) = 12
    P(5) = 48
    P(6) = 296

  Class sequence T(n):
    T(1) = 1
    T(2) = 1
    T(3) = 2
    T(4) = 4
    T(5) = 12
    T(6) = 56
    T(7) = 456
