{
  "always_active_gates": 51345,
  "bounded_full_tuples": 1,
  "centralizer_orbits": 64,
  "minimal_hostile": {
    "braid_length": 5,
    "sigma": [
      [
        1,
        2,
        3
      ],
      [
        4,
        5
      ]
    ],
    "tau": [
      [
        1,
        2,
        4
      ],
      [
        3,
        5
      ]
    ]
  },
  "orbit_sha256": "554bcdaaf35b135645f4c5e4b215e3fca68e56f76b7c1b70c99305972589fadd",
  "pair_tables": {
    "3": [
      {
        "cell": [
          2,
          0,
          0,
          1
        ],
        "count": 120
      },
      {
        "cell": [
          2,
          0,
          0,
          2
        ],
        "count": 15
      },
      {
        "cell": [
          3,
          0,
          0,
          1
        ],
        "count": 10
      },
      {
        "cell": [
          3,
          0,
          0,
          2
        ],
        "count": 1
      }
    ],
    "5": [
      {
        "cell": [
          1,
          0,
          0,
          2
        ],
        "count": 60
      },
      {
        "cell": [
          2,
          1,
          1,
          0
        ],
        "count": 30
      },
      {
        "cell": [
          2,
          1,
          1,
          1
        ],
        "count": 6
      },
      {
        "cell": [
          3,
          0,
          0,
          2
        ],
        "count": 1
      }
    ]
  },
  "pair_universe": 5040,
  "positive_orbits": [
    {
      "3": false,
      "5": true,
      "cell": [
        1,
        0,
        0,
        2
      ],
      "representative": [
        [
          3,
          6,
          7
        ],
        [
          4,
          5
        ]
      ],
      "size": 60
    },
    {
      "3": true,
      "5": false,
      "cell": [
        2,
        0,
        0,
        1
      ],
      "representative": [
        [
          2,
          6,
          3
        ],
        [
          5,
          7
        ]
      ],
      "size": 120
    },
    {
      "3": true,
      "5": false,
      "cell": [
        2,
        0,
        0,
        2
      ],
      "representative": [
        [
          2,
          6,
          3
        ],
        [
          4,
          5
        ]
      ],
      "size": 15
    },
    {
      "3": true,
      "5": false,
      "cell": [
        3,
        0,
        0,
        1
      ],
      "representative": [
        [
          1,
          2,
          3
        ],
        [
          5,
          6
        ]
      ],
      "size": 10
    },
    {
      "3": true,
      "5": true,
      "cell": [
        3,
        0,
        0,
        2
      ],
      "representative": [
        [
          1,
          2,
          3
        ],
        [
          4,
          5
        ]
      ],
      "size": 1
    },
    {
      "3": false,
      "5": true,
      "cell": [
        2,
        1,
        1,
        1
      ],
      "representative": [
        [
          1,
          2,
          4
        ],
        [
          3,
          5
        ]
      ],
      "size": 6
    },
    {
      "3": false,
      "5": true,
      "cell": [
        2,
        1,
        1,
        0
      ],
      "representative": [
        [
          1,
          3,
          4
        ],
        [
          2,
          6
        ]
      ],
      "size": 30
    }
  ],
  "power_pass": {
    "3": 146,
    "5": 61
  },
  "raw_pair_sha256": "9d33769e2dd066673ed4c828be3d280694ec702f1d364581f00111ded1559031",
  "scope": "uniform H4 (3)(2) generators all equal; finite-reduced pair supplier"
}
