{
  "alternating_conflict_bank": [
    [
      2,
      1
    ],
    [
      4,
      6
    ],
    [
      6,
      120
    ],
    [
      8,
      5040
    ]
  ],
  "full_H4_tuple_bank": [
    [
      2,
      3,
      3,
      3,
      1,
      1,
      0
    ],
    [
      2,
      4,
      6,
      5,
      2,
      1,
      0
    ],
    [
      2,
      5,
      10,
      7,
      4,
      1,
      0
    ],
    [
      2,
      6,
      15,
      9,
      7,
      1,
      0
    ],
    [
      3,
      4,
      8,
      4,
      2,
      1,
      0
    ],
    [
      3,
      5,
      20,
      7,
      2,
      1,
      0
    ],
    [
      3,
      6,
      40,
      10,
      4,
      1,
      0
    ],
    [
      3,
      7,
      70,
      13,
      10,
      1,
      0
    ],
    [
      3,
      8,
      112,
      16,
      22,
      1,
      0
    ],
    [
      3,
      9,
      168,
      19,
      42,
      1,
      0
    ],
    [
      4,
      5,
      30,
      5,
      2,
      1,
      0
    ],
    [
      4,
      6,
      90,
      9,
      2,
      1,
      0
    ],
    [
      4,
      7,
      210,
      17,
      2,
      1,
      0
    ],
    [
      4,
      8,
      420,
      29,
      8,
      1,
      0
    ],
    [
      4,
      9,
      756,
      45,
      32,
      1,
      0
    ],
    [
      4,
      10,
      1260,
      65,
      92,
      1,
      0
    ],
    [
      5,
      6,
      144,
      11,
      4,
      1,
      0
    ],
    [
      5,
      7,
      504,
      16,
      4,
      1,
      0
    ],
    [
      5,
      8,
      1344,
      21,
      4,
      1,
      0
    ],
    [
      5,
      9,
      3024,
      26,
      4,
      1,
      0
    ],
    [
      5,
      10,
      6048,
      31,
      28,
      1,
      0
    ]
  ],
  "single_cycle_pair_bank": [
    {
      "braid3": {
        "1": 2,
        "2": 1
      },
      "braid5": {
        "2": 1
      },
      "examined": 3,
      "length": 2
    },
    {
      "braid3": {
        "2": 3,
        "3": 1
      },
      "braid5": {
        "1": 6,
        "3": 1
      },
      "examined": 14,
      "length": 3
    },
    {
      "braid3": {
        "2": 4,
        "4": 5
      },
      "braid5": {
        "2": 8,
        "3": 4,
        "4": 1
      },
      "examined": 90,
      "length": 4
    },
    {
      "braid3": {
        "4": 5,
        "5": 6
      },
      "braid5": {
        "4": 15,
        "5": 6
      },
      "examined": 744,
      "length": 5
    },
    {
      "braid3": {
        "3": 12,
        "5": 12,
        "6": 6
      },
      "braid5": {
        "2": 72,
        "5": 18,
        "6": 13
      },
      "examined": 7560,
      "length": 6
    },
    {
      "braid3": {
        "5": 14,
        "6": 7,
        "7": 15
      },
      "braid5": {
        "4": 126,
        "6": 7,
        "7": 15
      },
      "examined": 91440,
      "length": 7
    }
  ],
  "unfiltered_pair_bank": [
    {
      "degree": 2,
      "ordered_pairs": 4,
      "solutions": {
        "3": 2,
        "5": 2,
        "7": 2
      }
    },
    {
      "degree": 3,
      "ordered_pairs": 36,
      "solutions": {
        "3": 12,
        "5": 6,
        "7": 6
      }
    },
    {
      "degree": 4,
      "ordered_pairs": 576,
      "solutions": {
        "3": 96,
        "5": 24,
        "7": 24
      }
    },
    {
      "degree": 5,
      "ordered_pairs": 14400,
      "solutions": {
        "3": 600,
        "5": 720,
        "7": 120
      }
    }
  ]
}
semantic_sha256=633a979b411bed9b53142c98fa5a3c4e50d4a6cde4e07bbdafbad93806d92cdd
always_active_exact_gates=15111
