
======================================================================
MULTILINEAR POLYNOMIAL ANALYSIS: n=3, m=1
======================================================================

Linear coefficients (order 1):
  A (3,1) skip=2: coeff = 2

Apex coefficient = 2, 2^(n-2) = 2, match = True

Order-2 coefficients and vertex sharing:

Order-2 vertex-sharing analysis:
  Shared-vertex & nonzero: 0
  Shared-vertex & zero:    0
  Disjoint & nonzero:      0
  Disjoint & zero:         0
  Total pairs:             0

Max tile arcs in any Hamiltonian path: 1
Polynomial degree: 1
Match: True

Distribution of tile arcs in permutations (potential HPs):
  0 tile arcs: 2/6 = 0.3333
  1 tile arcs: 4/6 = 0.6667

======================================================================
MULTILINEAR POLYNOMIAL ANALYSIS: n=4, m=3
======================================================================

Linear coefficients (order 1):
  A (4,1) skip=3: coeff = 4
  B (3,1) skip=2: coeff = 2
  C (4,2) skip=2: coeff = 2

Apex coefficient = 4, 2^(n-2) = 4, match = True

Order-2 coefficients and vertex sharing:
  AB = (4,1)×(3,1): coeff=-2 [SHARED {1}]
  AC = (4,1)×(4,2): coeff=-2 [SHARED {4}]

Order-2 vertex-sharing analysis:
  Shared-vertex & nonzero: 2
  Shared-vertex & zero:    0
  Disjoint & nonzero:      0
  Disjoint & zero:         1
  Total pairs:             3

Max tile arcs in any Hamiltonian path: 3
Polynomial degree: 2
Match: False

Distribution of tile arcs in permutations (potential HPs):
  0 tile arcs: 2/24 = 0.0833
  1 tile arcs: 10/24 = 0.4167
  2 tile arcs: 10/24 = 0.4167
  3 tile arcs: 2/24 = 0.0833

======================================================================
MULTILINEAR POLYNOMIAL ANALYSIS: n=5, m=6
======================================================================

Linear coefficients (order 1):
  A (5,1) skip=4: coeff = 8
  B (4,1) skip=3: coeff = 4
  C (3,1) skip=2: coeff = 2
  D (5,2) skip=3: coeff = 4
  E (4,2) skip=2: coeff = 2
  F (5,3) skip=2: coeff = 2

Apex coefficient = 8, 2^(n-2) = 8, match = True

Order-2 coefficients and vertex sharing:
  AB = (5,1)×(4,1): coeff=-2 [SHARED {1}]
  AC = (5,1)×(3,1): coeff=-2 [SHARED {1}]
  AD = (5,1)×(5,2): coeff=-2 [SHARED {5}]
  AE = (5,1)×(4,2): coeff=+4 [DISJOINT ]
  AF = (5,1)×(5,3): coeff=-2 [SHARED {5}]
  BC = (4,1)×(3,1): coeff=-2 [SHARED {1}]
  BD = (4,1)×(5,2): coeff=+4 [DISJOINT ]
  BE = (4,1)×(4,2): coeff=-2 [SHARED {4}]
  BF = (4,1)×(5,3): coeff=+2 [DISJOINT ]
  CD = (3,1)×(5,2): coeff=+2 [DISJOINT ]
  CF = (3,1)×(5,3): coeff=+4 [SHARED {3}]
  DE = (5,2)×(4,2): coeff=-2 [SHARED {2}]
  DF = (5,2)×(5,3): coeff=-2 [SHARED {5}]

Order-2 vertex-sharing analysis:
  Shared-vertex & nonzero: 9
  Shared-vertex & zero:    0
  Disjoint & nonzero:      4
  Disjoint & zero:         2
  Total pairs:             15
  *** Disjoint tiles CAN interact! (order 2 captures 3-cycle effects)

Max tile arcs in any Hamiltonian path: 4
Polynomial degree: 4
Match: True

Distribution of tile arcs in permutations (potential HPs):
  0 tile arcs: 2/120 = 0.0167
  1 tile arcs: 16/120 = 0.1333
  2 tile arcs: 48/120 = 0.4000
  3 tile arcs: 40/120 = 0.3333
  4 tile arcs: 14/120 = 0.1167

======================================================================
MULTILINEAR POLYNOMIAL ANALYSIS: n=6, m=10
======================================================================

Linear coefficients (order 1):
  A (6,1) skip=5: coeff = 16
  B (5,1) skip=4: coeff = 8
  C (4,1) skip=3: coeff = 4
  D (3,1) skip=2: coeff = 2
  E (6,2) skip=4: coeff = 8
  F (5,2) skip=3: coeff = 4
  G (4,2) skip=2: coeff = 2
  H (6,3) skip=3: coeff = 4
  I (5,3) skip=2: coeff = 2
  J (6,4) skip=2: coeff = 2

Apex coefficient = 16, 2^(n-2) = 16, match = True

Order-2 coefficients and vertex sharing:
  AB = (6,1)×(5,1): coeff=-2 [SHARED {1}]
  AC = (6,1)×(4,1): coeff=-2 [SHARED {1}]
  AD = (6,1)×(3,1): coeff=-4 [SHARED {1}]
  AE = (6,1)×(6,2): coeff=-2 [SHARED {6}]
  AF = (6,1)×(5,2): coeff=+16 [DISJOINT ]
  AG = (6,1)×(4,2): coeff=+8 [DISJOINT ]
  AH = (6,1)×(6,3): coeff=-2 [SHARED {6}]
  AI = (6,1)×(5,3): coeff=+8 [DISJOINT ]
  AJ = (6,1)×(6,4): coeff=-4 [SHARED {6}]
  BC = (5,1)×(4,1): coeff=-2 [SHARED {1}]
  BD = (5,1)×(3,1): coeff=-2 [SHARED {1}]
  BE = (5,1)×(6,2): coeff=+16 [DISJOINT ]
  BF = (5,1)×(5,2): coeff=-2 [SHARED {5}]
  BG = (5,1)×(4,2): coeff=+4 [DISJOINT ]
  BH = (5,1)×(6,3): coeff=+10 [DISJOINT ]
  BI = (5,1)×(5,3): coeff=-2 [SHARED {5}]
  BJ = (5,1)×(6,4): coeff=+4 [DISJOINT ]
  CD = (4,1)×(3,1): coeff=-2 [SHARED {1}]
  CE = (4,1)×(6,2): coeff=+10 [DISJOINT ]
  CF = (4,1)×(5,2): coeff=+4 [DISJOINT ]
  CG = (4,1)×(4,2): coeff=-2 [SHARED {4}]
  CH = (4,1)×(6,3): coeff=+8 [DISJOINT ]
  CI = (4,1)×(5,3): coeff=+2 [DISJOINT ]
  CJ = (4,1)×(6,4): coeff=+8 [SHARED {4}]
  DE = (3,1)×(6,2): coeff=+4 [DISJOINT ]
  DF = (3,1)×(5,2): coeff=+2 [DISJOINT ]
  DH = (3,1)×(6,3): coeff=+8 [SHARED {3}]
  DI = (3,1)×(5,3): coeff=+4 [SHARED {3}]
  DJ = (3,1)×(6,4): coeff=+4 [DISJOINT ]
  EF = (6,2)×(5,2): coeff=-2 [SHARED {2}]
  EG = (6,2)×(4,2): coeff=-2 [SHARED {2}]
  EH = (6,2)×(6,3): coeff=-2 [SHARED {6}]
  EI = (6,2)×(5,3): coeff=+4 [DISJOINT ]
  EJ = (6,2)×(6,4): coeff=-2 [SHARED {6}]
  FG = (5,2)×(4,2): coeff=-2 [SHARED {2}]
  FH = (5,2)×(6,3): coeff=+4 [DISJOINT ]
  FI = (5,2)×(5,3): coeff=-2 [SHARED {5}]
  FJ = (5,2)×(6,4): coeff=+2 [DISJOINT ]
  GH = (4,2)×(6,3): coeff=+2 [DISJOINT ]
  GJ = (4,2)×(6,4): coeff=+4 [SHARED {4}]
  HI = (6,3)×(5,3): coeff=-2 [SHARED {3}]
  HJ = (6,3)×(6,4): coeff=-2 [SHARED {6}]

Order-2 vertex-sharing analysis:
  Shared-vertex & nonzero: 24
  Shared-vertex & zero:    0
  Disjoint & nonzero:      18
  Disjoint & zero:         3
  Total pairs:             45
  *** Disjoint tiles CAN interact! (order 2 captures 3-cycle effects)

Max tile arcs in any Hamiltonian path: 5
Polynomial degree: 4
Match: False

Distribution of tile arcs in permutations (potential HPs):
  0 tile arcs: 2/720 = 0.0028
  1 tile arcs: 22/720 = 0.0306
  2 tile arcs: 120/720 = 0.1667
  3 tile arcs: 256/720 = 0.3556
  4 tile arcs: 230/720 = 0.3194
  5 tile arcs: 90/720 = 0.1250

======================================================================
SUMMARY: Polynomial degree = max tile arcs in any HP
======================================================================
   n    m   deg   max_tile    n-1    base_arcs
   3    1     1          1      2            2
   4    3     3          3      3            3
   5    6     4          4      4            4
   6   10     5          5      5            5
   7   15     6          6      6            6
