TARGET 1: Extend Σ H sequence
============================================================
  n=3: SF perms=3, Σ H=4, E[H]=2.000000, time=0.0s
  n=4: SF perms=11, Σ H=32, E[H]=4.000000, time=0.0s
  n=5: SF perms=53, Σ H=632, E[H]=9.875000, time=0.0s
  n=6: SF perms=309, Σ H=29696, E[H]=29.000000, time=0.0s
  n=7: SF perms=2119, Σ H=3251200, E[H]=99.218750, time=0.0s
  n=8: SF perms=16687, Σ H=815136768, E[H]=388.687500, time=0.0s
  n=9: SF perms=148329, Σ H=461027409920, E[H]=1717.460938, time=0.2s
  n=10: SF perms=1468457, Σ H=580881441882112, E[H]=8452.937500, time=2.5s
  n=11: SF perms=16019531, Σ H=1613648693762719744, E[H]=45862.654297, time=30.8s
  n=12: SF perms=190899411, Σ H=9798028675294972346368, E[H]=271949.925781, time=375.6s
  Stopping (time limit)

Σ H sequence:
  n=3: 4
  n=4: 32
  n=5: 632
  n=6: 29696
  n=7: 3251200
  n=8: 815136768
  n=9: 461027409920
  n=10: 580881441882112
  n=11: 1613648693762719744
  n=12: 9798028675294972346368

E[H] sequence:
  n=3: 2.0
  n=4: 4.0
  n=5: 9.875
  n=6: 29.0
  n=7: 99.21875
  n=8: 388.6875
  n=9: 1717.4609375
  n=10: 8452.9375
  n=11: 45862.654296875
  n=12: 271949.92578125

TARGET 2: Compute P(7)
============================================================
  m=15 tiles, 2^m=32768 tilings
    10000/32768 (31%, rate=2932/s, ETA=8s)
    20000/32768 (61%, rate=2917/s, ETA=4s)
    30000/32768 (92%, rate=2903/s, ETA=1s)
  H computed in 11.3s
  H range: [1, 189], mean=99.22
  Σ H = 3251200
    Möbius: 10000/32768 (31%)
    Möbius: 20000/32768 (61%)
    Möbius: 30000/32768 (92%)

  P(7) = 1782 nonzero / 32768 total (5.4%)
  By order: {0: 1, 1: 15, 2: 101, 3: 309, 4: 626, 5: 407, 6: 323}
  Möbius computed in 6.4s
  Max degree: 6

TARGET 3: Fast n=7 metagraph
============================================================
    5000/32768, 232 groups, 2s
    10000/32768, 238 groups, 4s
    15000/32768, 238 groups, 5s
    20000/32768, 242 groups, 7s
    25000/32768, 242 groups, 9s
    30000/32768, 242 groups, 11s

  Invariant groups: 242 (expected ~456 classes)
  Time: 12s
  Groups with multiple tilings: 233
  Max group size: 1048
  The invariant UNDER-distinguishes: 242 < 456
  (Need finer invariant to separate all classes)

  Classes per H value:
    H=1: 1 classes
    H=3: 5 classes
    H=5: 4 classes
    H=9: 6 classes
    H=11: 3 classes
    H=13: 3 classes
    H=15: 10 classes
    H=17: 2 classes
    H=19: 4 classes
    H=23: 6 classes
    H=25: 3 classes
    H=27: 5 classes
    H=29: 3 classes
    H=31: 4 classes
    H=33: 9 classes
    H=35: 2 classes
    H=37: 8 classes
    H=39: 2 classes
    H=41: 5 classes
    H=43: 4 classes
    H=45: 7 classes
    H=47: 1 classes
    H=49: 3 classes
    H=51: 6 classes
    H=53: 3 classes
    H=55: 3 classes
    H=57: 2 classes
    H=59: 3 classes
    H=61: 1 classes
    H=65: 6 classes
    H=67: 2 classes
    H=69: 8 classes
    H=71: 2 classes
    H=73: 2 classes
    H=75: 3 classes
    H=77: 2 classes
    H=79: 3 classes
    H=81: 5 classes
    H=83: 5 classes
    H=85: 1 classes
    H=87: 1 classes
    H=89: 4 classes
    H=91: 5 classes
    H=93: 4 classes
    H=95: 3 classes
    H=97: 2 classes
    H=99: 3 classes
    H=101: 4 classes
    H=103: 2 classes
    H=105: 3 classes
    H=109: 5 classes
    H=111: 3 classes
    H=113: 4 classes
    H=115: 5 classes
    H=117: 4 classes
    H=121: 3 classes
    H=123: 5 classes
    H=125: 1 classes
    H=127: 1 classes
    H=129: 4 classes
    H=131: 1 classes
    H=133: 1 classes
    H=135: 3 classes
    H=137: 1 classes
    H=139: 1 classes
    H=141: 1 classes
    H=143: 1 classes
    H=145: 1 classes
    H=147: 1 classes
    H=151: 1 classes
    H=153: 1 classes
    H=155: 1 classes
    H=157: 1 classes
    H=159: 1 classes
    H=171: 1 classes
    H=175: 1 classes
    H=189: 1 classes

  Tiling-fibration identity size × |Aut| = H:
    scores=(1, 1, 2, 3, 4, 4, 6), c3=4, H=17, size=34, |Aut|=0.500 ✗
    scores=(1, 2, 2, 3, 4, 4, 5), c3=8, H=47, size=94, |Aut|=0.500 ✗
    scores=(1, 1, 2, 3, 3, 5, 6), c3=3, H=9, size=18, |Aut|=0.500 ✗
    scores=(1, 2, 2, 3, 3, 4, 6), c3=6, H=23, size=46, |Aut|=0.500 ✗
    scores=(1, 1, 2, 3, 4, 5, 5), c3=5, H=27, size=81, |Aut|=0.333 ✗
    6 violations (invariant may over-split)
