======================================================================
PRECIOUS METALS MICRO-DAO: WHERE THE MATH FITS
======================================================================

THE SYSTEM:
  - N members (5-50 people, maybe up to 200)
  - Monthly: each pledges $X, pool buys physical gold/silver
  - Tokens issued: 1 token = 1 gram gold (or fractional)
  - Physical vault holds the metal
  - Lightweight chain tracks ownership + transfers
  - Key feature: REDEEMABLE (exchange token for physical metal)

CORE PROBLEMS:
  1. CONSENSUS: Who validates transactions? (transfers, minting, burning)
  2. TRUST: How to detect/handle a dishonest member or auditor?
  3. AUDIT: How to prove reserves match outstanding tokens?
  4. GOVERNANCE: How to vote on purchases, fees, redemptions?

======================================================================
PROBLEM 1: CONSENSUS MECHANISM
======================================================================

For a small group, you DON'T need Solana-level throughput.
You need: correctness, simplicity, and Byzantine fault tolerance.

APPROACH: Rotating validator committee + tournament trust scoring.

Each epoch (say 1 week), K validators are selected from N members.
Each validator independently checks:
  - Token balances match their local ledger
  - No double-spends
  - New mints match verified metal purchases

Validators submit signed attestations. A block is finalized when
>= 2K/3 validators agree (standard BFT threshold).

WHERE TOURNAMENT MATH HELPS:
  Over time, each pair (i,j) of validators has a HISTORY of agreements
  and disagreements. This forms a TOURNAMENT of trust:
    T[i][j] = 1 if i agrees with j more than j agrees with i
    (or weighted by consistency)

  H(T) = number of Hamiltonian paths = "how rankable is the trust graph"

  For N=7 members:
    Random trust graph: CV(H) = 0.535
    If H/E[H] > 2.07: trust hierarchy EXISTS (good)
    If H/E[H] < 0.01: contradictory trust (WARNING)
    If H/E[H] ~ 1.0: no clear trust structure (neutral)

  For N=15 members:
    Random trust graph: CV(H) = 0.365
    If H/E[H] > 1.73: trust hierarchy EXISTS (good)
    If H/E[H] < 0.27: contradictory trust (WARNING)
    If H/E[H] ~ 1.0: no clear trust structure (neutral)

  For N=30 members:
    Random trust graph: CV(H) = 0.258
    If H/E[H] > 1.52: trust hierarchy EXISTS (good)
    If H/E[H] < 0.48: contradictory trust (WARNING)
    If H/E[H] ~ 1.0: no clear trust structure (neutral)

  For N=50 members:
    Random trust graph: CV(H) = 0.200
    If H/E[H] > 1.40: trust hierarchy EXISTS (good)
    If H/E[H] < 0.60: contradictory trust (WARNING)
    If H/E[H] ~ 1.0: no clear trust structure (neutral)

======================================================================
PROBLEM 2: DETECTING BAD ACTORS (THE REAL KILLER APP)
======================================================================

THIS is where the Fourier energy decomposition genuinely shines.

Scenario: One member is dishonest (trying to double-spend, or
a custodian is skimming metal from the vault).

Detection method: compute the TOURNAMENT ANOMALY SCORE.

Each month, validators produce attestations. For each pair (i,j),
track: did they agree on the state? Over time, build the agreement
tournament T.

For honest members: agreements are ~random (everyone independently
verifies the same truth). H(T) should be NEAR E[H].

If a BAD ACTOR exists: they systematically disagree with honest
members but agree with accomplices. This DISTORTS the tournament,
pushing H(T) away from E[H].

Detection thresholds:
  N= 7: flag if |H/E[H] - 1| > 1.069 (2-sigma)
         alert if |H/E[H] - 1| > 1.604 (3-sigma)
  N=10: flag if |H/E[H] - 1| > 0.894 (2-sigma)
         alert if |H/E[H] - 1| > 1.342 (3-sigma)
  N=15: flag if |H/E[H] - 1| > 0.730 (2-sigma)
         alert if |H/E[H] - 1| > 1.095 (3-sigma)
  N=20: flag if |H/E[H] - 1| > 0.632 (2-sigma)
         alert if |H/E[H] - 1| > 0.949 (3-sigma)
  N=30: flag if |H/E[H] - 1| > 0.516 (2-sigma)
         alert if |H/E[H] - 1| > 0.775 (3-sigma)

VERTEX-LEVEL DETECTION:
  For each member i, compute H(T) and H(T\i) (tournament without i).
  If removing member i causes a LARGE change in H/E[H], member i
  is the source of the anomaly.

  The "influence score" of member i:
    I(i) = |H(T) - H(T\i)| / E[H]

  A member with I(i) >> average is either:
    - The most trusted (high positive influence)
    - A bad actor (high negative influence)

======================================================================
PROBLEM 3: PROOF OF RESERVES
======================================================================

The math can help with AUDIT SCHEDULING AND VERIFICATION.

Physical audit: a subset of members physically inspect the vault
and verify metal quantities match the chain state.

Tournament approach: auditors form a pairwise agreement tournament
on the audit results. H(T_audit) measures AUDIT COHERENCE.

  H(T_audit)/E[H] >> 1: auditors strongly agree (good)
  H(T_audit)/E[H] ~ 1: auditors can't agree (investigate!)

PRACTICAL PROTOCOL:
  1. Monthly: 3 randomly selected members physically audit vault
  2. Each auditor independently submits: {weight, purity, count}
  3. Pairwise consistency check: do auditors agree within tolerance?
  4. Merkle tree of audit attestations on-chain
  5. Running tournament tracks auditor reliability over time

The O(1) formula CV = sqrt(2/n) means you can compute significance
thresholds INSTANTLY, even for very small groups.

======================================================================
PROBLEM 4: GOVERNANCE — TRUST-WEIGHTED VOTING
======================================================================

KEY INSIGHT: Q(x) = (1+x)/(1-x) converts skill gaps to odds.

In the DAO context: each member has a TRUST SCORE derived from
their historical agreement pattern. The Cayley transform converts
this to a VOTING WEIGHT.

Protocol:
  1. Each member's trust score: x_i = (agreements - disagreements) / total
     This is the "skill gap" in [-1, 1].

  2. Voting weight: w_i = Q(x_i) = (1+x_i)/(1-x_i) = odds ratio.
     - x=0 (50/50): weight = 1 (neutral)
     - x=0.5 (75% agree): weight = 3
     - x=0.8 (90% agree): weight = 9
     - x=-0.5 (25% agree): weight = 1/3 (reduced influence)

  3. Governance votes (buy this metal? change fee structure?):
     Weighted sum of votes, threshold at sum(w_i)/2.

  This is NOT arbitrary — it's the EXACT mathematical transformation
  that converts agreement frequency to betting odds. A member who
  agrees with the group 90% of the time should have 9x the influence
  of a coin-flipper.

Trust-to-weight table (Cayley transform):
  agreement rate = 25%, x=-0.50, weight = 0.33
  agreement rate = 40%, x=-0.20, weight = 0.67
  agreement rate = 50%, x=+0.00, weight = 1.00
  agreement rate = 60%, x=+0.20, weight = 1.50
  agreement rate = 75%, x=+0.50, weight = 3.00
  agreement rate = 90%, x=+0.80, weight = 9.00
  agreement rate = 95%, x=+0.90, weight = 19.00
  agreement rate = 98%, x=+0.95, weight = 39.00

======================================================================
PROPOSED ARCHITECTURE
======================================================================

LAYER 1: PHYSICAL
  - Vault (bank safety deposit box, or distributed home safes)
  - Monthly group purchase from verified dealer
  - Serial numbers / assay certificates stored on-chain

LAYER 2: CHAIN (lightweight, NOT Solana-scale)
  - For 5-50 people, you need ~100 transactions/month, not 50k TPS
  - Recommended: simple BFT consensus (Tendermint-lite or RAFT)
  - Or even simpler: MULTI-SIG WALLET on an existing chain
    (Ethereum L2, or a simple SQLite + digital signatures)
  - Each "block" = batch of monthly transactions

LAYER 3: TOKEN
  - ERC-20 compatible (or simpler custom token)
  - 1 token = fixed weight of specific metal (e.g. 0.1g gold)
  - Mint: when metal is purchased and audited
  - Burn: when metal is redeemed
  - Transfer: between members (with group approval or freely)

LAYER 4: TRUST & GOVERNANCE (WHERE THE MATH LIVES)
  - Agreement tournament updated monthly
  - H(T)/E[H] as group health metric (dashboard)
  - Cayley-weighted voting for governance decisions
  - Anomaly detection flags for investigation
  - Auditor selection weighted by trust scores

LAYER 5: AUDIT
  - Monthly physical audit by rotating committee
  - Audit attestations signed and on-chain
  - Running Merkle proof of reserves
  - Tournament coherence check on audit results

======================================================================
HONEST ASSESSMENT
======================================================================

WHERE THE MATH GENUINELY HELPS:
  [+] Trust scoring via Cayley transform (elegant, principled)
  [+] Anomaly detection via H(T) deviation (unique capability)
  [+] Governance weighting (mathematically optimal odds conversion)
  [+] Audit coherence metric (instant computation, exact bounds)
  [+] The CV = sqrt(2/n) formula gives EXACT thresholds for any group size

WHERE SIMPLER TOOLS ARE BETTER:
  [-] Consensus: for <50 people, multi-sig or simple BFT is fine.
      You don't need the full tournament Fourier spectrum.
  [-] Blockchain: for <50 people, a shared spreadsheet with digital
      signatures might honestly be sufficient. The chain adds
      tamper-resistance but also complexity.
  [-] Physical custody: this is a LEGAL and LOGISTICS problem,
      not a math problem. No amount of cryptography helps if
      someone physically steals the gold.

THE REAL INNOVATION:
  The Cayley trust-weighting system is genuinely novel and useful.
  Most DAOs use 1-person-1-vote or token-weighted voting.
  Trust-weighted voting via Q(x) = (1+x)/(1-x) is MATHEMATICALLY
  OPTIMAL (it's the unique map that converts frequencies to odds)
  and incentivizes honest behavior over time.

======================================================================
MINIMUM VIABLE PRODUCT
======================================================================

Phase 1 (Month 1-3): FOUNDATION
  - Legal structure (LLC, trust, or cooperative)
  - Open group multi-sig wallet (3-of-5 or similar)
  - First group purchase of gold/silver
  - Simple spreadsheet tracking ownership
  - No blockchain yet — just signed attestations

Phase 2 (Month 4-6): TOKENIZATION
  - Deploy simple token contract (ERC-20 on Polygon/Base)
  - Mint tokens proportional to metal holdings
  - Implement basic transfer functionality
  - First physical audit by rotating committee

Phase 3 (Month 7-12): TRUST LAYER
  - Implement agreement tournament tracking
  - Deploy Cayley trust-weighting for votes
  - Dashboard showing H(T)/E[H] group health metric
  - Anomaly detection alerts
  - Redemption protocol (burn tokens, receive metal)

Phase 4 (Year 2+): FEDERATION
  - Multiple groups form a NETWORK
  - Cross-group trust tournaments
  - Inter-group metal transfers via atomic swaps
  - Shared audit standards
  - The tournament math scales BEAUTIFULLY here:
    N groups of M people each, trust at both levels

======================================================================
THE FEDERATION VISION
======================================================================

Where this gets REALLY interesting is FEDERATION of micro-banks.

Imagine 20 groups of 15 people each (300 total), each holding
physical gold in their local vault.

  - INTRA-GROUP: 15-person trust tournament, H(T)/E[H] health
  - INTER-GROUP: 20-group trust tournament (groups as nodes)
  - CROSS-REDEMPTION: I hold tokens from Group A, redeem at Group B

The inter-group tournament has N=20:
  CV = sqrt(2/20) = 0.316
  Threshold: flag if any group's H deviates by > 0.63 from random

This creates a DECENTRALIZED NETWORK of physically-backed tokens
with mathematically rigorous trust scoring at every level.

The Cayley transform Q(x) works at BOTH levels:
  - Individual trust: Q(x_i) = odds ratio of member i
  - Group trust: Q(x_G) = odds ratio of group G

No existing system does this. The math is EXACTLY right for it.


Done!
