theorem=THM-2348
status=PROVED+VERIFIED-EXACT+INDEPENDENTLY-HOSTILE-AUDITED
rectangle_tables=81
rectangle_zero_tables=19
opposite_corner_controls=62
conditioning_component_checks=16
uniform_marginal_checks=16
mobius_contraction_checks=9
two_colour_gauge_rectangle=0
fixed_optimum_hostiles=64
largest_tested_hidden_interaction=16
owner_criterion_instances=91125
owner_product_instances=21768
nonzero_theta_product_instances=3825
triangle_bound_controls=19471
unknot_interaction_identifications=146
mixed_anova_vanishing_iff_robust_rectangularity=YES
single_cartesian_optimum_implies_decoupling=NO
target_token_conditioning_commutes=YES
unconditional_connected_sum_additivity=NO
all_checks=PASS
