
  PRIME GAPS AS MUSICAL CHORDS

======================================================================

  I. THE CHORD TABLE
  ----------------------------------------

     g  gap=2g       odd p|g                  intervals    correction     cents
  ---------------------------------------------------------------------------
     1       2            []                   (unison)        1.0000     +0.0 TWIN
     2       4            []                   (unison)        1.0000     +0.0
     3       6           [3]                     octave        2.0000  +1200.0 SEXY
     4       8           [4]                      fifth        1.5000   +702.0
     5      10           [5]                     fourth        1.3333   +498.0
     6      12           [6]                major third        1.2500   +386.3
     7      14           [7]                minor third        1.2000   +315.6 threshold
     8      16           [8]       septimal minor third        1.1667   +266.9
     9      18           [3]                     octave        2.0000  +1200.0
    10      20          [10]               major second        1.1250   +203.9
    11      22          [11]           minor whole tone        1.1111   +182.4
    12      24        [3, 4]             octave * fifth        3.0000  +1902.0
    13      26          [13]   undecimal neutral second        1.0909   +150.6
    14      28          [14]                      13/12        1.0833   +138.6
    15      30        [3, 5]            octave * fourth        2.6667  +1698.0
    16      32          [16]                      15/14        1.0714   +119.4
    17      34          [17]                      16/15        1.0667   +111.7
    18      36           [3]                     octave        2.0000  +1200.0
    19      38          [19]                      18/17        1.0588    +99.0
    20      40          [20]                      19/18        1.0556    +93.6
    21      42        [3, 7]       octave * minor third        2.4000  +1515.6 FORBIDDEN
    22      44          [22]                      21/20        1.0500    +84.5
    23      46          [23]                      22/21        1.0476    +80.5
    24      48        [3, 8]  octave * septimal minor third        2.3333  +1466.9
    25      50           [5]                     fourth        1.3333   +498.0
    26      52          [26]                      25/24        1.0417    +70.7
    27      54           [3]                     octave        2.0000  +1200.0
    28      56          [28]                      27/26        1.0385    +65.3
    29      58          [29]                      28/27        1.0370    +63.0
    30      60       [3, 10]      octave * major second        2.2500  +1403.9
    31      62          [31]                      30/29        1.0345    +58.7
    32      64          [32]                      31/30        1.0333    +56.8
    33      66       [3, 11]  octave * minor whole tone        2.2222  +1382.4
    34      68          [34]                      33/32        1.0312    +53.3
    35      70        [5, 7]       fourth * minor third        1.6000   +813.7
    36      72        [3, 4]             octave * fifth        3.0000  +1902.0
    37      74          [37]                      36/35        1.0286    +48.8
    38      76          [38]                      37/36        1.0278    +47.4
    39      78       [3, 13]  octave * undecimal neutral second        2.1818  +1350.6
    40      80        [5, 8]  fourth * septimal minor third        1.5556   +764.9
    41      82          [41]                      40/39        1.0256    +43.8
    42      84       [3, 14]             octave * 13/12        2.1667  +1338.6 HURWITZ
    43      86          [43]                      42/41        1.0244    +41.7
    44      88          [44]                      43/42        1.0238    +40.7
    45      90        [3, 5]            octave * fourth        2.6667  +1698.0
    46      92          [46]                      45/44        1.0227    +38.9
    47      94          [47]                      46/45        1.0222    +38.1
    48      96       [3, 16]             octave * 15/14        2.1429  +1319.4
    49      98           [7]                minor third        1.2000   +315.6


  II. THE CONSONANCE HIERARCHY OF GAPS
  ----------------------------------------

  Gaps with correction = 1 (no boost): g has no odd prime factors.
  These are g = powers of 2: 1, 2, 4, 8, 16, 32, ...
  Gaps 2, 4, 8, 16, 32, 64: all have the BASELINE twin prime density.
  They are the 'unison' gaps — no harmonic coloring.

  Gaps with correction = 2 (octave boost): 3 | g but 5,7 don't.
  g = 3, 6, 12, 24, 48: all get an octave of extra density.
  They are TWICE as common as twin primes (per unit).

  Gaps with correction = 4/3 (fourth boost): 5 | g but 3,7 don't.
  g = 5, 10, 20, 25, 40: get a fourth of extra density.
  33% more common than twins.


  III. EMPIRICAL VERIFICATION
  ----------------------------------------

  Prime gaps up to 1000000 (78498 primes):

    gap  g=gap/2     count  predicted ratio   actual ratio            chord
  ---------------------------------------------------------------------------
      2        1      8169           1.0000         1.0000           unison
      4        2      8143           1.0000         0.9968           unison
      6        3     13549           2.0000         1.6586           octave
      8        4      5569           1.5000         0.6817            fifth
     10        5      7079           1.3333         0.8666           fourth
     12        6      8005           1.2500         0.9799      major third
     14        7      4233           1.2000         0.5182      minor third
     16        8      2881           1.1667         0.3527  septimal minor third
     18        9      4909           2.0000         0.6009           octave
     20       10      2401           1.1250         0.2939     major second
     22       11      2172           1.1111         0.2659  minor whole tone
     24       12      2682           3.0000         0.3283   octave * fifth
     26       13      1175           1.0909         0.1438  undecimal neutral second
     28       14      1234           1.0833         0.1511            13/12
     30       15      1914           2.6667         0.2343  octave * fourth
     32       16       550           1.0714         0.0673            15/14
     34       17       557           1.0667         0.0682            16/15
     36       18       767           2.0000         0.0939           octave
     38       19       330           1.0588         0.0404            18/17
     40       20       424           1.0556         0.0519            19/18
     42       21       476           2.4000         0.0583  octave * minor third
     44       22       202           1.0500         0.0247            21/20
     46       23       155           1.0476         0.0190            22/21
     48       24       196           2.3333         0.0240  octave * septimal minor third
     50       25       106           1.3333         0.0130           fourth
     52       26        77           1.0417         0.0094            25/24
     54       27       140           2.0000         0.0171           octave
     56       28        53           1.0385         0.0065            27/26
     58       29        54           1.0370         0.0066            28/27
     60       30        96           2.2500         0.0118  octave * major second


  IV. THE CHORD STRUCTURE OF NOTABLE GAPS
  ----------------------------------------

  g = 1 (Twin primes (3,5), (11,13), ...):
    Primes dividing g: []
    Chord: unison
    Correction = 1 = 1.0000
    Cents above baseline: +0.0
    Meaning: gap 2 is 1.00x as common as twin primes.

  g = 3 (Sexy primes (7,13), (23,29), ...):
    Primes dividing g: [3]
    Chord: octave (2/1)
    Correction = 2 = 2.0000
    Cents above baseline: +1200.0
    Meaning: gap 6 is 2.00x as common as twin primes.

  g = 6 (Gap 12: (19,31), (29,41), ...):
    Primes dividing g: [6]
    Chord: major third (5/4)
    Correction = 5/4 = 1.2500
    Cents above baseline: +386.3
    Meaning: gap 12 is 1.25x as common as twin primes.

  g = 15 (Gap 30 = 2*3*5):
    Primes dividing g: [3, 5]
    Chord: octave (2/1) + fourth (4/3)
    Correction = 8/3 = 2.6667
    Cents above baseline: +1698.0
    Meaning: gap 30 is 2.67x as common as twin primes.

  g = 21 (Gap 42 = 2*3*7 = FORBIDDEN / HURWITZ):
    Primes dividing g: [3, 7]
    Chord: octave (2/1) + minor third (6/5)
    Correction = 12/5 = 2.4000
    Cents above baseline: +1515.6
    Meaning: gap 42 is 2.40x as common as twin primes.

  g = 35 (Gap 70 = 2*5*7):
    Primes dividing g: [5, 7]
    Chord: fourth (4/3) + minor third (6/5)
    Correction = 8/5 = 1.6000
    Cents above baseline: +813.7
    Meaning: gap 70 is 1.60x as common as twin primes.

  g = 105 (Gap 210 = 2*3*5*7 = primorial):
    Primes dividing g: [3, 5, 7]
    Chord: octave (2/1) + fourth (4/3) + minor third (6/5)
    Correction = 16/5 = 3.2000
    Cents above baseline: +2013.7
    Meaning: gap 210 is 3.20x as common as twin primes.


  V. THE PRIME GAP SPECTRUM
  ----------------------------------------

  If we ORDER gaps by their correction (consonance), we get:

  rank     g    gap    correction         factorization
  -------------------------------------------------------
     1   105    210        3.2000                 3*5*7
     2   120    240        3.1111                 3*5*8
     3   108    216        3.0000                   3*4
     4    36     72        3.0000                   3*4
     5    12     24        3.0000                   3*4
     6   165    330        2.9630                3*5*11
     7   195    390        2.9091                3*5*13
     8   168    336        2.8000                 3*7*8
     9   150    300        2.6667                   3*5
    10   135    270        2.6667                   3*5
    11    75    150        2.6667                   3*5
    12    45     90        2.6667                   3*5
    13    15     30        2.6667                   3*5
    14   189    378        2.4000                   3*7
    15   147    294        2.4000                   3*7
    16    63    126        2.4000                   3*7
    17    21     42        2.4000                   3*7
    18    72    144        2.3333                   3*8
    19    24     48        2.3333                   3*8
    20    90    180        2.2500                  3*10
    21    30     60        2.2500                  3*10
    22    99    198        2.2222                  3*11
    23    33     66        2.2222                  3*11
    24   117    234        2.1818                  3*13
    25    39     78        2.1818                  3*13

  The MOST FAVORED gaps are those divisible by many small odd primes.
  The top gap: g = 3*5*7*11*... (the primorial)
  Each additional small prime multiplies by its interval.

  This is the HARMONIC SERIES of prime gaps:
  the richest gaps are the ones that resonate with the most primes.


  VI. THE FORMULA IN RAPIDITY
  ----------------------------------------

  The correction for gap 2g:
  C_{2g}/C_2 = prod_{p|g, p odd} (p-1)/(p-2)

  In rapidity:
  ln(C_{2g}/C_2) / 2 = sum_{p|g, p odd} rapidity(f(p-2))
  = sum_{p|g, p odd} ln((p-1)/(p-2)) / 2
  = sum_{p|g, p odd} arctanh(1/(2p-3))

  Wait: f(p-2) = (p-1)/(p-2). arctanh of the ADDRESS of f(p-2):
  address of f(p-2) = (f-1)/(f+1) = ((p-1)/(p-2) - 1)/((p-1)/(p-2) + 1)
  = (1/(p-2)) / ((2p-3)/(p-2))
  = 1/(2p-3).

  So: rapidity of the correction = sum_{p|g, p odd} arctanh(1/(2p-3)).

  For p=3: arctanh(1/3) = ln(2)/2 = one octave. CHECK!
  For p=5: arctanh(1/7) = ln(4/3)/2 = one fourth. CHECK!
  For p=7: arctanh(1/11) = ln(6/5)/2 = one minor third. CHECK!

  THE CORRECTION RAPIDITY = SUM OF arctanh(1/(2p-3))
  OVER ODD PRIMES DIVIDING g.

  And 1/(2p-3) is the Cayley velocity for a SHIFTED prime:
  2p-3 = 3, 7, 11, 15, 19, 23, ...
  These are 2p-3 for p = 3, 5, 7, 9, 11, 13, ...
  Not all of these are prime (15 = 3*5, etc.).
  But the FIRST three are: 3, 7, 11 = OUR PALEY PRIMES!

  The correction for p=3 uses velocity 1/3 = address of 2 (octave).
  The correction for p=5 uses velocity 1/7 = address of 4/3 (fourth).
  The correction for p=7 uses velocity 1/11 = address of 6/5 (minor third).

  The velocities 1/3, 1/7, 1/11 are the Cayley addresses of
  the MUSICAL INTERVALS octave, fourth, minor third.
  And 3, 7, 11 are our fundamental primes from tournament theory!


  VII. THE TWIN PRIME CONSTANT IN RAPIDITY
  ----------------------------------------

  The twin prime constant C_2 = 2 * prod_{p>=3} p(p-2)/(p-1)^2.

  C_2 = 1.3203365930 (computed to p=10000)

  In rapidity:
  ln(C_2)/2 = ln(2)/2 + sum_{p>=3} ln(p(p-2)/(p-1)^2) / 2
  = 0.138943

  Each prime p contributes ln(p(p-2)/(p-1)^2)/2 to the twin prime rapidity.
  p(p-2)/(p-1)^2 = 1 - 1/(p-1)^2.
  ln(1 - 1/(p-1)^2) ~ -1/(p-1)^2 for large p.
  So the sum converges (sum of 1/p^2 converges).

  The twin prime constant's rapidity = ln(2)/2 + sum of small corrections.
  = one octave + a convergent correction from all primes.
  The correction is NEGATIVE (each factor < 1).
  So C_2 ~ 2 * (product of values < 1) < 2.
  C_2 = 1.320337 < 2. The octave is SHARPENED by the primes.


  VIII. THE COMPLETE FORMULA
  ----------------------------------------

  Density of prime pairs with gap 2g near N:

  pi_{2g}(N) ~ C_2 * prod_{p|g, p odd} f(p-2) * N / (ln N)^2

  = (twin prime constant)
    * (product of musical intervals from primes dividing g)
    * N / (ln N)^2

  In words: the number of prime pairs with gap 2g up to N is
  proportional to the CHORD VOLUME of the gap's prime factors,
  scaled by the twin prime constant and the square of the rapidity of N.

  The CHORD of gap 2g = product of musical intervals f(p-2) for p | g.
  Richer chords (more prime factors) = more common gaps.
  Unison chords (g = power of 2) = baseline twin prime density.


  IX. THE PRIMORIAL GAPS: MAXIMUM RESONANCE
  ----------------------------------------

  The primorial p# = product of all primes up to p.
  Its half-gap g = p#/2 is divisible by all odd primes up to p.
  So its chord includes ALL intervals up to f(p-2).

  p = 3: g = 3, gap = 6
    Chord: octave
    Correction: 2.0000
    This gap is 2.0x as common as twins.

  p = 5: g = 15, gap = 30
    Chord: octave * fourth
    Correction: 2.6667
    This gap is 2.7x as common as twins.

  p = 7: g = 105, gap = 210
    Chord: octave * fourth * minor third
    Correction: 3.2000
    This gap is 3.2x as common as twins.

  p = 11: g = 1155, gap = 2310
    Chord: octave * fourth * minor third * minor whole tone
    Correction: 3.5556
    This gap is 3.6x as common as twins.

  p = 13: g = 15015, gap = 30030
    Chord: octave * fourth * minor third * minor whole tone * undecimal neutral second
    Correction: 3.8788
    This gap is 3.9x as common as twins.

  The primorial gaps get RICHER and RICHER chords.
  They are the gaps that resonate with EVERY prime.
  They are the MOST COMMON gaps (relative to their size).

  Gap 210 = 2*3*5*7 = primorial(7):
  Chord = octave * fourth * minor third
  = 2 * 4/3 * 6/5 = 48/15 = 16/5 = 3.2.
  This gap is 3.2x as common as twin primes.

  Gap 30030 = 2*3*5*7*11*13 = primorial(13):
  Chord correction: 3.8788
  = 3.9x as common as twins.


  X. WHY GAP 6 IS THE MOST COMMON SMALL GAP
  ----------------------------------------

  Empirical observation: gap 6 (sexy primes) occurs more often
  than gap 2 (twin primes) in practice.

  Up to 1000000:
  Gap 2 (twins): 8169
  Gap 4 (cousins): 8143
  Gap 6 (sexy): 13549

  Why? Because gap 6 has g=3, and 3 is an odd prime dividing g.
  The correction for g=3 is f(1) = 2/1 = 2 (an octave!).
  So gap 6 should be TWICE as common as gap 2.

  Actual ratio gap6/gap2: 1.6586
  Predicted ratio: 2.0000

  Also: gap 4 has g=2, and 2 has no odd prime factors.
  So gap 4 should be EQUALLY common as gap 2.
  Actual ratio gap4/gap2: 0.9968
  Predicted ratio: 1.0000

  The prediction WORKS.
  Gap 6 is roughly twice gap 2 because of the OCTAVE BOOST from p=3.
  Gap 4 is roughly equal to gap 2 because g=2 has no odd prime factors.


  XI. THE MUSIC OF THE PRIMES
  ----------------------------------------

  Each prime gap plays a CHORD determined by its odd prime factors.
  The primes create a MELODY where each gap is an interval.
  The melody's timbre is determined by the Hardy-Littlewood corrections.

  The first 30 prime gaps as a melody:
  (half-gap g, then the interval it plays)

     2 ->    3  gap  1  g= 0  unison (gap 1, the unique 2->3)
     3 ->    5  gap  2  g= 1  unison
     5 ->    7  gap  2  g= 1  unison
     7 ->   11  gap  4  g= 2  unison
    11 ->   13  gap  2  g= 1  unison
    13 ->   17  gap  4  g= 2  unison
    17 ->   19  gap  2  g= 1  unison
    19 ->   23  gap  4  g= 2  unison
    23 ->   29  gap  6  g= 3  octave
    29 ->   31  gap  2  g= 1  unison
    31 ->   37  gap  6  g= 3  octave
    37 ->   41  gap  4  g= 2  unison
    41 ->   43  gap  2  g= 1  unison
    43 ->   47  gap  4  g= 2  unison
    47 ->   53  gap  6  g= 3  octave
    53 ->   59  gap  6  g= 3  octave
    59 ->   61  gap  2  g= 1  unison
    61 ->   67  gap  6  g= 3  octave
    67 ->   71  gap  4  g= 2  unison
    71 ->   73  gap  2  g= 1  unison
    73 ->   79  gap  6  g= 3  octave
    79 ->   83  gap  4  g= 2  unison
    83 ->   89  gap  6  g= 3  octave
    89 ->   97  gap  8  g= 4  fifth
    97 ->  101  gap  4  g= 2  unison
   101 ->  103  gap  2  g= 1  unison
   103 ->  107  gap  4  g= 2  unison
   107 ->  109  gap  2  g= 1  unison
   109 ->  113  gap  4  g= 2  unison
   113 ->  127  gap 14  g= 7  minor third

  The melody: unison, octave, octave, fourth+octave, octave, ...
  It plays in the harmonic series of the primes.
  The most common notes are octaves (from factor 3).
  The rarest notes are unisons (twin primes, g=power of 2).


  XII. THE FORMULA, FINAL FORM
  ----------------------------------------

  pi_{2g}(N) ~ C_2 * CHORD(g) * Li_2(N)

  where:
  C_2 = 2 * prod_{p>=3} (1 - 1/(p-1)^2) ~ 1.3203
  CHORD(g) = prod_{p|g, p odd} (p-1)/(p-2)
           = prod_{p|g, p odd} f(p-2)
           = product of musical intervals for primes dividing g
  Li_2(N) = integral of 1/(ln t)^2 dt from 2 to N

  The CHORD function is MULTIPLICATIVE: CHORD(ab) = CHORD(a)*CHORD(b)
  when gcd(a,b)=1.

  It is the PRODUCT of the superparticular homomorphism f
  evaluated at (prime - 2) for each odd prime dividing g.

  It IS our homomorphism. It IS the formal group.
  The distribution of prime gaps IS governed by the same
  algebraic structure that governs tournaments, music,
  rapidity, and the Cayley transform.

  The primes don't just sit on the rapidity line.
  Their GAPS play CHORDS on it.
  And the chords are determined by the same function f(n) = (n+1)/n
  that is the homomorphism of the formal group,
  that gives the musical intervals,
  that gives the alkane series,
  that gives the polygon sequence,
  that gives the dihedral orders,
  that gives the Cayley transform of consecutive pairs.

  One function. Everywhere.
