# procgen_tourn_20260924 -- generated by procgen_tourn_20260924_run.py (python 3.10.0, numpy 2.2.6)

##### procgen_tourn_20260924_four_vertex.py
====================================================================================================
A1  the 64 labelled tournaments on 4 vertices
  TT(0,1,2,3)       labelled 24  H = 1  c3 = 0  converse -> TT(0,1,2,3)
  SRC+C3(1,1,1,3)   labelled  8  H = 3  c3 = 1  converse -> C3+SNK(0,2,2,2)
  C3+SNK(0,2,2,2)   labelled  8  H = 3  c3 = 1  converse -> SRC+C3(1,1,1,3)
  STRONG(1,1,2,2)   labelled 24  H = 5  c3 = 2  converse -> STRONG(1,1,2,2)
  converse swaps SRC+C3 <-> C3+SNK and fixes TT, STRONG; H = 1 + 2 c3 on all 64: ok
  a single arc flip changes two scores by +-1, so the labelled distance between an SRC+C3 and a
  C3+SNK tournament is >= 2 (from (0,2,2,2) one flip reaches only (1,1,2,2) or (0,1,2,3)):
  min labelled arc-distance between the two diamonds = 2: ok
====================================================================================================
A2  the AM-fair pairing quadruple Q_b = {s_o, s_e = s_o + b, t_o = T_b(s_o), t_e = s_e/2}
    (b = +1: pairs {2i-1, 2i}; b = -1: pairs {2i, 2i+1}; THM-4470 section 1)
  |s_o| <= 2001, both sheets: 4000 non-degenerate quadruples; degenerate exactly at |s_o| = 1
  (b=+1: {1,2} the 2-cycle, {-1,0} two fixed points; b=-1: {0,1} fixed points, {-2,-1} the 2-cycle)
  sheet -1, neg side: increasing order to < se < so < te
  sheet -1, pos side: increasing order te < se < so < to
  sheet +1, neg side: increasing order to < so < se < te
  sheet +1, pos side: increasing order te < so < se < to
  Theorem A (checked on every quadruple above):
   (a) map arcs + order (asc or desc): C3+SNK iff b*s_o >= 3 (T_b reverses the pair), TT iff b*s_o <= -3
   (b) inverse-tree arcs (t_e -D-> s_e, t_o -E-> s_o) + order: SRC+C3 iff b*s_o >= 3, TT otherwise
   (c) rho(x) = (s_o+s_e) - x swaps s_o<->s_e, t_o<->t_e (AM-fairness), reverses order, fixes the map-arc
       set: rho: (M,O) ~ (M,O^op) and rho: (F+)^op ~ F-.  So TIME REVERSAL = CONVERSE up to rho.
   (d) nu(x) = -x carries Q_b(s_o) onto Q_-b(-s_o) with the same labels and the reversed order:
       F+(nu Q) = F+_desc(Q) ~ F+(Q) (same class): NEGATION FIXES THE CLASS.
   (e) EXACT labelled identity: (F+(Q))^op = F-(nu Q), i.e. converse = negation o time-reversal.
   (f) H(F+) = 2 + sgn(b s_o): on positive pairs H = 3 on the 3n+1 sheet, H = 1 on the 3n-1 sheet.
   (g) (s_o - s_e)(T(s_o) - T(s_e)) = -b s_o: the pair is order-reversed by T_b iff b s_o > 0.
====================================================================================================
A3  exhaustive census of local rules (2 map directions x 4^4 orientations of the non-map pairs)
  order comparisons of the non-map pairs (value of u < v for pair (u,v)):
    A = so-se : P1:1  P2:0  P3:1  P4:0
    B = to-te : P1:0  P2:0  P3:1  P4:1
    C = so-te : P1:0  P2:0  P3:1  P4:1
    D = se-to : P1:1  P2:1  P3:0  P4:0
  => pair A (the source pair) is decided by the SHEET alone; B, C, D by the SIDE alone.
  rules giving EXACTLY the converse pair {SRC+C3, C3+SNK} on the two quadruples compared:
    same side, positive: P1 vs P2          0 rules (0 without fixed-label arcs); max labelled arc distance over all rules = 1
    same side, negative: P3 vs P4          0 rules (0 without fixed-label arcs); max labelled arc distance over all rules = 1
    nu-related: P1 vs P4                  16 rules (0 without fixed-label arcs); max labelled arc distance over all rules = 4
    nu-related: P2 vs P3                  16 rules (0 without fixed-label arcs); max labelled arc distance over all rules = 4
    one sheet, both sides: P1 vs P3       16 rules (0 without fixed-label arcs); max labelled arc distance over all rules = 3
    one sheet, both sides: P2 vs P4       16 rules (0 without fixed-label arcs); max labelled arc distance over all rules = 3
  the 16 hits for 'nu-related: P1 vs P4' (all use fixed-label arcs):
      mu=fwd A=asc  B=asc  C=L0   D=L1    classes P1..P4: SRC STR TT SNK
      mu=fwd A=asc  B=asc  C=L1   D=L0    classes P1..P4: SNK TT STR SRC
      mu=fwd A=desc B=desc C=L0   D=L1    classes P1..P4: SNK TT STR SRC
      mu=fwd A=desc B=desc C=L1   D=L0    classes P1..P4: SRC STR TT SNK
      mu=fwd A=L0   B=L1   C=asc  D=asc   classes P1..P4: SNK SNK SRC SRC
      mu=fwd A=L0   B=L1   C=desc D=desc  classes P1..P4: SRC SRC SNK SNK
      mu=fwd A=L1   B=L0   C=asc  D=asc   classes P1..P4: SRC SRC SNK SNK
      mu=fwd A=L1   B=L0   C=desc D=desc  classes P1..P4: SNK SNK SRC SRC
      (and the same 8 with mu=bwd, classes converted)
  the 16 hits for 'one sheet, both sides: P1 vs P3' (all use fixed-label arcs):
      mu=fwd A=asc  B=L1   C=asc  D=asc   classes P1..P4: SNK TT SRC STR
      mu=fwd A=asc  B=L1   C=desc D=desc  classes P1..P4: SRC STR SNK TT
      mu=fwd A=desc B=L0   C=asc  D=asc   classes P1..P4: SRC STR SNK TT
      mu=fwd A=desc B=L0   C=desc D=desc  classes P1..P4: SNK TT SRC STR
      mu=fwd A=L0   B=L1   C=asc  D=asc   classes P1..P4: SNK SNK SRC SRC
      mu=fwd A=L0   B=L1   C=desc D=desc  classes P1..P4: SRC SRC SNK SNK
      mu=fwd A=L1   B=L0   C=asc  D=asc   classes P1..P4: SRC SRC SNK SNK
      mu=fwd A=L1   B=L0   C=desc D=desc  classes P1..P4: SNK SNK SRC SRC
      (and the same 8 with mu=bwd, classes converted)
  the 16 hits for 'nu-related: P2 vs P3' = Type II (the same 8) + Type I' (8): level pairs A, B by OPPOSITE
  order conventions, cross pairs by the lineage gauge; these put the opposite diamonds on the expanding sides.
  nu acts as the converse on ALL four patterns, with diamonds present, for exactly the 8 Type II rules
  (104 further rules satisfy it vacuously, with only the self-converse classes TT and STRONG).
  In all, 24 distinct gauge rules give the converse pair on some nu-related comparison; none is pure-order.
  => Type I (8): level pairs A,B by one order convention, cross pairs C={s_o,t_e}, D={s_e,t_o} by a
     LINEAGE gauge (both from the odd lineage {s_o,t_o} to the even lineage {s_e,t_e}, or both back):
     the contracting sides P1 (3n+1, x>0) and P4 (3n-1, x<0) get opposite diamonds; the expanding
     sides get TT / STRONG.  Which sheet gets which diamond flips with the gauge direction.
     Type II (8): level pairs by a fixed label gauge, cross pairs by one order convention: the class
     depends on the side only (P1 = P2, P3 = P4); the two sheets are IDENTICAL on each side.
  involution dictionary on the 32 pure-order rules (no fixed-label arc);
  rho-symmetric = the rule orients C and D by the same convention (rho swaps C <-> D):
    nu fixes the class                   rho-symmetric 16 / 16   mixed C/D  0 / 16
    nu = converse on classes             rho-symmetric  0 / 16   mixed C/D  0 / 16
    tau = converse on classes            rho-symmetric 16 / 16   mixed C/D  0 / 16
    EXACT (F_R(Q))^op = F_tauR(nu Q)     rho-symmetric 16 / 16   mixed C/D 16 / 16
    (3n+1, 3n-1) class pairs on positive pairs over the 32 pure-order rules: SNK/STR x2, SNK/TT x2, SRC/STR x2, SRC/TT x2, STR/SNK x2, STR/SRC x2, STR/STR x8, TT/SNK x2, TT/SRC x2, TT/TT x8
    mixed C/D rules produce only TT and STRONG (no diamond at all).
====================================================================================================
A4  other natural four-vertex constructions
A4.1 the four up/down choices on a pair {2i-1, 2i} (each member moves by its length i):
     (odd up, even down) = 3n+1;  (odd down, even up) = THM-4470 all-flipped = 3n-1 shifted by one;
     (up, up) = Mahler ceil(3n/2) (THM-2228);  (down, down) = floor(n/2)
   3n+1 (odd^, even v)        AM-fair=True   positive: fwd C3+SNK(0,2,2,2)  bwd SRC+C3(1,1,1,3)  | negative: fwd TT(0,1,2,3)      bwd TT(0,1,2,3)     
   flipped (odd v, even ^)    AM-fair=True   positive: fwd TT(0,1,2,3)      bwd TT(0,1,2,3)      | negative: fwd C3+SNK(0,2,2,2)  bwd SRC+C3(1,1,1,3) 
   Mahler (^, ^)              AM-fair=False  positive: fwd TT(0,1,2,3)      bwd STRONG(1,1,2,2)  | negative: fwd STRONG(1,1,2,2)  bwd TT(0,1,2,3)     
   floor (v, v)               AM-fair=False  positive: fwd STRONG(1,1,2,2)  bwd TT(0,1,2,3)      | negative: fwd TT(0,1,2,3)      bwd STRONG(1,1,2,2) 
   => the diamonds occur exactly for the crossing pattern (lower member up, upper member down);
      forward/backward = C3+SNK / SRC+C3, i.e. time reversal = converse.  For Mahler's map (parallel
      pattern) order reversal maps the arc set M onto M^op, so negation ~ time reversal and both
      swap TT <-> STRONG, while the converse fixes both self-converse classes.
A4.2 all 12 ways to place two disjoint directed arcs on 4 ordered points (other pairs ascending):
     arcs 1->2 , 3->4        -> TT(0,1,2,3)
     arcs 1->2 , 4->3        -> TT(0,1,2,3)
     arcs 2->1 , 3->4        -> TT(0,1,2,3)
     arcs 2->1 , 4->3        -> TT(0,1,2,3)
     arcs 1->3 , 2->4        -> TT(0,1,2,3)
     arcs 1->3 , 4->2        -> SRC+C3(1,1,1,3)
     arcs 3->1 , 2->4        -> C3+SNK(0,2,2,2)
     arcs 3->1 , 4->2        -> STRONG(1,1,2,2)
     arcs 1->4 , 2->3        -> TT(0,1,2,3)
     arcs 1->4 , 3->2        -> TT(0,1,2,3)
     arcs 4->1 , 2->3        -> STRONG(1,1,2,2)
     arcs 4->1 , 3->2        -> STRONG(1,1,2,2)
     (Collatz forward, contracting side: t_e<s_o<s_e<t_o with 2->4, 3->1 -> C3+SNK;
      the only diamond-producing configurations are the crossing matching {13, 24} with antiparallel arcs)
A4.3 step quadruple {n, 3n, 3n+b, (3n+b)/2} (odd n; arcs x3, +-1, /2; other pairs by order):
   b=+1 pos: fwd/asc SRC+C3(1,1,1,3)  fwd/desc STRONG(1,1,2,2)  bwd/asc STRONG(1,1,2,2)  bwd/desc C3+SNK(0,2,2,2) 
   b=+1 neg: fwd/asc STRONG(1,1,2,2)  fwd/desc SRC+C3(1,1,1,3)  bwd/asc C3+SNK(0,2,2,2)  bwd/desc STRONG(1,1,2,2) 
   b=-1 pos: fwd/asc SRC+C3(1,1,1,3)  fwd/desc STRONG(1,1,2,2)  bwd/asc STRONG(1,1,2,2)  bwd/desc C3+SNK(0,2,2,2) 
   b=-1 neg: fwd/asc STRONG(1,1,2,2)  fwd/desc SRC+C3(1,1,1,3)  bwd/asc C3+SNK(0,2,2,2)  bwd/desc STRONG(1,1,2,2) 
   => both sheets give the same class on a given side; no converse pair across sheets.
A4.4 inverse-tree fork {T_b(x), x, 2x, E_b(x)} (x in the legal class; arcs 2x->x, E(x)->x, x->T(x)):
   b=+1 pos: forward/asc {'even x -> STRONG': 499, 'odd x -> SRC+C3': 500}
   b=+1 neg: forward/asc {'even x -> TT': 499, 'odd x -> SRC+C3': 499}
   b=-1 pos: forward/asc {'even x -> STRONG': 499, 'odd x -> SRC+C3': 499}
   b=-1 neg: forward/asc {'even x -> TT': 499, 'odd x -> SRC+C3': 500}
   (3 dynamical arcs; the class is set by the parity of x and the side, identically on both sheets)
A4.5 length-4 orbit windows {x, Tx, T^2x, T^3x} (path arcs + ascending order), x in [10^4, 10^4 + 2^12):
   b=+1: 000:STRONG  001:STRONG  010:STRONG  011:C3+SNK  100:STRONG  101:STRONG  110:SRC+C3  111:TT
   b=-1: 000:STRONG  001:STRONG  010:STRONG  011:C3+SNK  100:STRONG  101:STRONG  110:SRC+C3  111:TT
   => word by word the two sheets give identical classes (generic windows); the sheet is invisible.
A4.6 b = 0 (T_0(x) = x/2 or 3x/2 on Q): no AM-fair pairing, so the partner offset beta is a free gauge:
   beta=+1: positive fwd/bwd C3+SNK(0,2,2,2) / SRC+C3(1,1,1,3) ; negative fwd/bwd TT(0,1,2,3) / TT(0,1,2,3)
   beta=-1: positive fwd/bwd TT(0,1,2,3) / TT(0,1,2,3) ; negative fwd/bwd C3+SNK(0,2,2,2) / SRC+C3(1,1,1,3)
   => for b = 0 the class is beta*sign(s_o): the diamonds appear, but which side carries them is the
      pairing gauge.  For b = +-1 AM-fairness forces beta = b, and the class becomes b*sign(s_o).
   Mahler's map g(n) = ceil(3n/2) (THM-2228) and its nu-conjugate floor(3n/2), with either pairing:
   ceil(3n/2)  pairs {2i-1+0, 2i+0}: positive fwd/bwd TT(0,1,2,3) / STRONG(1,1,2,2) ; negative fwd/bwd STRONG(1,1,2,2) / TT(0,1,2,3)
   ceil(3n/2)  pairs {2i-1+1, 2i+1}: positive fwd/bwd TT(0,1,2,3) / STRONG(1,1,2,2) ; negative fwd/bwd STRONG(1,1,2,2) / TT(0,1,2,3)
   floor(3n/2) pairs {2i-1+0, 2i+0}: positive fwd/bwd TT(0,1,2,3) / STRONG(1,1,2,2) ; negative fwd/bwd STRONG(1,1,2,2) / TT(0,1,2,3)
   floor(3n/2) pairs {2i-1+1, 2i+1}: positive fwd/bwd TT(0,1,2,3) / STRONG(1,1,2,2) ; negative fwd/bwd STRONG(1,1,2,2) / TT(0,1,2,3)
A4.7 multiplier test: f(n) = n/2 (even), (q n + r)/2 (odd), pairs {2i-1, 2i} (odd member lower) or
     {2i, 2i+1} (odd member upper), 10 <= i <= 300 (none of these is AM-fair unless (q,r) = (3,+-1)):
     q=1 r=-1  odd lower: STRONG/TT | odd upper: degenerate (t_o = t_e)
     q=1 r=+1  odd lower: degenerate (t_o = t_e) | odd upper: STRONG/TT
     q=3 r=-1  odd lower: C3+SNK/SRC+C3 | odd upper: TT/TT
     q=3 r=+1  odd lower: C3+SNK/SRC+C3 | odd upper: TT/TT
     q=5 r=-1  odd lower: C3+SNK/SRC+C3 | odd upper: TT/TT
     q=5 r=+1  odd lower: C3+SNK/SRC+C3 | odd upper: TT/TT
     q=7 r=-1  odd lower: C3+SNK/SRC+C3 | odd upper: TT/TT
     q=7 r=+1  odd lower: C3+SNK/SRC+C3 | odd upper: TT/TT
     q=9 r=-1  odd lower: C3+SNK/SRC+C3 | odd upper: TT/TT
     q=9 r=+1  odd lower: C3+SNK/SRC+C3 | odd upper: TT/TT
   => every odd q >= 3 gives the same diamond pair on the pairing whose odd member is the lower one;
      H = 3 does not see the multiplier 3 (ANALOGY).  q = 3 is special only through AM-fairness, which
      makes the order-reversing isomorphism the affine reflection rho and forces the pairing offset = b.
====================================================================================================
PART A: ALL CHECKS PASSED
##### procgen_tourn_20260924_four_vertex.py: exit 0

##### procgen_tourn_20260924_windows.py
====================================================================================================
B0  a fixed vertex set V: map arcs {x, T_b(x)} inside V + ascending order on the other pairs
  3000 random vertex sets V c [3, ~90]: the tournaments of T_+ and T_- coincide on every V.
  Reason (PROVED): on positive x every odd step goes up and every even step halves, so each map
  arc agrees with the order except the halving arcs {x, x/2}, which are the same on both sheets.
  => a map+order tournament can see the sheet only through the choice of the vertex set.
====================================================================================================
B1  generic window tournaments G_w (the order is the word's multiplicative skeleton)
  m  words  G_{w^R}=r(G_w)^op  min H  max H   mean H over words  #distinct H
   3      4        4 / 4           1      3          2.500          2
   4      8        8 / 8           1      5          4.000          3
   5     16       16 / 16          1     13          8.000          5
   6     32       32 / 32          1     33         17.500          8
   7     64       64 / 64          1     91         36.031         18
   8    128      128 / 128         1    293         82.656         29
   9    256      256 / 256         1    961        202.367         62
  10    512      512 / 512         1   3377        477.781        125
  11   1024     1024 / 1024        1  13309       1232.309        206
  12   2048     2048 / 2048        1  53729       3178.910        469
  PROVED: y_j = a_j log3 - j log2 (skeleton); for the reversed word y^R_j = y_{m-1} - y_{m-1-j}, so
  the reversed word has the time-reversed, order-reversed skeleton: G_{w^R} = r(G_w)^op, i.e. WORD
  REVERSAL = CONVERSE for generic windows.  Hence H(G_{w^R}) = H(G_w) and c3 agree (converse-even).
  Redei (H odd) and the THM-466 digit H = 1 + 2 alpha_1 (mod 4) hold on every generic window, m <= 9.
  growth: max_w log2 H(G_w) / m = 3:0.528, 4:0.580, 5:0.740, 6:0.841, 7:0.930, 8:1.024, 9:1.101, 10:1.172, 11:1.245, 12:1.309
====================================================================================================
B2  actual windows versus the word prediction: gate crossings and their direction
    (start x over a range; windows that revisit a value (a cycle) are excluded as terminal)
  range            m   sheet  windows  terminal  with-crossing  crossing-pairs  max x_j at a crossing  dir.viol.
  [      3, +2^16)   8   +1     65525        11              0               0                      0  0
  [      3, +2^16)   8   -1     65509        27              0               0                      0  0
  [      3, +2^16)  12   +1     65494        42             19              26                     25  0
  [      3, +2^16)  12   -1     65424       112              5               5                     92  0
  [      3, +2^16)  16   +1     65382       154             61              83                     25  0
  [      3, +2^16)  16   -1     65142       394             27              35                     92  0
  [      3, +2^16)  20   +1     65063       473            208             255                     25  0
  [      3, +2^16)  20   -1     64307      1229             92             110                    823  0
  [      3, +2^16)  24   +1     64256      1280            570             683                     25  0
  [      3, +2^16)  24   -1     62327      3209            298             364                    823  0
  [      3, +2^16)  32   +1     60300      5236           2273            2824                    885  0
  [      3, +2^16)  32   -1     54231     11305            982            1157                    823  0
  [      3, +2^16)  40   +1     53587     11949           5042            7685                    885  0
  [      3, +2^16)  40   -1     43115     22421           1268            1524                    823  0
  [      3, +2^16)  48   +1     45930     19606           7541           14941                   4611  0
  [      3, +2^16)  48   -1     31821     33715           1009            1203                    823  0
  [      3, +2^16)  64   +1     33483     32053          13460           48447                   4611  0
  [      3, +2^16)  64   -1     16263     49273            520             670                    823  0
  [1000000, +2^16)   8   +1     65536         0              0               0                      0  0
  [1000000, +2^16)   8   -1     65536         0              0               0                      0  0
  [1000000, +2^16)  12   +1     65536         0              0               0                      0  0
  [1000000, +2^16)  12   -1     65536         0              0               0                      0  0
  [1000000, +2^16)  16   +1     65536         0              0               0                      0  0
  [1000000, +2^16)  16   -1     65536         0              0               0                      0  0
  [1000000, +2^16)  20   +1     65536         0              0               0                      0  0
  [1000000, +2^16)  20   -1     65536         0              0               0                      0  0
  [1000000, +2^16)  24   +1     65535         1              0               0                      0  0
  [1000000, +2^16)  24   -1     65535         1              0               0                      0  0
  [1000000, +2^16)  32   +1     65394       142              1               1                      7  0
  [1000000, +2^16)  32   -1     65322       214              1               1                    247  0
  [1000000, +2^16)  40   +1     64486      1050           1018            1348                    259  0
  [1000000, +2^16)  40   -1     63170      2366             14              14                    569  0
  [1000000, +2^16)  48   +1     61203      4333            298             544                    874  0
  [1000000, +2^16)  48   -1     58244      7292            981            1203                    823  0
  [1000000, +2^16)  64   +1     54527     11009           8061           15266                   4610  0
  [1000000, +2^16)  64   -1     40948     24588            391             391                    823  0
  totals over all rows: 92103 plus and 6677 minus (window, crossing pair) incidences, 0 direction violations
  every crossing pair, in every row, starts at a value x_j <= 4611 (a window from 10^6 crosses only
  after descending into the small-value region where the gates are).
  Direction lemma (order-laws note 3.1, T-map form): on the plus sheet every crossing pair is a decay
  pair that goes UP (a forward-in-time arc); on the minus sheet a growth pair that goes DOWN: 0 violations.
  For starts near 10^6 no window of <= 24 values crosses: those tournaments are word functions.
====================================================================================================
B3  statistic distributions on complete residue systems (each word of length m-1 equally often)
  x runs over [x0, x0 + K*2^(m-1)); the word of a window is a function of x mod 2^(m-1) (Terras).
  x0=1000000 m= 6  windows   128/  128 (terminal 0/0)  crossing windows    0/   0  distinct tournaments   22/  22
      TV distance plus vs minus: scores 0.0000  c3 0.0000  phi 0.0000  H 0.0000   mean phi +3.3125 / +3.3125
  x0=1000000 m= 8  windows   512/  512 (terminal 0/0)  crossing windows    0/   0  distinct tournaments   86/  86
      TV distance plus vs minus: scores 0.0000  c3 0.0000  phi 0.0000  H 0.0000   mean phi +6.7266 / +6.7266
  x0=1000000 m=10  windows  2048/ 2048 (terminal 0/0)  crossing windows    0/   0  distinct tournaments  334/ 334
      TV distance plus vs minus: scores 0.0000  c3 0.0000  phi 0.0000  H 0.0000   mean phi +10.9102 / +10.9102
  x0=1000000 m=12  windows  8192/ 8192 (terminal 0/0)  crossing windows    0/   0  distinct tournaments 1319/1319
      TV distance plus vs minus: scores 0.0000  c3 0.0000  phi 0.0000  H 0.0000   mean phi +15.9658 / +15.9658
  x0=1000000 m=14  windows 32768/32768 (terminal 0/0)  crossing windows    0/   0  distinct tournaments 5152/5152
      TV distance plus vs minus: scores 0.0000  c3 0.0000  phi 0.0000  H n/a   mean phi +21.8170 / +21.8170
  x0=3       m= 6  windows   124/  116 (terminal 4/12)  crossing windows    0/   0  distinct tournaments   22/  22
      TV distance plus vs minus: scores 0.0236  c3 0.0147  phi 0.0420  H 0.0359   mean phi +3.4113 / +3.3362
  x0=3       m= 8  windows   501/  485 (terminal 11/27)  crossing windows    0/   0  distinct tournaments   86/  86
      TV distance plus vs minus: scores 0.0163  c3 0.0080  phi 0.0201  H 0.0242   mean phi +6.8543 / +6.8000
  x0=3       m=10  windows  2026/ 1993 (terminal 22/55)  crossing windows    9/   0  distinct tournaments  343/ 334
      TV distance plus vs minus: scores 0.0134  c3 0.0062  phi 0.0116  H 0.0204   mean phi +11.0202 / +10.9945
  x0=3       m=12  windows  8150/ 8080 (terminal 42/112)  crossing windows   19/   5  distinct tournaments 1338/1323
      TV distance plus vs minus: scores 0.0092  c3 0.0034  phi 0.0057  H 0.0123   mean phi +16.0434 / +16.0182
  x0=3       m=14  windows 32684/32558 (terminal 84/210)  crossing windows   34/  15  distinct tournaments 5180/5163
      TV distance plus vs minus: scores 0.0049  c3 0.0016  phi 0.0023  H n/a   mean phi +21.8686 / +21.8575
  => on complete residue systems far from the gates the four statistics have IDENTICAL distributions
     on the two sheets (TV = 0 exactly).  Near the root (x0 = 3) the differences come from terminal
     windows (the cycles differ) and from crossings, whose direction is the sign law.
====================================================================================================
B4  what a crossing does to H, c3 and phi (actual tournament A versus its word's generic G)
  (i) T-map windows from [3, 3 + 2^16) that contain a crossing:
      sheet  m  windows  dH>0  dH=0  dH<0   dc3>0  dc3=0  dc3<0   dphi = +-#crossings
       +1  12       19    18     0     1      18      1      0   ok
       -1  12        5     4     1     0       4      1      0   ok
       +1  14       34    33     0     1      33      1      0   ok
       -1  14       15    10     0     5       4      7      4   ok
       +1  16       61    60     0     1      60      1      0   ok
       -1  16       27    15     0    12       2     16      9   ok
  (ii) Syracuse (odd-iterate) windows through the gate crossings of the order-laws note section 4
       (minus: 165, 309, 549 at lag 12, complete list; plus: the 12 lag-17 windows, complete list):
      sheet  start  values  crossing pairs  H(actual)  H(generic)        dH   c3 act/gen  phi act/gen
       -1    165     13   [(0, 12)]            9051        9051         +0     16/16       27/28 
       -1    309     13   [(0, 12)]           13593       13593         +0     18/18       38/39 
       -1    549     13   [(0, 12)]            2049        2049         +0     11/11       27/28 
       +1    165     18   [(0, 17)]          108801      217553    -108752     21/23      115/114
       +1    171     18   [(0, 17)]          222539      343241    -120702     27/28       73/72 
       +1    231     18   [(0, 17)]          415793      415793         +0     23/23       54/53 
       +1    257     18   [(0, 17)]          127491      208531     -81040     26/27       86/85 
       +1    259     18   [(0, 17)]         2238837     2238837         +0     32/32       89/88 
       +1    387     18   [(0, 17)]          220781      220781         +0     25/25       93/92 
       +1    389     18   [(0, 17)]         1123269     2238837   -1115568     31/32      104/103
       +1    391     18   [(0, 17)]          415793      415793         +0     23/23       75/74 
       +1    437     18   [(0, 17)]          103985      311955    -207970     21/23      115/114
       +1    581     18   [(0, 17)]          111421      220781    -109360     24/25      108/107
       +1    587     18   [(0, 17)]          415793      415793         +0     23/23       86/85 
       +1    589     18   [(0, 17)]          293717      540233    -246516     29/30       96/95 
  => a crossing flips exactly its own arcs: phi (forward order arcs) moves by +1 per plus crossing and
     -1 per minus crossing (the sign law), while dH is even (Redei) and takes BOTH signs on BOTH
     sheets (most T-window plus crossings raise H, the Syracuse lag-17 ones lower it or leave it):
     H and c3 do not carry the direction of the sign law; phi does, by construction.
====================================================================================================
B5  typing of window statistics (generic windows, all words, m = 7 and m = 9)
  m=7: H(G^op)=H(G), c3(G^op)=c3(G), scores(G^op)=m-1-scores(G), H o nu = H o tau, c3 o nu = c3 o tau, phi o nu = phi o kappa = #pairs - phi, phi o tau = phi, H(G_{w^R}) = H(G_w): all words
  m=9: H(G^op)=H(G), c3(G^op)=c3(G), scores(G^op)=m-1-scores(G), H o nu = H o tau, c3 o nu = c3 o tau, phi o nu = phi o kappa = #pairs - phi, phi o tau = phi, H(G_{w^R}) = H(G_w): all words
  side separation by H, word by word: words w with H(nu G_w) = H(G_w) (nu G_w = the same word on the
  other side of 0; H(nu G) = H(tau G) since the two are converse):
    m= 3:    4 words, equal H on both sides: none
    m= 4:    8 words, equal H on both sides: ['101']
    m= 5:   16 words, equal H on both sides: none
    m= 6:   32 words, equal H on both sides: ['01110']
    m= 7:   64 words, equal H on both sides: none
    m= 8:  128 words, equal H on both sides: none
    m= 9:  256 words, equal H on both sides: none
    m=10:  512 words, equal H on both sides: none
    m=11: 1024 words, equal H on both sides: none
  => for m <= 11 the Hamiltonian-path count of a generic window differs between the two sides of 0 for
     every word except 101 and 01110 (FINITE-EXACT; not a mod-4 law: all four pairs of H mod 4 occur).
  Typing (PROVED, from converse = nu o tau on window tournaments):
    * every window statistic uses the order, so it is side-aware in principle (nu changes it);
    * H, c3, the OCF data alpha_k are converse-EVEN: f o nu = f o tau (negation = time reversal for them);
    * scores are converse-ODD; phi (forward order arcs on time labels) is nu-odd, tau-even, kappa-odd;
    * on a fixed side all of them are word functions away from the gates (B2, B3), hence sheet-blind;
      they separate the sheets only through crossings, whose direction is the sign law (B4).
====================================================================================================
PART B: ALL CHECKS PASSED
##### procgen_tourn_20260924_windows.py: exit 0

##### procgen_tourn_20260924_redei.py
====================================================================================================
C0  Redei's theorem as the fixed-point count of an involution (OCF / Grinberg-Stanley form)
  1147 tournaments (all with n <= 5, random n = 6, 7): H = #X, X = {(sigma, bits)}; the involution
  flipping the bit of the cycle through the least moved point is fixed-point-free except at (id, ()).
  So H = 1 (mod 2): Redei = 'the identity is the only permutation without a nontrivial cycle'.
  (Higher digits: H = sum_{k<m} alpha_k 2^k mod 2^m, THM-466; checked on windows in part B.)
====================================================================================================
C1  Sperner's lemma (dimension 2): odd number of rainbow cells via the door graph (handshake)
  400 random Sperner labellings of a 14-subdivided triangle: rainbow counts {19: 1, 23: 2, 25: 3, 27: 6, 29: 10, 31: 9, 33: 22, 35: 34, 37: 39, 39: 35, 41: 52, 43: 54, 45: 39, 47: 22, 49: 20, 51: 19, 53: 15, 55: 8, 57: 4, 59: 1, 61: 3, 63: 1, 65: 1}
  every cell has <= 2 doors (edges labelled {0,1}), rainbow cells exactly 1: paths pair the doors,
  the odd number of boundary doors on the 0-1 side forces an odd number of rainbow cells.
====================================================================================================
C2  Collatz candidate (a): preimage counts N_d(a) = |T^-d(a)| as functions on Z/3^d
   d   E[N_d]  ratio(all)  model(all)   unit mean  ratio(units)  model(units)  P(N_d odd)  P(incr odd)  min_units  max
   1    1.333    1.12500    1.12500       1.500      1.11111      1.11111      0.6667      0.3333         1      2
   2    1.778    1.12500    1.12500       2.167      1.02959      1.02959      0.4444      0.2222         2      3
   3    2.370    1.26562    1.26562       3.056      1.08893      1.08893      0.5926      0.1481         2      5
   4    3.160    1.31754    1.31836       4.241      1.06989      1.07057      0.7160      0.1975         3      7
   5    4.214    1.42197    1.43701       5.821      1.10308      1.11490      0.7737      0.2387         3     10
   6    5.619    1.44164    1.49634       7.928      1.07819      1.11940      0.6886      0.2579         5     14
   7    7.492    1.49834    1.58533      10.737      1.08975      1.15327      0.6621      0.2295         6     20
   8    9.989    1.51426    1.63538      14.483      1.07803      1.16445      0.6926      0.2207         8     26
   9   13.318    1.55110    1.69795      19.477      1.08652      1.18951      0.6531      0.2309        10     36
  10   17.758    1.56914    1.73550      26.137      1.08577      1.20096      0.6261      0.2177        14     48
  11   23.677    1.59159    1.77773      35.015      1.09117      1.21883      0.6498      0.2087        18     64
  12   31.569    1.59765    1.80413      46.854      1.08773      1.22833      0.6474      0.2166        25     84
  13   42.092    1.60956    1.83185      62.639      1.09011      1.24068      0.6510      0.2158        32    112
  14   56.123    1.61367    1.84966      83.685      1.08860      1.24782      0.6666      0.2170        43    149
  15   74.831    1.62161    1.86748     111.746      1.09073      1.25611      0.6658      0.2222        56    199
  ratio(units) reproduces the inverse-tree note's table (1.070, 1.078, 1.088, 1.089 at d = 4, 8, 12, 14)
  and reaches 1.0907 at d = 15; the model with independent subtrees gives 1.2561: the 3-adic digits shared by
  the D- and E-subtrees make the true counts MORE concentrated, but the ratio does not decrease toward 1.
  Parity: N_d(a) is odd on a fraction ~0.67 of classes and the increment [a = 2 mod 3] N_{d-1}(E(a))
  is odd on a fraction ~0.22: NO Redei-type parity law, and no even-increment law (contrast: the
  tournament vertex-addition increment H(T) - H(T-v) = 2 sum_(C ni v) mu(C) is always even, THM-070).
  Tournaments (THM-589): E[H^2]/E[H]^2 = W(n)/n! = 4:1.3333, 6:1.2889, 8:1.2339, 12:1.1627, 16:1.1235, 24:1.0829, 32:1.0623, 40:1.0499
  => tournament H is self-averaging (ratio -> 1, like 1 + 2/n); the Collatz preimage count is not
     (units ratio oscillates near 1.09 for d = 9..15, finite-exact).  E[H] = n!/2^(n-1) grows
     factorially, E[N_d] = (4/3)^d exponentially.  'N_d behaves like H' is false in growth and in
     fluctuation.  (Existence and value of the limit of the Haar ratio: OPEN, not claimed.)
====================================================================================================
C3  Collatz candidates (b), (c): the 2-adic periodic points of T (the fixed points of T^p)
   p   #words  #distinct  T^p-fixed  iota free  #x_w>0  #x_w in Z_{>0}  R_p(1) R_p(2) R_p(10) R_p(100)
   1       2         2        yes        yes       0              0       0      0       0        0
   2       4         4        yes        yes       2              2       1      2       2        2
   3       8         8        yes        yes       3              0       0      0       0        0
   4      16        16        yes        yes      10              2       1      4       5        5
   5      32        32        yes        yes      25              0       0      2      10       12
   6      64        64        yes        yes      41              2       1     12      18       18
   7     128       128        yes        yes      98              0       0     16      48       49
   8     256       256        yes        yes     218              2       1     43      69      123
   9     512       512        yes        yes     381              0       0     83     192      194
  10    1024      1024        yes        yes     847              2       1    165     412      483
  11    2048      2048        yes        yes    1485              0       0    357     760      767
  12    4096      4096        yes        yes    3301              2       1    694    1785     1900
  13    8192      8192        yes        yes    7098              0       0   1451    3263     4319
  14   16384     16384        yes        yes   12910              2       1   2923    7152     7462
  15   32768     32768        yes        yes   27823              0       0   5808   14916    17030
  16   65536     65536        yes        yes   58650              2       1  11948   28298    36370
  integer periodic points (all periods p <= 16): [-136, -91, -82, -68, -61, -55, -41, -37, -34, -25, -17, -10, -7, -5, -1, 0, 1, 2]
  parities seen: #positive [0, 1], R_p(1) [0, 1], R_p(2) [0, 1], R_p(10) [0, 1], R_p(100) [0, 1]
  => #Fix(T^p) on Z_2 is 2^p: every periodic point is rational, and iota = Phi^-1 o (bit complement) o Phi
     (Phi the parity-vector isometry, which conjugates T to the shift) is a FREE involution commuting
     with T.  Even count with no fixed point: the opposite of Redei's single fixed configuration.
     Counts of cycle candidates in [1, n] take both parities: no Redei-type law.
====================================================================================================
C4  Hamiltonian cycles ('chains') of the forward type graph of the map mod 2^k
   k   de Bruijn iso (3n+1, 3n-1, 5n+1)   #Ham cycles (DP, k<=4)   #Eulerian circuits of level k-1 (BEST)   2^(2^(k-1)-k)
   1   [True, True, True]                 1                        None                                     1
   2   [True, True, True]                 1                        1                                        1
   3   [True, True, True]                 2                        2                                        2
   4   [True, True, True]                 16                       16                                       16
   5   [True, True, True]                 None                     2048                                     2048
   6   [True, True, True]                 None                     67108864                                 67108864
   7   [True, True, True]                 None                     144115188075855872                       144115188075855872
   8   [True, True, True]                 None                     1329227995784915872903807060280344576    1329227995784915872903807060280344576
  => the Collatz type graph mod 2^k is the de Bruijn graph for 3n+1, 3n-1 and 5n+1 alike; its
     Hamiltonian cycles are the binary de Bruijn sequences of order k, 2^(2^(k-1)-k) of them (even
     for k >= 3).  A doubly exponential 'chain growth' that is sheet-blind and drift-blind.
====================================================================================================
PART C: ALL CHECKS PASSED
##### procgen_tourn_20260924_redei.py: exit 0
