---- part 0 of 4 ----
H 0
C 0 11 1
C 0 13 0
C 0 15 0
C 0 17 1
C 0 19 0
C 0 20 1
C 0 21 1
C 0 22 1
C 0 23 1
C 0 24 0
C 0 25 0
C 0 26 0
C 0 27 1
C 0 28 1
C 0 29 1
C 0 30 0
C 0 32 0
C 0 34 1
C 0 36 1
C 1 0 1
C 1 2 1
C 1 3 0
C 1 4 1
C 1 5 1
C 1 6 0
C 1 7 0
C 1 8 0
C 1 9 0
C 1 11 1
C 1 13 0
C 1 15 1
C 1 17 0
C 1 19 1
C 1 30 0
C 1 32 0
C 1 34 1
C 1 36 1
REPS 14467258263
---- part 1 of 4 ----
H 0
C 0 11 0
C 0 13 1
C 0 15 0
C 0 17 1
C 0 19 0
C 0 20 0
C 0 21 1
C 0 22 0
C 0 23 1
C 0 24 1
C 0 25 1
C 0 26 1
C 0 27 1
C 0 28 1
C 0 29 0
C 0 30 0
C 0 32 1
C 0 34 1
C 0 36 0
C 1 0 1
C 1 2 1
C 1 3 0
C 1 4 0
C 1 5 0
C 1 6 1
C 1 7 1
C 1 8 0
C 1 9 1
C 1 11 0
C 1 13 1
C 1 15 0
C 1 17 1
C 1 19 0
C 1 30 1
C 1 32 1
C 1 34 0
C 1 36 0
REPS 14467258263
---- part 2 of 4 ----
H 0
C 0 11 1
C 0 13 1
C 0 15 0
C 0 17 1
C 0 19 0
C 0 20 0
C 0 21 0
C 0 22 1
C 0 23 1
C 0 24 1
C 0 25 0
C 0 26 0
C 0 27 0
C 0 28 0
C 0 29 1
C 0 30 1
C 0 32 1
C 0 34 1
C 0 36 0
C 1 0 0
C 1 2 1
C 1 3 1
C 1 4 0
C 1 5 0
C 1 6 0
C 1 7 0
C 1 8 0
C 1 9 1
C 1 11 1
C 1 13 1
C 1 15 1
C 1 17 0
C 1 19 1
C 1 30 0
C 1 32 0
C 1 34 1
C 1 36 0
REPS 14467258263
---- part 3 of 4 ----
H 1
C 0 11 1
C 0 13 1
C 0 15 1
C 0 17 0
C 0 19 1
C 0 20 0
C 0 21 1
C 0 22 1
C 0 23 0
C 0 24 1
C 0 25 0
C 0 26 0
C 0 27 1
C 0 28 1
C 0 29 1
C 0 30 0
C 0 32 1
C 0 34 0
C 0 36 0
C 1 0 1
C 1 2 0
C 1 3 0
C 1 4 0
C 1 5 0
C 1 6 0
C 1 7 0
C 1 8 1
C 1 9 1
C 1 11 1
C 1 13 1
C 1 15 1
C 1 17 0
C 1 19 1
C 1 30 0
C 1 32 0
C 1 34 1
C 1 36 0
REPS 14467258263
==== D_19^op (N = 38) by karp3 in 4 parts: H mod 2 = 1; 37 of 37 arc orbits combined; odd: 37, even: []; canonical subsets (total, as reported by every part): [14467258263]
ALL ARC ORBITS ODD
