
== 0. constants ==  (t=0.0s)
[OK] theta* = ln 3 solves (e^{theta d} + e^{-theta c})/2 = 1  (3^d = 3/2, 3^-c = 1/2)
c = 0.630929753571  d = 0.369070246429  mu = c - 1/2 = 0.130929753571
parameters: K=15 W=0.001 M_E=26 M_X=60 M_2=2550 V_MIN=0.11 M_BIG=1000000

== 1. V-coordinate model = the pairpeak/robin definitions of N_m(L) and A_M(L) ==  (t=0.0s)
[OK] robin_counts/dirichlet_counts equal PP.refl_counts_all_L/hard_counts_all_L for m<=14, M<=29, L<=160
[OK] delta has no two consecutive zeros (c > 1/2), t < 80000

== 2. structural lemmas: exact sanity checks on small cases ==  (t=0.5s)
[OK] Lemma 1: N_m(L) - A_M(L) = sum_t R_t(m) [V^(t+1)_(L-t-1)(m-1) - V^(t+1)_(L-t-1)(m)] exactly (3 cases, L<=70)
[OK] Lemma 2a: W^(u)_k(x) <= H^(u)_k(x) (Robin <= half-line), sampled (m,K,u), k<=120
[OK] Lemma 2b: V^(u)_k(x)/H^(u)_k(x) nonincreasing in x on [1,M], sampled, k<=120
[OK] Lemma 3: TP2 of P_{s,s+n}(x,y) on adjacent pairs (M in {5,8}, several s, n)
[OK] Lemma 3: P_{s,s+n}(m,1) >= P_{s,s+n}(m-1,1) > 0 implies V^(s)_k(m) >= V^(s)_k(m-1) for all k >= n+1 (222 landing times, k <= 200)
[OK] Lemma 4: E[f]=(n-e)/(e+1), FKG E[f 1_BOK] <= E[f]P(BOK), injection P^n(m-1,1) <= sum_C f  (763 bridge cases, exhaustive)
[OK] Lemma 5 (real cycle lemma): >= ceil(T/c) good rotations for 4000 random {c, -d} sequences
[OK] Lemmas 5-6 on exact bridges: P(BOK) >= ceil(T/c)/n and P(TH) <= Hoeffding sum (min ratio P(BOK)/LB = 1.298)

== 3. eventual monotonicity (EM), exact part: 2 <= m < M_E, all landing Sturmian factors of length n1(m) ==  (t=4.8s)
  m= 2 n1= 24 landing factors= 10  min P(m,1)/P(m-1,1) = 2.5731
  m= 3 n1= 31 landing factors= 13  min P(m,1)/P(m-1,1) = 1.8444
  m= 4 n1= 39 landing factors= 16  min P(m,1)/P(m-1,1) = 1.5720
  m= 5 n1= 47 landing factors= 19  min P(m,1)/P(m-1,1) = 1.4413
  m= 6 n1= 54 landing factors= 21  min P(m,1)/P(m-1,1) = 1.3602
  m= 7 n1= 62 landing factors= 24  min P(m,1)/P(m-1,1) = 1.3042
  m= 8 n1= 70 landing factors= 27  min P(m,1)/P(m-1,1) = 1.2652
  m= 9 n1= 77 landing factors= 30  min P(m,1)/P(m-1,1) = 1.2250
  m=10 n1= 85 landing factors= 33  min P(m,1)/P(m-1,1) = 1.2015
  m=11 n1= 93 landing factors= 36  min P(m,1)/P(m-1,1) = 1.1845
  m=12 n1=101 landing factors= 39  min P(m,1)/P(m-1,1) = 1.1693
  m=13 n1=108 landing factors= 41  min P(m,1)/P(m-1,1) = 1.1561
  m=14 n1=116 landing factors= 44  min P(m,1)/P(m-1,1) = 1.1459
  m=15 n1=124 landing factors= 47  min P(m,1)/P(m-1,1) = 1.1365
  m=16 n1=131 landing factors= 50  min P(m,1)/P(m-1,1) = 1.1240
  m=17 n1=139 landing factors= 53  min P(m,1)/P(m-1,1) = 1.1174
  m=18 n1=147 landing factors= 55  min P(m,1)/P(m-1,1) = 1.1178
  m=19 n1=154 landing factors= 58  min P(m,1)/P(m-1,1) = 1.1063
  m=20 n1=162 landing factors= 61  min P(m,1)/P(m-1,1) = 1.1014
  m=21 n1=170 landing factors= 64  min P(m,1)/P(m-1,1) = 1.0968
  m=22 n1=178 landing factors= 67  min P(m,1)/P(m-1,1) = 1.0934
  m=23 n1=185 landing factors= 70  min P(m,1)/P(m-1,1) = 1.0861
  m=24 n1=193 landing factors= 72  min P(m,1)/P(m-1,1) = 1.0878
  m=25 n1=201 landing factors= 75  min P(m,1)/P(m-1,1) = 1.0849
[OK] EM exact: for 2<=m<26 and every landing factor, P_{s,s+n1}(m,1) >= P_{s,s+n1}(m-1,1) > 0 (1025 factors; factor sets certified complete: n+3 factors of length n+2 found)

== 4. EM, analytic part: m >= M_E ==  (t=8.0s)
  v_*(M_E) = 0.111368   G(K,v_*) <= 2.1613e-04   (1/2-W)/(1/2+W) = 0.996008   2cG/v_* = 2.4489e-03   sum = 0.998457
[OK] EM criterion (1/2-W)/(1/2+W) + 2cG(K,v_*)/v_* < 1 at m = M_E, hence for all m >= M_E (monotone in m)
[OK] n1(m)(mu - W) >= m + 1 for 2 <= m < 2e5 (ceiling, with guard)

== 5. top-hit bound (TB): q_k = P(TH'|BOK) for the free walk from site m, k <= k1(m) = n1(m)+1 ==  (t=8.1s)
  5a (k <= k_b(m), all m): q <= 3^-K/(3/4) = 9.292e-08
[OK] 5a: q <= (4/3) 3^-K on k <= k_b(m)
  5b (m <= 60): max q <= 3^-K/beta_m(k) = 8.585e-07 at (m,k,beta) = (2, 24, 0.0811758041381836)
[OK] 5b: exact worst-phase survival bound, q <= 8.59e-07 for 2 <= m <= 60 on the window
  5c (60 < m < 2550): max q <= 3^-K / [P_lb(U_k1 >= j0) - 3^-D] = 5.822e-06 at (m,k1,P_lb) = (68, 533, 0.011970478009565367)
[OK] 5c: closed-form survival bound, q <= 5.82e-06 for 60 < m < 2550 on the window
  5d: v_min=0.110  h = 2cG(K,v_min)/v_min = 2.9783e-03   KL(c-v_min||1/2) = 0.00088
[OK] 5d: c - v_min > 1/2 (Chernoff applies)
[OK] 5d: for M_2 <= m <= M_BIG: KL(1/2+y_max) < KL(c-v_min) and m-2 >= v_min k1 (e* is a good endpoint)
  5d: max over M_2<=m<=M_BIG of h + (c/v_min)R(m) = 3.8517e-03 at (m,k1,kb,ymax,R) = (2550, 19635, 18431, 0.007416600595209238, 0.00015227162876531793)
[OK] 5d: for m > M_BIG the monotone majorant gives R(m) <= Rmaj(M_BIG) = 0.000e+00 (Y = 1.0004e-03, dlog/dm < 0; m-2 >= v_min k1 persists since v_min/(mu-W) < 1)
[OK] 5d: bridge bound q <= 3.8517e-03 for all m >= M_2

== 6. assembly: Gamma = 1/(1 - max q) ==  (t=10.0s)
  max q = 3.851654e-03  ->  1/(1-max q) = 1.0038665 ;  stated GAMMA = 10039/10000 = 1.0039
[OK] Theorem R_15: N_m(L) <= 10039/10000 * A_(m+15)(L) for all m >= 2, L >= 1 (all ingredients checked)

== 7. exact verification of the proved inequality and the observed ratio profile ==  (t=10.0s)
[OK] N_m(L) <= 10039/10000 A_(m+15)(L) exactly for 2<=m<=20, L<=2500; 21<=m<=40, L<=1500; 41<=m<=60, L<=400 (max observed ratio 1 + 6.782e-26)
  c0= 1: max_{m<=60,L} N_m(L)/A_(m+c0)(L) = 1 + 3.2546e-03 at (m,L) = (7,50)
  c0= 2: max_{m<=60,L} N_m(L)/A_(m+c0)(L) = 1 + 8.8937e-05 at (m,L) = (9,58)
  c0= 3: max_{m<=60,L} N_m(L)/A_(m+c0)(L) = 1 + 1.9851e-06 at (m,L) = (12,77)
  c0=15: max_{m<=60,L} N_m(L)/A_(m+c0)(L) = 1 + 6.7817e-26 at (m,L) = (41,253)
  profile (c0=1): m=2:1.000000, m=3:1.000000, m=4:1.000773, m=5:1.001629, m=6:1.003155, m=7:1.003255, m=8:1.003204, m=9:1.002996, m=10:1.002530, m=11:1.001981, m=12:1.001516, m=13:1.001154, m=14:1.000878, m=15:1.000667, m=16:1.000498, m=17:1.000371, m=18:1.000274, m=19:1.000202, m=20:1.000150
  profile (c0=2): m=2:1.0000000, m=3:1.0000000, m=4:1.0000000, m=5:1.0000000, m=6:1.0000059, m=7:1.0000250, m=8:1.0000562, m=9:1.0000889, m=10:1.0000705, m=11:1.0000717, m=12:1.0000523, m=13:1.0000396, m=14:1.0000276, m=15:1.0000186, m=16:1.0000117, m=17:1.0000080, m=18:1.0000053, m=19:1.0000034, m=20:1.0000022
  profile (c0=15), excess over 1 where positive: m=28:2.76e-32, m=29:2.09e-31, m=30:1.35e-29, m=31:7.05e-29, m=32:5.04e-28, m=33:1.82e-27, m=34:3.57e-27, m=35:1.88e-26, m=36:1.80e-26, m=37:3.67e-26, m=38:3.85e-26, m=39:4.58e-26, m=40:3.96e-26, m=41:6.78e-26, m=42:5.19e-26, m=43:4.82e-26, m=44:3.55e-26, m=45:2.85e-26, m=46:2.01e-26, m=47:1.44e-26, m=48:1.34e-26, m=49:1.02e-26, m=50:7.05e-27, m=51:4.50e-27, m=52:3.63e-27, m=53:2.26e-27, m=54:1.48e-27, m=55:6.02e-28, m=56:1.62e-28, m=57:3.87e-29, m=58:8.85e-30, m=59:1.98e-30, m=60:4.34e-31

== 8. consistency checks (not used by the proof) ==  (t=13.6s)
[OK] 8a: H^(u)_k(m) >= H^(0)_k(m-1) (worst phase = S-height m-1) for sampled u, m in {3,5,9}
[OK] 8b: V^(s)_k(m) >= V^(s)_k(m-1) for k in [k1, k1+60] at sampled landing times, m in {26,30,40}, K=15
  8c: sampled max H_k(m)/V_k(m) over u, k<=k1(m), m in {5,10,20,40}: 1.440e-07 above 1 (proved bound: 3.867e-03)
[OK] 8c: sampled top-hit ratios lie below the proved Gamma
  8d: (m=6,K=3: k1=31, Gamma*~1.000000, max N/A=1.000000) (m=8,K=3: k1=45, Gamma*~1.001225, max N/A=1.000000) (m=10,K=4: k1=61, Gamma*~1.000376, max N/A=1.000000) (m=14,K=5: k1=91, Gamma*~1.000261, max N/A=1.000000)
[OK] 8d: Proposition 1 bound N <= Gamma* A holds with sampled Gamma* at small shifts (L <= 700)

== 9. small shifts c0 in {1,2,3}, bounded m: exact constants valid for ALL L (Proposition 1 + Lemma 3) ==  (t=21.2s)
  c0=1: max_{2<=m<=24} Gamma*(m) = 1.156186 ;  m=2:1.0000(n1=3), m=4:1.0164(n1=18), m=6:1.0750(n1=35), m=8:1.1095(n1=59), m=10:1.1249(n1=87), m=12:1.1371(n1=119), m=14:1.1450(n1=154), m=16:1.1489(n1=193), m=18:1.1519(n1=233), m=20:1.1540(n1=277), m=22:1.1553(n1=322), m=24:1.1562(n1=368)
  c0=2: max_{2<=m<=24} Gamma*(m) = 1.047346 ;  m=2:1.0000(n1=3), m=4:1.0000(n1=16), m=6:1.0055(n1=30), m=8:1.0173(n1=46), m=10:1.0286(n1=62), m=12:1.0351(n1=78), m=14:1.0397(n1=95), m=16:1.0424(n1=111), m=18:1.0444(n1=128), m=20:1.0459(n1=144), m=22:1.0467(n1=162), m=24:1.0473(n1=179)
  c0=3: max_{2<=m<=24} Gamma*(m) = 1.014780 ;  m=2:1.0000(n1=3), m=4:1.0000(n1=16), m=6:1.0000(n1=30), m=8:1.0012(n1=44), m=10:1.0049(n1=60), m=12:1.0072(n1=75), m=14:1.0098(n1=90), m=16:1.0118(n1=106), m=18:1.0129(n1=122), m=20:1.0138(n1=136), m=22:1.0144(n1=152), m=24:1.0148(n1=168)
[OK] 9: for c0 in {1,2,3} and 2<=m<=24: EM onset over all landing factors and Gamma* over all phases computed exactly (factor sets complete); hence N_m(L) <= Gamma*(m) A_(m+c0)(L) for ALL L

== summary ==  (t=188.3s)
peak RSS (ru_maxrss, bytes on macOS) = 27951104  (27 MB)
checks passed: 28   wall time 188.3s
ALL CHECKS PASSED
