# shave4 lane 2026-10-01: r(9) = max arcs of a Redei graph (odd embedding count in every 9-tournament) = 11
# EXISTENCE: one representative of each of the 6 isomorphism classes of 11-arc Redei graphs (complete list, from the depth-11 run below);
#            the runner re-verifies each on all 191536 classes with the engine's backtracking parity test.
EXIST 11 arcs: 0>1 0>3 0>4 1>3 2>4 2>5 4>5 4>6 5>6 7>0 7>1
EXIST 11 arcs: 0>1 0>3 0>4 1>4 1>5 3>6 3>7 4>5 6>2 6>7 7>2
EXIST 11 arcs: 0>1 0>3 1>2 1>4 2>3 2>5 3>6 4>7 5>8 6>7 7>8
EXIST 11 arcs: 0>1 0>3 1>2 1>4 2>5 3>6 4>7 5>6 5>8 6>7 7>8
EXIST 11 arcs: 0>1 0>3 1>3 1>4 2>4 3>4 5>6 5>7 6>2 6>7 7>2
EXIST 11 arcs: 0>1 0>3 1>3 1>4 3>4 3>6 5>6 5>8 6>2 8>2 8>6
# NON-EXISTENCE (sizes 12..15): raw output of
#   SHAVE4_PARITY=1 SHAVE4_PARITY_MIN=12 u9 (N=9) cls9.txt 15 - < pool64   (host C3[C3]; pool64 = the 64 killers of the u(9) search)
N=9 host arcs=36 |Aut(host)|=81
initial pool size 64
K=15 found=0 fullchecks=142843 final_pool=68 searches=100627283
redei filters: e(S) even 561306, no involution of U(S) 270028
depth 0 nodes 1
depth 1 nodes 2
depth 2 nodes 16
depth 3 nodes 126
depth 4 nodes 824
depth 5 nodes 4691
depth 6 nodes 22116
depth 7 nodes 84584
depth 8 nodes 259047
depth 9 nodes 620608
depth 10 nodes 1110420
depth 11 nodes 1331078
depth 12 nodes 817593
depth 13 nodes 152574
depth 14 nodes 4010
depth 15 nodes 0
REDEI_BY_DEPTH 12:0 13:0 14:0
POOL 163268 162711 143223 143213 156521 65232 149309 65211 143169 57677 57676 11262 167606 158732 1911 545 318 1878 140 1949 1120 2412 3540 1956 142 624 732 586 3646 6 235 240 1208 1993 508 3538 14 2071 160 2421 2106 1613 1601 2497 3695 2384 254 3944 1797 1608 351 1805 179 3589 491 1880 1944 2168 735 1988 3997 1740 8884 13 2 12 31 32
done
# COMPLETE DEPTH-11 LIST: raw output of SHAVE4_PARITY=1 SHAVE4_PARITY_MIN=11 u9 (N=9) cls9.txt 12 - < pool64 (prefixed d11|)
d11| N=9 host arcs=36 |Aut(host)|=81
d11| initial pool size 64
d11| REDEI 11 arcs: 0>1 0>3 0>4 1>3 2>4 2>5 4>5 4>6 5>6 7>0 7>1
d11| REDEI 11 arcs: 0>1 0>3 0>4 1>3 2>4 2>5 4>5 4>6 5>6 8>0 8>1
d11| REDEI 11 arcs: 0>1 0>3 0>4 1>4 1>5 3>6 3>7 4>5 6>2 6>7 7>2
d11| REDEI 11 arcs: 0>1 0>3 0>4 1>4 3>6 3>7 5>3 5>6 6>7 8>0 8>1
d11| REDEI 11 arcs: 0>1 0>3 1>2 1>4 2>3 2>5 3>6 4>7 5>8 6>7 7>8
d11| REDEI 11 arcs: 0>1 0>3 1>2 1>4 2>5 3>6 4>7 5>6 5>8 6>7 7>8
d11| REDEI 11 arcs: 0>1 0>3 1>2 1>4 2>5 3>6 4>7 5>6 6>7 8>0 8>2
d11| REDEI 11 arcs: 0>1 0>3 1>2 1>5 2>3 2>4 3>6 4>8 5>7 6>7 7>8
d11| REDEI 11 arcs: 0>1 0>3 1>2 1>5 2>4 3>6 4>6 4>8 5>7 6>7 7>8
d11| REDEI 11 arcs: 0>1 0>3 1>2 1>5 2>4 3>6 4>6 5>7 6>7 8>0 8>2
d11| REDEI 11 arcs: 0>1 0>3 1>2 2>3 4>5 4>6 5>7 5>8 6>1 7>0 8>2
d11| REDEI 11 arcs: 0>1 0>3 1>2 2>3 4>5 4>6 5>7 5>8 6>1 7>2 8>0
d11| REDEI 11 arcs: 0>1 0>3 1>2 2>5 3>4 3>6 4>5 5>8 6>1 6>7 7>8
d11| REDEI 11 arcs: 0>1 0>3 1>2 2>5 3>4 3>6 4>5 5>8 6>7 7>2 7>8
d11| REDEI 11 arcs: 0>1 0>3 1>3 1>4 2>4 3>4 5>6 5>7 6>2 6>7 7>2
d11| REDEI 11 arcs: 0>1 0>3 1>3 1>4 3>4 3>6 5>6 5>8 6>2 8>2 8>6
d11| REDEI 11 arcs: 0>1 0>3 1>3 1>5 2>4 2>5 4>5 4>6 5>6 7>0 7>1
d11| REDEI 11 arcs: 0>1 0>3 1>3 1>5 2>4 2>5 4>5 4>6 5>6 8>0 8>1
d11| REDEI 11 arcs: 0>1 0>3 1>3 2>3 4>6 4>7 6>2 6>7 7>2 8>0 8>1
d11| REDEI 11 arcs: 0>1 0>3 1>3 2>3 5>6 5>7 6>2 6>7 7>2 8>0 8>1
d11| REDEI 11 arcs: 0>1 0>3 1>3 2>4 2>5 4>5 4>6 5>6 7>0 7>1 7>2
d11| REDEI 11 arcs: 0>1 0>3 1>3 2>4 2>5 4>5 4>6 5>6 8>0 8>1 8>2
d11| REDEI 11 arcs: 0>1 0>3 1>4 1>5 3>6 4>7 5>3 5>8 6>7 7>2 8>2
d11| REDEI 11 arcs: 0>1 0>3 1>4 2>4 3>6 5>3 5>7 6>2 7>0 7>8 8>2
d11| REDEI 11 arcs: 0>1 0>3 1>4 2>5 3>6 4>5 4>7 5>6 6>7 8>0 8>2
d11| REDEI 11 arcs: 0>1 0>3 2>4 2>5 3>6 4>7 4>8 5>3 6>1 7>0 8>6
d11| K=12 found=0 fullchecks=320924 final_pool=68 searches=92761147
d11| redei filters: e(S) even 1289830, no involution of U(S) 537820
d11| depth 0 nodes 1
d11| depth 1 nodes 2
d11| depth 2 nodes 16
d11| depth 3 nodes 126
d11| depth 4 nodes 824
d11| depth 5 nodes 4691
d11| depth 6 nodes 22116
d11| depth 7 nodes 84584
d11| depth 8 nodes 259047
d11| depth 9 nodes 620608
d11| depth 10 nodes 1110420
d11| depth 11 nodes 1331072
d11| depth 12 nodes 817502
d11| REDEI_BY_DEPTH 11:26
d11| POOL 163268 162711 143223 143213 156521 65232 149309 65211 143169 57677 57676 11262 167606 158732 1911 545 318 1878 140 1949 1120 2412 3540 1956 142 624 732 586 3646 6 235 240 1208 1993 508 3538 14 2071 160 2421 2106 1613 1601 2497 3695 2384 254 3944 1797 1608 351 1805 179 3589 491 1880 1944 2168 735 1988 3997 1740 8884 13 3 56 24 30
d11| done
