# shave4 lane 2026-10-01: raw output of the exhaustive orderly search for 15-arc shavings on 9 vertices
# command: u9 (N=9) cls9.txt 15 <host> < pool0.txt   (pool0 = the 14 classes with |Aut| > 9)
# run 1: host C3[C3] (|Aut| = 81), first version of procgen_shave4_20261001_u9.c (hard-coded host)
host C3[C3]: arcs=36 |Aut|=81
initial pool size 14
K=15 found=0 fullchecks=50 final_pool=64 searches=175100769
depth 0 nodes 1
depth 1 nodes 2
depth 2 nodes 16
depth 3 nodes 126
depth 4 nodes 824
depth 5 nodes 4691
depth 6 nodes 22116
depth 7 nodes 84586
depth 8 nodes 259105
depth 9 nodes 621307
depth 10 nodes 1116708
depth 11 nodes 1365913
depth 12 nodes 904248
depth 13 nodes 214147
depth 14 nodes 10371
depth 15 nodes 50
POOL 163268 162711 143223 143213 156521 65232 149309 65211 143169 57677 57676 11262 167606 158732 1911 545 318 1878 140 1949 1120 2412 3540 1956 142 624 732 586 3646 6 235 240 1208 1993 508 3538 14 2071 160 2421 2106 1613 1601 2497 3695 2384 254 3944 1797 1608 351 1805 179 3589 491 1880 1944 2168 735 1988 3997 1740 8884 13
done

# run 2: host = the |Aut| = 27 class 101111111111111111111101111111111101 (independent check)
N=9 host arcs=36 |Aut(host)|=27
initial pool size 14
K=15 found=0 fullchecks=32 final_pool=45 searches=370822104
depth 0 nodes 1
depth 1 nodes 6
depth 2 nodes 48
depth 3 nodes 373
depth 4 nodes 2508
depth 5 nodes 14684
depth 6 nodes 72959
depth 7 nodes 303329
depth 8 nodes 1022874
depth 9 nodes 2605230
depth 10 nodes 4506224
depth 11 nodes 4673713
depth 12 nodes 2332666
depth 13 nodes 384354
depth 14 nodes 13224
depth 15 nodes 32
POOL 163268 162711 143223 143213 156521 65232 149309 65211 143169 57677 57676 11262 167606 158732 1949 1120 2412 3540 1956 1208 3538 545 134 160 1601 2106 140 1613 2071 318 2182 3944 62 1880 491 735 3695 1988 8884 179 907 3997 13 53 1741
done

# run 3: all 14-arc shavings (maximum), host C3[C3], current code: u9 (N=9) cls9.txt 14 - < pool64; 64 orbit representatives = 54 isomorphism classes (labelg)
# one representative per isomorphism class:
MAX14 0>1 0>3 0>4 0>5 1>3 1>4 4>5 4>6 5>3 6>2 7>0 7>1 8>2 8>6
MAX14 0>1 0>3 0>4 0>5 1>3 2>4 4>5 5>3 5>6 6>1 7>0 7>2 8>1 8>6
MAX14 0>1 0>3 0>4 1>2 1>3 1>4 3>4 3>6 4>6 5>7 5>8 7>8 8>2 8>6
MAX14 0>1 0>3 0>4 1>2 1>3 2>3 2>4 3>6 4>7 5>6 5>7 6>7 8>1 8>2
MAX14 0>1 0>3 0>4 1>2 1>3 3>6 3>7 4>6 4>8 5>7 5>8 6>2 8>2 8>6
MAX14 0>1 0>3 0>4 1>2 1>4 1>5 2>3 2>5 3>4 3>6 3>7 4>8 5>8 6>7
MAX14 0>1 0>3 0>4 1>2 1>4 1>5 2>3 2>5 3>4 3>6 4>6 5>7 5>8 7>8
MAX14 0>1 0>3 0>4 1>2 1>4 1>5 2>5 3>4 3>6 3>7 4>7 6>7 8>1 8>2
MAX14 0>1 0>3 0>4 1>2 1>4 1>5 2>5 3>4 3>6 3>7 4>8 5>7 5>8 6>7
MAX14 0>1 0>3 0>4 1>2 1>4 2>3 2>4 3>4 3>6 4>6 5>7 5>8 7>2 7>8
MAX14 0>1 0>3 0>4 1>2 1>4 2>4 2>5 3>4 3>6 3>7 4>8 5>8 6>1 6>7
MAX14 0>1 0>3 0>4 1>2 1>4 2>5 3>4 3>6 3>7 4>5 6>1 6>2 6>7 8>6
MAX14 0>1 0>3 0>4 1>2 1>4 2>5 3>4 3>6 3>7 4>7 6>1 6>2 6>7 8>6
MAX14 0>1 0>3 0>4 1>2 1>4 3>4 3>6 3>7 4>7 5>8 6>1 6>7 8>1 8>6
MAX14 0>1 0>3 0>4 1>2 1>5 2>5 3>4 3>6 3>7 4>6 4>7 6>7 8>1 8>2
MAX14 0>1 0>3 0>4 1>2 1>5 2>5 3>4 3>6 3>7 4>6 4>7 6>7 8>1 8>6
MAX14 0>1 0>3 0>4 1>2 1>5 2>5 3>4 3>6 3>7 4>7 6>1 6>7 8>1 8>2
MAX14 0>1 0>3 0>4 1>2 1>5 2>5 3>4 3>6 4>7 4>8 6>2 6>7 7>2 7>8
MAX14 0>1 0>3 0>4 1>2 3>4 3>6 3>7 4>6 4>8 5>7 5>8 6>2 7>1 7>2
MAX14 0>1 0>3 0>4 1>2 3>4 3>6 3>7 4>6 5>7 5>8 7>1 7>8 8>1 8>2
MAX14 0>1 0>3 0>4 1>2 3>4 3>6 4>6 5>3 5>8 7>0 7>1 7>8 8>1 8>2
MAX14 0>1 0>3 0>4 1>2 3>4 3>6 4>7 5>3 5>6 6>2 6>7 7>2 8>0 8>1
MAX14 0>1 0>3 0>4 1>2 3>6 3>7 4>6 4>7 4>8 5>3 5>8 6>7 8>1 8>2
MAX14 0>1 0>3 0>4 1>3 1>4 2>3 2>5 3>6 4>5 4>6 7>2 7>8 8>2 8>6
MAX14 0>1 0>3 0>4 1>3 1>4 2>4 2>5 4>6 5>3 7>0 7>2 8>1 8>2 8>6
MAX14 0>1 0>3 0>4 1>3 1>4 3>4 3>6 3>7 4>6 5>7 5>8 7>2 7>8 8>2
MAX14 0>1 0>3 0>4 1>3 1>4 3>4 3>6 4>6 5>7 5>8 7>2 7>8 8>2 8>6
MAX14 0>1 0>3 0>4 1>3 1>4 3>4 3>6 5>7 5>8 6>2 7>2 7>8 8>2 8>6
MAX14 0>1 0>3 0>4 1>3 1>4 3>4 5>6 5>7 5>8 6>1 6>7 7>2 7>8 8>2
MAX14 0>1 0>3 0>4 1>3 1>4 3>4 5>6 5>7 6>2 6>7 7>1 7>2 8>0 8>1
MAX14 0>1 0>3 0>4 1>3 1>5 2>3 2>4 2>5 3>6 4>6 4>8 7>0 7>1 8>6
MAX14 0>1 0>3 0>4 1>3 1>5 4>6 4>7 5>6 5>7 5>8 7>2 7>8 8>2 8>6
MAX14 0>1 0>3 0>4 1>3 2>4 2>5 3>6 4>7 4>8 5>3 5>6 5>8 7>8 8>6
MAX14 0>1 0>3 0>4 1>3 2>4 5>3 5>6 6>0 6>2 7>0 7>1 7>8 8>1 8>2
MAX14 0>1 0>3 0>4 1>3 2>5 3>6 4>5 4>6 4>8 5>6 7>0 7>2 7>8 8>2
MAX14 0>1 0>3 0>4 1>3 3>6 3>7 4>6 4>7 4>8 5>7 5>8 6>2 8>2 8>6
MAX14 0>1 0>3 0>4 1>4 1>5 2>3 2>5 3>4 3>6 4>7 5>6 5>7 8>2 8>6
MAX14 0>1 0>3 0>4 1>4 1>5 2>3 2>5 3>4 5>3 6>0 6>1 7>2 7>8 8>2
MAX14 0>1 0>3 0>4 1>4 1>5 2>3 2>5 3>4 5>3 6>0 6>2 7>1 7>8 8>1
MAX14 0>1 0>3 0>4 1>4 1>5 2>3 2>5 3>4 5>6 7>0 7>2 8>1 8>2 8>6
MAX14 0>1 0>3 0>4 1>4 1>5 2>3 2>5 3>4 5>6 7>1 7>2 8>0 8>1 8>6
MAX14 0>1 0>3 0>4 1>4 1>5 2>5 3>4 3>6 3>7 4>7 6>1 6>7 8>1 8>2
MAX14 0>1 0>3 0>4 1>4 2>0 2>3 3>4 3>6 5>7 5>8 7>1 7>8 8>1 8>6
MAX14 0>1 0>3 0>4 1>4 2>0 2>3 3>6 5>3 5>6 5>8 7>0 7>2 8>1 8>6
MAX14 0>1 0>3 0>4 1>4 2>0 2>5 3>4 3>6 5>3 5>6 6>1 6>7 8>1 8>6
MAX14 0>1 0>3 0>4 1>4 2>3 2>5 3>4 3>6 3>7 5>7 6>1 8>0 8>1 8>6
MAX14 0>1 0>3 0>4 1>4 2>3 2>5 3>4 3>6 5>3 5>6 7>0 7>1 7>8 8>1
MAX14 0>1 0>3 0>4 1>4 3>4 3>6 3>7 5>6 5>8 6>2 6>7 7>2 8>1 8>6
MAX14 0>1 0>3 0>4 1>4 3>4 3>6 3>7 5>7 5>8 6>2 7>2 7>8 8>2 8>6
MAX14 0>1 0>3 0>4 1>4 3>4 3>6 4>6 5>7 5>8 7>2 7>8 8>1 8>2 8>6
MAX14 0>1 0>3 0>4 1>4 3>4 5>6 5>7 5>8 6>1 6>2 7>1 7>8 8>2 8>6
MAX14 0>1 0>3 0>4 1>5 2>3 2>4 2>5 3>4 3>6 4>7 5>6 5>7 8>2 8>6
MAX14 0>1 0>3 0>4 2>0 2>3 3>4 3>6 4>6 4>8 5>7 5>8 7>1 7>8 8>1
MAX14 0>1 0>3 1>5 2>4 2>5 3>6 3>7 4>5 5>7 6>1 6>7 8>0 8>1 8>2
# raw output of run 3 (prefixed k14|):
k14| N=9 host arcs=36 |Aut(host)|=81
k14| initial pool size 64
k14| SHAVING 14 arcs: 0>1 0>3 0>4 0>5 1>3 1>4 4>5 4>6 5>3 6>2 7>0 7>1 8>2 8>6
k14| SHAVING 14 arcs: 0>1 0>3 0>4 0>5 1>3 2>4 4>5 5>3 5>6 6>1 7>0 7>2 8>1 8>6
k14| SHAVING 14 arcs: 0>1 0>3 0>4 1>2 1>3 1>4 3>4 3>6 4>6 5>7 5>8 7>8 8>2 8>6
k14| SHAVING 14 arcs: 0>1 0>3 0>4 1>2 1>3 2>3 2>4 3>6 4>7 5>6 5>7 6>7 8>1 8>2
k14| SHAVING 14 arcs: 0>1 0>3 0>4 1>2 1>3 3>6 3>7 4>6 4>8 5>7 5>8 6>2 8>2 8>6
k14| SHAVING 14 arcs: 0>1 0>3 0>4 1>2 1>4 1>5 2>3 2>5 3>4 3>6 3>7 4>8 5>8 6>7
k14| SHAVING 14 arcs: 0>1 0>3 0>4 1>2 1>4 1>5 2>3 2>5 3>4 3>6 4>6 5>7 5>8 7>8
k14| SHAVING 14 arcs: 0>1 0>3 0>4 1>2 1>4 1>5 2>5 3>4 3>6 3>7 4>7 6>7 8>1 8>2
k14| SHAVING 14 arcs: 0>1 0>3 0>4 1>2 1>4 1>5 2>5 3>4 3>6 3>7 4>8 5>7 5>8 6>7
k14| SHAVING 14 arcs: 0>1 0>3 0>4 1>2 1>4 1>5 2>5 3>4 3>6 3>7 4>8 6>1 6>7 7>8
k14| SHAVING 14 arcs: 0>1 0>3 0>4 1>2 1>4 2>3 2>4 3>4 3>6 4>6 5>7 5>8 7>2 7>8
k14| SHAVING 14 arcs: 0>1 0>3 0>4 1>2 1>4 2>3 2>4 3>6 4>8 5>6 5>8 7>1 7>2 8>6
k14| SHAVING 14 arcs: 0>1 0>3 0>4 1>2 1>4 2>4 2>5 3>4 3>6 3>7 4>8 5>8 6>1 6>7
k14| SHAVING 14 arcs: 0>1 0>3 0>4 1>2 1>4 2>5 3>4 3>6 3>7 4>5 6>1 6>2 6>7 8>6
k14| SHAVING 14 arcs: 0>1 0>3 0>4 1>2 1>4 2>5 3>4 3>6 3>7 4>7 6>1 6>2 6>7 8>6
k14| SHAVING 14 arcs: 0>1 0>3 0>4 1>2 1>4 3>4 3>6 3>7 4>7 5>8 6>1 6>7 8>1 8>6
k14| SHAVING 14 arcs: 0>1 0>3 0>4 1>2 1>4 3>6 3>7 4>7 4>8 5>6 5>8 6>2 6>7 7>2
k14| SHAVING 14 arcs: 0>1 0>3 0>4 1>2 1>5 2>5 3>4 3>6 3>7 4>6 4>7 6>7 8>1 8>2
k14| SHAVING 14 arcs: 0>1 0>3 0>4 1>2 1>5 2>5 3>4 3>6 3>7 4>6 4>7 6>7 8>1 8>6
k14| SHAVING 14 arcs: 0>1 0>3 0>4 1>2 1>5 2>5 3>4 3>6 3>7 4>7 6>1 6>7 8>1 8>2
k14| SHAVING 14 arcs: 0>1 0>3 0>4 1>2 1>5 2>5 3>4 3>6 4>7 4>8 6>2 6>7 7>2 7>8
k14| SHAVING 14 arcs: 0>1 0>3 0>4 1>2 3>4 3>6 3>7 4>6 4>8 5>7 5>8 6>2 7>1 7>2
k14| SHAVING 14 arcs: 0>1 0>3 0>4 1>2 3>4 3>6 3>7 4>6 5>7 5>8 7>1 7>8 8>1 8>2
k14| SHAVING 14 arcs: 0>1 0>3 0>4 1>2 3>4 3>6 3>7 4>7 4>8 5>6 5>8 6>1 6>2 7>2
k14| SHAVING 14 arcs: 0>1 0>3 0>4 1>2 3>4 3>6 4>5 4>7 5>7 6>1 6>2 8>0 8>1 8>6
k14| SHAVING 14 arcs: 0>1 0>3 0>4 1>2 3>4 3>6 4>6 5>3 5>8 7>0 7>1 7>8 8>1 8>2
k14| SHAVING 14 arcs: 0>1 0>3 0>4 1>2 3>4 3>6 4>7 5>3 5>6 6>2 6>7 7>2 8>0 8>1
k14| SHAVING 14 arcs: 0>1 0>3 0>4 1>2 3>6 3>7 4>6 4>7 4>8 5>3 5>8 6>7 8>1 8>2
k14| SHAVING 14 arcs: 0>1 0>3 0>4 1>3 1>4 2>3 2>5 3>6 4>5 4>6 7>2 7>8 8>2 8>6
k14| SHAVING 14 arcs: 0>1 0>3 0>4 1>3 1>4 2>4 2>5 4>6 5>3 7>0 7>2 8>1 8>2 8>6
k14| SHAVING 14 arcs: 0>1 0>3 0>4 1>3 1>4 3>4 3>6 3>7 4>6 5>7 5>8 7>2 7>8 8>2
k14| SHAVING 14 arcs: 0>1 0>3 0>4 1>3 1>4 3>4 3>6 4>6 5>7 5>8 7>2 7>8 8>2 8>6
k14| SHAVING 14 arcs: 0>1 0>3 0>4 1>3 1>4 3>4 3>6 5>7 5>8 6>2 7>2 7>8 8>2 8>6
k14| SHAVING 14 arcs: 0>1 0>3 0>4 1>3 1>4 3>4 5>6 5>7 5>8 6>1 6>7 7>2 7>8 8>2
k14| SHAVING 14 arcs: 0>1 0>3 0>4 1>3 1>4 3>4 5>6 5>7 6>2 6>7 7>1 7>2 8>0 8>1
k14| SHAVING 14 arcs: 0>1 0>3 0>4 1>3 1>5 2>3 2>4 2>5 3>6 4>6 4>8 7>0 7>1 8>6
k14| SHAVING 14 arcs: 0>1 0>3 0>4 1>3 1>5 4>6 4>7 5>6 5>7 5>8 7>2 7>8 8>2 8>6
k14| SHAVING 14 arcs: 0>1 0>3 0>4 1>3 2>4 2>5 3>6 4>7 4>8 5>3 5>6 5>8 7>8 8>6
k14| SHAVING 14 arcs: 0>1 0>3 0>4 1>3 2>4 5>3 5>6 6>0 6>2 7>0 7>1 7>8 8>1 8>2
k14| SHAVING 14 arcs: 0>1 0>3 0>4 1>3 2>5 3>6 4>5 4>6 4>8 5>6 7>0 7>2 7>8 8>2
k14| SHAVING 14 arcs: 0>1 0>3 0>4 1>3 3>6 3>7 4>6 4>7 4>8 5>7 5>8 6>2 8>2 8>6
k14| SHAVING 14 arcs: 0>1 0>3 0>4 1>4 1>5 2>3 2>4 2>5 3>6 3>7 4>7 6>7 8>0 8>1
k14| SHAVING 14 arcs: 0>1 0>3 0>4 1>4 1>5 2>3 2>5 3>4 3>6 4>7 5>6 5>7 8>2 8>6
k14| SHAVING 14 arcs: 0>1 0>3 0>4 1>4 1>5 2>3 2>5 3>4 5>3 6>0 6>1 7>2 7>8 8>2
k14| SHAVING 14 arcs: 0>1 0>3 0>4 1>4 1>5 2>3 2>5 3>4 5>3 6>0 6>2 7>1 7>8 8>1
k14| SHAVING 14 arcs: 0>1 0>3 0>4 1>4 1>5 2>3 2>5 3>4 5>6 7>0 7>2 8>1 8>2 8>6
k14| SHAVING 14 arcs: 0>1 0>3 0>4 1>4 1>5 2>3 2>5 3>4 5>6 7>1 7>2 8>0 8>1 8>6
k14| SHAVING 14 arcs: 0>1 0>3 0>4 1>4 1>5 2>5 3>4 3>6 3>7 4>7 6>1 6>7 8>1 8>2
k14| SHAVING 14 arcs: 0>1 0>3 0>4 1>4 1>5 3>6 3>7 5>6 5>7 5>8 7>2 7>8 8>2 8>6
k14| SHAVING 14 arcs: 0>1 0>3 0>4 1>4 2>0 2>3 3>4 3>6 5>7 5>8 6>1 7>8 8>1 8>6
k14| SHAVING 14 arcs: 0>1 0>3 0>4 1>4 2>0 2>3 3>4 3>6 5>7 5>8 7>1 7>8 8>1 8>6
k14| SHAVING 14 arcs: 0>1 0>3 0>4 1>4 2>0 2>3 3>6 5>3 5>6 5>8 7>0 7>2 8>1 8>6
k14| SHAVING 14 arcs: 0>1 0>3 0>4 1>4 2>0 2>5 3>4 3>6 5>3 5>6 6>1 6>7 8>1 8>6
k14| SHAVING 14 arcs: 0>1 0>3 0>4 1>4 2>3 2>5 3>4 3>6 3>7 5>7 6>1 8>0 8>1 8>6
k14| SHAVING 14 arcs: 0>1 0>3 0>4 1>4 2>3 2>5 3>4 3>6 5>3 5>6 7>0 7>1 7>8 8>1
k14| SHAVING 14 arcs: 0>1 0>3 0>4 1>4 2>3 2>5 3>4 3>6 5>3 6>1 7>0 7>8 8>1 8>6
k14| SHAVING 14 arcs: 0>1 0>3 0>4 1>4 3>4 3>6 3>7 5>6 5>8 6>2 6>7 7>2 8>1 8>6
k14| SHAVING 14 arcs: 0>1 0>3 0>4 1>4 3>4 3>6 3>7 5>7 5>8 6>2 7>2 7>8 8>2 8>6
k14| SHAVING 14 arcs: 0>1 0>3 0>4 1>4 3>4 3>6 4>6 5>7 5>8 7>2 7>8 8>1 8>2 8>6
k14| SHAVING 14 arcs: 0>1 0>3 0>4 1>4 3>4 5>6 5>7 5>8 6>1 6>2 7>1 7>8 8>2 8>6
k14| SHAVING 14 arcs: 0>1 0>3 0>4 1>4 3>6 3>7 3>8 4>6 4>7 5>7 5>8 6>2 8>2 8>6
k14| SHAVING 14 arcs: 0>1 0>3 0>4 1>5 2>3 2>4 2>5 3>4 3>6 4>7 5>6 5>7 8>2 8>6
k14| SHAVING 14 arcs: 0>1 0>3 0>4 2>0 2>3 3>4 3>6 4>6 4>8 5>7 5>8 7>1 7>8 8>1
k14| SHAVING 14 arcs: 0>1 0>3 1>5 2>4 2>5 3>6 3>7 4>5 5>7 6>1 6>7 8>0 8>1 8>2
k14| K=14 found=64 fullchecks=264 final_pool=264 searches=369759193
k14| depth 0 nodes 1
k14| depth 1 nodes 2
k14| depth 2 nodes 16
k14| depth 3 nodes 126
k14| depth 4 nodes 824
k14| depth 5 nodes 4691
k14| depth 6 nodes 22114
k14| depth 7 nodes 84563
k14| depth 8 nodes 258719
k14| depth 9 nodes 616965
k14| depth 10 nodes 1088324
k14| depth 11 nodes 1248157
k14| depth 12 nodes 647135
k14| depth 13 nodes 66284
k14| depth 14 nodes 264
k14| POOL 163268 162711 143223 143213 156521 65232 149309 65211 143169 57677 57676 11262 167606 158732 1911 545 318 1878 140 1949 1120 2412 3540 1956 142 624 732 586 3646 6 235 240 1208 1993 508 3538 14 2071 160 2421 2106 1613 1601 2497 3695 2384 254 3944 1797 1608 351 1805 179 3589 491 1880 1944 2168 735 1988 3997 1740 8884 13 9539 11336 26294 135016 71504 111002 12963 155599 19829 6091 19192 8390 47599 13088 17460 16127 2169 2177 10946 52 6213 22148 931 3621 13091 53 9538 44512 49896 13400 49 6100 13790 65837 9761 22 13491 1331 47764 1572 2413 6975 66504 66694 20328 2405 16061 1656 11265 53415 4967 93807 156 53416 13074 66672 46125 142110 10923 155603 44449 111003 1622 22506 68727 65840 69623 1649 13148 13359 16918 17150 83460 163143 38532 111714 21500 66668 33 67919 71525 1565 1092 69639 1801 115176 67283 129566 13181 67268 164213 2315 16326 9092 24972 149944 63023 44852 13504 73919 141412 19599 716 10949 71518 53832 104439 19897 13138 13259 71442 19490 130134 13161 68453 13229 13120 23619 900 68424 4651 67536 23607 16062 129568 66461 13470 93787 13493 139654 15434 1904 71996 66692 16118 20934 67616 898 66017 13515 64181 13382 158634 65874 66667 36835 11345 83890 1577 11368 150152 13153 130748 157458 158716 102196 157187 66720 36561 69633 167647 1566 155602 13322 123695 68435 123796 68263 66721 67575 156645 66473 13226 179905 1596 67235 1598 185828 156356 99713 1583 68883 163283 167817 163144 1609 13205 71444 1668 10409 8988 13591 2176 4922 65231 17729 27634 106707 139250 65227
k14| done
