=== A. Structure: the first-return reduction (Lemma F_j) ===
[OK] A.1 top targets T1 < T2 (T1 > n, T2 <= 2n, m = T2 - T1 odd), phi an involution of W with one fixed point, at all 3437 n of W_2..W_8 (n != 3^a)
[OK] A.2 first return: from every b in W the walk alpha, beta, alpha, ... through the zone lands at phi(b) (at the fixed point f for b = u0), and the walks cover the zone; 1419 values of n in W_2..W_8
[OK] A.3 Lemma Z (zone step) exact on 300 random instances (|V| = 7..13, every completing matching mu' enumerated; zone-only cycles never extend)
  section A time 1.2s, maxrss 51 MB
=== B. Constructions ===
  B.1 clean n per level (T1 - 1 with T1 = min(3^a, 2^q); window right ends)
    a= 2 two-power n=7         T1=8         T2=9         m=1        PATH (trivial residual) 0.0s maxrss 51 MB
    a= 2 two-power n=8         T1=9         T2=16        m=7        PATH (zone steps, exact search below 2500) 0.0s maxrss 51 MB
    a= 3 one-power n=26        T1=27        T2=32        m=5        PATH (zone steps, exact search below 2500) 0.0s maxrss 51 MB
    a= 3 one-power n=27        (=3^a)  end forced at m=5: None (residual unsolved)
    a= 4 two-power n=63        T1=64        T2=81        m=17       PATH (zone steps, exact search below 2500) 0.0s maxrss 51 MB
    a= 4 two-power n=80        T1=81        T2=128       m=47       None (residual unsolved) 0.0s maxrss 51 MB
    a= 5 one-power n=242       T1=243       T2=256       m=13       PATH (zone steps, exact search below 2500) 0.0s maxrss 51 MB
    a= 5 one-power n=243       (=3^a)  end forced at m=13: None (residual unsolved)
    a= 6 two-power n=511       T1=512       T2=729       m=217      PATH (zone steps, exact search below 2500) 0.0s maxrss 51 MB
    a= 6 two-power n=728       T1=729       T2=1024      m=295      PATH (zone steps, exact search below 2500) 0.0s maxrss 51 MB
    a= 7 two-power n=2047      T1=2048      T2=2187      m=139      PATH (zone steps, exact search below 2500) 0.0s maxrss 51 MB
    a= 7 two-power n=2186      T1=2187      T2=4096      m=1909     PATH (zone steps, exact search below 2500) 0.0s maxrss 54 MB
    a= 8 one-power n=6560      T1=6561      T2=8192      m=1631     PATH (zone steps, exact search below 2500) 0.2s maxrss 54 MB
    a= 8 one-power n=6561      (=3^a)  end forced at m=1631: PATH (zone steps, exact search below 2500)
    a= 9 two-power n=16383     T1=16384     T2=19683     m=3299     PATH (zone steps, exact search below 2500) 0.1s maxrss 54 MB
    a= 9 two-power n=19682     T1=19683     T2=32768     m=13085    PATH (zone steps, exact search below 2500) 0.2s maxrss 54 MB
    a=10 one-power n=59048     T1=59049     T2=65536     m=6487     PATH (zone steps, exact search below 2500) 0.0s maxrss 54 MB
    a=10 one-power n=59049     (=3^a)  end forced at m=6487: PATH (zone steps, exact search below 2500)
    a=11 two-power n=131071    T1=131072    T2=177147    m=46075    PATH (zone steps, exact search below 2500) 0.3s maxrss 54 MB
    a=11 two-power n=177146    T1=177147    T2=262144    m=84997    PATH (zone steps, exact search below 2500) 0.4s maxrss 54 MB
    a=12 two-power n=524287    T1=524288    T2=531441    m=7153     PATH (zone steps, exact search below 8000) 4.0s maxrss 54 MB
    a=12 two-power n=531440    T1=531441    T2=1048576   m=517135   PATH (zone steps, exact search below 8000) 2.0s maxrss 58 MB
    a=13 one-power n=1594322   T1=1594323   T2=2097152   m=502829   PATH (zone steps, exact search below 2500) 1.5s maxrss 71 MB
    a=13 one-power n=1594323   (=3^a)  end forced at m=502829: PATH (zone steps, exact search below 2500)
    a=14 two-power n=4194303   T1=4194304   T2=4782969   m=588665   PATH (zone steps, exact search below 2500) 4.6s maxrss 119 MB
    a=14 two-power n=4782968   T1=4782969   T2=8388608   m=3605639  PATH (zone steps, exact search below 2500) 17.0s maxrss 298 MB
    a=15 one-power n=14348906  T1=14348907  T2=16777216  m=2428309  PATH (zone steps, exact search below 8000) 26.2s maxrss 316 MB
    a=15 one-power n=14348907  (=3^a)  end forced at m=2428309: None (residual unsolved)
[OK] B.1 C_(T1-1) Hamiltonian, T1 = min(3^a, 2^q), at every level a = 2..15 (paths lifted from the residual problem and verified edge by edge; largest n = 14348906)
    two-power right ends 3^a - 1: [(2, 'PATH'), (4, None), (6, 'PATH'), (7, 'PATH'), (9, 'PATH'), (11, 'PATH'), (12, 'PATH'), (14, 'PATH')]
[OK] B.1b two-power right ends C_(3^a - 1) Hamiltonian by the construction (T1 = 3^a, T2 = 2^(q+1)) for a in [2, 6, 7, 9, 11, 12, 14]; at a = 4 (n = 80, Hamiltonian by the list) the all-alpha residual has no solution (exact), a loss of the construction, not of Hamiltonicity
    one-power right ends n = 3^a via the end forced at m: [(3, None), (5, None), (8, 'PATH'), (10, 'PATH'), (13, 'PATH'), (15, None)]
[OK] B.1c one-power right ends: C_(3^a) Hamiltonian by the construction at a = 8, 10, 13 (paths verified); it fails at a = 3 (C_27 is not Hamiltonian) and at a = 5 (C_243 is, but its unique path uses an M_P edge, see B.1d)
[OK] B.1d the unique Hamiltonian path of C_243 (sumgraph solver) uses the M_P edges [(10, 118), (125, 3)] between the interior of I = [3^5 - 2^7, 2^7] and [1, m]: it is not an all-alpha path
  B.2 whole windows: construction (Lemma F_j, residual exact search) vs the Hamiltonian list
    W_3 one-power |n|=9     Hamiltonian 9     all-alpha construction 6     lost 3    ([20, 21, 22]); exact form recovers 3; direct search 0; unresolved 0
    W_4 two-power |n|=32    Hamiltonian 30    all-alpha construction 18    lost 12   ([68, 69, 70, 71, 72, 73, 74, 75, 76, 77, 79, 80]); exact form recovers 12; direct search 0; unresolved 0
    W_5 one-power |n|=81    Hamiltonian 35    all-alpha construction 35    lost 0    ([]); exact form recovers 0; direct search 0; unresolved 0
    W_6 two-power |n|=256   Hamiltonian 167   all-alpha construction 167   lost 0    ([]); exact form recovers 0; direct search 0; unresolved 0
    W_7 two-power |n|=868   Hamiltonian 509   all-alpha construction 441   lost 68   (([2055, 2056, 2057, 2058, 2059, 2060, 2061, 2062, 2063, 2064], '...')); exact form recovers 68; direct search 0; unresolved 0
      n=5116: exact form search aborted / search aborted; direct search path verified, free end 512 (not top)
      n=5117: exact form search aborted / search aborted; direct search path verified, free end 2560 (not top)
      n=5248: exact form search aborted / search aborted; direct search path verified, free end 2560 (not top)
    W_8 one-power |n|=2187  Hamiltonian 2187  all-alpha construction 1727  lost 460  (([4859, 4866, 4869, 4870, 4879, 4884, 4885, 5103, 5104, 5105], '...')); exact form recovers 457; direct search 3; unresolved 0
[OK] B.2 W_3..W_8: every Hamiltonian n (all of W_8) gets a verified path: by the all-alpha construction (Theorem F), where it is lost by the exact form (Theorem F'), and at 3 values (listed above) only by the direct search; no path at a non-Hamiltonian n
[OK] B.2b two-power windows, lower parts (T1 = 2P, Theorem F exact): the construction finds a path at every Hamiltonian n
  section B time 4775.3s, maxrss 316 MB
  B.3 W_9 samples near the clean n
    W_9 constructed at 42 of 42 sampled n; not constructed: []
[OK] B.3 W_9: construction verified at 42 sampled n (16343..16383 and 19682)
  B.3 time 6.0s, maxrss 316 MB
=== C. Obstructions and typing ===
[OK] C.1 the residual problem of level a can be solved by a single circular reflection (a rotation orbit, Theorem A3 shape) only for a in {2, 3, 5}, a <= 300 (Pillai: 4 - 3 = 9 - 8, 9 - 4 = 32 - 27, 16 - 3 = 256 - 243)
    target relations tau1 + tau2 = tau3 + tau4: [((3, 9), (4, 8)), ((3, 32), (8, 27)), ((3, 256), (16, 243)), ((4, 32), (9, 27))]
[OK] C.2 the only relations tau1 + tau2 = tau3 + tau4 between targets < 2^200 (disjoint pairs) are 3 + 9 = 4 + 8, 3 + 32 = 8 + 27, 3 + 256 = 16 + 243, 4 + 32 = 9 + 27; each uses target 3 or 4, i.e. the edge {1, 2} or {1, 3}
    RP(m, K) exact status: [(11, 1, 'none'), (11, 5, 'none'), (59, 22, 'none'), (383, 1, 'none')]
[OK] C.3 RP(11,1), RP(11,5), RP(59,22), RP(383,1) have no solution (exact: propagation or exhaustive search), so any proof must use the arithmetic of (m_a, K_a)
  section C time 1.2s, maxrss 316 MB
RUN time 4783.6s, peak RSS 316 MB, checks 13
ALL CHECKS PASSED
