### (B) kill-mask dedupe: how many DISTINCT masks per core? ###
  core                        |bits| #killers  #distinct masks  dedupe factor
  [1, 4, 6, 8, 9, 10, 12]     244    176       176              1.000
  [1, 3, 4, 6, 7, 10, 12]     246    176       176              1.000
  [1, 3, 4, 6, 7, 10, 11]     202    189       189              1.000
  [2, 3, 4, 7, 10, 11, 12]    220    176       176              1.000
  [1, 2, 5, 7, 10, 11, 12]    222    176       176              1.000
  [1, 5, 8, 9, 10, 11, 12]    220    176       176              1.000
  [2, 3, 4, 5, 6, 8, 11]      254    189       189              1.000
  [2, 3, 5, 6, 7, 11, 12]     242    176       176              1.000
  [1, 5, 7, 9, 10, 11, 12]    210    176       176              1.000
  [2, 3, 5, 8, 9, 11, 12]     212    176       176              1.000
  mean dedupe factor: 1.0000  -> sextuple count scales by ~factor^6 = 1.0000

### (A) pairwise-overlap prune: how much of the sum>=1 tail does MST kill? ###
  core                        sampled sextuples  pass sum>=n  pass sum-MST>=n  extra cut
  [1, 4, 6, 8, 9, 10, 12]     4000               350          0                infx
  [1, 3, 4, 6, 7, 10, 12]     4000               262          0                infx
  [1, 3, 4, 6, 7, 10, 11]     4000               345          0                infx
  [2, 3, 4, 7, 10, 11, 12]    4000               342          0                infx
  [1, 2, 5, 7, 10, 11, 12]    4000               273          0                infx
  [1, 5, 8, 9, 10, 11, 12]    4000               411          0                infx

  overall: sum>=n passes 1983 ; sum-MST>=n passes 0 ; extra cut factor infx

### combined projection for r=6 ###
  baseline passing sextuples (cont.64):        3.639e+12
  after mask dedupe (factor 1.0000):             3.639e+12
  after MST prune (extra 1000000000.0x):               3.639e+03
  at ~3e5 tests/sec: 0.0 hours
DONE
