QUANTUM MECHANICS AND OPTICS THROUGH RAPIDITY
======================================================================

======================================================================
1. SPIN AND RAPIDITY: THE BLOCH SPHERE
======================================================================

  A qubit state |psi> = cos(theta/2)|0> + e^{i*phi}*sin(theta/2)|1>
  lives on the Bloch sphere with polar angle theta.

  The probability of measuring |0>: p = cos^2(theta/2)
  The probability of measuring |1>: 1-p = sin^2(theta/2)

  The RAPIDITY of the measurement bias:
  rapidity_bias = arctanh(2p - 1) = arctanh(cos(theta))

  theta    p(|0>)    2p-1      rapidity_bias
  --------------------------------------------------
     0     1.0000    +1.0000      infinity
    15     0.9830    +0.9659       +2.0276
    30     0.9330    +0.8660       +1.3170
    45     0.8536    +0.7071       +0.8814
    60     0.7500    +0.5000       +0.5493
    75     0.6294    +0.2588       +0.2648
    90     0.5000    +0.0000       +0.0000
   105     0.3706    -0.2588       -0.2648
   120     0.2500    -0.5000       -0.5493
   135     0.1464    -0.7071       -0.8814
   150     0.0670    -0.8660       -1.3170
   165     0.0170    -0.9659       -2.0276
   180     0.0000    -1.0000      infinity

  At theta=0 (pure |0>): rapidity = +infinity (certain)
  At theta=90 (equal superposition): rapidity = 0 (fair coin)
  At theta=180 (pure |1>): rapidity = -infinity (certain)

  The RAPIDITY IS the natural parameter of the Bloch sphere's
  z-projection. It measures how far from 'fair' the qubit is.
  This is EXACTLY the Fisher-Rao connection from before!

======================================================================
2. QUANTUM TUNNELING AND THE CAYLEY TRANSFORM
======================================================================

  For a rectangular barrier of height V0 and width L:
  Transmission coefficient T = 1/(1 + V0^2*sin^2(kL)/(4E(V0-E)))
  for E < V0 (classically forbidden).

  The Cayley form: Q(T-1) = (T)/(2-T) ... not quite.
  Actually: define reflection R = 1 - T.
  The rapidity of transmission: arctanh(2T-1) = arctanh(T-R)
  = arctanh(T - (1-T)) = arctanh(2T-1)

  For T << 1 (deep tunneling): rapidity ~ -ln(1/T)/2 < 0
  For T = 1 (resonance): rapidity = +infinity
  For T = 1/2 (half-transparent): rapidity = 0

  T      R=1-T    rapidity     Q(2T-1)
  --------------------------------------------------
  0.001   0.999     -3.4534         0.0010
  0.010   0.990     -2.2976         0.0101
  0.050   0.950     -1.4722         0.0526
  0.100   0.900     -1.0986         0.1111
  0.200   0.800     -0.6931         0.2500
  0.300   0.700     -0.4236         0.4286
  0.400   0.600     -0.2027         0.6667
  0.500   0.500     +0.0000         1.0000
  0.600   0.400     +0.2027         1.5000
  0.700   0.300     +0.4236         2.3333
  0.800   0.200     +0.6931         4.0000
  0.900   0.100     +1.0986         9.0000
  0.950   0.050     +1.4722        19.0000
  0.990   0.010     +2.2976        99.0000

  The transmission rapidity LINEARIZES tunneling:
  Adding barriers in series ADDS rapidity (for independent barriers).
  A chain of n identical barriers has total rapidity = n * single rapidity.

======================================================================
3. SQUEEZED STATES AND RAPIDITY
======================================================================

  A squeezed vacuum state has uncertainties:
  Delta_x = (Delta_x)_0 * e^{-r}
  Delta_p = (Delta_p)_0 * e^{+r}
  where r is the SQUEEZING PARAMETER.

  The squeezing parameter r IS a rapidity!
  The squeeze operator S(r) = exp(r*(a^2 - a^dag^2)/2)
  is a LORENTZ BOOST in the (x,p) phase space.

  Squeezing r and its effects:
  r      e^{-r}    e^{+r}   noise reduction (dB)
  -------------------------------------------------------
  0.0    1.0000    1.0000      +0.0 dB
  0.5    0.6065    1.6487      -4.3 dB
  1.0    0.3679    2.7183      -8.7 dB
  1.5    0.2231    4.4817      -13.0 dB
  2.0    0.1353    7.3891      -17.4 dB
  2.5    0.0821    12.1825      -21.7 dB
  3.0    0.0498    20.0855      -26.1 dB
  3.5    0.0302    33.1155      -30.4 dB

  LIGO's gravitational wave detectors use ~10 dB squeezing (r ~ 1.15).
  This is rapidity ~ 1.15, velocity ~ tanh(1.15) ~ 0.82.

  The SQUEEZE FACTOR e^{2r} = Q(tanh(r)).
  Squeezing IS the Cayley transform of hyperbolic velocity!

======================================================================
4. THE LAMB SHIFT AND RAPIDITY CORRECTIONS
======================================================================

  The Lamb shift is the QED correction to hydrogen energy levels.
  For 2S_{1/2} vs 2P_{1/2}: Delta_E ~ 1057 MHz.
  The 2S energy: E_2 = -3.4 eV = -13.6/4 eV.

  The Lamb shift as a rapidity correction:
  delta_rapidity = Delta_E / (2*E_2) ~ 1057 MHz / (2 * 3.4 eV)
  E_2 in Hz = 8.2203e+14
  delta_rapidity = 6.4292e-07

  The Lamb shift is a TINY rapidity perturbation ~ 6.4e-7.
  In musical terms: about 0.001 cents -- imperceptible!

======================================================================
5. OPTICAL FREQUENCIES AND THE ELECTROMAGNETIC SPECTRUM
======================================================================

  Visible light: 400-700 nm (violet to red).
  Frequency: c/lambda.
  Rapidity of frequency: ln(nu)/2.

  Color       lambda(nm)    nu(THz)    rapidity(nu in Hz)
  ------------------------------------------------------------
  Gamma ray                0.0  300000000.00       23.575
  X-ray                    1.0     300000.00       20.121
  UV                     300.0       1000.00       17.269
  Violet                 400.0        750.00       17.126
  Blue                   470.0        638.30       17.045
  Green                  530.0        566.04       16.985
  Yellow                 580.0        517.24       16.940
  Orange                 610.0        491.80       16.915
  Red                    700.0        428.57       16.846
  Near IR               1000.0        300.00       16.667
  Thermal IR           10000.0         30.00       15.516
  Microwave          1000000.0          0.30       13.214
  Radio FM        3000000000.0          0.00        9.210

  The visible spectrum spans rapidity from 16.846 to 17.126,
  a range of 0.2798 rapidity units.
  = 0.8074 octaves
  The visible spectrum is about 0.81 octaves wide!
  (700/400 = 1.75, just under 2 = one octave)

  The ENTIRE electromagnetic spectrum:
  From radio (~10^6 Hz) to gamma (~10^20 Hz):
  Rapidity range = (ln(10^20) - ln(10^6))/2 = 16.12
  = 46.5 octaves
  ~ 46 octaves of electromagnetic radiation!

======================================================================
6. SNELL'S LAW AND RAPIDITY
======================================================================

  Snell's law: n1*sin(theta1) = n2*sin(theta2)
  Total internal reflection when sin(theta2) > 1,
  i.e., sin(theta1) > n2/n1.

  For the NORMAL component of velocity:
  v_n = c/n * cos(theta)
  The rapidity of the normal velocity:
  phi_n = arctanh(v_n/c) = arctanh(cos(theta)/n)

  Refraction changes rapidity!
  Material    n       v/c     rapidity(v)
  ---------------------------------------------
  Vacuum         1.000   1.0000   infinity
  Air            1.000   0.9997   4.402513
  Water          1.333   0.7502   0.973384
  Glass          1.500   0.6667   0.804719
  Diamond        2.417   0.4137   0.440111
  Silicon        3.420   0.2924   0.301186

  In diamond, light moves at v = c/2.417 = 0.414c,
  rapidity = 0.440111
  Compare: rapidity(1/e) = 0.385968
  The speed of light in diamond is close to c/e!

======================================================================
7. COMPTON SCATTERING IN RAPIDITY
======================================================================

  Compton scattering: photon hits electron, changes wavelength.
  lambda' - lambda = (h/(m_e*c)) * (1 - cos(theta))
  Compton wavelength: lambda_C = h/(m_e*c) = 2.426e-12 m

  The RAPIDITY CHANGE of the photon:
  delta_rapidity = ln(lambda'/lambda)/2 = ln(1 + lambda_C/lambda * (1-cos(theta)))/2

  For an X-ray photon (lambda = 0.1 nm = 1e-10 m):
    theta =    0 deg: lambda'/lambda = 1.000000, delta_rapidity = 0.000000
    theta =   30 deg: lambda'/lambda = 1.003250, delta_rapidity = 0.001622
    theta =   60 deg: lambda'/lambda = 1.012130, delta_rapidity = 0.006029
    theta =   90 deg: lambda'/lambda = 1.024260, delta_rapidity = 0.011985
    theta =  120 deg: lambda'/lambda = 1.036390, delta_rapidity = 0.017872
    theta =  150 deg: lambda'/lambda = 1.045270, delta_rapidity = 0.022138
    theta =  180 deg: lambda'/lambda = 1.048520, delta_rapidity = 0.023690

  At 180 degrees (backscatter), the rapidity shift is:
  0.023690
  = ln(1 + 2*lambda_C/lambda)/2

======================================================================
8. QUANTUM HALL EFFECT AND RAPIDITY QUANTIZATION
======================================================================

  Hall resistance: R_H = h/(nu*e^2) where nu is the filling factor.
  For integer QHE: nu = 1, 2, 3, ...
  R_K = h/e^2 = 25812.807 ohms (von Klitzing constant)

  The rapidity of R_H for different filling factors:

  nu    R_H (ohms)     rapidity(R_H)
  ----------------------------------------
    1        25812.8     5.079313
    2        12906.4     4.732739
    3         8604.3     4.530007
    4         6453.2     4.386166
    5         5162.6     4.274594
   1/3        77438.4     5.628619
   2/5        64532.0     5.537458
   3/7        60229.9     5.502962
   2/3        38719.2     5.282046

  rapidity(R_K) = 5.079313
  Each integer filling factor nu decreases rapidity by ln(nu)/2 = rapidity(nu).
  The QUANTIZED Hall resistance lives on a RAPIDITY LADDER
  with steps of size rapidity(nu).

======================================================================
9. LASER COHERENCE AND RAPIDITY
======================================================================

  A laser's coherence length L_c = c / (pi * Delta_nu)
  where Delta_nu is the linewidth.

  For common lasers:
  Laser             lambda   Delta_nu    L_c (m)   rapidity(L_c/lambda)
  ----------------------------------------------------------------------
  HeNe (633nm)         633nm   2e+09        0.064       5.759
  Nd:YAG (1064nm)      1064nm   1e+06       95.493       9.156
  Diode (808nm)        808nm   1e+12        0.000       2.386
  Fiber (1550nm)       1550nm   1e+03    95492.966      12.422
  Argon (488nm)        488nm   5e+09        0.019       5.287

  The coherence length / wavelength ratio measures the 'quality' of coherence.
  Its rapidity is the 'coherence rapidity' -- higher = more coherent.

======================================================================
10. THE UNCERTAINTY PRINCIPLE IN RAPIDITY
======================================================================

  Heisenberg: Delta_x * Delta_p >= hbar/2
  Define the 'uncertainty ratio' U = Delta_x * Delta_p / (hbar/2) >= 1.
  rapidity(U) = ln(U)/2 >= 0.

  For the ground state harmonic oscillator: U = 1, rapidity(U) = 0.
  This is the MINIMUM UNCERTAINTY state = rapidity zero = at rest!

  For a thermal state at temperature T:
  U = 2*n_bar + 1 where n_bar = 1/(exp(hbar*omega/(kT))-1).

  U       rapidity(U)    interpretation
  --------------------------------------------------
     1.0     0.0000       ground state (minimum uncertainty)
     1.1     0.0477       
     1.5     0.2027       
     2.0     0.3466       n_bar = 0.5 thermal photon
     3.0     0.5493       n_bar = 1 thermal photon
     5.0     0.8047       
    10.0     1.1513       n_bar = 4.5 thermal photons
   100.0     2.3026       

  The UNCERTAINTY RAPIDITY measures how far above the Heisenberg limit.
  Ground state: rapidity 0 (at rest in uncertainty space).
  Thermal state: rapidity grows logarithmically with temperature.
  Squeezed state: rapidity 0 (minimum uncertainty maintained,
  but REDISTRIBUTED between x and p).

======================================================================
11. THE BOHR MODEL AS A RAPIDITY LADDER
======================================================================

  Bohr orbits: r_n = n^2 * a_0, v_n = alpha*c/n, E_n = -13.6/n^2 eV
  where alpha = 1/137.036 (fine structure constant).

  The orbital VELOCITY rapidity:
  rapidity(v_n) = arctanh(alpha/n)
  For n=1: arctanh(alpha) ~ alpha = 0.007297
  (Since alpha << 1, arctanh(alpha) ~ alpha.)

  n    v_n/c = alpha/n    rapidity(v_n)
  ---------------------------------------------
   1    0.00729735        0.00729748
   2    0.00364868        0.00364869
   3    0.00243245        0.00243246
   4    0.00182434        0.00182434
   5    0.00145947        0.00145947
   6    0.00121623        0.00121623
   7    0.00104248        0.00104248
   8    0.00091217        0.00091217
   9    0.00081082        0.00081082
  10    0.00072974        0.00072974

  The rapidity gap between levels n and n+1:
  n=1->2: delta_rap = 3.6488e-03 = 0.5000 * rapidity(v_1)
  n=2->3: delta_rap = 1.2162e-03 = 0.1667 * rapidity(v_1)
  n=3->4: delta_rap = 6.0812e-04 = 0.0833 * rapidity(v_1)
  n=4->5: delta_rap = 3.6487e-04 = 0.0500 * rapidity(v_1)
  n=5->6: delta_rap = 2.4325e-04 = 0.0333 * rapidity(v_1)

  For n>>1: rapidity(v_n) ~ alpha/n.
  The rapidity gaps decrease as 1/n^2.
  The Bohr model is a HARMONIC rapidity ladder (like the musical overtone series).

======================================================================
12. GRAND SYNTHESIS: QUANTUM RAPIDITY
======================================================================

  QUANTUM CONCEPT        RAPIDITY ROLE               FORMULA
  -----------------------------------------------------------------
  Qubit bias             Fisher-Rao distance         arctanh(2p-1)
  Tunneling T            transmission log            arctanh(2T-1)
  Squeezing r            phase space boost           r = rapidity
  Uncertainty U          excess over Heisenberg      ln(U)/2
  Bohr velocity          orbital rapidity            arctanh(alpha/n)
  Compton shift          wavelength change           ln(lambda'/lambda)/2
  Hall resistance        quantized rapidity ladder   ln(R_K/nu)/2
  EM spectrum            frequency log               ln(nu)/2
  Refractive index       light slowdown              arctanh(1/n)
  Laser coherence        quality measure             ln(L_c/lambda)/2

  ALL of these are arctanh or half-log -- the SAME rapidity.
  Quantum mechanics uses rapidity as naturally as relativity does.
  The Cayley transform Q connects them all.
