
============================================================
n → n+2 RECURSION: 3 → 5
Inner tiles: 1, Outer tiles: 6
Boundary tiles: 5
============================================================

Tile mapping (inner → outer):
  inner tile 0 (3, 1) → outer tile 4 (4, 2)

Boundary tiles (5):
  tile 0 (5, 1) — APEX
  tile 1 (4, 1) — BOTTOM
  tile 2 (3, 1) — BOTTOM
  tile 3 (5, 2) — TOP
  tile 5 (5, 3) — TOP

Verifying H_5(inner, 0) = H_3(inner)...

  Checked 2 inner tilings: 2 match, 0 mismatch
  *** H_5(inner, 0) = H_3(inner) VERIFIED! ***

============================================================
n → n+2 RECURSION: 4 → 6
Inner tiles: 3, Outer tiles: 10
Boundary tiles: 7
============================================================

Tile mapping (inner → outer):
  inner tile 0 (4, 1) → outer tile 5 (5, 2)
  inner tile 1 (3, 1) → outer tile 6 (4, 2)
  inner tile 2 (4, 2) → outer tile 8 (5, 3)

Boundary tiles (7):
  tile 0 (6, 1) — APEX
  tile 1 (5, 1) — BOTTOM
  tile 2 (4, 1) — BOTTOM
  tile 3 (3, 1) — BOTTOM
  tile 4 (6, 2) — TOP
  tile 7 (6, 3) — TOP
  tile 9 (6, 4) — TOP

Verifying H_6(inner, 0) = H_4(inner)...

  Checked 8 inner tilings: 8 match, 0 mismatch
  *** H_6(inner, 0) = H_4(inner) VERIFIED! ***

============================================================
n → n+2 RECURSION: 5 → 7
Inner tiles: 6, Outer tiles: 15
Boundary tiles: 9
============================================================

Tile mapping (inner → outer):
  inner tile 0 (5, 1) → outer tile 6 (6, 2)
  inner tile 1 (4, 1) → outer tile 7 (5, 2)
  inner tile 2 (3, 1) → outer tile 8 (4, 2)
  inner tile 3 (5, 2) → outer tile 10 (6, 3)
  inner tile 4 (4, 2) → outer tile 11 (5, 3)

Boundary tiles (9):
  tile 0 (7, 1) — APEX
  tile 1 (6, 1) — BOTTOM
  tile 2 (5, 1) — BOTTOM
  tile 3 (4, 1) — BOTTOM
  tile 4 (3, 1) — BOTTOM
  tile 5 (7, 2) — TOP
  tile 9 (7, 3) — TOP
  tile 12 (7, 4) — TOP
  tile 14 (7, 5) — TOP

Verifying H_7(inner, 0) = H_5(inner)...

  Checked 64 inner tilings: 64 match, 0 mismatch
  *** H_7(inner, 0) = H_5(inner) VERIFIED! ***

============================================================
BOUNDARY CONTRIBUTION ANALYSIS: 3 → 5
============================================================
Total nonzero coefficients: 35
  Pure inner: 2
  Boundary-touching: 33

  Pure inner coefficients match H_3: 2/2

  Boundary-touching coefficients by order:
    Order 1: 5 coefficients, boundary tiles per coeff: 1-1, inner tiles: 0-0
    Order 2: 13 coefficients, boundary tiles per coeff: 1-2, inner tiles: 0-1
    Order 3: 8 coefficients, boundary tiles per coeff: 2-3, inner tiles: 0-1
    Order 4: 7 coefficients, boundary tiles per coeff: 3-4, inner tiles: 0-1

  Pure boundary coefficients (no inner tiles involved):
    [(5, 1)]: c = 8
    [(4, 1)]: c = 4
    [(3, 1)]: c = 2
    [(5, 2)]: c = 4
    [(5, 3)]: c = 2
    [(5, 1), (4, 1)]: c = -2
    [(5, 1), (3, 1)]: c = -2
    [(4, 1), (3, 1)]: c = -2
    [(5, 1), (5, 2)]: c = -2
    [(4, 1), (5, 2)]: c = 4
    [(3, 1), (5, 2)]: c = 2
    [(5, 1), (5, 3)]: c = -2
    [(4, 1), (5, 3)]: c = 2
    [(3, 1), (5, 3)]: c = 4
    [(5, 2), (5, 3)]: c = -2
    [(5, 1), (4, 1), (5, 2)]: c = -2
    [(4, 1), (3, 1), (5, 2)]: c = -4
    [(4, 1), (5, 2), (5, 3)]: c = -4
    [(4, 1), (3, 1), (5, 2), (5, 3)]: c = 2

============================================================
BOUNDARY CONTRIBUTION ANALYSIS: 4 → 6
============================================================
Total nonzero coefficients: 200
  Pure inner: 6
  Boundary-touching: 194

  Pure inner coefficients match H_4: 6/6

  Boundary-touching coefficients by order:
    Order 1: 7 coefficients, boundary tiles per coeff: 1-1, inner tiles: 0-0
    Order 2: 40 coefficients, boundary tiles per coeff: 1-2, inner tiles: 0-1
    Order 3: 66 coefficients, boundary tiles per coeff: 1-3, inner tiles: 0-2
    Order 4: 81 coefficients, boundary tiles per coeff: 1-4, inner tiles: 0-3

  Pure boundary coefficients (no inner tiles involved):
    [(6, 1)]: c = 16
    [(5, 1)]: c = 8
    [(4, 1)]: c = 4
    [(3, 1)]: c = 2
    [(6, 2)]: c = 8
    [(6, 3)]: c = 4
    [(6, 4)]: c = 2
    [(6, 1), (5, 1)]: c = -2
    [(6, 1), (4, 1)]: c = -2
    [(5, 1), (4, 1)]: c = -2
    [(6, 1), (3, 1)]: c = -4
    [(5, 1), (3, 1)]: c = -2
    [(4, 1), (3, 1)]: c = -2
    [(6, 1), (6, 2)]: c = -2
    [(5, 1), (6, 2)]: c = 16
    [(4, 1), (6, 2)]: c = 10
    [(3, 1), (6, 2)]: c = 4
    [(6, 1), (6, 3)]: c = -2
    [(5, 1), (6, 3)]: c = 10
    [(4, 1), (6, 3)]: c = 8
    [(3, 1), (6, 3)]: c = 8
    [(6, 2), (6, 3)]: c = -2
    [(6, 1), (6, 4)]: c = -4
    [(5, 1), (6, 4)]: c = 4
    [(4, 1), (6, 4)]: c = 8
    [(3, 1), (6, 4)]: c = 4
    [(6, 2), (6, 4)]: c = -2
    [(6, 3), (6, 4)]: c = -2
    [(6, 1), (5, 1), (6, 2)]: c = -4
    [(6, 1), (4, 1), (6, 2)]: c = -2
    [(5, 1), (4, 1), (6, 2)]: c = -8
    [(5, 1), (3, 1), (6, 2)]: c = -8
    [(4, 1), (3, 1), (6, 2)]: c = -8
    [(6, 1), (5, 1), (6, 3)]: c = -2
    [(5, 1), (4, 1), (6, 3)]: c = -4
    [(4, 1), (3, 1), (6, 3)]: c = -2
    [(5, 1), (6, 2), (6, 3)]: c = -8
    [(4, 1), (6, 2), (6, 3)]: c = -4
    [(5, 1), (3, 1), (6, 4)]: c = -2
    [(4, 1), (3, 1), (6, 4)]: c = -2
    [(5, 1), (6, 2), (6, 4)]: c = -8
    [(3, 1), (6, 2), (6, 4)]: c = -2
    [(5, 1), (6, 3), (6, 4)]: c = -8
    [(4, 1), (6, 3), (6, 4)]: c = -2
    [(3, 1), (6, 3), (6, 4)]: c = -2
    [(5, 1), (4, 1), (6, 2), (6, 3)]: c = 4
    [(5, 1), (3, 1), (6, 2), (6, 3)]: c = 2
    [(4, 1), (3, 1), (6, 2), (6, 3)]: c = 2
    [(5, 1), (4, 1), (6, 2), (6, 4)]: c = 2
    [(5, 1), (3, 1), (6, 2), (6, 4)]: c = 4
    [(4, 1), (3, 1), (6, 2), (6, 4)]: c = 2
    [(5, 1), (4, 1), (6, 3), (6, 4)]: c = 2
    [(5, 1), (3, 1), (6, 3), (6, 4)]: c = 2

============================================================
BOUNDARY CONTRIBUTION ANALYSIS: 5 → 7
============================================================
Total nonzero coefficients: 1782
  Pure inner: 35
  Boundary-touching: 1747

  Pure inner coefficients match H_5: 35/35

  Boundary-touching coefficients by order:
    Order 1: 9 coefficients, boundary tiles per coeff: 1-1, inner tiles: 0-0
    Order 2: 88 coefficients, boundary tiles per coeff: 1-2, inner tiles: 0-1
    Order 3: 301 coefficients, boundary tiles per coeff: 1-3, inner tiles: 0-2
    Order 4: 619 coefficients, boundary tiles per coeff: 1-4, inner tiles: 0-3
    Order 5: 407 coefficients, boundary tiles per coeff: 1-4, inner tiles: 1-4
    Order 6: 323 coefficients, boundary tiles per coeff: 2-4, inner tiles: 2-4

  Pure boundary coefficients (no inner tiles involved):
    [(7, 1)]: c = 32
    [(6, 1)]: c = 16
    [(5, 1)]: c = 8
    [(4, 1)]: c = 4
    [(3, 1)]: c = 2
    [(7, 2)]: c = 16
    [(7, 3)]: c = 8
    [(7, 4)]: c = 4
    [(7, 5)]: c = 2
    [(7, 1), (6, 1)]: c = -2
    [(7, 1), (5, 1)]: c = -2
    [(6, 1), (5, 1)]: c = -2
    [(7, 1), (4, 1)]: c = -4
    [(6, 1), (4, 1)]: c = -2
    [(5, 1), (4, 1)]: c = -2
    [(7, 1), (3, 1)]: c = -8
    [(6, 1), (3, 1)]: c = -4
    [(5, 1), (3, 1)]: c = -2
    [(4, 1), (3, 1)]: c = -2
    [(7, 1), (7, 2)]: c = -2
    [(6, 1), (7, 2)]: c = 52
    [(5, 1), (7, 2)]: c = 34
    [(4, 1), (7, 2)]: c = 20
    [(3, 1), (7, 2)]: c = 8
    [(7, 1), (7, 3)]: c = -2
    [(6, 1), (7, 3)]: c = 34
    [(5, 1), (7, 3)]: c = 24
    [(4, 1), (7, 3)]: c = 16
    [(3, 1), (7, 3)]: c = 16
    [(7, 2), (7, 3)]: c = -2
    [(7, 1), (7, 4)]: c = -4
    [(6, 1), (7, 4)]: c = 20
    [(5, 1), (7, 4)]: c = 16
    [(4, 1), (7, 4)]: c = 16
    [(3, 1), (7, 4)]: c = 8
    [(7, 2), (7, 4)]: c = -2
    [(7, 3), (7, 4)]: c = -2
    [(7, 1), (7, 5)]: c = -8
    [(6, 1), (7, 5)]: c = 8
    [(5, 1), (7, 5)]: c = 16
    [(4, 1), (7, 5)]: c = 8
    [(3, 1), (7, 5)]: c = 4
    [(7, 2), (7, 5)]: c = -4
    [(7, 3), (7, 5)]: c = -2
    [(7, 4), (7, 5)]: c = -2
    [(7, 1), (6, 1), (7, 2)]: c = -8
    [(7, 1), (5, 1), (7, 2)]: c = -4
    [(6, 1), (5, 1), (7, 2)]: c = -16
    [(7, 1), (4, 1), (7, 2)]: c = -2
    [(6, 1), (4, 1), (7, 2)]: c = -16
    [(5, 1), (4, 1), (7, 2)]: c = -16
    [(6, 1), (3, 1), (7, 2)]: c = -20
    [(5, 1), (3, 1), (7, 2)]: c = -16
    [(4, 1), (3, 1), (7, 2)]: c = -16
    [(7, 1), (6, 1), (7, 3)]: c = -4
    [(7, 1), (5, 1), (7, 3)]: c = -2
    [(6, 1), (5, 1), (7, 3)]: c = -8
    [(6, 1), (4, 1), (7, 3)]: c = -8
    [(5, 1), (4, 1), (7, 3)]: c = -8
    [(5, 1), (3, 1), (7, 3)]: c = -2
    [(4, 1), (3, 1), (7, 3)]: c = -4
    [(6, 1), (7, 2), (7, 3)]: c = -16
    [(5, 1), (7, 2), (7, 3)]: c = -8
    [(4, 1), (7, 2), (7, 3)]: c = -4
    [(7, 1), (6, 1), (7, 4)]: c = -2
    [(6, 1), (5, 1), (7, 4)]: c = -4
    [(5, 1), (4, 1), (7, 4)]: c = -2
    [(6, 1), (3, 1), (7, 4)]: c = -6
    [(5, 1), (3, 1), (7, 4)]: c = -6
    [(4, 1), (3, 1), (7, 4)]: c = -4
    [(6, 1), (7, 2), (7, 4)]: c = -16
    [(5, 1), (7, 2), (7, 4)]: c = -8
    [(3, 1), (7, 2), (7, 4)]: c = -2
    [(6, 1), (7, 3), (7, 4)]: c = -16
    [(5, 1), (7, 3), (7, 4)]: c = -8
    [(4, 1), (7, 3), (7, 4)]: c = -2
    [(3, 1), (7, 3), (7, 4)]: c = -2
    [(6, 1), (4, 1), (7, 5)]: c = -2
    [(5, 1), (4, 1), (7, 5)]: c = -2
    [(7, 1), (3, 1), (7, 5)]: c = 2
    [(6, 1), (3, 1), (7, 5)]: c = -2
    [(5, 1), (3, 1), (7, 5)]: c = -4
    [(4, 1), (3, 1), (7, 5)]: c = -4
    [(6, 1), (7, 2), (7, 5)]: c = -20
    [(4, 1), (7, 2), (7, 5)]: c = -6
    [(3, 1), (7, 2), (7, 5)]: c = -2
    [(6, 1), (7, 3), (7, 5)]: c = -16
    [(5, 1), (7, 3), (7, 5)]: c = -2
    [(4, 1), (7, 3), (7, 5)]: c = -6
    [(3, 1), (7, 3), (7, 5)]: c = -4
    [(6, 1), (7, 4), (7, 5)]: c = -16
    [(5, 1), (7, 4), (7, 5)]: c = -4
    [(4, 1), (7, 4), (7, 5)]: c = -4
    [(3, 1), (7, 4), (7, 5)]: c = -4
    [(6, 1), (5, 1), (7, 2), (7, 3)]: c = 4
    [(6, 1), (4, 1), (7, 2), (7, 3)]: c = 4
    [(5, 1), (4, 1), (7, 2), (7, 3)]: c = 4
    [(6, 1), (3, 1), (7, 2), (7, 3)]: c = 4
    [(5, 1), (3, 1), (7, 2), (7, 3)]: c = 2
    [(4, 1), (3, 1), (7, 2), (7, 3)]: c = 2
    [(6, 1), (5, 1), (7, 2), (7, 4)]: c = 4
    [(6, 1), (4, 1), (7, 2), (7, 4)]: c = 4
    [(5, 1), (4, 1), (7, 2), (7, 4)]: c = 2
    [(6, 1), (3, 1), (7, 2), (7, 4)]: c = 6
    [(5, 1), (3, 1), (7, 2), (7, 4)]: c = 4
    [(4, 1), (3, 1), (7, 2), (7, 4)]: c = 2
    [(6, 1), (5, 1), (7, 3), (7, 4)]: c = 4
    [(6, 1), (4, 1), (7, 3), (7, 4)]: c = 2
    [(5, 1), (4, 1), (7, 3), (7, 4)]: c = 2
    [(6, 1), (3, 1), (7, 3), (7, 4)]: c = 2
    [(5, 1), (3, 1), (7, 3), (7, 4)]: c = 2
    [(6, 1), (5, 1), (7, 2), (7, 5)]: c = 4
    [(6, 1), (4, 1), (7, 2), (7, 5)]: c = 6
    [(5, 1), (4, 1), (7, 2), (7, 5)]: c = 2
    [(6, 1), (3, 1), (7, 2), (7, 5)]: c = 8
    [(5, 1), (3, 1), (7, 2), (7, 5)]: c = 2
    [(4, 1), (3, 1), (7, 2), (7, 5)]: c = 4
    [(6, 1), (5, 1), (7, 3), (7, 5)]: c = 2
    [(6, 1), (4, 1), (7, 3), (7, 5)]: c = 4
    [(5, 1), (4, 1), (7, 3), (7, 5)]: c = 2
    [(6, 1), (3, 1), (7, 3), (7, 5)]: c = 2
    [(4, 1), (3, 1), (7, 3), (7, 5)]: c = 2
    [(6, 1), (5, 1), (7, 4), (7, 5)]: c = 2
    [(6, 1), (4, 1), (7, 4), (7, 5)]: c = 2
    [(6, 1), (3, 1), (7, 4), (7, 5)]: c = 4
    [(5, 1), (3, 1), (7, 4), (7, 5)]: c = 2
    [(4, 1), (3, 1), (7, 4), (7, 5)]: c = 2
