== THM-3499 independent hostile audit ==
shortlex normalization: exact for q=2..7, depths 0..8
partial final level: explicit uniform bound <= 1+log(q)
binary-3-state: tables=729 languages=5832 transient=190 multi-closed=2 periodic=34 closed-class-hist={'closed_1': 727, 'closed_2': 2}
  Kraft/spectral dichotomy: convergent=1556 positive-log=4276
  worst Cesaro(512) error=0.01171875; largest depth certificate radius=0
  strongest certified unweighted-basin failure=0.0849625007212; strongest certified alphabet-reversal change=0.169925001442
ternary-2-state: tables=64 languages=256 transient=7 multi-closed=0 periodic=1 closed-class-hist={'closed_1': 64}
  Kraft/spectral dichotomy: convergent=79 positive-log=177
  worst Cesaro(512) error=0.005859375; largest depth certificate radius=0
  strongest certified unweighted-basin failure=4.21884749358e-15; strongest certified alphabet-reversal change=2.6645352591e-15
variable Berggren control: 12 states, 4 accept, coefficient=1/3, one irreducible class
fixed Berggren control: 192 states, 34 accept, period=2, chambers=16/18, coefficient=17/96
even-length control: period=2, natural endpoint oscillation survives, logarithmic coefficient=1/2
prefix controls: zero=log(3/2)/log(2), one=log(4/3)/log(2), values=0.584962500721158/0.415037499278844
reducible periodic split: class means=1/2,1; address-weighted coefficient=0.707518749639422
delayed two-basin transient: depth-4/12 radii=0.0901684400556/0.000352220468967; approximants=0.522860957809/0.523667170458
finite functional-equation max error=3.33066907388e-16
direct depth-18 arbitrary-cutoff controls: even(endpoint/mid)=0.556257316977/0.546347701166; prefix(endpoint/mid)=0.567971696588/0.580655613497
exact exhaustive ledger sha256=046420bde716c6f83c7314c0010e1e4b19feffae59de7c9684fb4d0bdc4b1459
verdict: no counterexample; all exact and hostile gates passed
scope: complete finite automata in shortlex order, not arbitrary subsets of N
