reset_20260926_swaplift: exact certificates
171 core coefficients q odd1..341; maxJ40,maxA66 atq9; max optimizedR64
full-to1 comparison: maxJ56,maxA99 atq339
hard-swap identities: 21546 ; selected source controls: 10955
final-collision controls: 2311 ; final-swap clipping controls: 1716
small progression exceptions checked: 1431
minimal disjoint cylinders: 65 ; natural density: 6985206796614369409/36893488147419103232
density amongoddintegers: 6985206796614369409/18446744073709551616 ; direct covered sources below100000: 18932
unbounded q=(64^j-1)/9 controls j1..64: precision3 suffices,1/2 fail two-step descent
fixed q1,R1 positive shadow controls c2/4,k1..128: all first2k iterates exceed the source
first descent table columns k,source,odd_steps,endpoint; cap10000:
c2: [(1, 11, 3, 5), (2, 123, 5, 59), (3, 1019, 7, 545), (4, 8187, 9, 4919), (5, 65531, 11, 44285), (6, 524283, 13, 398579), (7, 4194299, 15, 3587225), (8, 33554427, 17, 32285039)]
c4, family containing27: [(1, 27, 37, 23), (2, 251, 17, 61), (3, 2043, 11, 691), (4, 16379, 34, 7583), (5, 131067, 31, 35953), (6, 1048571, 27, 909041), (7, 8388603, 22, 3830695), (8, 67108859, 39, 29486219)]
27-family counting boundary controls k1..128 pass; no monotonic first-descent inference
certificate table: q J A Aprev b clippedR optimizedR residue modulus_exponent
1 2 5 1 1 5 4 23 5
3 5 9 6 5 9 9 347 10
5 4 8 3 5 8 7 95 8
7 1 6 0 1 3 3 3 4
9 40 66 61 5 65 64 24595658764946068839 65
11 2 4 2 19 4 4 11 5
13 5 9 5 19 9 9 367 10
15 1 3 0 17 3 3 3 4
17 2 4 1 29 4 4 23 5
19 4 7 5 37 7 7 123 8
21 35 57 54 23 57 57 96076792050570623 58
23 1 4 0 13 3 3 3 4
25 3 11 3 1 6 6 7 7
27 2 5 2 23 4 4 11 5
29 3 6 2 37 6 6 15 7
31 1 3 0 35 3 3 3 4
33 2 7 1 7 4 4 23 5
35 6 12 8 19 11 11 1435 12
37 19 31 27 61 31 31 1431655839 32
39 1 5 0 11 3 3 3 4
41 5 9 6 59 9 9 423 10
43 2 4 2 73 4 4 11 5
45 4 8 4 43 7 7 175 8
47 1 3 0 53 3 3 3 4
49 2 4 1 83 4 4 23 5
51 3 6 3 65 6 6 59 7
53 13 22 18 61 22 22 5592511 23
55 1 4 0 31 3 3 3 4
57 4 7 5 109 7 7 199 8
59 2 6 2 25 4 4 11 5
61 28 46 42 61 46 45 23456248059343 46
63 1 3 0 71 3 3 3 4
65 2 5 1 55 4 4 23 5
67 4 14 4 1 7 7 219 8
69 26 43 39 61 42 42 5864062014943 43
71 1 7 0 5 3 3 3 4
73 7 13 10 59 12 12 5607 13
75 2 4 2 127 4 4 11 5
77 7 14 8 31 12 12 5615 13
79 1 3 0 89 3 3 3 4
81 2 4 1 137 4 4 23 5
83 5 9 6 119 9 9 507 10
85 9 16 13 77 15 15 22015 16
87 1 4 0 49 3 3 3 4
89 3 6 3 113 6 6 7 7
91 2 5 2 77 4 4 11 5
93 3 7 2 59 6 6 15 7
95 1 3 0 107 3 3 3 4
97 2 6 1 41 4 4 23 5
99 20 34 30 61 33 33 5726623259 34
101 8 15 11 61 14 14 22047 15
103 1 5 0 29 3 3 3 4
105 4 10 4 25 7 7 39 8
107 2 4 2 181 4 4 11 5
109 13 22 17 125 22 22 5592623 23
111 1 3 0 125 3 3 3 4
113 2 4 1 191 4 4 23 5
115 3 7 3 73 6 6 59 7
117 5 9 4 167 9 9 575 10
119 1 4 0 67 3 3 3 4
121 5 9 6 173 9 9 583 10
123 2 8 2 13 4 4 11 5
125 4 8 5 119 7 7 79 8
127 1 3 0 143 3 3 3 4
129 2 5 1 109 4 4 23 5
131 7 12 10 211 12 12 5723 13
133 4 7 3 253 7 7 95 8
135 1 6 0 19 3 3 3 4
137 9 18 12 31 15 15 22119 16
139 2 4 2 235 4 4 11 5
141 6 11 7 151 11 11 1647 12
143 1 3 0 161 3 3 3 4
145 2 4 1 245 4 4 23 5
147 4 10 5 35 7 7 123 8
149 25 41 34 173 41 41 1466015503999 42
151 1 4 0 85 3 3 3 4
153 3 7 3 97 6 6 7 7
155 2 5 2 131 4 4 11 5
157 3 6 2 199 6 6 15 7
159 1 3 0 179 3 3 3 4
161 2 8 1 17 4 4 23 5
163 7 13 8 131 12 12 5787 13
165 17 28 25 239 28 28 357914271 29
167 1 5 0 47 3 3 3 4
169 6 11 7 181 11 11 1703 12
171 2 4 2 289 4 4 11 5
173 4 7 4 329 7 7 175 8
175 1 3 0 197 3 3 3 4
177 2 4 1 299 4 4 23 5
179 3 6 3 227 6 6 59 7
181 8 15 11 109 14 14 22207 15
183 1 4 0 103 3 3 3 4
185 4 12 5 11 7 7 199 8
187 2 6 2 79 4 4 11 5
189 14 23 21 325 23 23 5592783 24
191 1 3 0 215 3 3 3 4
193 2 5 1 163 4 4 23 5
195 4 7 4 371 7 7 219 8
197 5 9 6 281 9 9 735 10
199 1 8 0 7 3 3 3 4
201 12 20 18 307 20 20 1398503 21
203 2 4 2 343 4 4 11 5
205 7 12 7 329 12 12 5871 13
207 1 3 0 233 3 3 3 4
209 2 4 1 353 4 4 23 5
211 6 12 7 113 11 11 1787 12
213 14 23 18 365 23 23 5592831 24
215 1 4 0 121 3 3 3 4
217 3 6 3 275 6 6 7 7
219 2 5 2 185 4 4 11 5
221 3 9 2 35 6 6 15 7
223 1 3 0 251 3 3 3 4
225 2 6 1 95 4 4 23 5
227 12 21 14 173 20 20 1398555 21
229 6 11 8 245 11 11 1823 12
231 1 5 0 65 3 3 3 4
233 4 7 4 443 7 7 39 8
235 2 4 2 397 4 4 11 5
237 5 10 6 169 9 9 815 10
239 1 3 0 269 3 3 3 4
241 2 4 1 407 4 4 23 5
243 3 8 3 77 6 6 59 7
245 6 12 7 131 11 11 1855 12
247 1 4 0 139 3 3 3 4
249 7 16 10 25 12 12 5959 13
251 2 7 2 53 4 4 11 5
253 4 7 5 481 7 7 79 8
255 1 3 0 287 3 3 3 4
257 2 5 1 217 4 4 23 5
259 7 17 9 13 12 12 5979 13
261 4 11 3 31 7 7 95 8
263 1 6 0 37 3 3 3 4
265 27 45 38 173 44 44 23456248059751 45
267 2 4 2 451 4 4 11 5
269 15 26 19 173 25 25 22370159 26
271 1 3 0 305 3 3 3 4
273 2 4 1 461 4 4 23 5
275 4 7 5 523 7 7 123 8
277 9 17 12 125 15 15 22399 16
279 1 4 0 157 3 3 3 4
281 3 8 3 89 6 6 7 7
283 2 5 2 239 4 4 11 5
285 3 6 2 361 6 6 15 7
287 1 3 0 323 3 3 3 4
289 2 7 1 61 4 4 23 5
291 5 9 5 415 9 9 923 10
293 7 13 9 235 12 12 6047 13
295 1 5 0 83 3 3 3 4
297 11 20 16 151 19 19 350119 20
299 2 4 2 505 4 4 11 5
301 4 9 4 143 7 7 175 8
303 1 3 0 341 3 3 3 4
305 2 4 1 515 4 4 23 5
307 3 6 3 389 6 6 59 7
309 24 40 37 239 39 39 366503876543 40
311 1 4 0 175 3 3 3 4
313 4 7 5 595 7 7 199 8
315 2 6 2 133 4 4 11 5
317 5 11 6 113 9 9 975 10
319 1 3 0 359 3 3 3 4
321 2 5 1 271 4 4 23 5
323 4 8 4 307 7 7 219 8
325 9 15 12 587 15 15 22495 16
327 1 7 0 23 3 3 3 4
329 5 9 5 469 9 9 999 10
331 2 4 2 559 4 4 11 5
333 6 13 6 89 11 11 2031 12
335 1 3 0 377 3 3 3 4
337 2 4 1 569 4 4 23 5
339 13 24 18 97 22 22 5593083 23
341 11 20 13 173 19 19 350207 20
minimal-cylinder coefficient labels: 7,1,11,25,29,51,5,19,45,57,67,105,125,3,13,41,83,117,121,197,237,291,317,329,35,141,169,211,229,245,333,73,77,131,163,205,249,259,293,101,181,85,137,277,325,297,341,201,227,53,109,339,189,213,269,165,37,99,309,149,69,265,61,21,9
PASS: all checks active under -O
