==============================================================================
STRESS TEST: rigidity on |S|<=6, k<=12, hard half, robust winding cert
  Kmax=40, safe radii=[0.9, 0.93], meshes=[1024, 2048]
  (Euler winding = 0 confirmed for r<=0.95 at Kmax>=20)
==============================================================================

Euler control (must be winding 0 at safe radii):
   r=0.9: winding=0, min|F|=1.286e-06, tail<= 7.27e-114
   r=0.93: winding=0, min|F|=1.337e-09, tail<= 4.28e-78

HARD half (B(S)>=0) on k<=12, |S|<=6: 1585 sets
   ... 500/1585 done (37s, 490 certified so far)
   ... 1000/1585 done (75s, 975 certified so far)
   ... 1500/1585 done (111s, 1455 certified so far)

ROBUSTLY CERTIFIED (winding>=1 at all radii*meshes, |F| floor ok): 1540/1585
min-winding distribution: {0: 45, 1: 256, 2: 337, 3: 404, 4: 425, 5: 110, 6: 8}

*** 45 NON-CERTIFIED (rigidity counterexample candidates) ***
   S={11} B=+1 windings=[0, 0, 6, 6] min|F|=1.31e-06
   S={10, 11} B=+0 windings=[0, 0, 7, 7] min|F|=6.84e-07
   S={11, 12} B=+0 windings=[0, 0, 6, 6] min|F|=1.31e-06
   S={1, 3, 5} B=+3 windings=[0, 0, 6, 6] min|F|=3.52e-03
   S={1, 3, 5, 7} B=+4 windings=[0, 0, 2, 2] min|F|=1.92e-04
   S={8, 1, 3, 5} B=+2 windings=[0, 0, 6, 6] min|F|=3.85e-03
   S={1, 3, 5, 9} B=+4 windings=[0, 0, 6, 6] min|F|=3.46e-03
   S={1, 10, 3, 5} B=+2 windings=[0, 0, 6, 6] min|F|=3.47e-03
   S={11, 1, 3, 5} B=+4 windings=[0, 0, 6, 6] min|F|=3.52e-03
   S={1, 3, 12, 5} B=+2 windings=[0, 0, 6, 6] min|F|=3.52e-03
   S={1, 3, 5, 7, 8} B=+3 windings=[0, 0, 4, 4] min|F|=1.33e-03
   S={1, 3, 5, 7, 9} B=+5 windings=[0, 0, 0, 0] min|F|=2.32e-04
   S={1, 3, 5, 7, 10} B=+3 windings=[0, 0, 2, 2] min|F|=2.06e-04
   S={1, 3, 5, 7, 11} B=+5 windings=[0, 0, 2, 2] min|F|=1.91e-04
   S={1, 3, 5, 7, 12} B=+3 windings=[0, 0, 2, 2] min|F|=1.91e-04
   S={1, 3, 5, 8, 9} B=+3 windings=[0, 0, 6, 6] min|F|=3.84e-03
   S={1, 3, 5, 8, 10} B=+1 windings=[0, 0, 6, 6] min|F|=3.85e-03
   S={1, 3, 5, 8, 11} B=+3 windings=[0, 0, 6, 6] min|F|=3.85e-03
   S={1, 3, 5, 8, 12} B=+1 windings=[0, 0, 6, 6] min|F|=3.85e-03
   S={1, 3, 5, 9, 10} B=+3 windings=[0, 0, 6, 6] min|F|=3.41e-03
   S={1, 3, 5, 9, 11} B=+5 windings=[0, 0, 6, 6] min|F|=3.46e-03
   S={1, 3, 5, 9, 12} B=+3 windings=[0, 0, 6, 6] min|F|=3.46e-03
   S={1, 3, 5, 10, 11} B=+3 windings=[0, 0, 6, 6] min|F|=3.47e-03
   S={1, 3, 5, 10, 12} B=+1 windings=[0, 0, 6, 6] min|F|=3.47e-03
   S={1, 3, 5, 11, 12} B=+3 windings=[0, 0, 6, 6] min|F|=3.52e-03
   S={1, 3, 5, 7, 8, 9} B=+4 windings=[0, 0, 4, 4] min|F|=1.67e-03
   S={1, 3, 5, 7, 8, 10} B=+2 windings=[0, 0, 4, 4] min|F|=1.30e-03
   S={1, 3, 5, 7, 8, 11} B=+4 windings=[0, 0, 4, 4] min|F|=1.33e-03
   S={1, 3, 5, 7, 8, 12} B=+2 windings=[0, 0, 4, 4] min|F|=1.33e-03
   S={1, 3, 5, 7, 9, 10} B=+4 windings=[0, 0, 0, 0] min|F|=2.05e-04
   S={1, 3, 5, 7, 9, 11} B=+6 windings=[0, 0, 0, 0] min|F|=2.28e-04
   S={1, 3, 5, 7, 9, 12} B=+4 windings=[0, 0, 0, 0] min|F|=2.31e-04
   S={1, 3, 5, 7, 10, 11} B=+4 windings=[0, 0, 2, 2] min|F|=2.07e-04
   S={1, 3, 5, 7, 10, 12} B=+2 windings=[0, 0, 2, 2] min|F|=2.06e-04
   S={1, 3, 5, 7, 11, 12} B=+4 windings=[0, 0, 2, 2] min|F|=1.90e-04
   S={1, 3, 5, 8, 9, 10} B=+2 windings=[0, 0, 6, 6] min|F|=3.84e-03
   S={1, 3, 5, 8, 9, 11} B=+4 windings=[0, 0, 6, 6] min|F|=3.84e-03
   S={1, 3, 5, 8, 9, 12} B=+2 windings=[0, 0, 6, 6] min|F|=3.84e-03
   S={1, 3, 5, 8, 10, 11} B=+2 windings=[0, 0, 6, 6] min|F|=3.85e-03
   S={1, 3, 5, 8, 10, 12} B=+0 windings=[0, 0, 6, 6] min|F|=3.85e-03

------------------------------------------------------------------------------
Adversarial probes (deepest hard half + parity-pure supports):
------------------------------------------------------------------------------
   S={1, 3, 5, 7, 9, 11} B=+6: certified=False, windings=[0, 0, 0, 0], min|F|=2.28e-04
   S={1, 3, 5} B=+3: certified=False, windings=[0, 0, 6, 6], min|F|=3.52e-03
   S={2, 4, 6, 8, 10, 12} B=-6: certified=True, windings=[1, 1, 3, 3], min|F|=1.10e-01
   S={1, 2, 3, 4, 5, 6} B=+0: certified=True, windings=[6, 6, 6, 6], min|F|=3.07e-02
   S={11} B=+1: certified=False, windings=[0, 0, 6, 6], min|F|=1.31e-06
   S={1, 3, 5, 7, 9} B=+5: certified=False, windings=[0, 0, 0, 0], min|F|=2.32e-04
   S={1, 11} B=+2: certified=True, windings=[3, 3, 3, 3], min|F|=6.93e-02

=== TOTAL 117.8s ===
