============================================================
ALPHA_1 GAP LANDSCAPE
============================================================

  n=3 (2 tournaments, 0.0s):
    Achievable alpha_1: [0, 1]
    Gaps: []
    Distribution: {0: 1, 1: 1}
    Implied H gap candidates: []

  n=4 (8 tournaments, 0.0s):
    Achievable alpha_1: [0, 1, 2]
    Gaps: []
    Distribution: {0: 1, 1: 2, 2: 5}
    Implied H gap candidates: []

  n=5 (64 tournaments, 0.0s):
    Achievable alpha_1: [0, 1, 2, 4, 5, 6, 7]
    Gaps: [3]
    Distribution: {0: 1, 1: 3, 2: 10, 4: 18, 5: 11, 6: 13, 7: 8}
    Implied H gap candidates: [7]

  n=6 (1024 tournaments, 0.6s):
    Achievable alpha_1: [0, 1, 2, 4, 5, 6, 7, 8, 9, 10, 11, 12, 13, 14, 16, 19, 20]
    Gaps: [3, 15, 17, 18]
    Distribution: {0: 1, 1: 4, 2: 16, 4: 36, 5: 22, 6: 43, 7: 46, 8: 17, 9: 84, 10: 29, 11: 64, 12: 170, 13: 62, 14: 192, 16: 137, 19: 86, 20: 15}
    Implied H gap candidates: [7, 31, 35, 37]

  n=7 (32768 tournaments, 87.5s):
    Achievable alpha_1: [0, 1, 2, 3, 4, 5, 6, 7, 8, 9, 10, 11, 12, 13, 14, 15, 16, 17, 18, 19, 20, 21, 22, 23, 24, 25, 26, 27, 28, 29, 30, 31, 32, 33, 35, 36, 37, 38, 39, 40, 41, 42, 43, 44, 45, 46, 47, 49, 51, 57]
    Gaps: [34, 48, 50, 52, 53, 54, 55, 56]
    Distribution: {0: 1, 1: 5, 2: 23, 3: 10, 4: 54, 5: 33, 6: 73, 7: 84, 8: 34, 9: 199, 10: 116, 11: 155, 12: 365, 13: 371, 14: 384, 15: 215, 16: 403, 17: 188, 18: 482, 19: 696, 20: 416, 21: 573, 22: 443, 23: 1586, 24: 575, 25: 1003, 26: 1327, 27: 1312, 28: 749, 29: 1806, 30: 1281, 31: 2740, 32: 1609, 33: 1027, 35: 2477, 36: 752, 37: 1557, 38: 568, 39: 842, 40: 1657, 41: 1532, 42: 556, 43: 1034, 44: 308, 45: 159, 46: 147, 47: 616, 49: 159, 51: 57, 57: 9}
    Implied H gap candidates: [69, 97, 101, 105, 107, 109, 111, 113]

============================================================
(ALPHA_1, ALPHA_2) ACHIEVABLE PAIRS
============================================================

  n=5:
    Achievable (alpha_1, alpha_2) pairs: 7
    Grid (alpha_1 = rows, alpha_2 = cols):
    a1\a2    0
       0      1
       1      3
       2      5
       3      .
       4      9
       5     11
       6     13
       7     15

    H=7 requires (a1,a2,...) with a1+2*a2+...=3:
      (3,0): achieved? False
      (1,1): achieved? False

    H=21 requires a1+2*a2+...=10:
      (0,5): NOT ACHIEVED, H=21? False
      (2,4): NOT ACHIEVED, H=21? False
      (4,3): NOT ACHIEVED, H=21? False
      (6,2): NOT ACHIEVED, H=21? False
      (8,1): NOT ACHIEVED, H=21? False
      (10,0): NOT ACHIEVED, H=21? False

  n=6:
    Achievable (alpha_1, alpha_2) pairs: 27
    Grid (alpha_1 = rows, alpha_2 = cols):
    a1\a2    0    1    2    3    4
       0      1    .    .    .    .
       1      3    .    .    .    .
       2      5    9    .    .    .
       3      .    .    .    .    .
       4      9    .    .    .    .
       5     11    .    .    .    .
       6     13   17    .    .    .
       7     15    .    .    .    .
       8     17    .    .    .    .
       9     19   23    .    .    .
      10      .    .   29    .    .
      11     23   27    .    .    .
      12     25   29   33    .    .
      13      .   31    .    .    .
      14      .   33   37    .   45
      15      .    .    .    .    .
      16     33   37   41    .    .
      17      .    .    .    .    .
      18      .    .    .    .    .
      19      .   43    .    .    .
      20      .   45    .    .    .

    H=7 requires (a1,a2,...) with a1+2*a2+...=3:
      (3,0): achieved? False
      (1,1): achieved? False

    H=21 requires a1+2*a2+...=10:
      (0,5): NOT ACHIEVED, H=21? False
      (2,4): NOT ACHIEVED, H=21? False
      (4,3): NOT ACHIEVED, H=21? False
      (6,2): NOT ACHIEVED, H=21? False
      (8,1): NOT ACHIEVED, H=21? False
      (10,0): NOT ACHIEVED, H=21? False

============================================================
H-GAP CENSUS: FIRST APPEARANCE
============================================================

  First appearance of odd H values (up to 200):
      H   n      H   n      H   n      H   n
      1   3      3   3      5   4      7   ∞  
      9   5     11   5     13   5     15   5  
     17   6     19   6     21   ∞     23   6  
     25   6     27   6     29   6     31   6  
     33   6     35   7     37   6     39   7  
     41   6     43   6     45   6     47   7  
     49   7     51   7     53   7     55   7  
     57   7     59   7     61   7     63  ≥8  
     65   7     67   7     69   7     71   7  
     73   7     75   7     77   7     79   7  
     81   7     83   7     85   7     87   7  
     89   7     91   7     93   7     95   7  
     97   7     99   7    101   7    103   7  
    105   7    107  ≥8    109   7    111   7  
    113   7    115   7    117   7    119  ≥8  
    121   7    123   7    125   7    127   7  
    129   7    131   7    133   7    135   7  
    137   7    139   7    141   7    143   7  
    145   7    147   7    149  ≥8    151   7  
    153   7    155   7    157   7    159   7  
    161  ≥8    163  ≥8    165  ≥8    167  ≥8  
    169  ≥8    171   7    173  ≥8    175   7  
    177  ≥8    179  ≥8    181  ≥8    183  ≥8  
    185  ≥8    187  ≥8    189   7    191  ≥8  
    193  ≥8    195  ≥8    197  ≥8    199  ≥8  

  Summary:
    First at n=3: 2 values, range [1, 3]
    First at n=4: 1 values, range [5, 5]
    First at n=5: 4 values, range [9, 15]
    First at n=6: 12 values, range [17, 45]
    First at n=7: 58 values, range [35, 189]
    Not yet achieved (≤200): [7, 21, 63, 107, 119, 149, 161, 163, 165, 167, 169, 173, 177, 179, 181, 183, 185, 187, 191, 193, 195, 197, 199]
    Permanently forbidden: [7, 21]
    Likely transient: [63, 107, 119, 149, 161, 163, 165, 167, 169, 173, 177, 179, 181, 183, 185, 187, 191, 193, 195, 197, 199]

============================================================
ALPHA_K DISTRIBUTIONS
============================================================

  n=5 (64 tournaments):
    alpha_1: mean=4.44, std=1.79, min=0, max=7
    alpha_2: mean=0.00, std=0.00, min=0, max=0
    alpha_1 skewness: -0.459, excess kurtosis: -0.606
    H ≈ 1 + 2*a1 + 4*a2: R² = 1.000000
    Max |H - (1+2a1+4a2)| = 0.0
    H ≈ 2.000*a1 + 1.000: R² = 1.0000

  n=6 (1024 tournaments):
    alpha_1: mean=12.12, std=4.16, min=0, max=20
    alpha_2: mean=0.94, std=0.81, min=0, max=4
    alpha_1 skewness: -0.365, excess kurtosis: -0.209
    Corr(alpha_1, alpha_2) = 0.4654
    H ≈ 1 + 2*a1 + 4*a2: R² = 1.000000
    Max |H - (1+2a1+4a2)| = 0.0
    H ≈ 2.362*a1 + 0.365: R² = 0.9218

============================================================
THE H=21 MECHANISM
============================================================
  H=21 requires a1 + 2*a2 + 4*a3 + ... = 10
  Level-2 decompositions (a3=0): (10,0), (8,1), (6,2), (4,3), (2,4), (0,5)

  n=5:
    Sampled 64 tournaments
    H=21 found: False
    (a1=10, a2=0): NOT FOUND (0 times)
    (a1=8, a2=1): NOT FOUND (0 times)
    (a1=6, a2=2): NOT FOUND (0 times)
    (a1=4, a2=3): NOT FOUND (0 times)
    (a1=2, a2=4): NOT FOUND (0 times)
    (a1=0, a2=5): NOT FOUND (0 times)

  n=6:
    Sampled 1024 tournaments
    H=21 found: False
    (a1=10, a2=0): NOT FOUND (0 times)
    (a1=8, a2=1): NOT FOUND (0 times)
    (a1=6, a2=2): NOT FOUND (0 times)
    (a1=4, a2=3): NOT FOUND (0 times)
    (a1=2, a2=4): NOT FOUND (0 times)
    (a1=0, a2=5): NOT FOUND (0 times)

  n=7:
    Sampled 5000 tournaments
    H=21 found: False
    (a1=10, a2=0): NOT FOUND (0 times)
    (a1=8, a2=1): NOT FOUND (0 times)
    (a1=6, a2=2): NOT FOUND (0 times)
    (a1=4, a2=3): NOT FOUND (0 times)
    (a1=2, a2=4): NOT FOUND (0 times)
    (a1=0, a2=5): NOT FOUND (0 times)

============================================================
H-VALUE DENSITY AND GAP PREDICTIONS
============================================================

  n=3: 2 achievable H values, max=3, density=1.000
    Odd gaps: []

  n=4: 3 achievable H values, max=5, density=1.000
    Odd gaps: []

  n=5: 7 achievable H values, max=15, density=0.875
    Odd gaps: [7]

  n=6: 19 achievable H values, max=45, density=0.826
    Odd gaps: [7, 21, 35, 39]

  n=7: 77 achievable H values, max=189, density=0.811
    Odd gaps: [7, 21, 63, 107, 119, 149, 161, 163, 165, 167, 169, 173, 177, 179, 181, 183, 185, 187]

  Gap evolution:
    n=4: persistent gaps ≤50: []
    n=4→5: NEW gaps: [7]
    n=5: persistent gaps ≤50: []
    n=5→6: NEW gaps: [21, 35, 39]
    n=6: persistent gaps ≤50: [7]
    n=6→7: CLOSED gaps: [35, 39]
    n=6→7: NEW gaps: [63, 107, 119, 149, 161, 163, 165, 167, 169, 173, 177, 179, 181, 183, 185]
    n=7: persistent gaps ≤50: [7, 21]

  Gaps persistent through n=3..7 (≤100): []
  Of these, PROVED permanent: []
  Unproved but persistent: []
