========================================================================
  ROOT CYCLE PROFILE DETERMINACY TEST
  kind-pasteur-2026-03-21-S18
========================================================================

--- n=5 (exhaustive, confirmation) ---
  Profiles: 9, determines H: True
    [0, 0, 0, 0, 0, 0, 0, 0, 0, 0] -> H = [1]
    [0, 0, 0, 0, 0, 0, 0, 1, 1, 1] -> H = [3]
    [0, 0, 0, 0, 0, 1, 1, 1, 1, 2] -> H = [5]
    [0, 0, 0, 1, 1, 1, 1, 1, 1, 3] -> H = [9]
    [0, 0, 0, 1, 1, 1, 1, 1, 2, 2] -> H = [9]
    [0, 0, 1, 1, 1, 1, 2, 2, 2, 2] -> H = [11]
    [0, 1, 1, 1, 1, 1, 1, 2, 2, 2] -> H = [13]
    [1, 1, 1, 1, 1, 1, 1, 1, 1, 3] -> H = [15]
    [1, 1, 1, 1, 1, 2, 2, 2, 2, 2] -> H = [15]

--- n=6 (exhaustive) ---
  Profiles: 29, determines H: False

  COUNTEREXAMPLES (profile maps to multiple H values):
    [0, 0, 0, 0, 0, 0, 1, 1, 1, 1, 1, 1, 2, 2, 2] -> H in [13, 17] (count=2160)
    [0, 0, 0, 1, 1, 1, 1, 1, 1, 1, 2, 2, 2, 2, 3] -> H in [25, 29] (count=2880)
    [0, 0, 1, 1, 1, 1, 1, 1, 2, 2, 2, 2, 2, 2, 3] -> H in [33, 37] (count=2880)
  Total failures: 3 / 29 profiles

--- n=6: Joint (profile, ||w||^2) classification ---
  Joint classes: 29, determines H: False
  Remaining failures: 3 / 29
    profile sum=12, ||w||^2=38: H in [13, 17]
    profile sum=18, ||w||^2=22: H in [25, 29]
    profile sum=21, ||w||^2=14: H in [33, 37]

--- n=7 (sampled, 50K random tournaments) ---
  ... 10000: 147 profiles, 51 multi-H
  ... 20000: 148 profiles, 51 multi-H
  ... 30000: 149 profiles, 51 multi-H
  ... 40000: 149 profiles, 51 multi-H
  ... 50000: 149 profiles, 51 multi-H
  Profiles: 149, determines H: False
  Failures: 51 / 149
    sum=30 [0, 0, 0, 1, 1, 1, 1, 1, 1, 1, 1, 1, 2, 2, 2, 2, 2, 2, 3, 3, 3] -> H in [89, 91, 95, 97, 99, 103]
    sum=36 [0, 1, 1, 1, 1, 1, 1, 1, 2, 2, 2, 2, 2, 2, 2, 2, 2, 2, 3, 3, 3] -> H in [129, 133, 135, 137, 139]
    sum=27 [0, 0, 0, 0, 0, 1, 1, 1, 1, 1, 1, 1, 2, 2, 2, 2, 2, 2, 2, 3, 3] -> H in [71, 73, 75, 77, 83]
    sum=24 [0, 0, 0, 0, 0, 0, 1, 1, 1, 1, 1, 1, 1, 1, 2, 2, 2, 2, 2, 3, 3] -> H in [55, 57, 65, 69]
    sum=33 [0, 0, 1, 1, 1, 1, 1, 1, 1, 1, 2, 2, 2, 2, 2, 2, 2, 2, 3, 3, 3] -> H in [105, 109, 111, 115]
    sum=27 [0, 0, 0, 0, 1, 1, 1, 1, 1, 1, 1, 1, 1, 1, 2, 2, 2, 2, 3, 3, 3] -> H in [67, 73, 77, 79]
    sum=30 [0, 0, 1, 1, 1, 1, 1, 1, 1, 1, 1, 1, 1, 2, 2, 2, 2, 2, 2, 3, 4] -> H in [101, 103, 109, 115]
    sum=21 [0, 0, 0, 0, 0, 0, 0, 1, 1, 1, 1, 1, 1, 1, 1, 1, 2, 2, 2, 3, 3] -> H in [33, 43, 45, 49]
    sum=36 [1, 1, 1, 1, 1, 1, 1, 1, 1, 1, 2, 2, 2, 2, 2, 2, 2, 3, 3, 3, 3] -> H in [129, 137, 139, 141]
    sum=30 [0, 0, 0, 1, 1, 1, 1, 1, 1, 1, 1, 2, 2, 2, 2, 2, 2, 2, 2, 3, 3] -> H in [91, 93, 103]
    sum=21 [0, 0, 0, 0, 0, 0, 0, 0, 1, 1, 1, 1, 1, 1, 2, 2, 2, 2, 2, 2, 3] -> H in [33, 37, 51]
    sum=33 [0, 0, 1, 1, 1, 1, 1, 1, 1, 2, 2, 2, 2, 2, 2, 2, 2, 2, 2, 3, 3] -> H in [111, 115, 127]
    sum=33 [0, 1, 1, 1, 1, 1, 1, 1, 1, 1, 1, 2, 2, 2, 2, 2, 2, 2, 2, 3, 4] -> H in [117, 123, 129]
    sum=39 [1, 1, 1, 1, 1, 1, 2, 2, 2, 2, 2, 2, 2, 2, 2, 2, 2, 2, 3, 3, 3] -> H in [151, 153, 159]
    sum=33 [0, 0, 1, 1, 1, 1, 1, 1, 1, 1, 1, 2, 2, 2, 2, 2, 2, 3, 3, 3, 3] -> H in [101, 109, 113]

========================================================================
  SUMMARY
========================================================================
