================================================================================
  CREATIVE SEESAW PROOF: Deletion analysis of β₁=1 tournaments
  kind-pasteur-2026-03-25-S27
================================================================================

  Searching for tournaments with β₁ = 1 at n=7...
  [100/500] b1>0: 8, b3>0: 7, both>0: 0
  [200/500] b1>0: 11, b3>0: 16, both>0: 0
  [300/500] b1>0: 15, b3>0: 26, both>0: 0
  [400/500] b1>0: 20, b3>0: 32, both>0: 0
  [500/500] b1>0: 25, b3>0: 39, both>0: 0

  RESULTS: 500 tournaments tested
  β₁ > 0: 25 (5.0%)
  β₃ > 0: 39 (7.8%)
  BOTH > 0: 0 (seesaw HOLDS)

  === DELETION ANALYSIS of β₁=1 tournaments ===
  For each β₁=1 tournament, delete each vertex and check β₃(T\v):

  Tournament #0:
    Score sequence: (1, 2, 2, 3, 4, 4, 5)
    v=0 (d⁺=4): β₁(T\v)=1, β₃(T\v)=0
    v=1 (d⁺=5): β₁(T\v)=1, β₃(T\v)=0
    v=2 (d⁺=2): β₁(T\v)=1, β₃(T\v)=0
    v=3 (d⁺=1): β₁(T\v)=1, β₃(T\v)=0
    v=4 (d⁺=4): β₁(T\v)=1, β₃(T\v)=0
    v=5 (d⁺=2): β₁(T\v)=0, β₃(T\v)=0  ← 1-hole through v
    v=6 (d⁺=3): β₁(T\v)=1, β₃(T\v)=0

  Tournament #1:
    Score sequence: (2, 2, 3, 3, 3, 4, 4)
    v=0 (d⁺=4): β₁(T\v)=1, β₃(T\v)=0
    v=1 (d⁺=3): β₁(T\v)=1, β₃(T\v)=0
    v=2 (d⁺=2): β₁(T\v)=1, β₃(T\v)=0
    v=3 (d⁺=3): β₁(T\v)=1, β₃(T\v)=0
    v=4 (d⁺=2): β₁(T\v)=1, β₃(T\v)=0
    v=5 (d⁺=3): β₁(T\v)=1, β₃(T\v)=0
    v=6 (d⁺=4): β₁(T\v)=1, β₃(T\v)=0

  Tournament #2:
    Score sequence: (1, 1, 3, 3, 4, 4, 5)
    v=0 (d⁺=4): β₁(T\v)=1, β₃(T\v)=0
    v=1 (d⁺=4): β₁(T\v)=1, β₃(T\v)=0
    v=2 (d⁺=1): β₁(T\v)=1, β₃(T\v)=0
    v=3 (d⁺=5): β₁(T\v)=0, β₃(T\v)=0  ← 1-hole through v
    v=4 (d⁺=1): β₁(T\v)=0, β₃(T\v)=0  ← 1-hole through v
    v=5 (d⁺=3): β₁(T\v)=1, β₃(T\v)=0
    v=6 (d⁺=3): β₁(T\v)=1, β₃(T\v)=0

  === DELETION ANALYSIS of β₃>0 tournaments ===

  Tournament #0 (β₃>0):
    Score sequence: (2, 3, 3, 3, 3, 3, 4)
    v=0 (d⁺=3): β₁(T\v)=0, β₃(T\v)=0  ← 3-hole removed
    v=1 (d⁺=4): β₁(T\v)=0, β₃(T\v)=0  ← 3-hole removed
    v=2 (d⁺=3): β₁(T\v)=0, β₃(T\v)=0  ← 3-hole removed
    v=3 (d⁺=3): β₁(T\v)=0, β₃(T\v)=0  ← 3-hole removed
    v=4 (d⁺=2): β₁(T\v)=0, β₃(T\v)=0  ← 3-hole removed
    v=5 (d⁺=3): β₁(T\v)=0, β₃(T\v)=0  ← 3-hole removed
    v=6 (d⁺=3): β₁(T\v)=0, β₃(T\v)=0  ← 3-hole removed

  Tournament #1 (β₃>0):
    Score sequence: (2, 2, 3, 3, 3, 4, 4)
    v=0 (d⁺=2): β₁(T\v)=0, β₃(T\v)=0  ← 3-hole removed
    v=1 (d⁺=3): β₁(T\v)=0, β₃(T\v)=0  ← 3-hole removed
    v=2 (d⁺=4): β₁(T\v)=0, β₃(T\v)=0  ← 3-hole removed
    v=3 (d⁺=2): β₁(T\v)=0, β₃(T\v)=1
    v=4 (d⁺=3): β₁(T\v)=0, β₃(T\v)=0  ← 3-hole removed
    v=5 (d⁺=3): β₁(T\v)=0, β₃(T\v)=0  ← 3-hole removed
    v=6 (d⁺=4): β₁(T\v)=0, β₃(T\v)=0  ← 3-hole removed

  Tournament #2 (β₃>0):
    Score sequence: (1, 2, 2, 3, 4, 4, 5)
    v=0 (d⁺=3): β₁(T\v)=0, β₃(T\v)=0  ← 3-hole removed
    v=1 (d⁺=4): β₁(T\v)=0, β₃(T\v)=0  ← 3-hole removed
    v=2 (d⁺=2): β₁(T\v)=0, β₃(T\v)=0  ← 3-hole removed
    v=3 (d⁺=1): β₁(T\v)=0, β₃(T\v)=0  ← 3-hole removed
    v=4 (d⁺=2): β₁(T\v)=0, β₃(T\v)=0  ← 3-hole removed
    v=5 (d⁺=4): β₁(T\v)=0, β₃(T\v)=0  ← 3-hole removed
    v=6 (d⁺=5): β₁(T\v)=0, β₃(T\v)=0  ← 3-hole removed

  THE PROOF IDEA:
  If β₁(T) = 1, there exists a vertex v where β₁(T\v) = 0.
  (The 1-hole "goes through" v — removing v kills it.)

  CONJECTURE: For this specific v, β₃(T\v) = 0.
  (The vertex that supports the 1-hole is "critical" enough to prevent 3-holes.)

  Then by the LES of (T, T\v):
    β₃(T) ≤ β₃(T\v) + dim H₃(T, T\v) = 0 + dim H₃(T, T\v)

  If dim H₃(T, T\v) = 0 (no new 3-holes from inserting v):
    β₃(T) = 0. Combined with β₁(T) = 1: seesaw holds.

  The key question: when a vertex v supports the 1-hole (β₁(T\v)=0),
  does it also kill any potential 3-holes?

