========================================================================
  SEESAW LARGE-SAMPLE TEST: beta_1 * beta_3 = 0
  kind-pasteur-2026-03-25-S3
========================================================================

--- n=8: 3000 samples ---
  [500/3000] 22s (22.6/s) violations=0
  [1000/3000] 44s (22.5/s) violations=0
  [1500/3000] 66s (22.7/s) violations=0
  [2000/3000] 88s (22.8/s) violations=0
  [2500/3000] 109s (22.8/s) violations=0
  [3000/3000] 131s (22.8/s) violations=0

  n=8: 3000 samples in 131s
  beta_1: {0: 2966, np.int64(1): 34}
  beta_3: {0: 2437, np.int64(1): 562, np.int64(2): 1}
  Seesaw violations (b1>0 AND b3>0): 0/3000

  beta_1 rate: 1.13%
  beta_3 rate: 18.77%
  If independent: expected 6.4 violations
  Observed: 0
  P(0 violations | independence): 0.0017
  ==> STATISTICALLY SIGNIFICANT: seesaw is REAL (p=0.0017)

  Cross-tabulation:
             b3=0   b3>0
    b1=0     2403     563
    b1>0       34       0

--- n=9: 500 samples ---
  [500/500] 115s (4.3/s) violations=0

  n=9: 500 samples in 115s
  beta_1: {0: 498, np.int64(1): 2}
  beta_3: {0: 378, np.int64(1): 121, np.int64(2): 1}
  Seesaw violations (b1>0 AND b3>0): 0/500

  beta_1 rate: 0.40%
  beta_3 rate: 24.40%
  If independent: expected 0.5 violations
  Observed: 0
  P(0 violations | independence): 0.6139
  ==> NOT statistically significant yet (p=0.6139)

  Cross-tabulation:
             b3=0   b3>0
    b1=0      376     122
    b1>0        2       0
