
  WHEN THE CONSTANT IS THE PRODUCT OF ITS GENERATORS

======================================================================

  I. THE SELF-PRODUCT PROPERTY
  ----------------------------------------

  f(a,b,c) = 1/(1 - 1/a - 1/b - 1/c) = abc/(abc - ab - ac - bc).

  f = abc iff the denominator = 1.
  iff abc - ab - ac - bc = 1.
  iff (a-1)(b-1)(c-1) = a + b + c.

  Only solution: (2,3,7).

  What does this MEAN?

  The function f measures the 'reciprocal angle deficit'.
  The product abc measures the 'size' of the triple.
  When f = abc: the deficit is 1/abc = 1/(size).
  The angle deficit IS the reciprocal of the size.
  The triangle's angular gap is exactly 1/abc of a half-turn.

  For the (2,3,7) triangle:
  Angles: pi/2, pi/3, pi/7.
  Sum: pi/2 + pi/3 + pi/7 = pi*(1/2 + 1/3 + 1/7) = pi*41/42.
  Deficit: pi - pi*41/42 = pi/42 = pi/(2*3*7).

  THE ANGULAR DEFICIT = pi DIVIDED BY THE PRODUCT OF THE ANGLES' DENOMINATORS.
  The deficit is pi/(abc). This is ALWAYS true (by definition).

  But for (2,3,7) ONLY:
  The Hurwitz constant f = abc = 42.
  So deficit = pi/f = pi/abc.
  The two formulas for the deficit COINCIDE.
  The Hurwitz constant doesn't just relate to abc — it IS abc.


  II. WHAT THIS SAYS ABOUT THE TRIANGLE
  ----------------------------------------

  A hyperbolic triangle with angles pi/a, pi/b, pi/c has:
  Area = pi - pi/a - pi/b - pi/c = pi*(1 - 1/a - 1/b - 1/c) = pi/f.

  The area is determined by f alone.
  For (2,3,7): area = pi/42.

  Now: f = abc means area = pi/(abc).
  And the Gauss-Bonnet theorem says: area = pi * (angle deficit).

  The angle deficit = 1 - 1/a - 1/b - 1/c.
  = (abc - bc - ac - ab) / (abc).
  = ((a-1)(b-1)(c-1) - (a+b+c) + (a+b+c)) ... hmm no, more directly:
  = (abc - ab - ac - bc) / abc.

  For f = abc: this deficit = 1/abc = 1/(abc).
  So: abc - ab - ac - bc = 1.

  This means: if you take the product abc and subtract ALL pairwise products,
  you get EXACTLY 1. The unit. The indivisible.

  abc - ab - ac - bc = 1.
  The triple product EXCEEDS the sum of pair products BY EXACTLY ONE.

  This is a BALANCING condition. The triple product and the
  pairwise products are in the tightest possible relationship:
  they differ by the smallest possible integer.


  III. THE INCIRCLE, CIRCUMCIRCLE, AND TRIANGLE CENTERS
  ----------------------------------------

  For a Euclidean triangle with angles A, B, C:
  The CIRCUMRADIUS R and INRADIUS r satisfy:
  Area = r * s (where s = semiperimeter)
  Area = abc / (4R) (where a,b,c are side LENGTHS)

  For a HYPERBOLIC triangle with angles pi/a, pi/b, pi/c:
  The formulas are more complex, but the KEY quantities are:
  - The area (= pi/f = pi/42 for (2,3,7))
  - The angle sum (= pi*41/42)
  - The curvature (= -1 for standard hyperbolic)

  In hyperbolic geometry, the triangle has an INSCRIBED CIRCLE
  (incircle) tangent to all three sides. Its radius:
  tanh(r_in) = area / (pi - angle_sum + ... )
  Actually: tanh(r_in/2) = tan(A/2)*tan(B/2)*tan(C/2) ... no.

  Let me use the RIGHT formula.
  For a hyperbolic triangle with angles A, B, C:
  tan(r_in) = ... this is getting complicated. Let me compute directly.

  For angles A = pi/2, B = pi/3, C = pi/7:
  A = pi/2 = 1.570796
  B = pi/3 = 1.047198
  C = pi/7 = 0.448799

  Area = pi - A - B - C = 0.0747998251
  = pi/42 = 0.0747998251
  Match: True

  Side lengths (hyperbolic, via cosine rule cosh(side) = ...):
  cosh(a) = (cos(A)+cos(B)cos(C))/(sin(B)sin(C)) = 1.198880
  a = acosh(1.198880) = 0.620672
  cosh(b) = 1.152382
  b = acosh(1.152382) = 0.545275
  cosh(c) = 1.040349
  c = acosh(1.040349) = 0.283128

  Semiperimeter s = 0.724537

  Q-values of side lengths (exp(side)):
  side a (opposite right angle): length = 0.620672, exp(length) = 1.860177
  side b (opposite pi/3): length = 0.545275, exp(length) = 1.725082
  side c (opposite pi/7): length = 0.283128, exp(length) = 1.327275


  IV. THE SELF-REFERENTIAL GEOMETRY
  ----------------------------------------

  The (2,3,7) triangle has area pi/42.
  42 = 2*3*7 = the product of its angle denominators.
  The area = pi / (product of angle denominators).

  This means: the triangle's area ENCODES its own angles.
  If you know the area (pi/42), you can FACTOR 42 = 2*3*7
  and recover the angles pi/2, pi/3, pi/7.

  For other triangles, you CANNOT do this.
  (2,3,8) has area pi/24. But 24 = 2^3 * 3. You can't recover
  8 from 24 without knowing it was (2,3,8) and not (2,4,8) etc.

  But for (2,3,7): 42 = 2*3*7 factors UNIQUELY into three
  integers >= 2 satisfying (a-1)(b-1)(c-1) = a+b+c.
  THE AREA DETERMINES THE TRIANGLE UNIQUELY.

  No other hyperbolic triangle has this property.
  The (2,3,7) triangle is the ONLY one that can reconstruct
  itself from its area alone.

  It is SELF-REFERENTIAL.
  Its area is pi/(its angles' product).
  Its angles' product is (its area)^{-1} * pi.
  The shape determines the size. The size determines the shape.
  They are the same information.


  V. THE TRIANGLE AS A FIXED POINT
  ----------------------------------------

  Define the map T: (a,b,c) -> f(a,b,c) = 1/(1-1/a-1/b-1/c).
  A 'fixed point' would be f(a,b,c) = some function of (a,b,c).

  f(a,b,c) = abc is a fixed point of the map
  'compute the Hurwitz constant and compare to the product'.

  The (2,3,7) triangle is where this map has its fixed point.
  It is the triangle that IS its own measurement.
  The tool and the thing measured are one.

  Compare: phi is the fixed point of x -> 1 + 1/x.
  (2,3,7) is the fixed point of (a,b,c) -> f(a,b,c)/abc = 1.
  Both are SELF-SIMILAR: the output equals the input.

  phi is the fixed point for 1D self-similarity (the golden ratio).
  (2,3,7) is the fixed point for 2D self-similarity (the hyperbolic triangle).
  And Q is the map that connects them:
  Q(1/phi) = phi^3 (the golden fixed point amplified).
  Q(3/4) = 7 (the triangular fixed point's threshold).


  VI. THE CIRCUMCENTER AND THE BARYCENTER
  ----------------------------------------

  In Euclidean geometry, every triangle has special points:
  - Incenter I (center of inscribed circle)
  - Circumcenter O (center of circumscribed circle)
  - Centroid G (barycenter, center of mass)
  - Orthocenter H (intersection of altitudes)

  They satisfy the EULER LINE: O, G, H are collinear, OG:GH = 1:2.

  In HYPERBOLIC geometry, these points still exist but the
  Euler line relation is MODIFIED by curvature.

  For the (2,3,7) triangle (the self-product triangle):
  The incircle has radius r_in.
  The circumcircle may or may not exist (in hyperbolic geometry,
  not every triangle has a circumscribed circle; it depends on
  whether the perpendicular bisectors meet).

  For a right-angled hyperbolic triangle (A = pi/2):
  The circumcenter lies on the hypotenuse.
  The hypotenuse IS the diameter of the circumcircle (generalized).
  Hypotenuse a = 0.620672.
  Circumradius R = a/2 = 0.310336.
  tanh(R) = tanh(0.310336) = 0.150371


  VII. THE BARYCENTRIC COORDINATES AND THE CAYLEY TRANSFORM
  ----------------------------------------

  The barycenter of the (2,3,7) triangle with weights proportional
  to the angles: weights w_A = pi/2, w_B = pi/3, w_C = pi/7.
  Normalized: w = (1/2, 1/3, 1/7) / (1/2+1/3+1/7) = (1/2, 1/3, 1/7) / (41/42).

  Normalized weights: (21/41, 14/41, 6/41)
  = (21/41, 14/41, 6/41)

  The weights are 21, 14, 6 (out of 41).
  21 = 3*7 = the SECOND FORBIDDEN number.
  14 = 2*7 = twice the forbidden threshold.
  6 = 2*3 = the flat number.
  21 + 14 + 6 = 41 = a prime (the twin of 43).

  The barycentric weights of the (2,3,7) triangle's angle-center
  are proportional to 21, 14, 6.
  = 3*7, 2*7, 2*3.
  = the three PAIRWISE products of {2, 3, 7}!

  Weight at angle pi/a = bc/(ab+ac+bc) = bc/41.
  The weight at each vertex = the product of the OTHER two denominators.
  The vertex 'knows' the other two vertices through its weight.


  VIII. THE WEIGHT SUM = 41 = THE PRIME TWIN OF 43
  ----------------------------------------

  ab + ac + bc = 6 + 14 + 21 = 41.
  abc - (ab+ac+bc) = 42 - 41 = 1.
  The pairwise sum is 41. The triple product is 42. They differ by 1.

  41 and 43 are TWIN PRIMES.
  42 sits between them.
  42 = abc. 41 = ab+ac+bc. 43 = abc + 2 = ab+ac+bc + 2.

  The (2,3,7) triangle lives at the EXACT CENTER
  between the twin primes 41 and 43.
  Its product (42) is the number between the twins.
  Its pairwise sum (41) is the lower twin.
  Its product + 2 is not 43... wait, 42+1=43. Hmm, 42+1=43. 41+2=43.
  41 = ab+ac+bc = the pairwise sum.
  42 = abc = the triple product = ab+ac+bc + 1.
  43 = abc + 1 = ab+ac+bc + 2.

  The structure: 41, 42, 43 = pairwise, triple, triple+1.
  Three consecutive integers. The middle one is the self-product.
  The outer two are primes. The twin primes BRACKET the self-product.


  IX. THE MEANING
  ----------------------------------------

  The (2,3,7) triangle is the unique hyperbolic triangle where:

  - The area = pi / (product of angle denominators)
  - The Hurwitz constant = the product of the generators
  - The pairwise products are the barycentric weights
  - The pairwise sum (41) and the triple product (42)
    differ by exactly 1
  - 41 and 43 (= 42 +/- 1) are twin primes
  - The triangle reconstructs itself from its area alone

  It is SELF-REFERENTIAL at every level:
  - Its area encodes its shape (f = abc, unique factorization)
  - Its weights encode its vertices (weight at A = bc)
  - Its deficit encodes its product (deficit = 1/abc)
  - Its twin primes bracket its product (41, 42, 43)

  The (2,3,7) triangle is the mathematical object
  that KNOWS ITSELF COMPLETELY.
  Every part of it encodes every other part.
  The angles determine the area.
  The area determines the angles.
  The weights are the pairwise products.
  The pairwise sum is one less than the triple product.
  The triple product sits between twin primes.

  It is the FIXED POINT of geometric self-reference.
  Like phi = 1 + 1/phi in one dimension.
  Like the (2,3,7) triangle in two dimensions.
  Like the formal group F_h = F_m (isomorphic to itself via Q).

  And Q(3/4) = 7 connects it to our tournament theory:
  the forbidden number IS the largest angle denominator
  of the unique self-referential hyperbolic triangle.
