== SHEAR SUMS, s = 1, 2, 3 (and s = 0 square truncated c <= m) ==

  --- simplex(control) ---
    s=0: [2, 6, 20, 70, 252, 924, 3432, 12870, 48620, 184756, 705432, 2704156]  growth~3.8667
    s=1: [1, 2, 4, 8, 16, 32, 64, 128, 256, 512, 1024, 2048]  growth~2.0000
    s=2: [1, 1, 2, 3, 5, 8, 13, 21, 34, 55, 89, 144]  growth~1.6180
    s=3: [1, 1, 1, 2, 3, 4, 6, 9, 13, 19, 28, 41]  growth~1.4659

  --- Proth n*2^x+1 ---
    s=0: [5, 17, 49, 129, 321, 769, 1793, 4097, 9217, 20481, 45057, 98305]  growth~2.1429
    s=1: [2, 6, 14, 30, 62, 126, 254, 510, 1022, 2046, 4094, 8190]  growth~2.0001
    s=2: [2, 3, 7, 10, 18, 25, 41, 56, 88, 119, 183, 246]  growth~1.5110
    s=3: [2, 3, 4, 8, 11, 14, 22, 29, 36, 52, 67, 82]  growth~1.2138

  --- polygonal ---
    s=0: [6, 26, 75, 174, 350, 636, 1071, 1700, 2574, 3750, 5291, 7266]  growth~1.3419
    s=1: [1, 4, 11, 25, 50, 91, 154, 246, 375, 550, 781, 1079]  growth~1.3816
    s=2: [1, 3, 7, 14, 25, 42, 66, 100, 145]  growth~1.4500
    s=3: [1, 3, 6, 11, 19, 30]

  --- Faulhaber ---
    s=0: [2, 10, 59, 498, 5704, 82206, 1419767, 28501124, 651233670, 16676686706, 472883844003, 14705395791318]  growth~39.2972
    s=1: [1, 3, 7, 16, 39, 105, 315, 1048, 3829, 15207, 65071, 297840]  growth~5.4302
    s=2: [1, 2, 4, 7, 12, 21, 37, 68, 129, 254, 520, 1099]  growth~2.3154
    s=3: [1, 2, 3, 5, 8, 12, 18, 28, 44, 69, 111, 184]  growth~1.7433

  --- centered ---
    s=0: [10, 44, 123, 274, 530, 930, 1519, 2348, 3474, 4960, 6875, 9294]  growth~1.3232
    s=1: [1, 5, 16, 39, 80, 146, 245, 386, 579, 835, 1166, 1585]  growth~1.3593
    s=2: [1, 4, 11, 24, 45, 77, 122, 184, 265]  growth~1.4402
    s=3: [1, 4, 10, 20, 36, 59]

  --- pyramidal ---
    s=0: [10, 50, 165, 434, 980, 1980, 3675, 6380, 10494, 16510, 25025, 36750]  growth~1.4291
    s=1: [1, 5, 16, 41, 91, 182, 336, 582, 957, 1507, 2288, 3367]  growth~1.4716
    s=2: [1, 4, 11, 25, 50, 92, 158, 258, 403]  growth~1.5620
    s=3: [1, 4, 10, 21, 40, 70]

  --- pronic ---
    s=0: [Fraction(3, 2), 9, Fraction(27, 1), 60, Fraction(225, 2), 189, Fraction(294, 1), 432, Fraction(1215, 2), 825, Fraction(1089, 1), 1404]  growth~1.2245
    s=1: [Fraction(1, 2), 3, Fraction(9, 1), 20, Fraction(75, 2), 63, Fraction(98, 1), 144, Fraction(405, 2), 275, Fraction(363, 1), 468]  growth~1.2245
    s=2: [Fraction(1, 2), 2, Fraction(11, 2), 11, Fraction(20, 1), 32, Fraction(49, 1), 70, Fraction(195, 2), 130, Fraction(341, 2), 217]  growth~1.2202
    s=3: [Fraction(1, 2), 2, Fraction(9, 2), 9, Fraction(31, 2), 24, Fraction(36, 1), 51, Fraction(69, 1), 92, Fraction(119, 1), 150]  growth~1.2065

== CONTROL CHECKS (Pascal ladder) ==
  simplex s=2 vs Fibonacci: [1, 1, 2, 3, 5, 8, 13, 21, 34, 55] vs [1, 1, 2, 3, 5, 8, 13, 21, 34, 55]
  simplex s=1 = 2^(m-1)?: [1, 2, 4, 8, 16, 32, 64, 128]
  simplex s=3 (Narayana A000930 1,1,1,2,3,4,6,9,13,19): [1, 1, 1, 2, 3, 4, 6, 9, 13, 19]

== PROTH EXACT LAWS (GF-derived, verify numerically) ==
  s=1: GF = t/((1-t)^2(1-2t^s)) + t/((1-t)(1-t^s)); matches data: True; dominant root 2^(1/1) = 2.0000
  s=2: GF = t/((1-t)^2(1-2t^s)) + t/((1-t)(1-t^s)); matches data: True; dominant root 2^(1/2) = 1.4142
  s=3: GF = t/((1-t)^2(1-2t^s)) + t/((1-t)(1-t^s)); matches data: True; dominant root 2^(1/3) = 1.2599
  => THE PROTH SHEAR SPECTRUM = 2^(1/s): 2, sqrt2 (the hypotenuse/pseudo-doubling constant at the owner's Fibonacci-analogous s=2), 2^(1/3), ...
  Pascal ladder roots x^s = x^(s-1)+1: 2, phi = 1.6180, 1.4656 (Narayana), ... => Pascal DOMINATES Proth at every shear s >= 2

== PRODUCTS (marquee families, s = 2) ==
  simplex(control) s=2 products: [1, 1, 1, 2, 3, 12, 30, 240, 1050]
  Proth n*2^x+1 s=2 products: [2, 3, 12, 25, 210, 567, 10296, 33813, 1338750]
  polygonal s=2 products: [1, 3, 6, 40, 135, 1680]
  Faulhaber s=2 products: [1, 2, 3, 12, 30, 300, 1470, 45360, 498960]
  (Proth s=2 products = products of Proth numbers along the diagonal -- factor census separate)

== ALTERNATING SUMS s=2 (parity metric) ==
  simplex(control): [1, 1, 0, -1, -1, 0, 1, 1, 0, -1, -1]
  Proth n*2^x+1: [2, 3, 1, 0, 4, 7, 1, -4, 8, 19, -3]
  polygonal: [1, 3, 5, 6, 7, 10]
  Faulhaber: [1, 2, 2, 1, 0, 1, 5, 8, 1, -18, -22]
  centered: [1, 4, 9, 14, 19, 27]
  pyramidal: [1, 4, 9, 15, 22, 32]
  pronic: [Fraction(1, 2), 2, Fraction(7, 2), 5, Fraction(8, 1), 12, Fraction(15, 1), 18, Fraction(47, 2), 30, Fraction(69, 2)]

== KLEIN T1532 SEQUENCE-D PROBE ==
  klein D: [1, 1, 2, 3, 5, 8, 13, 21, 33, 51, 76, 111, 157, 218]
  MATCH: simplex(control) s=2 offset 0

== the relational reading ==
  T_n = C(n,2) = |E(K_n)| = the RELATIONAL size of n (the owner's frame; = tournament arc count, the tiling-hypercube dimension m = C(n-1,2) + base path)
  DICHOTOMY (measured above): relational families (simplex: counting sub-relations) shear EXPONENTIALLY (phi-ladder);
  positional families (polygonal/centered/pronic: dot patterns) shear POLYNOMIALLY; Faulhaber and pyramidal (sum-of-positional) polynomial one degree up;
  the Proth grid (doubling x relation-edge) shears exponentially on the 2^(1/s) ladder BELOW the relational phi-ladder.

DONE.

== POST-RUN CORRECTIONS AND OEIS VERDICTS ==
  CORRECTION: the klein-D 'MATCH: simplex s=2' above is a FALSE POSITIVE (8-term window caught the Fibonacci prefix; D diverges at term 9: 33 vs 34). D matches NO catalog family/shear at depth 14.
  OEIS: Proth s=2 sums (2,3,7,10,18,25,41,56,88,119,183,246): ABSENT (new).
  OEIS: pure Faulhaber shear-2 diagonals (1,2,4,7,12,21,37,68,129,254,520): ABSENT (new).
  OEIS: simplex s=2 products = A073617 (Pascal +45-degree slope products): KNOWN -- construction validated.
  OEIS: Proth s=2 products (2,3,12,25,210,567,10296): ABSENT (new).
  OEIS: Faulhaber s=3 (1,2,3,5,8,12,18,28,44,69,111,184): ABSENT (new).
  EXACT bonus laws: Proth square-row sums R_0(m) = m*2^(m+1)+1 (Proth again -- self-similar); Proth shear-1 sums = 2(2^m - 1) (twice Mersenne).
