C1  the controlling 2F1 at k=4 is ELEMENTARY (the wall mechanism)
  [PASS] 2F1(1,1;3/2;0.3) = asin(sqrt z)/sqrt(z(1-z)): -2.0701e-171
  [PASS] 2F1(1,1;3/2;0.77) = asin(sqrt z)/sqrt(z(1-z)): 4.1402e-171
  [PASS] 2F1(1,1;3/2;-0.4) = asin(sqrt z)/sqrt(z(1-z)): (1.0351e-171 + 0.0j)
    k=1: Schwarz (lam,mu,nu)=(2.0,2.0,3.0)  sum=7.0  SPHERICAL
    k=2: Schwarz (lam,mu,nu)=(1.0,1.0,1.0)  sum=3.0  SPHERICAL
    k=3: Schwarz (lam,mu,nu)=(0.66666666666666666666666666666666666666666666666666666666666666666666666666666666666666666666666666666666666666666666666666666666666666666666666666666666666666666666666667,0.66666666666666666666666666666666666666666666666666666666666666666666666666666666666666666666666666666666666666666666666666666666666666666666666666666666666666666666666667,0.33333333333333333333333333333333333333333333333333333333333333333333333333333333333333333333333333333333333333333333333333333333333333333333333333333333333333333333333333)  sum=1.6666666666666666666666666666666666666666666666666666666666666666666666666666666666666666666666666666666666666666666666666666666666666666666666666666666666666666666666667  SPHERICAL
    k=4: Schwarz (lam,mu,nu)=(0.5,0.5,0.0)  sum=1.0  EUCLIDEAN  CUSP
    k=5: Schwarz (lam,mu,nu)=(0.4,0.4,0.2)  sum=1.0  EUCLIDEAN
    k=6: Schwarz (lam,mu,nu)=(0.33333333333333333333333333333333333333333333333333333333333333333333333333333333333333333333333333333333333333333333333333333333333333333333333333333333333333333333333333,0.33333333333333333333333333333333333333333333333333333333333333333333333333333333333333333333333333333333333333333333333333333333333333333333333333333333333333333333333333,0.33333333333333333333333333333333333333333333333333333333333333333333333333333333333333333333333333333333333333333333333333333333333333333333333333333333333333333333333333)  sum=1.0  EUCLIDEAN
C2  the owner's elliptic representation
  S(4) = 1.069352554441268058582961939534278061325932014506308037562886109583276845275637374507233122507037051
  [PASS] S(4) = (2sqrt2/pi) int_0^1 K(k)/(2-k^2) dk: 0.0
  [PASS] S(4) = 3F2(1/4,3/4,1/4;1,5/4;1) [dps120]: -7.2747e-122
  [PASS] S(4) = int_0^1 2F1(1/4,3/4;1;u^4) du [dps120]: -7.2747e-122
  [PASS] S(4) = (2/pi) int_0^1 (asin+asinh)/sqrt(1-v^4) dv: 1.0569e-87
C3  Jacobi first-moment form and the Lambert reduction
  [PASS] varpi = sqrt2 K(1/sqrt2) = Gamma(1/4)^2/(2 sqrt(2 pi)): 0.0
  [PASS] JA = (1/sqrt2) int_0^K t dn(t,1/2) dt: 0.0
  [PASS] JB = (1/2) int_0^K t sn(t,1/2) dt: 0.0
  [PASS] JB = int_0^{K(-1)} log(sn(u,-1)+dn(u,-1)) du   [regulator form]: 1.0351e-171
  T = 0.0862846836277023663943706563048561607868902173926313224196837
  V = 0.432571149021573455631720103710413885329140958340950186566887
  W = 2V-T = 0.77885761441544454486906955111597160987139169928926905071409
  [PASS] JA = pi varpi/8 - (varpi/pi) T: 0.0
  [PASS] JB = (2 varpi/pi) V: 1.0351e-171
  [PASS] S(4) = varpi/4 + (2 varpi/pi^2)(2V - T): 0.0
C4  bridge to addendum 5 (independent confirmation of that reduction)
  D = 0.180626976197176342114173896235722280237305376631023610482763
  U = 0.0872188380173373467342760644140819694761665026282603363073776
  Lambda = 2.01255816455161437222338092610049050178560412519436787901576
  [PASS] addendum-5  S(4) = (2sqrt2/pi^2) K(1/sqrt2) Lambda: -2.0701e-171
  [PASS] BRIDGE      Lambda = pi^2/8 + 2V - T: 0.0
  [PASS] BRIDGE      2V = T - U/2 + pi^2/12: 0.0
  [PASS] addendum-5  Lambda = 5 pi^2/24 - U/2: 0.0
C5  the CM curve behind it: E32 = [y^2 = x^3 - x], CM by Z[i]
  [PASS] CONTROL  L(E32,1) = varpi/4  (BSD, rank 0): 1.9363e-121
  L(E32,2)  = 0.91705063531865498864380552429571331839836973624449
  L'(E32,0) = 0.74333324664355173448016484166762834740144396894314
C6  bounded PSLQ exclusion for W = Lambda - pi^2/8, with live controls
  tier A: all 35 atoms, subsets <= 2, |c| <= 10^8, 150 dps, tol 1e-130
  tier B: 17-atom core, subsets <= 3, |c| <= 10^6
  core = ['1', 'pi', 'pi^2', 'pi^3', 'G', 'varpi', 'varpi^2', 'G*varpi', 'G/pi', 'G*pi', 'pi^3/varpi^2', 'varpi^2/pi', 'z3', 'L2E32', "L'(E32,0)", 'L2E32*pi^2/varpi^2', 'L^2']
    CONTROL Li2(1/2) = pi^2/12 - log2^2/2   : A 1 / B 0  [([-12, 1, -6], ['pi^2', 'log2^2'])]
    CONTROL 7pi^3/180 = sum coth(pi n)/n^3  : A 35 / B 137  [([180, -7], ['pi^3'])]
    CONTROL varpi/4 = L(E32,1)              : A 35 / B 137  [([-4, 1], ['varpi'])]
    W = 2V - T                              : A 0 / B 0  []
    T                                       : A 0 / B 0  []
    V                                       : A 0 / B 0  []
    D                                       : A 0 / B 0  []
    U                                       : A 0 / B 0  []
    Lambda                                  : A 0 / B 0  []
    S(4)                                    : A 0 / B 0  []
    pi^2 S(4)/varpi                         : A 0 / B 0  []
  sweep 507s

ALL S4-JACOBI-ROUTE REFEREE CHECKS PASSED
