building spectral invariant database n=3..6 ...
  n=3: 8 tournaments done
  n=4: 64 tournaments done
  n=5: 1024 tournaments done
  n=6: 32768 tournaments done

========================================================================
(1) Redei H-spectrum: which ODD values are achievable? the {7,21} gap (S70)
========================================================================
  n=3: achievable H = [1, 3]
  n=4: achievable H = [1, 3, 5]
  n=5: achievable H = [1, 3, 5, 9, 11, 13, 15]
  n=6: achievable H = [1, 3, 5, 9, 11, 13, 15, 17, 19, 23, 25, 27, 29, 31, 33, 37, 41, 43, 45]
  union H (n<=6) = [1, 3, 5, 9, 11, 13, 15, 17, 19, 23, 25, 27, 29, 31, 33, 37, 41, 43, 45]
  ODD values in [1,45] NOT achieved at n<=6: [7, 21, 35, 39]   (S70: forbidden = 7,21)

========================================================================
(2) spectral invariant ranges (distinctive: not in the classical zoos)
========================================================================
  n=3: spectral_radius [0.000,1.000], #distinct-eig [1, 3], det(I+K) [4]
  n=4: spectral_radius [0.000,1.395], #distinct-eig [1, 4], det(I+K) [8, 16]
  n=5: spectral_radius [0.000,2.000], #distinct-eig [1, 4, 5], det(I+K) [16, 32]
  n=6: spectral_radius [0.000,2.434], #distinct-eig [1, 3, 4, 5, 6], det(I+K) [32, 64, 96, 128, 160]

========================================================================
(3) MINER: which invariant inequalities hold on ALL n<=6? (survivors + tight)
========================================================================
  -- fleet anchors (must hold) --
    [OK ] kind-pasteur: n - c3 <= beta
    [OK ] kind-pasteur: beta <= smax + 1
  -- my spectral candidates --
    [  ] ndev <= beta            (distinct eigs <= largest transitive sub): FAILS (e.g. n=3,c3=1,H=3,beta=2,ndev=3,rho=1.00)
    [++] ndev >= 1 + [c3>0]      (transitive has 1 eig; a cycle splits it): HOLDS n<=6
    [  ] c3 <= C(n,3) - (ndev-1) (more distinct eigs bounds cycles?): FAILS (e.g. n=3,c3=1,H=3,beta=2,ndev=3,rho=1.00)
    [  ] H <= skewdet? : FAILS (e.g. n=6,c3=8,H=41,beta=4,ndev=6,rho=2.43)
    [++] H >= |det(I+K)|/2^(n-1) (H vs normalized skew-det disc): HOLDS n<=6
    [  ] ndev-1 <= srange        (#distinct eigs vs score range): FAILS (e.g. n=3,c3=1,H=3,beta=2,ndev=3,rho=1.00)
    [  ] rho >= (n-1)/2          (spectral radius >= avg score): FAILS (e.g. n=3,c3=0,H=1,beta=3,ndev=1,rho=0.00)

========================================================================
done -- survivors are candidate theorems; failures locate the decoupling
========================================================================
