CERTIFICATE sun_2468_exact_integer_sieve_v1
N 896315812331399
ZERO_CONVENTIONS C(2,2)=1 C(3,4)=0 C(5,6)=0 C(7,8)=0
BOUND r=2 first=2 last=42339481 count=42339480 value_last=896315804504940 value_next=896315846844421
BOUND r=4 first=3 last=12112 count=12110 value_last=896266258399820 value_next=896562324551740
BOUND r=6 first=5 last=932 count=928 value_last=895693597430352 value_next=901490966993008
BOUND r=8 first=7 last=281 count=275 value_last=871896500955975 value_next=897353333100675
SIEVES modulus1=15015 modulus2=215441
ISQRT_CHECK floor_inequalities_asserted_for_every_stage2_candidate
CONTROL n=0 result=NONE
CONTROL n=1 result=REP w=2 x=3 y=5 z=7 terms=1,0,0,0
Z_ROWS_BEGIN
Z z=7 c8=0 y_rows=928 feasible=10654566 zero_m=0 sieve1=74035 sieve2=1897 hits=0 fnv64=591b3a2b37e5ffc5
Z z=8 c8=1 y_rows=928 feasible=10654566 zero_m=0 sieve1=646764 sieve2=32421 hits=0 fnv64=4d07ce6a4f6f4ab3
Z z=9 c8=9 y_rows=928 feasible=10654566 zero_m=0 sieve1=730773 sieve2=65139 hits=0 fnv64=56c294388c56d8dc
Z z=10 c8=45 y_rows=928 feasible=10654566 zero_m=0 sieve1=235366 sieve2=13423 hits=0 fnv64=afe6640be973765a
Z z=11 c8=165 y_rows=928 feasible=10654566 zero_m=0 sieve1=445877 sieve2=41942 hits=0 fnv64=c3ce4d79aaf32b79
Z z=12 c8=495 y_rows=928 feasible=10654566 zero_m=0 sieve1=444721 sieve2=27740 hits=0 fnv64=eda20c7780253cb0
Z z=13 c8=1287 y_rows=928 feasible=10654566 zero_m=0 sieve1=252471 sieve2=17828 hits=0 fnv64=b5bc3c5e9cab5176
Z z=14 c8=3003 y_rows=928 feasible=10654566 zero_m=0 sieve1=97059 sieve2=7285 hits=0 fnv64=60233df9477fed2a
Z z=15 c8=6435 y_rows=928 feasible=10654566 zero_m=0 sieve1=212172 sieve2=18514 hits=0 fnv64=3a725cf0be126d78
Z z=16 c8=12870 y_rows=928 feasible=10654566 zero_m=0 sieve1=392130 sieve2=24339 hits=0 fnv64=83e823541d4fb540
Z z=17 c8=24310 y_rows=928 feasible=10654566 zero_m=0 sieve1=354130 sieve2=16478 hits=0 fnv64=4f5bc21d091e9227
Z z=18 c8=43758 y_rows=928 feasible=10654566 zero_m=0 sieve1=236172 sieve2=10182 hits=0 fnv64=914f1c57ee2f9687
Z z=19 c8=75582 y_rows=928 feasible=10654566 zero_m=0 sieve1=243807 sieve2=9845 hits=0 fnv64=02a36a5d0257f04b
Z z=20 c8=125970 y_rows=928 feasible=10654566 zero_m=0 sieve1=833446 sieve2=31010 hits=0 fnv64=1f703806a29bbfaa
Z z=21 c8=203490 y_rows=928 feasible=10654566 zero_m=0 sieve1=154308 sieve2=5930 hits=0 fnv64=dc19f1370379917b
Z z=22 c8=319770 y_rows=928 feasible=10654566 zero_m=0 sieve1=178130 sieve2=6665 hits=0 fnv64=4734ec0e56434e66
Z z=23 c8=490314 y_rows=928 feasible=10654566 zero_m=0 sieve1=299293 sieve2=8663 hits=0 fnv64=beaf908375586a88
Z z=24 c8=735471 y_rows=928 feasible=10654566 zero_m=0 sieve1=296539 sieve2=8227 hits=0 fnv64=b1217dc6cc361fe0
Z z=25 c8=1081575 y_rows=928 feasible=10654566 zero_m=0 sieve1=444721 sieve2=14638 hits=0 fnv64=91d7f475d0832043
Z z=26 c8=1562275 y_rows=928 feasible=10654566 zero_m=0 sieve1=252001 sieve2=12101 hits=0 fnv64=6baa8bc3e89a3d80
Z z=27 c8=2220075 y_rows=928 feasible=10654566 zero_m=0 sieve1=392130 sieve2=18993 hits=0 fnv64=4b6593f154a85402
Z z=28 c8=3108105 y_rows=928 feasible=10654566 zero_m=0 sieve1=74035 sieve2=4902 hits=0 fnv64=4a5372e382f152e6
Z z=29 c8=4292145 y_rows=928 feasible=10654566 zero_m=0 sieve1=392130 sieve2=16051 hits=0 fnv64=5ce3d5cf292a2617
Z z=30 c8=5852925 y_rows=928 feasible=10654566 zero_m=0 sieve1=283119 sieve2=14841 hits=0 fnv64=52a716df636f05e4
Z z=31 c8=7888725 y_rows=928 feasible=10654566 zero_m=0 sieve1=833446 sieve2=53906 hits=0 fnv64=2db1e505fe7aa9cc
Z z=32 c8=10518300 y_rows=928 feasible=10654566 zero_m=0 sieve1=333945 sieve2=23300 hits=0 fnv64=9d4f4e897c32ea2a
Z z=33 c8=13884156 y_rows=928 feasible=10654566 zero_m=0 sieve1=313827 sieve2=12843 hits=0 fnv64=7f1b055b5eb4df36
Z z=34 c8=18156204 y_rows=928 feasible=10654566 zero_m=0 sieve1=253268 sieve2=11904 hits=0 fnv64=352a5187cc29d4f7
Z z=35 c8=23535820 y_rows=928 feasible=10654566 zero_m=0 sieve1=117114 sieve2=4402 hits=0 fnv64=7931371e8062d4f3
Z z=36 c8=30260340 y_rows=928 feasible=10654566 zero_m=0 sieve1=321484 sieve2=14411 hits=0 fnv64=5b0f4fa195164f71
Z z=37 c8=38608020 y_rows=928 feasible=10654566 zero_m=0 sieve1=178130 sieve2=7868 hits=0 fnv64=4e1b0f2a2d1da78e
Z z=38 c8=48903492 y_rows=928 feasible=10654566 zero_m=0 sieve1=238583 sieve2=8938 hits=0 fnv64=82be8f0527b96911
Z z=39 c8=61523748 y_rows=928 feasible=10654565 zero_m=0 sieve1=331873 sieve2=13703 hits=0 fnv64=913d5caa621b71e3
Z z=40 c8=76904685 y_rows=928 feasible=10654564 zero_m=0 sieve1=392130 sieve2=14056 hits=0 fnv64=9d8a39dcf1bb73f2
Z z=41 c8=95548245 y_rows=928 feasible=10654564 zero_m=0 sieve1=333945 sieve2=12213 hits=0 fnv64=6d3b1dc76bff7b02
Z z=42 c8=118030185 y_rows=928 feasible=10654564 zero_m=0 sieve1=183526 sieve2=9779 hits=0 fnv64=e0263c855cd42210
Z z=43 c8=145008513 y_rows=928 feasible=10654564 zero_m=0 sieve1=520593 sieve2=29916 hits=0 fnv64=d17e5dc3f8ff0693
Z z=44 c8=177232627 y_rows=928 feasible=10654564 zero_m=0 sieve1=468952 sieve2=27539 hits=0 fnv64=b11a2dd361241c0c
Z z=45 c8=215553195 y_rows=928 feasible=10654563 zero_m=0 sieve1=392130 sieve2=29298 hits=0 fnv64=e16011b60a86e625
Z z=46 c8=260932815 y_rows=928 feasible=10654563 zero_m=0 sieve1=156189 sieve2=6796 hits=0 fnv64=f2d51b9e9c1d51c0
Z z=47 c8=314457495 y_rows=928 feasible=10654563 zero_m=0 sieve1=281886 sieve2=19306 hits=0 fnv64=cf2446dafa0e6132
Z z=48 c8=377348994 y_rows=928 feasible=10654562 zero_m=0 sieve1=247606 sieve2=11433 hits=0 fnv64=d65c0ea8639abcae
Z z=49 c8=450978066 y_rows=928 feasible=10654562 zero_m=0 sieve1=86844 sieve2=5525 hits=0 fnv64=f78c88ee4c7b4bee
Z z=50 c8=536878650 y_rows=928 feasible=10654562 zero_m=0 sieve1=84349 sieve2=2982 hits=0 fnv64=aad0580cf454244a
Z z=51 c8=636763050 y_rows=928 feasible=10654562 zero_m=0 sieve1=97993 sieve2=3215 hits=0 fnv64=21ad4576369b8c88
Z z=52 c8=752538150 y_rows=928 feasible=10654562 zero_m=0 sieve1=116169 sieve2=3841 hits=0 fnv64=b77a82aac83d6d8b
Z z=53 c8=886322710 y_rows=928 feasible=10654561 zero_m=0 sieve1=256354 sieve2=8468 hits=0 fnv64=8d0ab2f8614cf535
Z z=54 c8=1040465790 y_rows=928 feasible=10654561 zero_m=0 sieve1=116169 sieve2=5442 hits=0 fnv64=812144df692f5dc0
Z z=55 c8=1217566350 y_rows=928 feasible=10654561 zero_m=0 sieve1=74035 sieve2=4045 hits=0 fnv64=b301684d270b56c3
Z z=56 c8=1420494075 y_rows=928 feasible=10654560 zero_m=0 sieve1=74035 sieve2=2609 hits=0 fnv64=abfc6ce6bf3355ec
Z z=57 c8=1652411475 y_rows=928 feasible=10654556 zero_m=0 sieve1=179958 sieve2=7396 hits=0 fnv64=b7157d169280ceed
Z z=58 c8=1916797311 y_rows=928 feasible=10654553 zero_m=0 sieve1=262651 sieve2=9336 hits=0 fnv64=c68346514c8db4e6
Z z=59 c8=2217471399 y_rows=928 feasible=10654553 zero_m=0 sieve1=189673 sieve2=6895 hits=0 fnv64=7969ce49ad1dbd1f
Z z=60 c8=2558620845 y_rows=928 feasible=10654552 zero_m=0 sieve1=520645 sieve2=35454 hits=0 fnv64=525b5b3d3eb90c8e
Z z=61 c8=2944827765 y_rows=928 feasible=10654548 zero_m=0 sieve1=380742 sieve2=23604 hits=0 fnv64=3aac802e71e95ca8
Z z=62 c8=3381098545 y_rows=928 feasible=10654544 zero_m=0 sieve1=341597 sieve2=22868 hits=0 fnv64=5550031baa0627f9
Z z=63 c8=3872894697 y_rows=928 feasible=10654543 zero_m=0 sieve1=130584 sieve2=5833 hits=0 fnv64=3b3d1bf1d4e96eb1
Z z=64 c8=4426165368 y_rows=928 feasible=10654541 zero_m=0 sieve1=919746 sieve2=54715 hits=0 fnv64=00541adb3d85db5e
Z z=65 c8=5047381560 y_rows=928 feasible=10654540 zero_m=0 sieve1=617063 sieve2=44343 hits=0 fnv64=56b4a2fcbdfb701e
Z z=66 c8=5743572120 y_rows=928 feasible=10654538 zero_m=0 sieve1=252685 sieve2=19691 hits=0 fnv64=8b0e5e600d1d3bbd
Z z=67 c8=6522361560 y_rows=928 feasible=10654537 zero_m=0 sieve1=179958 sieve2=8575 hits=0 fnv64=d7f3633fb2580d83
Z z=68 c8=7392009768 y_rows=928 feasible=10654529 zero_m=0 sieve1=204709 sieve2=9516 hits=0 fnv64=24ba1f5e2dc6a2e0
Z z=69 c8=8361453672 y_rows=928 feasible=10654524 zero_m=0 sieve1=334487 sieve2=10481 hits=0 fnv64=f21c66f73c35ef76
Z z=70 c8=9440350920 y_rows=928 feasible=10654516 zero_m=0 sieve1=74035 sieve2=2324 hits=0 fnv64=c303486ed0bac414
Z z=71 c8=10639125640 y_rows=928 feasible=10654506 zero_m=0 sieve1=218191 sieve2=7029 hits=0 fnv64=e9b19d9d804c5b18
Z z=72 c8=11969016345 y_rows=928 feasible=10654502 zero_m=0 sieve1=252684 sieve2=8121 hits=0 fnv64=6640b41927758cb0
Z z=73 c8=13442126049 y_rows=928 feasible=10654492 zero_m=0 sieve1=346977 sieve2=10818 hits=0 fnv64=a36e4450169be9ab
Z z=74 c8=15071474661 y_rows=928 feasible=10654484 zero_m=0 sieve1=733041 sieve2=31961 hits=0 fnv64=c301e7db08ec3621
Z z=75 c8=16871053725 y_rows=928 feasible=10654478 zero_m=0 sieve1=428776 sieve2=12722 hits=0 fnv64=1ab6332eb41fd19b
Z z=76 c8=18855883575 y_rows=928 feasible=10654470 zero_m=0 sieve1=701371 sieve2=23369 hits=0 fnv64=bf8844551e7667c1
Z z=77 c8=21042072975 y_rows=928 feasible=10654455 zero_m=0 sieve1=97993 sieve2=6105 hits=0 fnv64=4f19d87b0ad65926
Z z=78 c8=23446881315 y_rows=928 feasible=10654446 zero_m=0 sieve1=392127 sieve2=26058 hits=0 fnv64=ab4291c045c9261c
Z z=79 c8=26088783435 y_rows=928 feasible=10654427 zero_m=0 sieve1=179957 sieve2=10497 hits=0 fnv64=6599344898430a69
Z z=80 c8=28987537150 y_rows=928 feasible=10654416 zero_m=0 sieve1=469006 sieve2=29947 hits=0 fnv64=91c22363c6379a75
Z z=81 c8=32164253550 y_rows=928 feasible=10654398 zero_m=0 sieve1=212168 sieve2=14434 hits=0 fnv64=eacd6039df6f2919
Z z=82 c8=35641470150 y_rows=928 feasible=10654377 zero_m=0 sieve1=252680 sieve2=13471 hits=0 fnv64=294a4e70d94f132b
Z z=83 c8=39443226966 y_rows=928 feasible=10654351 zero_m=0 sieve1=190127 sieve2=14874 hits=0 fnv64=fb11d40fc12c806d
Z z=84 c8=43595145594 y_rows=928 feasible=10654325 zero_m=0 sieve1=90010 sieve2=4762 hits=0 fnv64=2e884d07ac5b0708
Z z=85 c8=48124511370 y_rows=928 feasible=10654275 zero_m=0 sieve1=526966 sieve2=29652 hits=0 fnv64=ec30858195eb7e65
Z z=86 c8=53060358690 y_rows=928 feasible=10654149 zero_m=0 sieve1=514992 sieve2=18903 hits=0 fnv64=d1c5028376f8363a
Z z=87 c8=58433559570 y_rows=928 feasible=10654132 zero_m=0 sieve1=321755 sieve2=13397 hits=0 fnv64=74b2f27c84330a4d
Z z=88 c8=64276915527 y_rows=928 feasible=10654101 zero_m=0 sieve1=242330 sieve2=10645 hits=0 fnv64=da58f56787239527
Z z=89 c8=70625252863 y_rows=928 feasible=10654069 zero_m=0 sieve1=816695 sieve2=29416 hits=0 fnv64=d862c5168c7188f8
Z z=90 c8=77515521435 y_rows=928 feasible=10654030 zero_m=0 sieve1=281876 sieve2=11455 hits=0 fnv64=8fb8c7400ef7048a
Z z=91 c8=84986896995 y_rows=928 feasible=10653990 zero_m=0 sieve1=74033 sieve2=3259 hits=0 fnv64=7d580f28b541d6c0
Z z=92 c8=93080887185 y_rows=928 feasible=10653954 zero_m=0 sieve1=252673 sieve2=7149 hits=0 fnv64=eda5ab8f2a4ccd31
Z z=93 c8=101841441273 y_rows=928 feasible=10653917 zero_m=0 sieve1=439501 sieve2=19228 hits=0 fnv64=cd2bbb90515d2ca3
Z z=94 c8=111315063717 y_rows=928 feasible=10653868 zero_m=0 sieve1=391671 sieve2=19325 hits=0 fnv64=79df72d0a9912cc8
Z z=95 c8=121550931645 y_rows=928 feasible=10653827 zero_m=0 sieve1=156182 sieve2=6341 hits=0 fnv64=e52f1dc0b23249c2
Z z=96 c8=132601016340 y_rows=928 feasible=10653782 zero_m=0 sieve1=333922 sieve2=15313 hits=0 fnv64=5f0d5282c144c6d8
Z z=97 c8=144520208820 y_rows=928 feasible=10653723 zero_m=0 sieve1=447512 sieve2=18203 hits=0 fnv64=9970db61a8bd1de7
Z z=98 c8=157366449604 y_rows=928 feasible=10653665 zero_m=0 sieve1=198912 sieve2=10015 hits=0 fnv64=0b4fd9d0b69d881c
Z z=99 c8=171200862756 y_rows=928 feasible=10653593 zero_m=0 sieve1=120072 sieve2=5198 hits=0 fnv64=fe03dfa24af87e46
Z z=100 c8=186087894300 y_rows=928 feasible=10653520 zero_m=0 sieve1=84344 sieve2=5939 hits=0 fnv64=2a669a28026f1f97
Z z=101 c8=202095455100 y_rows=928 feasible=10653453 zero_m=0 sieve1=70662 sieve2=3125 hits=0 fnv64=229774a6657eeac2
Z z=102 c8=219295068300 y_rows=928 feasible=10653369 zero_m=0 sieve1=84343 sieve2=2759 hits=0 fnv64=e90d6477225a88eb
Z z=103 c8=237762021420 y_rows=928 feasible=10653277 zero_m=0 sieve1=97984 sieve2=5271 hits=0 fnv64=da5fa95bb04573f8
Z z=104 c8=257575523205 y_rows=928 feasible=10653174 zero_m=0 sieve1=74029 sieve2=3869 hits=0 fnv64=a1dc4fbfc05bc5a2
Z z=105 c8=278818865325 y_rows=928 feasible=10653059 zero_m=0 sieve1=74029 sieve2=2809 hits=0 fnv64=0e62d1ff8a388ffa
Z z=106 c8=301579589025 y_rows=928 feasible=10652922 zero_m=0 sieve1=179941 sieve2=8862 hits=0 fnv64=dc6cf1ab9e49266b
Z z=107 c8=325949656825 y_rows=928 feasible=10652789 zero_m=0 sieve1=466830 sieve2=23198 hits=0 fnv64=517694f3032668d1
Z z=108 c8=352025629371 y_rows=928 feasible=10652501 zero_m=0 sieve1=474097 sieve2=23009 hits=0 fnv64=1836147e94190a27
Z z=109 c8=379908847539 y_rows=928 feasible=10652342 zero_m=0 sieve1=757385 sieve2=28373 hits=0 fnv64=c19908dde6aa1e61
Z z=110 c8=409705619895 y_rows=928 feasible=10652181 zero_m=0 sieve1=334786 sieve2=18448 hits=0 fnv64=17e26cd32650e4fe
Z z=111 c8=441527415615 y_rows=928 feasible=10652013 zero_m=0 sieve1=252645 sieve2=21301 hits=0 fnv64=b3af97771254fd52
Z z=112 c8=475491062970 y_rows=928 feasible=10651820 zero_m=0 sieve1=97973 sieve2=7670 hits=0 fnv64=cb8001804ac1594f
Z z=113 c8=511718953482 y_rows=928 feasible=10651585 zero_m=0 sieve1=238799 sieve2=17270 hits=0 fnv64=914b7000f9212239
Z z=114 c8=550339251858 y_rows=928 feasible=10651292 zero_m=0 sieve1=494130 sieve2=26502 hits=0 fnv64=b0cced340644c9ce
Z z=115 c8=591486111810 y_rows=928 feasible=10650900 zero_m=0 sieve1=286876 sieve2=13414 hits=0 fnv64=61ad3b75e62223af
Z z=116 c8=635299897870 y_rows=927 feasible=10649763 zero_m=0 sieve1=334302 sieve2=13481 hits=0 fnv64=a17c421a028b83eb
Z z=117 c8=681927413310 y_rows=927 feasible=10649463 zero_m=0 sieve1=156126 sieve2=6738 hits=0 fnv64=e649aaf224a87659
Z z=118 c8=731522134278 y_rows=927 feasible=10649280 zero_m=0 sieve1=688833 sieve2=20440 hits=0 fnv64=01290b4d997278bb
Z z=119 c8=784244450262 y_rows=927 feasible=10649081 zero_m=0 sieve1=182666 sieve2=4762 hits=0 fnv64=094223d163477a8b
Z z=120 c8=840261910995 y_rows=927 feasible=10648853 zero_m=0 sieve1=245113 sieve2=6219 hits=0 fnv64=0c3b48aada7f7bc3
Z z=121 c8=899749479915 y_rows=927 feasible=10648605 zero_m=0 sieve1=252591 sieve2=6361 hits=0 fnv64=070ef60cff9606fc
Z z=122 c8=962889794295 y_rows=927 feasible=10648201 zero_m=0 sieve1=212070 sieve2=6032 hits=0 fnv64=3825036fbfa77844
Z z=123 c8=1029873432159 y_rows=927 feasible=10647945 zero_m=0 sieve1=410865 sieve2=21261 hits=0 fnv64=01b9c21cab33800d
Z z=124 c8=1100899186101 y_rows=927 feasible=10647666 zero_m=0 sieve1=221404 sieve2=8677 hits=0 fnv64=56aaa48ca793adb8
Z z=125 c8=1176174344125 y_rows=927 feasible=10647373 zero_m=0 sieve1=729350 sieve2=28458 hits=0 fnv64=1646b591e3c7fc24
Z z=126 c8=1255914977625 y_rows=927 feasible=10646880 zero_m=0 sieve1=84288 sieve2=3935 hits=0 fnv64=a67de4e048a8703a
Z z=127 c8=1340346236625 y_rows=927 feasible=10646573 zero_m=0 sieve1=375978 sieve2=19767 hits=0 fnv64=d0ebcb6a705191d7
Z z=128 c8=1429702652400 y_rows=927 feasible=10646214 zero_m=0 sieve1=204636 sieve2=13214 hits=0 fnv64=de58488813d86c2b
Z z=129 c8=1524228447600 y_rows=927 feasible=10645791 zero_m=0 sieve1=698293 sieve2=59640 hits=0 fnv64=d1201df2aaea9b8a
Z z=130 c8=1624177854000 y_rows=927 feasible=10645289 zero_m=0 sieve1=527852 sieve2=41534 hits=0 fnv64=dd161ec76bb7b8c6
Z z=131 c8=1729815438000 y_rows=927 feasible=10644876 zero_m=0 sieve1=397677 sieve2=35910 hits=0 fnv64=7141ac522dd52423
Z z=132 c8=1841416434000 y_rows=927 feasible=10644242 zero_m=0 sieve1=155964 sieve2=11054 hits=0 fnv64=c7a42f8797839f3e
Z z=133 c8=1959267085776 y_rows=927 feasible=10643800 zero_m=0 sieve1=90172 sieve2=5038 hits=0 fnv64=e59714e153a8ae4f
Z z=134 c8=2083664995984 y_rows=927 feasible=10643295 zero_m=0 sieve1=576856 sieve2=43367 hits=0 fnv64=d5af6f7a3c58c45f
Z z=135 c8=2214919483920 y_rows=927 feasible=10642621 zero_m=0 sieve1=155946 sieve2=5613 hits=0 fnv64=34d60a2a34be86f9
Z z=136 c8=2353351951665 y_rows=927 feasible=10642072 zero_m=0 sieve1=179710 sieve2=7533 hits=0 fnv64=f2f9fb65292a9274
Z z=137 c8=2499296258745 y_rows=927 feasible=10641318 zero_m=0 sieve1=252451 sieve2=10052 hits=0 fnv64=93f20f29a7b255f2
Z z=138 c8=2653099105437 y_rows=927 feasible=10640713 zero_m=0 sieve1=519399 sieve2=13528 hits=0 fnv64=30602f759ece23c9
Z z=139 c8=2815120424853 y_rows=927 feasible=10639904 zero_m=0 sieve1=315951 sieve2=8975 hits=0 fnv64=9b4219af0f0d893b
Z z=140 c8=2985733783935 y_rows=927 feasible=10639177 zero_m=0 sieve1=111230 sieve2=3074 hits=0 fnv64=f1b8563a3bc29375
Z z=141 c8=3165326793495 y_rows=927 feasible=10638325 zero_m=0 sieve1=714332 sieve2=22923 hits=0 fnv64=4c29dec0b81656c2
Z z=142 c8=3354301527435 y_rows=927 feasible=10637393 zero_m=0 sieve1=697729 sieve2=26835 hits=0 fnv64=072f1b9f170b1acf
Z z=143 c8=3553074951283 y_rows=927 feasible=10636577 zero_m=0 sieve1=718388 sieve2=21138 hits=0 fnv64=b77a8b5a4464de84
Z z=144 c8=3762079360182 y_rows=927 feasible=10635591 zero_m=0 sieve1=155489 sieve2=5531 hits=0 fnv64=6ddab53120136f44
Z z=145 c8=3981762826470 y_rows=927 feasible=10634518 zero_m=0 sieve1=211825 sieve2=10810 hits=0 fnv64=99b11283c2db1cf7
Z z=146 c8=4212589656990 y_rows=927 feasible=10633377 zero_m=0 sieve1=179582 sieve2=11663 hits=0 fnv64=4705ca374980ad57
Z z=147 c8=4455040860270 y_rows=927 feasible=10632365 zero_m=0 sieve1=73882 sieve2=4910 hits=0 fnv64=a24082271ca04ea9
Z z=148 c8=4709614623714 y_rows=927 feasible=10631144 zero_m=0 sieve1=89812 sieve2=4898 hits=0 fnv64=d4575d3afadeeaf3
Z z=149 c8=4976826800946 y_rows=927 feasible=10629837 zero_m=0 sieve1=90052 sieve2=6928 hits=0 fnv64=51d7cbf8ba2768c4
Z z=150 c8=5257211409450 y_rows=927 feasible=10628479 zero_m=0 sieve1=73848 sieve2=5904 hits=0 fnv64=ac33e265ea9fbdcb
Z z=151 c8=5551321138650 y_rows=927 feasible=10627005 zero_m=0 sieve1=153886 sieve2=9280 hits=0 fnv64=8a44a71be0f39811
Z z=152 c8=5859727868575 y_rows=927 feasible=10625404 zero_m=0 sieve1=290080 sieve2=13388 hits=0 fnv64=ff34011eeaeca13b
Z z=153 c8=6183023199255 y_rows=927 feasible=10623596 zero_m=0 sieve1=111061 sieve2=4432 hits=0 fnv64=72adf4630e1fbf83
Z z=154 c8=6521818990995 y_rows=926 feasible=10620599 zero_m=0 sieve1=84018 sieve2=3246 hits=0 fnv64=de69e3a15b95cbdf
Z z=155 c8=6876747915675 y_rows=926 feasible=10618893 zero_m=0 sieve1=237851 sieve2=8023 hits=0 fnv64=b6a2420c1d5ec9d5
Z z=156 c8=7248464019225 y_rows=926 feasible=10617276 zero_m=0 sieve1=211475 sieve2=8326 hits=0 fnv64=cda8e574d28251d2
Z z=157 c8=7637643295425 y_rows=926 feasible=10615566 zero_m=0 sieve1=155562 sieve2=6556 hits=0 fnv64=082c76d0b0fa870e
Z z=158 c8=8044984271181 y_rows=926 feasible=10613610 zero_m=0 sieve1=482389 sieve2=17103 hits=0 fnv64=596ccf56b88f1e67
Z z=159 c8=8471208603429 y_rows=926 feasible=10611759 zero_m=0 sieve1=409568 sieve2=14976 hits=0 fnv64=3e260eba8f29e90d
Z z=160 c8=8917061687820 y_rows=926 feasible=10609602 zero_m=0 sieve1=251600 sieve2=11286 hits=0 fnv64=6d4ebaf758051d9e
Z z=161 c8=9383313279340 y_rows=926 feasible=10607570 zero_m=0 sieve1=102742 sieve2=5352 hits=0 fnv64=43218790f31616c2
Z z=162 c8=9870758125020 y_rows=926 feasible=10605216 zero_m=0 sieve1=332356 sieve2=16776 hits=0 fnv64=2605f4195b590bb7
Z z=163 c8=10380216608892 y_rows=926 feasible=10602764 zero_m=0 sieve1=969146 sieve2=51749 hits=0 fnv64=8550caa63024f0be
Z z=164 c8=10912535409348 y_rows=926 feasible=10600303 zero_m=0 sieve1=689421 sieve2=35184 hits=0 fnv64=43eb3caf72ed496f
Z z=165 c8=11468588169060 y_rows=926 feasible=10597502 zero_m=0 sieve1=203681 sieve2=10387 hits=0 fnv64=b3fd712f5e622708
Z z=166 c8=12049276177620 y_rows=926 feasible=10594065 zero_m=0 sieve1=148263 sieve2=8053 hits=0 fnv64=bdc8abb0a06294ca
Z z=167 c8=12655529067060 y_rows=925 feasible=10590199 zero_m=0 sieve1=378502 sieve2=19905 hits=0 fnv64=e6e10fe1caf22057
Z z=168 c8=13288305520413 y_rows=925 feasible=10587328 zero_m=0 sieve1=128060 sieve2=7209 hits=0 fnv64=90f731a8cb8310ab
Z z=169 c8=13948593993477 y_rows=925 feasible=10584222 zero_m=0 sieve1=154671 sieve2=9809 hits=0 fnv64=1b570c7e3a3037e1
Z z=170 c8=14637413449945 y_rows=925 feasible=10581138 zero_m=0 sieve1=351754 sieve2=15637 hits=0 fnv64=232881fe52d61ab6
Z z=171 c8=15355814110065 y_rows=925 feasible=10577681 zero_m=0 sieve1=210732 sieve2=7002 hits=0 fnv64=0f14e745b05f00cc
Z z=172 c8=16104878212995 y_rows=925 feasible=10574235 zero_m=0 sieve1=332434 sieve2=13503 hits=0 fnv64=4b83170d4230d1af
Z z=173 c8=16885720793019 y_rows=925 feasible=10570359 zero_m=0 sieve1=344645 sieve2=12298 hits=0 fnv64=f48158831dc8d8ae
Z z=174 c8=17699490469791 y_rows=925 feasible=10565803 zero_m=0 sieve1=1191163 sieve2=36491 hits=0 fnv64=fbecd410a8bbb976
Z z=175 c8=18547370252775 y_rows=924 feasible=10560765 zero_m=0 sieve1=115177 sieve2=4487 hits=0 fnv64=9646f8c6f2df0bee
Z z=176 c8=19430578360050 y_rows=924 feasible=10556628 zero_m=0 sieve1=388756 sieve2=14381 hits=0 fnv64=21dccd531b21f75a
Z z=177 c8=20350369051650 y_rows=924 feasible=10552415 zero_m=0 sieve1=236566 sieve2=9424 hits=0 fnv64=1124a330cc1bbdfc
Z z=178 c8=21308033477610 y_rows=924 feasible=10547985 zero_m=0 sieve1=377067 sieve2=13469 hits=0 fnv64=a621a0b1f5c0efd5
Z z=179 c8=22304900540890 y_rows=924 feasible=10543199 zero_m=0 sieve1=283545 sieve2=19206 hits=0 fnv64=b825d4f048270d9f
Z z=180 c8=23342337775350 y_rows=924 feasible=10537583 zero_m=0 sieve1=283968 sieve2=25539 hits=0 fnv64=1c9eb933a022ed92
Z z=181 c8=24421752238950 y_rows=923 feasible=10531252 zero_m=0 sieve1=204523 sieve2=11759 hits=0 fnv64=7fa460884dedf3fb
Z z=182 c8=25544591422350 y_rows=923 feasible=10526059 zero_m=0 sieve1=73201 sieve2=4675 hits=0 fnv64=edfa5d78c989bc09
Z z=183 c8=26712344173086 y_rows=923 feasible=10520613 zero_m=0 sieve1=408615 sieve2=29819 hits=0 fnv64=67fbfca50c7a352f
Z z=184 c8=27926541635499 y_rows=923 feasible=10514790 zero_m=0 sieve1=296111 sieve2=14785 hits=0 fnv64=14e28235fac748df
Z z=185 c8=29188758206595 y_rows=922 feasible=10506840 zero_m=0 sieve1=441766 sieve2=25170 hits=0 fnv64=ed9caa396fa81acd
Z z=186 c8=30500612508015 y_rows=922 feasible=10500770 zero_m=0 sieve1=392598 sieve2=15296 hits=0 fnv64=4fb9325d3b32d13e
Z z=187 c8=31863768374295 y_rows=922 feasible=10494533 zero_m=0 sieve1=386747 sieve2=12196 hits=0 fnv64=47b3ebcb3d509dcc
Z z=188 c8=33279935857597 y_rows=922 feasible=10487761 zero_m=0 sieve1=292835 sieve2=11112 hits=0 fnv64=6f03e13f23c05974
Z z=189 c8=34750872249093 y_rows=922 feasible=10479300 zero_m=0 sieve1=95266 sieve2=3073 hits=0 fnv64=33d14100d86b2827
Z z=190 c8=36278383117185 y_rows=921 feasible=10471584 zero_m=0 sieve1=330591 sieve2=9661 hits=0 fnv64=9f1d86f11841dadb
Z z=191 c8=37864323362745 y_rows=921 feasible=10464225 zero_m=0 sieve1=374377 sieve2=9411 hits=0 fnv64=23efc99b65946a37
Z z=192 c8=39510598291560 y_rows=921 feasible=10456127 zero_m=0 sieve1=369868 sieve2=14571 hits=0 fnv64=dfe32c885754257b
Z z=193 c8=41219164704168 y_rows=920 feasible=10446192 zero_m=0 sieve1=227400 sieve2=7988 hits=0 fnv64=2588b9e2cdd6d0bd
Z z=194 c8=42992032003272 y_rows=920 feasible=10437957 zero_m=0 sieve1=276227 sieve2=10077 hits=0 fnv64=b053901b71c399b1
Z z=195 c8=44831263318920 y_rows=920 feasible=10428926 zero_m=0 sieve1=277423 sieve2=14019 hits=0 fnv64=9358d99f81c7a99e
Z z=196 c8=46738976651640 y_rows=919 feasible=10418051 zero_m=0 sieve1=179674 sieve2=11529 hits=0 fnv64=a776b300038333a0
Z z=197 c8=48717346033720 y_rows=919 feasible=10408779 zero_m=0 sieve1=158645 sieve2=8742 hits=0 fnv64=c5f3c229482dc17f
Z z=198 c8=50768602708824 y_rows=919 feasible=10398490 zero_m=0 sieve1=87738 sieve2=7151 hits=0 fnv64=9d896900da2abaa8
Z z=199 c8=52895036330136 y_rows=918 feasible=10386755 zero_m=0 sieve1=87774 sieve2=7951 hits=0 fnv64=f51a5a729c7af748
Z z=200 c8=55098996177225 y_rows=918 feasible=10376218 zero_m=0 sieve1=72163 sieve2=5789 hits=0 fnv64=7b5a7f9a6697c3fb
Z z=201 c8=57382892391825 y_rows=917 feasible=10363181 zero_m=0 sieve1=72069 sieve2=4352 hits=0 fnv64=612a4d11bfcf595e
Z z=202 c8=59749197232725 y_rows=917 feasible=10352076 zero_m=0 sieve1=72002 sieve2=4888 hits=0 fnv64=02fafdfe81e418be
Z z=203 c8=62200446349965 y_rows=917 feasible=10339419 zero_m=0 sieve1=95200 sieve2=5077 hits=0 fnv64=6ce05dbfaded6e04
Z z=204 c8=64739240078535 y_rows=916 feasible=10326086 zero_m=0 sieve1=198359 sieve2=6836 hits=0 fnv64=2da964fbb5e10e48
Z z=205 c8=67368244751775 y_rows=916 feasible=10312781 zero_m=0 sieve1=197584 sieve2=8601 hits=0 fnv64=a73a5cc2dfde8ebe
Z z=206 c8=70090194034675 y_rows=915 feasible=10298302 zero_m=0 sieve1=375119 sieve2=15108 hits=0 fnv64=8f72f61490d90fe0
Z z=207 c8=72907890277275 y_rows=915 feasible=10283956 zero_m=0 sieve1=1250001 sieve2=44909 hits=0 fnv64=436bf8ea97b9416e
Z z=208 c8=75824205888366 y_rows=914 feasible=10268529 zero_m=0 sieve1=624758 sieve2=18084 hits=0 fnv64=76f925a58744606a
Z z=209 c8=78842084729694 y_rows=913 feasible=10251657 zero_m=0 sieve1=299880 sieve2=7557 hits=0 fnv64=8fb66b1b1217e6ba
Z z=210 c8=81964543530870 y_rows=913 feasible=10236711 zero_m=0 sieve1=71266 sieve2=1810 hits=0 fnv64=671c1e872fbe8829
Z z=211 c8=85194673325190 y_rows=912 feasible=10218878 zero_m=0 sieve1=203648 sieve2=5125 hits=0 fnv64=5192135b5b021d18
Z z=212 c8=88535640906570 y_rows=912 feasible=10202309 zero_m=0 sieve1=375833 sieve2=11348 hits=0 fnv64=8001fdd6d4fa3009
Z z=213 c8=91990690307802 y_rows=911 feasible=10183668 zero_m=0 sieve1=241443 sieve2=11541 hits=0 fnv64=530f2d66184a73c6
Z z=214 c8=95563144300338 y_rows=910 feasible=10164075 zero_m=0 sieve1=225578 sieve2=10515 hits=0 fnv64=b019b896f74ebd7e
Z z=215 c8=99256405915810 y_rows=910 feasible=10145461 zero_m=0 sieve1=207714 sieve2=13920 hits=0 fnv64=0f00e8f42a98277c
Z z=216 c8=103073959989495 y_rows=909 feasible=10125071 zero_m=0 sieve1=423241 sieve2=24752 hits=0 fnv64=5c4af20c33fd8d5c
Z z=217 c8=107019374725935 y_rows=908 feasible=10103679 zero_m=0 sieve1=124788 sieve2=8093 hits=0 fnv64=2bafe9be1e9fa689
Z z=218 c8=111096303286923 y_rows=907 feasible=10081354 zero_m=0 sieve1=459338 sieve2=45704 hits=0 fnv64=a856638515e2a515
Z z=219 c8=115308485402067 y_rows=907 feasible=10059403 zero_m=0 sieve1=426963 sieve2=33844 hits=0 fnv64=473dfb9d7b2b5b3a
Z z=220 c8=119659749002145 y_rows=906 feasible=10036371 zero_m=0 sieve1=266036 sieve2=11917 hits=0 fnv64=73dec79c0b3d6cac
Z z=221 c8=124154011875465 y_rows=905 feasible=10012175 zero_m=0 sieve1=314927 sieve2=15443 hits=0 fnv64=2f04eadf48e1641e
Z z=222 c8=128795283347445 y_rows=904 feasible=9986868 zero_m=0 sieve1=168671 sieve2=7722 hits=0 fnv64=003bdcf2b355820b
Z z=223 c8=133587665983629 y_rows=903 feasible=9960774 zero_m=0 sieve1=450655 sieve2=23653 hits=0 fnv64=70f9d6c89061ba3b
Z z=224 c8=138535357316356 y_rows=902 feasible=9933718 zero_m=0 sieve1=118166 sieve2=4820 hits=0 fnv64=496667fce64f5b0c
Z z=225 c8=143642651595300 y_rows=901 feasible=9905710 zero_m=0 sieve1=364460 sieve2=15073 hits=0 fnv64=604a0bc32473424a
Z z=226 c8=148913941562100 y_rows=900 feasible=9876880 zero_m=0 sieve1=166802 sieve2=10864 hits=0 fnv64=7605360b15d16c9d
Z z=227 c8=154353720249300 y_rows=899 feasible=9846973 zero_m=0 sieve1=309596 sieve2=11801 hits=0 fnv64=cc50013096175055
Z z=228 c8=159966582803820 y_rows=898 feasible=9815876 zero_m=0 sieve1=308079 sieve2=12467 hits=0 fnv64=bc62e5187ee0a49f
Z z=229 c8=165757228335180 y_rows=896 feasible=9782061 zero_m=0 sieve1=767205 sieve2=35393 hits=0 fnv64=905132bd8293dd32
Z z=230 c8=171730461788700 y_rows=895 feasible=9749259 zero_m=0 sieve1=254536 sieve2=11270 hits=0 fnv64=01f74191d54c54e7
Z z=231 c8=177891195843900 y_rows=894 feasible=9715180 zero_m=0 sieve1=64539 sieve2=2705 hits=0 fnv64=6f797c8d6008cfa3
Z z=232 c8=184244452838325 y_rows=893 feasible=9679587 zero_m=0 sieve1=345291 sieve2=15337 hits=0 fnv64=4b9faebacd7c0e17
Z z=233 c8=190795366717021 y_rows=891 feasible=9641326 zero_m=0 sieve1=323452 sieve2=12459 hits=0 fnv64=7d843a81fef2e98e
Z z=234 c8=197549185007889 y_rows=890 feasible=9603636 zero_m=0 sieve1=199236 sieve2=8815 hits=0 fnv64=896f6f0a57b8249c
Z z=235 c8=204511270823145 y_rows=888 feasible=9562464 zero_m=0 sieve1=226555 sieve2=9429 hits=0 fnv64=6395b8ad09755df9
Z z=236 c8=211687104887115 y_rows=887 feasible=9522152 zero_m=0 sieve1=350291 sieve2=17944 hits=0 fnv64=019dede4e3ab7cbf
Z z=237 c8=219082287590595 y_rows=885 feasible=9478363 zero_m=0 sieve1=188620 sieve2=8274 hits=0 fnv64=ebae1163c3ab8dc9
Z z=238 c8=226702541072007 y_rows=884 feasible=9433891 zero_m=0 sieve1=65115 sieve2=2559 hits=0 fnv64=b4dffc8d0f42dae8
Z z=239 c8=234553711325583 y_rows=882 feasible=9388165 zero_m=0 sieve1=458748 sieve2=19417 hits=0 fnv64=aeb5b11a6cd48d47
Z z=240 c8=242641770336810 y_rows=880 feasible=9339938 zero_m=0 sieve1=731030 sieve2=26080 hits=0 fnv64=5b7f2cacbf4e4687
Z z=241 c8=250972818245370 y_rows=878 feasible=9289853 zero_m=0 sieve1=538270 sieve2=25643 hits=0 fnv64=e9c261b7a0eb557b
Z z=242 c8=259553085535810 y_rows=876 feasible=9238057 zero_m=0 sieve1=250434 sieve2=10285 hits=0 fnv64=52e39b28664488df
Z z=243 c8=268388935256178 y_rows=874 feasible=9184477 zero_m=0 sieve1=272591 sieve2=11290 hits=0 fnv64=a75c780920ee7538
Z z=244 c8=277486865264862 y_rows=872 feasible=9128868 zero_m=0 sieve1=147634 sieve2=6887 hits=0 fnv64=50cdae28c35a8059
Z z=245 c8=286853510505870 y_rows=870 feasible=9071237 zero_m=0 sieve1=71836 sieve2=4462 hits=0 fnv64=94a6e1cf2361475e
Z z=246 c8=296495645312790 y_rows=867 feasible=9009917 zero_m=0 sieve1=82905 sieve2=4758 hits=0 fnv64=5549da20aa071398
Z z=247 c8=306420185741670 y_rows=865 feasible=8948335 zero_m=0 sieve1=61941 sieve2=3609 hits=0 fnv64=bd347c22aad032ed
Z z=248 c8=316634191933059 y_rows=862 feasible=8882275 zero_m=0 sieve1=75170 sieve2=4888 hits=0 fnv64=8cb403ac2a802921
Z z=249 c8=327144870503451 y_rows=860 feasible=8816090 zero_m=0 sieve1=74740 sieve2=5265 hits=0 fnv64=dfdf90db074af80a
Z z=250 c8=337959576966375 y_rows=857 feasible=8745349 zero_m=0 sieve1=95180 sieve2=4703 hits=0 fnv64=9d5ad7123c241068
Z z=251 c8=349085818183375 y_rows=854 feasible=8671978 zero_m=0 sieve1=208669 sieve2=12583 hits=0 fnv64=09941f94c4b23335
Z z=252 c8=360531254845125 y_rows=851 feasible=8595943 zero_m=0 sieve1=93705 sieve2=6416 hits=0 fnv64=966f5873754e6ef9
Z z=253 c8=372303703982925 y_rows=848 feasible=8516973 zero_m=0 sieve1=144027 sieve2=6892 hits=0 fnv64=ef7b766b3c059b85
Z z=254 c8=384411141510825 y_rows=845 feasible=8434729 zero_m=0 sieve1=168356 sieve2=5239 hits=0 fnv64=e02583b8ee39a0e5
Z z=255 c8=396861704798625 y_rows=841 feasible=8347553 zero_m=0 sieve1=161960 sieve2=5138 hits=0 fnv64=84436d51603ddcee
Z z=256 c8=409663695276000 y_rows=838 feasible=8258669 zero_m=0 sieve1=346527 sieve2=12958 hits=0 fnv64=91bc6db7d4089fee
Z z=257 c8=422825581068000 y_rows=834 feasible=8164704 zero_m=0 sieve1=247148 sieve2=7824 hits=0 fnv64=961a598db63db35b
Z z=258 c8=436355999662176 y_rows=830 feasible=8066518 zero_m=0 sieve1=267892 sieve2=8776 hits=0 fnv64=c3980376b5bdcb50
Z z=259 c8=450263760607584 y_rows=826 feasible=7963726 zero_m=0 sieve1=89656 sieve2=2683 hits=0 fnv64=fc508ae88e202116
Z z=260 c8=464557848245920 y_rows=821 feasible=7855996 zero_m=0 sieve1=219327 sieve2=6529 hits=0 fnv64=6a993c304a289f4c
Z z=261 c8=479247424475040 y_rows=816 feasible=7742798 zero_m=0 sieve1=450217 sieve2=18237 hits=0 fnv64=4e45a130edfc0e1d
Z z=262 c8=494341831545120 y_rows=811 feasible=7624798 zero_m=0 sieve1=451519 sieve2=19522 hits=0 fnv64=8f06b36834be7478
Z z=263 c8=509850594887712 y_rows=806 feasible=7501308 zero_m=0 sieve1=199066 sieve2=8057 hits=0 fnv64=09993304395c1eda
Z z=264 c8=525783425977953 y_rows=800 feasible=7369999 zero_m=0 sieve1=141490 sieve2=14147 hits=0 fnv64=82fee6358e136bdd
Z z=265 c8=542150225230185 y_rows=794 feasible=7232454 zero_m=0 sieve1=227839 sieve2=14413 hits=0 fnv64=2e23abb1ed9255d5
Z z=266 c8=558961084927245 y_rows=788 feasible=7088009 zero_m=0 sieve1=49445 sieve2=2491 hits=0 fnv64=2df4df55c25c7643
Z z=267 c8=576226292183685 y_rows=781 feasible=6934177 zero_m=0 sieve1=102085 sieve2=5686 hits=0 fnv64=9e8b8687d8f585a0
Z z=268 c8=593956331943183 y_rows=774 feasible=6771642 zero_m=0 sieve1=278329 sieve2=18646 hits=0 fnv64=c125d697ab20871d
Z z=269 c8=612161890010407 y_rows=766 feasible=6598394 zero_m=0 sieve1=208672 sieve2=13340 hits=0 fnv64=ea531e60b8438c37
Z z=270 c8=630853856117595 y_rows=757 feasible=6413521 zero_m=0 sieve1=193901 sieve2=10650 hits=0 fnv64=229bd84ba4bd0cf9
Z z=271 c8=650043327026115 y_rows=748 feasible=6215927 zero_m=0 sieve1=120173 sieve2=5321 hits=0 fnv64=2993c448de0f5b17
Z z=272 c8=669741609663270 y_rows=737 feasible=6003040 zero_m=0 sieve1=462877 sieve2=20843 hits=0 fnv64=3e42566dbbcbc94d
Z z=273 c8=689960224294614 y_rows=726 feasible=5774092 zero_m=0 sieve1=121362 sieve2=4037 hits=0 fnv64=f8fa21ca46a01dde
Z z=274 c8=710710907732046 y_rows=713 feasible=5524103 zero_m=0 sieve1=393808 sieve2=17857 hits=0 fnv64=6b1ec7996e362738
Z z=275 c8=732005616577950 y_rows=699 feasible=5250488 zero_m=0 sieve1=89329 sieve2=5033 hits=0 fnv64=d40f8905d1a36cc4
Z z=276 c8=753856530505650 y_rows=682 feasible=4946576 zero_m=0 sieve1=156062 sieve2=4790 hits=0 fnv64=4c755368944b00ca
Z z=277 c8=776276055576450 y_rows=663 feasible=4605783 zero_m=0 sieve1=92266 sieve2=3271 hits=0 fnv64=8f98eecd4abae9b5
Z z=278 c8=799276827593530 y_rows=640 feasible=4214829 zero_m=0 sieve1=140380 sieve2=4145 hits=0 fnv64=12e2feee7ff26cda
Z z=279 c8=822871715492970 y_rows=611 feasible=3752319 zero_m=0 sieve1=55632 sieve2=1866 hits=0 fnv64=399ab8a16e33cdfc
Z z=280 c8=847073824772175 y_rows=571 feasible=3175337 zero_m=0 sieve1=22357 sieve2=808 hits=0 fnv64=a06d9c333ef0fe76
Z z=281 c8=871896500955975 y_rows=508 feasible=2369722 zero_m=0 sieve1=99461 sieve2=6102 hits=0 fnv64=6e21afe316272e58
Z_ROWS_END
TOTAL y_rows=248160 feasible_xyz=2755643831 positive_m=2755643831 zero_m=0 sieve1=78900865 sieve2=3796359 square_hits=0
RESULT n=896315812331399 representations=0
CONTROL n=896315812331398 result=REP w=33663667 x=9433 y=16 z=9 terms=566621221111611,329694591211770,8008,9
CONTROL n=896315812331400 result=REP w=40920205 x=6138 y=22 z=13 terms=837231568160910,59084244094590,74613,1287
