================================================================================
  FIXED TOURNAMENT TETRAHEDRON
  kind-pasteur-2026-03-24-S20fc
================================================================================

############################################################
  n = 4, m = 3, V = 4, SC = 2
############################################################

  THREE IDENTITIES (corrected |Aut|):
    1. TILING:  sum H/|Aut| = 8 (expected 8) OK
    2. LABELED: sum n!/|Aut| = 64 (expected 64) OK
    3. SZELE:   sum H*n!/|Aut| = 192 (expected 192) OK

       H  |Aut|  Tilings   n!/|Aut|                     Score  SC
       1      1        1         24              (0, 1, 2, 3)   Y
       3      3        1          8              (1, 1, 1, 3)   N
       3      3        1          8              (0, 2, 2, 2)   N
       5      1        5         24              (1, 1, 2, 2)   Y

  Time: 0.0s

############################################################
  n = 5, m = 6, V = 12, SC = 8
############################################################

  THREE IDENTITIES (corrected |Aut|):
    1. TILING:  sum H/|Aut| = 64 (expected 64) OK
    2. LABELED: sum n!/|Aut| = 1024 (expected 1024) OK
    3. SZELE:   sum H*n!/|Aut| = 7680 (expected 7680) OK

       H  |Aut|  Tilings   n!/|Aut|                     Score  SC
       1      1        1        120           (0, 1, 2, 3, 4)   Y
       3      3        1         40           (1, 1, 1, 3, 4)   N
       3      3        1         40           (0, 1, 3, 3, 3)   N
       3      3        1         40           (0, 2, 2, 2, 4)   Y
       5      1        5        120           (0, 2, 2, 3, 3)   N
       5      1        5        120           (1, 1, 2, 2, 4)   N
       9      1        9        120           (1, 1, 2, 3, 3)   Y
       9      1        9        120           (1, 1, 2, 3, 3)   Y
      11      1       11        120           (1, 2, 2, 2, 3)   Y
      13      1       13        120           (1, 2, 2, 2, 3)   Y
      15      3        5         40           (1, 2, 2, 2, 3)   Y
      15      5        3         24           (2, 2, 2, 2, 2)   Y

  Time: 0.0s

############################################################
  n = 6, m = 10, V = 56, SC = 12
############################################################

  THREE IDENTITIES (corrected |Aut|):
    1. TILING:  sum H/|Aut| = 1024 (expected 1024) OK
    2. LABELED: sum n!/|Aut| = 32768 (expected 32768) OK
    3. SZELE:   sum H*n!/|Aut| = 737280 (expected 737280) OK

       H  |Aut|  Tilings   n!/|Aut|                     Score  SC
       1      1        1        720        (0, 1, 2, 3, 4, 5)   Y
       3      3        1        240        (0, 2, 2, 2, 4, 5)   N
       3      3        1        240        (0, 1, 2, 4, 4, 4)   N
       3      3        1        240        (0, 1, 3, 3, 3, 5)   N
       3      3        1        240        (1, 1, 1, 3, 4, 5)   N
       5      1        5        720        (1, 1, 2, 2, 4, 5)   N
       5      1        5        720        (0, 1, 3, 3, 4, 4)   N
       5      1        5        720        (0, 2, 2, 3, 3, 5)   Y
       9      1        9        720        (1, 1, 2, 3, 3, 5)   N
       9      9        1         80        (1, 1, 1, 4, 4, 4)   Y
       9      1        9        720        (0, 2, 2, 3, 4, 4)   N
       9      1        9        720        (1, 1, 2, 3, 3, 5)   N
       9      1        9        720        (0, 2, 2, 3, 4, 4)   N
      11      1       11        720        (1, 2, 2, 2, 3, 5)   N
      11      1       11        720        (0, 2, 3, 3, 3, 4)   N
      13      1       13        720        (0, 2, 3, 3, 3, 4)   N
      13      1       13        720        (1, 2, 2, 2, 3, 5)   N
      15      5        3        144        (2, 2, 2, 2, 2, 5)   N
      15      3        5        240        (0, 2, 3, 3, 3, 4)   N
      15      5        3        144        (0, 3, 3, 3, 3, 3)   N
      15      1       15        720        (1, 1, 2, 3, 4, 4)   N
      15      3        5        240        (1, 2, 2, 2, 3, 5)   N
      15      1       15        720        (1, 1, 2, 3, 4, 4)   N
      17      1       17        720        (1, 1, 2, 3, 4, 4)   Y
      17      1       17        720        (1, 1, 2, 3, 4, 4)   Y
      19      1       19        720        (1, 2, 2, 2, 4, 4)   N
      19      1       19        720        (1, 1, 3, 3, 3, 4)   N
      23      1       23        720        (1, 2, 2, 3, 3, 4)   N
      23      1       23        720        (1, 2, 2, 3, 3, 4)   N
      23      1       23        720        (1, 2, 2, 2, 4, 4)   N
      23      1       23        720        (1, 1, 3, 3, 3, 4)   N
      25      1       25        720        (1, 2, 2, 3, 3, 4)   N
      25      1       25        720        (1, 2, 2, 3, 3, 4)   N
      27      3        9        240        (1, 1, 3, 3, 3, 4)   N
      27      3        9        240        (1, 2, 2, 2, 4, 4)   N
      29      1       29        720        (1, 2, 2, 3, 3, 4)   Y
      29      1       29        720        (1, 2, 2, 3, 3, 4)   Y
      29      1       29        720        (1, 2, 2, 3, 3, 4)   N
      29      1       29        720        (1, 2, 2, 3, 3, 4)   N
      31      1       31        720        (1, 2, 2, 3, 3, 4)   N
      31      1       31        720        (1, 2, 2, 3, 3, 4)   N
      33      1       33        720        (1, 2, 3, 3, 3, 3)   N
      33      1       33        720        (1, 2, 2, 3, 3, 4)   Y
      33      3       11        240        (1, 2, 3, 3, 3, 3)   N
      33      1       33        720        (2, 2, 2, 2, 3, 4)   N
      33      3       11        240        (2, 2, 2, 2, 3, 4)   N
      37      1       37        720        (1, 2, 3, 3, 3, 3)   N
      37      1       37        720        (1, 2, 3, 3, 3, 3)   N
      37      1       37        720        (1, 2, 2, 3, 3, 4)   Y
      37      1       37        720        (2, 2, 2, 2, 3, 4)   N
      37      1       37        720        (2, 2, 2, 2, 3, 4)   N
      41      1       41        720        (2, 2, 2, 3, 3, 3)   Y
      43      1       43        720        (2, 2, 2, 3, 3, 3)   N
      43      1       43        720        (2, 2, 2, 3, 3, 3)   N
      45      3       15        240        (2, 2, 2, 3, 3, 3)   Y
      45      3       15        240        (2, 2, 2, 3, 3, 3)   Y

  OVERLAP AT n=6: 5 pairs

    OVERLAP (complement + wiggly neighbor):
      H= 15, |Aut|=1, tilings=15, scores=(1, 1, 2, 3, 4, 4)
      H= 23, |Aut|=1, tilings=23, scores=(1, 2, 2, 3, 3, 4)
      H= 25, |Aut|=1, tilings=25, scores=(1, 2, 2, 3, 3, 4)
      H= 29, |Aut|=1, tilings=29, scores=(1, 2, 2, 3, 3, 4)
      H= 43, |Aut|=1, tilings=43, scores=(2, 2, 2, 3, 3, 3)

    NON-OVERLAP complement pairs:
      H=  3, |Aut|=3, tilings=1, scores=(0, 1, 2, 4, 4, 4)
      H=  3, |Aut|=3, tilings=1, scores=(0, 1, 3, 3, 3, 5)
      H=  5, |Aut|=1, tilings=5, scores=(0, 1, 3, 3, 4, 4)
      H=  9, |Aut|=1, tilings=9, scores=(0, 2, 2, 3, 4, 4)
      H=  9, |Aut|=1, tilings=9, scores=(0, 2, 2, 3, 4, 4)
      H= 11, |Aut|=1, tilings=11, scores=(0, 2, 3, 3, 3, 4)
      H= 13, |Aut|=1, tilings=13, scores=(0, 2, 3, 3, 3, 4)
      H= 15, |Aut|=5, tilings=3, scores=(0, 3, 3, 3, 3, 3)
      H= 15, |Aut|=3, tilings=5, scores=(0, 2, 3, 3, 3, 4)
      H= 19, |Aut|=1, tilings=19, scores=(1, 1, 3, 3, 3, 4)
      H= 23, |Aut|=1, tilings=23, scores=(1, 1, 3, 3, 3, 4)
      H= 27, |Aut|=3, tilings=9, scores=(1, 1, 3, 3, 3, 4)
      H= 31, |Aut|=1, tilings=31, scores=(1, 2, 2, 3, 3, 4)
      H= 33, |Aut|=3, tilings=11, scores=(1, 2, 3, 3, 3, 3)
      H= 33, |Aut|=1, tilings=33, scores=(1, 2, 3, 3, 3, 3)
      H= 37, |Aut|=1, tilings=37, scores=(1, 2, 3, 3, 3, 3)
      H= 37, |Aut|=1, tilings=37, scores=(1, 2, 3, 3, 3, 3)

    All overlap palindromic? True
    Non-overlap palindromic count: 1/17

  Time: 2.9s

DONE.
================================================================================
