================================================================================
  DEEP THREE-VIEW ANALYSIS + PRINCIPAL PATH
  kind-pasteur-2026-03-23-S20cr
================================================================================

################################################################################
  n = 3
################################################################################
  G_3/Z_2: V=2 E=1 (blue=1 black=0 mixed=0) [0.0s]

  --- BLACK BIPARTITENESS TEST ---
    Black SC-SC: 0
    Black NS-NS: 0
    Black SC-NS: 0
    BIPARTITE (SC vs NS partition)? YES — PROVED
    => Triangle-free (trivially)
    => Even girth (all cycles even)
    => 2-colorable

  --- BLUE WITHIN-TYPE ANALYSIS ---
    SC blue subgraph: V=2, E=1, components=1
    SC blue IS A TREE! (E = V-1 = 1)

  --- MIXED TRIANGLE DECOMPOSITION ---
    BBB (all blue): 0
    BBK (2 blue, 1 black): 0
    BKK (1 blue, 2 black): 0
    KKK (all black): 0
    Total: 0
    Check: KKK=0? YES (black triangle-free!)

  --- WALK CROSS-TERM DECOMPOSITION ---
    A_C = A_B + A_K, so trace(A_C^k) decomposes into mixed products
    k=2: tr(B^2)=2  tr(K^2)=0  2*tr(BK)=0  sum=2  tr(C^2)=2
    k=3: BBB=0  KKK=0
         BBK+BKB+KBB=0
         BKK+KBK+KKB=0
         sum=0  tr(C^3)=0  match=YES
    Cyclic check: BBK=0  BKB=0  KBB=0
    Note: tr(BBK)=tr(KBB)? YES
    tr(K^3) = 6*#black_triangles = 0 (confirms triangle-free!)
    k=4: pure_B=2  pure_K=0  mixed=0  total=2

  --- SPECTRAL DECOMPOSITION ---
    Spectral radius: B=1.0000  K=0.0000  C=1.0000
      C/(B+K) = 1.0000
      C/max(B,K) = 1.0000
    Energy: B=2.00  K=0.00  C=2.00
      C/(B+K) = 1.0000
    Alg connectivity: B=2.0000  K=0.0000  C=2.0000
    ||[A_B, A_K]||_F = 0.0000  (commutator norm)
    B and K COMMUTE => simultaneous diagonalization possible

  --- H-GRADIENT ON SC SPINE ---
    SC blue edges: 1 total
      Uphill (H increases): 1
      Downhill (H decreases): 0
      Level (same H): 0
    SC spine is a DAG under H-gradient
    Non-monotone fraction: 0.000

  --- PRINCIPAL PATH (transitive -> max-H) ---
    Shortest blue path: transitive -> H=3
    Length: 1 edges
    H along path: [1, 3]
    H-drops (downhill steps): 0

  --- SC/NS DEGREE PROFILES ---
    SC (2 nodes):
      Blue deg: avg=1.00 min=1 max=1 std=0.00
      Black deg: avg=0.00 min=0 max=0 std=0.00
      Combined: avg=1.00 min=1 max=1 std=0.00
      Blue fraction: 1.0000

  --- BLACK SUBGRAPH STRUCTURE ---
    Black: E=0, components=2

################################################################################
  n = 4
################################################################################
  G_4/Z_2: V=3 E=3 (blue=1 black=2 mixed=0) [0.0s]

  --- BLACK BIPARTITENESS TEST ---
    Black SC-SC: 0
    Black NS-NS: 0
    Black SC-NS: 2
    BIPARTITE (SC vs NS partition)? YES — PROVED
    => Triangle-free (trivially)
    => Even girth (all cycles even)
    => 2-colorable

  --- BLUE WITHIN-TYPE ANALYSIS ---
    SC blue subgraph: V=2, E=1, components=1
    SC blue IS A TREE! (E = V-1 = 1)
    NS blue subgraph: V=1, E=0, components=1

  --- MIXED TRIANGLE DECOMPOSITION ---
    BBB (all blue): 0
    BBK (2 blue, 1 black): 0
    BKK (1 blue, 2 black): 1
    KKK (all black): 0
    Total: 1
    Check: KKK=0? YES (black triangle-free!)

  --- WALK CROSS-TERM DECOMPOSITION ---
    A_C = A_B + A_K, so trace(A_C^k) decomposes into mixed products
    k=2: tr(B^2)=2  tr(K^2)=4  2*tr(BK)=0  sum=6  tr(C^2)=6
    k=3: BBB=0  KKK=0
         BBK+BKB+KBB=0
         BKK+KBK+KKB=6
         sum=6  tr(C^3)=6  match=YES
    Cyclic check: BBK=0  BKB=0  KBB=0
    Note: tr(BBK)=tr(KBB)? YES
    tr(K^3) = 6*#black_triangles = 0 (confirms triangle-free!)
    k=4: pure_B=2  pure_K=8  mixed=8  total=18

  --- SPECTRAL DECOMPOSITION ---
    Spectral radius: B=1.0000  K=1.4142  C=2.0000
      C/(B+K) = 0.8284
      C/max(B,K) = 1.4142
    Energy: B=2.00  K=2.83  C=4.00
      C/(B+K) = 0.8284
    Alg connectivity: B=0.0000  K=1.0000  C=3.0000
    Spectral gap: B=1.0000  K=1.4142  C=3.0000
    ||[A_B, A_K]||_F = 2.0000  (commutator norm)

  --- H-GRADIENT ON SC SPINE ---
    SC blue edges: 1 total
      Uphill (H increases): 1
      Downhill (H decreases): 0
      Level (same H): 0
    SC spine is a DAG under H-gradient
    Non-monotone fraction: 0.000

  --- PRINCIPAL PATH (transitive -> max-H) ---
    Shortest blue path: transitive -> H=5
    Length: 1 edges
    H along path: [1, 5]
    H-drops (downhill steps): 0

  --- SC/NS DEGREE PROFILES ---
    SC (2 nodes):
      Blue deg: avg=1.00 min=1 max=1 std=0.00
      Black deg: avg=1.00 min=1 max=1 std=0.00
      Combined: avg=2.00 min=2 max=2 std=0.00
      Blue fraction: 0.5000
    NS (1 nodes):
      Blue deg: avg=0.00 min=0 max=0 std=0.00
      Black deg: avg=2.00 min=2 max=2 std=0.00
      Combined: avg=2.00 min=2 max=2 std=0.00
      Blue fraction: 0.0000

  --- BLACK SUBGRAPH STRUCTURE ---
    Black: E=2, components=1
    Black girth: inf (forest/acyclic)
    Black active: 3 vertices in 1 components, 2 edges
    Black is a FOREST

################################################################################
  n = 5
################################################################################
  G_5/Z_2: V=10 E=21 (blue=13 black=8 mixed=0) [0.2s]

  --- BLACK BIPARTITENESS TEST ---
    Black SC-SC: 0
    Black NS-NS: 0
    Black SC-NS: 8
    BIPARTITE (SC vs NS partition)? YES — PROVED
    => Triangle-free (trivially)
    => Even girth (all cycles even)
    => 2-colorable

  --- BLUE WITHIN-TYPE ANALYSIS ---
    SC blue subgraph: V=8, E=12, components=1
    SC blue: genus = E - V + components = 5
    NS blue subgraph: V=2, E=1, components=1

  --- MIXED TRIANGLE DECOMPOSITION ---
    BBB (all blue): 3
    BBK (2 blue, 1 black): 0
    BKK (1 blue, 2 black): 9
    KKK (all black): 0
    Total: 12
    Check: KKK=0? YES (black triangle-free!)

  --- WALK CROSS-TERM DECOMPOSITION ---
    A_C = A_B + A_K, so trace(A_C^k) decomposes into mixed products
    k=2: tr(B^2)=26  tr(K^2)=16  2*tr(BK)=0  sum=42  tr(C^2)=42
    k=3: BBB=18  KKK=0
         BBK+BKB+KBB=0
         BKK+KBK+KKB=54
         sum=72  tr(C^3)=72  match=YES
    Cyclic check: BBK=0  BKB=0  KBB=0
    Note: tr(BBK)=tr(KBB)? YES
    tr(K^3) = 6*#black_triangles = 0 (confirms triangle-free!)
    k=4: pure_B=174  pure_K=96  mixed=296  total=566

  --- SPECTRAL DECOMPOSITION ---
    Spectral radius: B=3.2786  K=2.6131  C=4.6405
      C/(B+K) = 0.7876
      C/max(B,K) = 1.4154
    Energy: B=13.32  K=7.39  C=15.88
      C/(B+K) = 0.7669
    Alg connectivity: B=-0.0000  K=0.0000  C=1.4298
    Spectral gap: B=1.6750  K=1.5307  C=2.7889
    ||[A_B, A_K]||_F = 9.3808  (commutator norm)

  --- H-GRADIENT ON SC SPINE ---
    SC blue edges: 12 total
      Uphill (H increases): 7
      Downhill (H decreases): 4
      Level (same H): 1
    SC spine is NOT a DAG under H-gradient
    Non-monotone fraction: 0.417

  --- PRINCIPAL PATH (transitive -> max-H) ---
    Shortest blue path: transitive -> H=15
    Length: 2 edges
    H along path: [1, 3, 15]
    H-drops (downhill steps): 0

  --- SC/NS DEGREE PROFILES ---
    SC (8 nodes):
      Blue deg: avg=3.00 min=2 max=4 std=0.87
      Black deg: avg=1.00 min=0 max=2 std=0.71
      Combined: avg=4.00 min=2 max=5 std=1.12
      Blue fraction: 0.7500
    NS (2 nodes):
      Blue deg: avg=1.00 min=1 max=1 std=0.00
      Black deg: avg=4.00 min=2 max=6 std=2.00
      Combined: avg=5.00 min=3 max=7 std=2.00
      Blue fraction: 0.2000

  --- BLACK SUBGRAPH STRUCTURE ---
    Black: E=8, components=3
    Black girth: 4
    Even girth? YES
    Black active: 8 vertices in 1 components, 8 edges
    Black is NOT a forest

################################################################################
  n = 6
################################################################################
  G_6/Z_2: V=34 E=143 (blue=98 black=45 mixed=0) [22.2s]

  --- BLACK BIPARTITENESS TEST ---
    Black SC-SC: 0
    Black NS-NS: 0
    Black SC-NS: 45
    BIPARTITE (SC vs NS partition)? YES — PROVED
    => Triangle-free (trivially)
    => Even girth (all cycles even)
    => 2-colorable

  --- BLUE WITHIN-TYPE ANALYSIS ---
    SC blue subgraph: V=12, E=13, components=1
    SC blue: genus = E - V + components = 2
    NS blue subgraph: V=22, E=85, components=1

  --- MIXED TRIANGLE DECOMPOSITION ---
    BBB (all blue): 87
    BBK (2 blue, 1 black): 0
    BKK (1 blue, 2 black): 52
    KKK (all black): 0
    Total: 139
    Check: KKK=0? YES (black triangle-free!)

  --- WALK CROSS-TERM DECOMPOSITION ---
    A_C = A_B + A_K, so trace(A_C^k) decomposes into mixed products
    k=2: tr(B^2)=196  tr(K^2)=90  2*tr(BK)=0  sum=286  tr(C^2)=286
    k=3: BBB=522  KKK=0
         BBK+BKB+KBB=0
         BKK+KBK+KKB=312
         sum=834  tr(C^3)=834  match=YES
    Cyclic check: BBK=0  BKB=0  KBB=0
    Note: tr(BBK)=tr(KBB)? YES
    tr(K^3) = 6*#black_triangles = 0 (confirms triangle-free!)
    k=4: pure_B=6508  pure_K=642  mixed=5000  total=12150

  --- SPECTRAL DECOMPOSITION ---
    Spectral radius: B=8.5076  K=3.6855  C=9.7796
      C/(B+K) = 0.8021
      C/max(B,K) = 1.1495
    Energy: B=59.49  K=41.80  C=73.21
      C/(B+K) = 0.7228
    Alg connectivity: B=0.0000  K=-0.0000  C=1.4662
    Spectral gap: B=4.3200  K=0.9543  C=4.2888
    ||[A_B, A_K]||_F = 37.2022  (commutator norm)

  --- H-GRADIENT ON SC SPINE ---
    SC blue edges: 13 total
      Uphill (H increases): 11
      Downhill (H decreases): 2
      Level (same H): 0
    SC spine is NOT a DAG under H-gradient
    Non-monotone fraction: 0.154

  --- PRINCIPAL PATH (transitive -> max-H) ---
    Shortest blue path: transitive -> H=45
    Length: 7 edges
    H along path: [1, 5, 37, 33, 29, 17, 29, 45]
    H-drops (downhill steps): 3
      Drop at step 2: 37 -> 33 (Delta = -4)
      Drop at step 3: 33 -> 29 (Delta = -4)
      Drop at step 4: 29 -> 17 (Delta = -12)

  --- SC/NS DEGREE PROFILES ---
    SC (12 nodes):
      Blue deg: avg=2.17 min=1 max=3 std=0.69
      Black deg: avg=3.75 min=1 max=5 std=1.48
      Combined: avg=5.92 min=2 max=8 std=1.98
      Blue fraction: 0.3662
    NS (22 nodes):
      Blue deg: avg=7.73 min=3 max=11 std=2.34
      Black deg: avg=2.05 min=0 max=6 std=1.33
      Combined: avg=9.77 min=3 max=13 std=2.84
      Blue fraction: 0.7907

  --- BLACK SUBGRAPH STRUCTURE ---
    Black: E=45, components=5
    Black girth: 4
    Even girth? YES
    Black active: 30 vertices in 1 components, 45 edges
    Black is NOT a forest


================================================================================
  CROSS-n SYNTHESIS (n=3..6)
================================================================================

  Black bipartiteness:
    n=3: BIPARTITE
    n=4: BIPARTITE
    n=5: BIPARTITE
    n=6: BIPARTITE

  Triangle decomposition (BBB / BBK / BKK / KKK):
    n=3: 0 / 0 / 0 / 0  total=0
    n=4: 0 / 0 / 1 / 0  total=1
    n=5: 3 / 0 / 9 / 0  total=12
    n=6: 87 / 0 / 52 / 0  total=139

  Triangle sequences:
    BBB: 0, 0, 3, 87
    BBK: 0, 0, 0, 0
    BKK: 0, 1, 9, 52
    KKK: 0, 0, 0, 0

  Spectral radius ratio rho(C)/(rho(B)+rho(K)):
    n=3: 1.0000
    n=4: 0.8284
    n=5: 0.7876
    n=6: 0.8021

  Energy ratio E(C)/(E(B)+E(K)):
    n=3: 1.0000
    n=4: 0.8284
    n=5: 0.7669
    n=6: 0.7228

  Commutator ||[A_B, A_K]||_F:
    n=3: 0.0000
    n=4: 2.0000
    n=5: 9.3808
    n=6: 37.2022

  SC spine H-gradient (uphill / downhill / level):
    n=3: 1 / 0 / 0  (non-monotone: 0.000)
    n=4: 1 / 0 / 0  (non-monotone: 0.000)
    n=5: 7 / 4 / 1  (non-monotone: 0.417)
    n=6: 11 / 2 / 0  (non-monotone: 0.154)

  SC blue subgraph is tree?
    n=3: YES
    n=4: YES
    n=5: NO
    n=6: NO

  Walk cross-term structure:
    k=2 cross-term 2·tr(BK):
      n=3: 0
      n=4: 0
      n=5: 0
      n=6: 0
    k=3 mixed walks (BBK-type / BKK-type):
      n=3: 0 / 0
      n=4: 0 / 6
      n=5: 0 / 54
      n=6: 0 / 312


================================================================================
  THEOREM CANDIDATES FROM THIS ANALYSIS
================================================================================

  THM-A: BLACK BIPARTITENESS (PROVED)
    The black subgraph of G_n/Z_2 is BIPARTITE with partition (SC, NS).
    PROOF: By definition, a black edge connects classes A, B where
    A.sc != B.sc (i.e., one is self-complementary and the other is not).
    Therefore every black edge crosses the SC/NS partition.
    Consequences:
      (i) Black subgraph is triangle-free
      (ii) Black subgraph has even girth (or is a forest)
      (iii) Black chromatic number chi_black <= 2
    Verified: n=3..6 exhaustive.

  THM-B: EDGE ADDITIVITY (PROVED)
    E(Combined) = E(Blue) + E(Black) for all n.
    PROOF: By construction, every merged edge is classified as exactly
    one of blue, black, or mixed. We observe mixed=0 at all tested n.
    When mixed=0, the edge sets partition: E_C = E_B disjoint-union E_K.
    Therefore A_C = A_B + A_K as adjacency matrices.
    => degree additivity: deg_C(v) = deg_B(v) + deg_K(v) for all v.

  OBSERVATION C: TRIANGLE TYPE CONSTRAINT
    Since black is triangle-free (THM-A), triangles decompose as:
      #tri(C) = #tri(BBB) + #tri(BBK) + #tri(BKK)
    where BBK means 2 blue + 1 black edge, etc.
    No KKK triangles can exist.
    Furthermore, BKK requires a path of 2 black edges between vertices
    that are also blue-connected. Since black is bipartite (SC<->NS),
    a BKK triangle needs: SC-NS-SC with all pairs connected.
    This is possible when 2 SC nodes share an NS neighbor.


  DONE.
================================================================================
