==========================================================================
CAYLEY GLUE + COMPLEMENT=REFLECTION  (labeled level, all tournaments)
==========================================================================
n=3: U orthogonal=True; |eig(U)|=1 on circle=True; complement->U^-1 (S->-S)=True; (n odd <=> +1 eigenvalue)=True
n=4: U orthogonal=True; |eig(U)|=1 on circle=True; complement->U^-1 (S->-S)=True; (n odd <=> +1 eigenvalue)=True
n=5: U orthogonal=True; |eig(U)|=1 on circle=True; complement->U^-1 (S->-S)=True; (n odd <=> +1 eigenvalue)=True

--- QR heptagon (n=7 Paley): Cayley spectrum encodes the GAUSS SUM (NOT roots of unity) ---
  p=7: spec(S) nonzero = +-i*[np.float64(2.6458)] (=+-i*sqrt(p)=2.6458, the Gauss sum); U nonzero cos(theta)=[np.float64(-0.75)] (predicted -(p-1)/(p+1)=-0.75); +1 eig (n odd)=True
  p=11: spec(S) nonzero = +-i*[np.float64(3.3166)] (=+-i*sqrt(p)=3.3166, the Gauss sum); U nonzero cos(theta)=[np.float64(-0.8333)] (predicted -(p-1)/(p+1)=-0.8333); +1 eig (n odd)=True

==========================================================================
ODD/EVEN (Redei) = ONE FACT IN THREE GEOMETRIES  (iso classes)
==========================================================================
n=3: |G_n|=2 (A000568=2 OK); #SC=2 (all even count); #NS=0 -> NS-merged=0; V_merged=2
     [staircase]  SC node fiber H ODD = True;  NS-merged fiber 2H EVEN = True   (Redei)
     [spectral]   spec(S)=spec(-S) always (reflection trivial on spectra; SC undetectable) = True
     [circle]     SC <=> palindromic/self-conjugate spectrum (fixed by theta->-theta)
n=4: |G_n|=4 (A000568=4 OK); #SC=2 (all even count); #NS=2 -> NS-merged=1; V_merged=3
     [staircase]  SC node fiber H ODD = True;  NS-merged fiber 2H EVEN = True   (Redei)
     [spectral]   spec(S)=spec(-S) always (reflection trivial on spectra; SC undetectable) = True
     [circle]     SC <=> palindromic/self-conjugate spectrum (fixed by theta->-theta)
n=5: |G_n|=12 (A000568=12 OK); #SC=8 (all even count); #NS=4 -> NS-merged=2; V_merged=10
     [staircase]  SC node fiber H ODD = True;  NS-merged fiber 2H EVEN = True   (Redei)
     [spectral]   spec(S)=spec(-S) always (reflection trivial on spectra; SC undetectable) = True
     [circle]     SC <=> palindromic/self-conjugate spectrum (fixed by theta->-theta)

==========================================================================
NET: complement = ONE reflection (sigma / S->-S / theta->-theta), Cayley-conjugate across
     the three geometries. Its FIXED set = the SC classes; Redei makes the fixed fiber ODD,
     the moved (NS) fiber 2H EVEN -- the odd/even fiber parity, one fact seen three ways.
     The skew/Cayley spectrum is complement-blind (reflection trivial on spectra); n-parity
     is the pinned runner at 0 (U has +1 <=> n odd <=> S singular).
==========================================================================
