====================================================================================================
  TIC CODEC COMPARISON: zlib vs GR2 vs GR3 vs PNG
  kind-pasteur-2026-03-26-S33
====================================================================================================

  Image              PNG  TIC-zlib   TIC-GR2   TIC-GR3 best/PNG     RT
  ---------------------------------------------------------------------------
  kodim01.png     134653    100124     91716    116646   1.468x     OK
  kodim02.png     111383     95057     84880    110850   1.312x     OK
  kodim03.png     101178     91147     78505    102431   1.289x     OK
  kodim04.png      97341     85485     74983    100141   1.298x     OK
  kodim05.png     145367    115551    102007    127768   1.425x     OK
  kodim08.png     129667    105640     94777    119429   1.368x     OK
  kodim12.png     114164     95373     83372    108778   1.369x     OK
  kodim23.png     103026     94136     81497    106827   1.264x     OK
  vlcsnap-2026     63289     44804     56641     68931   1.413x     OK

  AGGREGATE      1000068    827317    748378    961801   1.336x ALL OK

  vs PNG:
    TIC-zlib: 1.209x (+20.9%)
    TIC-GR2: 1.336x (+33.6%)
    TIC-GR3: 1.040x (+4.0%)

  Roundtrip: ALL PASS
