================================================================================
  THE COMPLETE MAP: TILINGS -> ISO CLASSES -> META-GRAPH
  kind-pasteur-2026-03-23-S20cu
================================================================================

  n = 5
  Total arcs: 10, Tiles (non-base-path arcs): 6
  Tilings: 2^6 = 64

  STAIRCASE TILES AND THEIR ARCS:
  (r,c)    arc(i,j)   d=r-c    s=r+c    dist  
  (1,1)     (2,0)       +0      2        2
  (1,2)     (3,1)       -1      3        2
  (1,3)     (4,2)       -2      4        2
  (2,1)     (3,0)       +1      3        3
  (2,2)     (4,1)       +0      4        3
  (3,1)     (4,0)       +2      4        4

======================================================================
  STEP 1: TILING -> TOURNAMENT -> ISO CLASS
======================================================================

  ISO CLASSES (12 total):
   ID    H |Aut|  SC #tilings  H/|Aut| score
    0    1     1   Y        1      1.0 (0, 1, 2, 3, 4)
    1    3     3   N        1      1.0 (0, 1, 3, 3, 3)
    2    3     3   Y        1      1.0 (0, 2, 2, 2, 4)
    3    3     3   N        1      1.0 (1, 1, 1, 3, 4)
    4    5     1   N        5      5.0 (0, 2, 2, 3, 3)
    5    5     1   N        5      5.0 (1, 1, 2, 2, 4)
    6    9     1   Y        9      9.0 (1, 1, 2, 3, 3)
    7    9     1   Y        9      9.0 (1, 1, 2, 3, 3)
    8   11     1   Y       11     11.0 (1, 2, 2, 2, 3)
    9   13     1   Y       13     13.0 (1, 2, 2, 2, 3)
   10   15     3   Y        5      5.0 (1, 2, 2, 2, 3)
   11   15     5   Y        3      3.0 (2, 2, 2, 2, 2)

  sum(#tilings) = 64 = 2^6 = 64 CHECK

  ORBIT-STABILIZER VERIFICATION: #tilings = H/|Aut| ?
    Class 0: predicted=1, actual=1 OK
    Class 1: predicted=1, actual=1 OK
    Class 2: predicted=1, actual=1 OK
    Class 3: predicted=1, actual=1 OK
    Class 4: predicted=5, actual=5 OK
    Class 5: predicted=5, actual=5 OK
    Class 6: predicted=9, actual=9 OK
    Class 7: predicted=9, actual=9 OK
    Class 8: predicted=11, actual=11 OK
    Class 9: predicted=13, actual=13 OK
    Class 10: predicted=5, actual=5 OK
    Class 11: predicted=3, actual=3 OK
  All match: True

======================================================================
  STEP 2: TILE FLIPS -> META-GRAPH EDGES
======================================================================
  V_merged = 10
  Total merged edges: 21
  Blue: 13
  Black: 8

======================================================================
  STEP 3: TILE-BY-TILE DECOMPOSITION
======================================================================

  For each tile (r,c) in the staircase:
      tile  (r,c)    d    s    SL  edges  blue  black   blue%
  tile  0  (1,1)  +0    2     4     15     8      7   0.733
  tile  1  (1,2)  -1    3     8     11    11      0   1.000
  tile  2  (1,3)  -2    4     4     15     8      7   0.733
  tile  3  (2,1)  +1    3     8     17    10      7   0.714
  tile  4  (2,2)  +0    4     8     17    10      7   0.714
  tile  5  (3,1)  +2    4     8     14     9      5   0.571

======================================================================
  STEP 4: TILE -> EDGE MAPPING (complete)
======================================================================

  Tile (1,1) = arc (2,0), d=+0, s=2:
    -> edge (0,1) [black] weight=  2  H: 1->3 (Delta=2)
    -> edge (1,5) [black] weight=  2  H: 3->9 (Delta=6)
    -> edge (2,3) [black] weight=  2  H: 3->5 (Delta=2)
    -> edge (3,4) [black] weight=  2  H: 5->9 (Delta=4)
    -> edge (3,5) [black] weight=  2  H: 5->9 (Delta=4)
    -> edge (3,6) [black] weight=  4  H: 5->11 (Delta=6)
    -> edge (3,7) [black] weight=  2  H: 5->13 (Delta=8)
    -> edge (4,5) [blue ] weight=  6  H: 9->9 (Delta=0)
    -> edge (4,6) [blue ] weight=  8  H: 9->11 (Delta=2)
    -> edge (4,8) [blue ] weight=  2  H: 9->15 (Delta=6)
    -> edge (5,7) [blue ] weight=  8  H: 9->13 (Delta=4)
    -> edge (6,7) [blue ] weight=  6  H: 11->13 (Delta=2)
    -> edge (6,9) [blue ] weight=  4  H: 11->15 (Delta=4)
    -> edge (7,8) [blue ] weight=  8  H: 13->15 (Delta=2)
    -> edge (7,9) [blue ] weight=  2  H: 13->15 (Delta=2)

  Tile (1,2) = arc (3,1), d=-1, s=3:
    -> edge (0,2) [blue ] weight=  2  H: 1->3 (Delta=2)
    -> edge (1,3) [blue ] weight=  4  H: 3->5 (Delta=2)
    -> edge (4,5) [blue ] weight=  8  H: 9->9 (Delta=0)
    -> edge (4,6) [blue ] weight=  8  H: 9->11 (Delta=2)
    -> edge (4,8) [blue ] weight=  2  H: 9->15 (Delta=6)
    -> edge (5,6) [blue ] weight=  2  H: 9->11 (Delta=2)
    -> edge (5,7) [blue ] weight=  8  H: 9->13 (Delta=4)
    -> edge (6,7) [blue ] weight=  8  H: 11->13 (Delta=2)
    -> edge (6,9) [blue ] weight=  4  H: 11->15 (Delta=4)
    -> edge (7,8) [blue ] weight=  8  H: 13->15 (Delta=2)
    -> edge (7,9) [blue ] weight=  2  H: 13->15 (Delta=2)

  Tile (1,3) = arc (4,2), d=-2, s=4:
    -> edge (0,1) [black] weigh