labelled_orders_1_to_5=1099 no_sink=738 no_sink_by_order=[0, 0, 2, 32, 704]
weak_floor_equal_labelled=2 object_identity=PASS canonical_sigma=PASS
controls=C3_equal;transitive3_G=-42;transitive4_G=-170
T1 n=5 H=9 W=66 b=84 m=1293 Delta=3096 G=510
T1 n=6 H=15 W=186 b=216 m=8649 Delta=20484 G=3186
T1 n=7 H=27 W=510 b=564 m=59505 Delta=138852 G=19842
T1 n=8 H=51 W=1410 b=1512 m=432153 Delta=987084 G=122778
T1 n=9 H=99 W=3966 b=4164 m=3315057 Delta=7383924 G=753810
T1 n=10 H=195 W=11346 b=11736 m=26619705 Delta=57836556 G=4597146
T1 n=11 H=387 W=32910 b=33684 m=221313489 Delta=470521620 G=27894642
T1 n=12 H=771 W=96450 b=97992 m=1886636889 Delta=3941926956 G=168653178
T2 n=6 H=19 W=218 b=256 m=11717 Delta=30024 G=6590
T2 n=7 H=37 W=666 b=740 m=100161 Delta=245748 G=45426
T2 n=8 H=73 W=1982 b=2128 m=846697 Delta=1982964 G=289570
T2 n=9 H=145 W=5874 b=6164 m=7235201 Delta=16268268 G=1797866
T2 n=10 H=289 W=17438 b=18016 m=62694057 Delta=136410564 G=11022450
T2 n=11 H=577 W=51906 b=53060 m=549589921 Delta=1166260908 G=67081066
T2 n=12 H=1153 W=154862 b=157168 m=4858824137 Delta=10123978404 G=406330130
tower_closed_form_literal_DP_and_partition_sums=T1[5,12],T2[6,12] positivity_integer_control_through_64=PASS
THM4219_PRIMARY_AUDIT=PASS
