tournament_order11_tail_fiber_thm4224 exact audit
status=SYMBOLIC_ALL_M_ALGEBRA_CHECKS,VERIFIED_EXACT_FAMILY,FINITE_EXACT_TWO_REVERSAL_SPHERE

[formal_tail_fiber]
scope=X_m,1<=t<m,u=2^(t-1)
literal_core_subset_DP=H:5,partition_sum:32,terminal_exclusions:7
c=1 End_z=5 End_x_t=5u N_x_t,z=32u B_x_t,z=27u-4
product_excess=B-End_x_t*End_z=2u-4=2^t-4;positive_iff=t>=3
plus_min_excess=2u-9=2^t-9;positive_iff=t>=4
multiplicative_slack=(27/25)product-B=4;cross_multiplied_slack=100
terminal_boundary=N_r,z=32*2^(m-1)-7 B_r,z=27*2^(m-1)-11
terminal_cross_multiplied_slack=275
mechanism=nonempty_later_tail_forces_z_component_and_removes_seven_terminal_exclusions
symbolic_factor_and_sign_checks=PASS

[family_subset_dp]
universe=X_m,m=2..7,all_nonterminal_tail_pairs
checked_tournaments=6 checked_tail_pairs=21
checks=c,End,N,B,rho,plus_min,27_over_25,terminal_formulas
result=PASS

[successor_rook_boundary]
rho_r,z=m^2+5m+7 product_plus_rho_margin=m^2+5m+18-2^m
product_plus_min_plus_rho_margin=m^2+5m+23-2^m
X6=B=853 product=800 min=5 rho=73 margins=20,25
X7=B=1717 product=1600 min=5 rho=91 margins=-26,-21
threshold=both_repairs_hold_iff_m<=6;first_failure_m=7_order=12
all_m_sign_certificate=base_m7_plus_strictly_decreasing_forward_difference

[exact_two_reversal_order11]
gauge=fixed_labelled_transitive_order_0<...<10
candidate_reversal_pairs=1485
strong_presentations=97 formula=n^2-2n-2=97 classification_vs_reachability=PASS
pair_checks=5335
failures=five_copy:0,27_over_25:0,product_plus_rho:0
local_counts=product_failures:4,plus_min_failures:3
max_B_over_product=107/100 occurrences=1 word=1101111111111111111111111111111110111111111111111111111 pair=8,10
max_positive_product_excess_over_rho=53/73 occurrences=1 word=1101111111111111111111111111111110111111111111111111111 pair=9,10
min_five_copy_gap=27894642 occurrences=3 word=1111111011111111111111111111111111111111111111111111101
min_five_copy_ratio=target:1134462087,energy:221313489,reduced:378154029/73771163 occurrences=3

[hostiles_and_gauge_controls]
X6_local_hostile=B=428 product=400 ratio=107/100 G=65005874 target=833255799 energy=153649985 global_ratio=833255799/153649985
T11_1_global_hostile=G=27894642 target=1134462087 energy=221313489 ratio=378154029/73771163 max_local_ratio=1/1
T11_1_minimum_presentations=3
T11_1_isomorphism_maps_old_to_tower=((0, 1, 2, 3, 4, 5, 6, 7, 10, 8, 9), (0, 1, 2, 3, 4, 5, 6, 7, 9, 10, 8), (0, 1, 2, 3, 4, 5, 6, 7, 8, 9, 10)) check=PASS
X6_fixed_gauge_two_reversals=((0,3),(3,10))
X6_swap_0_1_fixed_gauge_three_reversals=((0, 1), (1, 3), (3, 10))
X6_swap_0_1_word=0111111111101111111111111111111110111111111111111111111
gauge_transport=End,D,G,all_pair_N_B_product_min_rho:PASS
controls=C3_strong_gap:0,P11_strong:no,P11_gap:-2796202

[firewall]
exact_two_reversal_sphere_is_presentation_dependent_not_an_isomorphism_class_census
arbitrary_order11_strong_tournaments,27_over_25,HYP_9081,OS_plus=OPEN
raw_upper_zeta_and_normalized_rho_do_not_encode_weighted_successor_completions

audit_fingerprint_sha256=a02b06c94b8d8594856884dfb748472b9a04a7547846c524b246af00c81133c2
script_sha256=3c9ad5de462dcc71d4312bba12b42086d4e1e43520b5209b4a807f762d059c18
checks=PASS all_symbolic,family_DP,rook_threshold,shell_exact,hostiles,gauge,controls
