=== trans_tower_erdos_moser_kps2 — Erdős–Moser on the Mersenne tower ===

anchor trans(transitive_6) = 6   (expect 6)
anchor trans(C3)           = 2   (expect 2)
anchor trans(Paley_7)      = 3   (expect 3)

--- tower cores ---
T7: trans = 3   (DRT=True)
T15: trans = 5   (DRT=True)
T31: trans = 7   (DRT=True)
T63: trans = 11   (DRT=True)

--- controls ---
trans(Paley_31) = 7
random n=15: trans values [7, 7, 7, 7, 7, 7, 7, 7, 8, 8]
random n=31: trans values [9, 10, 10, 10, 10, 10, 10, 10, 10, 11]
random n=63: trans values [11, 12, 12, 12, 12, 12, 12, 12, 13, 13]

--- trans(D(T)) vs trans(T), iso classes n=3..5 (HYP-2357) ---
n=3 idx=0 scores=(0, 1, 2): trans(T)=3  trans(D(T))=4  = t+1
n=3 idx=1 scores=(1, 1, 1): trans(T)=2  trans(D(T))=3  = t+1
n=4 idx=0 scores=(0, 1, 2, 3): trans(T)=4  trans(D(T))=5  = t+1
n=4 idx=1 scores=(1, 1, 3, 1): trans(T)=3  trans(D(T))=4  = t+1
n=4 idx=2 scores=(1, 1, 2, 2): trans(T)=3  trans(D(T))=4  = t+1
n=4 idx=3 scores=(0, 2, 2, 2): trans(T)=3  trans(D(T))=4  = t+1
n=5 idx=0 scores=(0, 1, 2, 3, 4): trans(T)=5  trans(D(T))=6  = t+1
n=5 idx=1 scores=(1, 1, 3, 4, 1): trans(T)=4  trans(D(T))=5  = t+1
n=5 idx=2 scores=(1, 1, 2, 4, 2): trans(T)=4  trans(D(T))=5  = t+1
n=5 idx=3 scores=(0, 2, 2, 4, 2): trans(T)=4  trans(D(T))=5  = t+1
n=5 idx=4 scores=(1, 1, 2, 3, 3): trans(T)=4  trans(D(T))=5  = t+1
n=5 idx=5 scores=(0, 2, 2, 3, 3): trans(T)=4  trans(D(T))=5  = t+1
n=5 idx=6 scores=(1, 1, 3, 3, 2): trans(T)=4  trans(D(T))=5  = t+1
n=5 idx=7 scores=(0, 1, 3, 3, 3): trans(T)=4  trans(D(T))=5  = t+1
n=5 idx=8 scores=(1, 2, 2, 3, 2): trans(T)=4  trans(D(T))=5  = t+1
n=5 idx=9 scores=(1, 2, 2, 2, 3): trans(T)=3  trans(D(T))=4  = t+1
n=5 idx=10 scores=(1, 2, 2, 3, 2): trans(T)=3  trans(D(T))=5  EXCEPTION
n=5 idx=11 scores=(2, 2, 2, 2, 2): trans(T)=3  trans(D(T))=4  = t+1
law trans(D(T)) = trans(T)+1 holds in 17/18 classes
EXCEPTIONS: [(5, 10, 3, 5)]

--- tower-step growth: trans(T_{2m-1}) vs trans(T_{m-1}) ---
T7 -> T15: trans 3 -> 5   (step +2)
T15 -> T31: trans 5 -> 7   (step +2)
T31 -> T63: trans 7 -> 11   (step +4)

=== done ===
