THE c0 TABLE (exact rationals)
   P={1..1}, k=2, S0=12: min rho* = 6/7 = 0.85714 at E=(0, 1)
   P={1..1}, k=3, S0=12: min rho* = 6/7 = 0.85714 at E=(0, 1, 2)
   P={1..1}, k=4, S0=12: min rho* = 16/21 = 0.76190 at E=(0, 1, 2, 3)
   P={1..1}, k=5, S0=8: min rho* = 1/2 = 0.50000 at E=(0, 1, 2, 3, 4)
   P={1..2}, k=2, S0=12: min rho* = 11/14 = 0.78571 at E=(0, 1)
   P={1..2}, k=3, S0=12: min rho* = 11/14 = 0.78571 at E=(0, 1, 2)
   P={1..2}, k=4, S0=12: min rho* = 29/42 = 0.69048 at E=(0, 1, 2, 3)
   P={1..2}, k=5, S0=8: min rho* = 3/7 = 0.42857 at E=(0, 1, 2, 3, 4)
   P={1..3}, k=2, S0=12: min rho* = 29/42 = 0.69048 at E=(0, 1)
   P={1..3}, k=3, S0=12: min rho* = 29/42 = 0.69048 at E=(0, 1, 2)
   P={1..3}, k=4, S0=12: min rho* = 25/42 = 0.59524 at E=(0, 1, 2, 3)
   P={1..3}, k=5, S0=8: min rho* = 1/3 = 0.33333 at E=(0, 1, 2, 3, 4)
   P={1..4}, k=2, S0=12: min rho* = 13/21 = 0.61905 at E=(0, 1)
   P={1..4}, k=3, S0=12: min rho* = 13/21 = 0.61905 at E=(0, 1, 2)
   P={1..4}, k=4, S0=12: min rho* = 11/21 = 0.52381 at E=(0, 2, 4, 6)
   P={1..4}, k=5, S0=8: min rho* = 2/7 = 0.28571 at E=(0, 2, 4, 6, 8)
   P={1..5}, k=2, S0=12: min rho* = 53/105 = 0.50476 at E=(0, 1)
   P={1..5}, k=3, S0=12: min rho* = 53/105 = 0.50476 at E=(0, 1, 2)
   P={1..5}, k=4, S0=12: min rho* = 43/105 = 0.40952 at E=(0, 2, 4, 6)
   P={1..5}, k=5, S0=8: min rho* = 39/140 = 0.27857 at E=(0, 2, 4, 6, 8)

OVERALL MINIMUM: c0 = 39/140 = 0.27857 at P=(1, 2, 3, 4, 5), E=(0, 2, 4, 6, 8)
VERDICT: c0 > 0 -- THE UNIFORM FLOOR IS POSITIVE (finite-exact, swept scope)
DONE
