==============================================================================
PART 0: validate fresh spectrum DP against naive all-cycle enumeration
==============================================================================
V1: connected atlas graphs n<=7 with >=1 edge: 995 (claim 995)
spectrum DP vs naive on all 995 graphs: 0 mismatches
V1: graphs containing a cycle: 971 (claim 971)
blowup DP vs naive (n(G)<=5, e(G)<=7): 26 checked, 0 skipped (budget), 0 mismatches
V11: [k,2k] contains a power of 2 >= 4 for all 3<=k<=100000: OK

==============================================================================
PART 1: blowup laws on all 995 connected atlas graphs
==============================================================================
V2 interval-law failures:  0   (claim 0)
V3 path-law failures:      0   (claim 0)
V4 gap-free failures:      0   (claim 0)
degree-law failures:       0   (claim 0)
V5: c=2p for 939 (claim 939); c>2p for 56 (claim 56); Hamiltonian blowups 896 (claim 896)
beaters by (n, e): smallest five: [(6, 6, 'E@dW', 5, 12), (6, 6, 'EQKo', 5, 12), (6, 7, 'EXSg', 5, 12), (6, 7, 'EhX_', 5, 12), (6, 8, 'E?~o', 5, 12)]
  beaters with n=6: 7; with (n,e)=(6,6): ['E@dW', 'EQKo']
  E@dW iso to net graph (C3+3 pendants): True
  spec(NET[K2]) = [3, 4, 5, 6, 7, 8, 9, 10, 11, 12] (claim [3..12]); p(NET) = 5 (claim 5)
  spec(K23[K2]) = [3, 4, 5, 6, 7, 8, 9, 10] (claim [3..10]); p(K23) = 5 (claim 5)
part 1 time 11.6 s

V6: exact-law test c(B) = 2*s(G) on the 144 graphs with p(G) < n (for p = n the law reduces to c = 2n = 2p, covered above)
V6: 144 confirmed, 0 failures, 0 skipped (timeout) (0.0 s)
  s(NET) = 6 (sun-walk claim: 6); c(NET[K2]) = 12 = 2*6

==============================================================================
PART 2: delta>=3 census n=4..8 (independent augmentation + exact dedup)
==============================================================================
atlas-direct delta>=3 connected counts n=4..7: [1, 3, 19, 150] (claim 1, 3, 19, 150)
augmentation sanity n=7: 150 (expect 150)
n=8 raw candidates: 27528
n=8 connected delta>=3 graphs up to iso: 2589 (claim 2589)  (7.5 s)
n=8: graphs without C4: 0 (claim 0); C8-avoiders: 36 (claim 36); largest avoider spectrum [3, 4, 5, 6, 7] (claim [3..7])
n=8 cubic among census: 5 (claim 5)

==============================================================================
PART 3: cubic graphs and the n=10 records (independent generator)
==============================================================================
generator validation degseq (3, 3, 3, 3, 3, 3): prefix-rule 2 vs unbroken 2 -> OK
generator validation degseq (3, 3, 3, 3, 3, 3, 3, 3): prefix-rule 5 vs unbroken 5 -> OK
generator validation degseq (4, 4, 3, 3, 3, 3): prefix-rule 3 vs unbroken 3 -> OK
generator total delta>=3 n=6: 19 (atlas: 19)
generator total delta>=3 n=7: 150 (atlas: 150)
V8 cubic counts (4,6,8,10): [1, 2, 5, 19] (claim 1,2,5,19 = A002851)
their Petersen g6 IsP@PGXD_ iso to nx.petersen_graph(): True
Petersen spectrum: DP [5, 6, 8, 9], naive [5, 6, 8, 9] (claim [5,6,8,9]); girth 5 (anchor: 5)
cubic-10 C8-avoiders: 1 (claim 1)
   spectrum [3, 4, 5] (claim [3,4,5]); iso to their IsTX@?B?w: True
decoded IsTX@?B?w: cubic=True, connected=True, spec DP [3, 4, 5], naive [3, 4, 5]

==============================================================================
PART 4: ex(n;C4) verification chain (independent)
==============================================================================
atlas-direct ex(n;C4) n=2..7: [1, 3, 4, 6, 7, 9] (claim 1,3,4,6,7,9)
n=8: C4-free graphs with degseq (3^8): 0 -> ex(8;C4)<=11 VERIFIED
n=9: C4-free graphs with degseq (4,3^8): 0 -> ex(9;C4)<=13 VERIFIED
n=10: e=17 C4-free forces min degree >= 17-13=4 -> degree sum >= 40 > 34: impossible. ex(10;C4) <= 16.
n=11, e=19: programmatic degseq list (7 sequences, claim 7): [(8, 3, 3, 3, 3, 3, 3, 3, 3, 3, 3), (7, 4, 3, 3, 3, 3, 3, 3, 3, 3, 3), (6, 5, 3, 3, 3, 3, 3, 3, 3, 3, 3), (6, 4, 4, 3, 3, 3, 3, 3, 3, 3, 3), (5, 5, 4, 3, 3, 3, 3, 3, 3, 3, 3), (5, 4, 4, 4, 3, 3, 3, 3, 3, 3, 3), (4, 4, 4, 4, 4, 3, 3, 3, 3, 3, 3)]
n=11: C4-free graphs with 19 edges: 0 -> ex(11;C4)<=18 VERIFIED
n=12: e=22 C4-free forces min degree >= 22-18=4 -> sum >= 48 > 44: impossible. ex(12;C4) <= 21.
corridor margins n=4..12: [-2, -2, -2, -2, -1, -1, 1, 1, 3] (claim [-2,-2,-2,-2,-1,-1,+1,+1,+3])

==============================================================================
PART 5: ALL C4-free delta>=3 graphs at n=10,11,12 (independent)
==============================================================================
   n=10 e=15 degseq (3, 3, 3, 3, 3, 3, 3, 3, 3, 3): 3
   n=10 e=16 degseq (4, 4, 3, 3, 3, 3, 3, 3, 3, 3): 2
   == n=10: 5 C4-free delta>=3 connected graphs ==
   n=11 e=17 degseq (4, 3, 3, 3, 3, 3, 3, 3, 3, 3, 3): 5
   n=11 e=18 degseq (4, 4, 4, 3, 3, 3, 3, 3, 3, 3, 3): 4
   == n=11: 9 C4-free delta>=3 connected graphs ==
   n=12 e=18 degseq (3, 3, 3, 3, 3, 3, 3, 3, 3, 3, 3, 3): 8
   n=12 e=19 degseq (5, 3, 3, 3, 3, 3, 3, 3, 3, 3, 3, 3): 4
   n=12 e=19 degseq (4, 4, 3, 3, 3, 3, 3, 3, 3, 3, 3, 3): 24
   n=12 e=20 degseq (5, 4, 4, 3, 3, 3, 3, 3, 3, 3, 3, 3): 4
   n=12 e=20 degseq (4, 4, 4, 4, 3, 3, 3, 3, 3, 3, 3, 3): 14
   n=12 e=21 degseq (4, 4, 4, 4, 4, 4, 3, 3, 3, 3, 3, 3): 3
   == n=12: 57 C4-free delta>=3 connected graphs ==
V10 counts: [5, 9, 57] (claim [5, 9, 57])
V10 dyadic profile == {8} for all: YES
V10 girth-5 counts at n=10/11/12: [1, 0, 2] (claim [1, 0, 2])
V10 Erdos-Gyarfas counterexamples n<=12: 0 (claim 0)
Petersen among n=10 C4-free delta>=3: True

==============================================================================
TOTAL TIME 31.4 s
ISSUES FOUND: 0
ALL branch II central claims INDEPENDENTLY CONFIRMED.
