== cross-check: reproduce canon-reported exact p0 values ==
  OK  core HYP2675             p0=67/1470  expected=67/1470
  OK  core+15                  p0=13/120  expected=13/120
  OK  core+16                  p0=1609/5880  expected=1609/5880
  OK  full HYP2675 leader      p0=321/980  expected=321/980
  OK  k8 core                  p0=0  expected=0
  OK  even AP core             p0=31/210  expected=31/210
  I_B(15,16) over HYP2675 core = -13/1470  expected=-13/1470 -> OK
  all base p0 cross-checks pass: True

== CLAIM (a): consecutive-pair curvature I_B(u,u+1), B=(0,1,2,3,4,5,6,7) ==
  Does it SATURATE to ~0.0139 (bounded) or DIVERGE as u grows?
  Phi_2(B) = 47/24010 = 0.001957518
    u    | I_B(u,u+1) exact            | decimal       | I_B - Phi_2
     20  | 2/245                       | 0.008163265 | 149/24010 = 0.006205748
     80  | 17/1296                     | 0.013117284 | 173629/15558480 = 0.011159766
    320  | 3391/251664                 | 0.013474315 | 710099/61657680 = 0.011516797
   1280  | 3343/239120                 | 0.013980428 | 140871/11716880 = 0.012022911
   5120  | 171883/12235776             | 0.014047577 | 253702097/20984355840 = 0.012090059
  max |I_B(u,u+1)| over tested u = 171883/12235776 = 0.014047577
  claimed saturation value ~0.0139.  Last value decimal = 0.014047577
  sequence of decimals = [0.008163265, 0.013117284, 0.013474315, 0.013980428, 0.014047577]

== CLAIM (b): |I_B(u,v) - Phi_2(B)| * resdist(u,v) bounded (~0.01)? ==
  base B=(0, 1, 2, 3, 4, 5, 6, 7), Phi_2(B)=47/24010 = 0.001957518
    (u,v)        | resdist | I_B(u,v)-Phi_2 exact        | |dev|        | product |dev|*resdist
  (   20,   21) |       1 | 149/24010                   | 0.00620575 | 149/24010 = 0.006205748
  (   80,   81) |       1 | 173629/15558480             | 0.01115977 | 173629/15558480 = 0.011159766
  (  320,  321) |       1 | 710099/61657680             | 0.01151680 | 710099/61657680 = 0.011516797
  ( 1280, 1281) |       1 | 140871/11716880             | 0.01202291 | 140871/11716880 = 0.012022911
  ( 5120, 5121) |       1 | 253702097/20984355840       | 0.01209006 | 253702097/20984355840 = 0.012090059
  (   20,   40) |       0 | -221/288120                 | 0.00076704 | 0 = 0.000000000
  (   80,  160) |       0 | 2791/1152480                | 0.00242173 | 0 = 0.000000000
  (  320,  640) |       0 | 1145/921984                 | 0.00124189 | 0 = 0.000000000
  (   20,   41) |       1 | -46/36015                   | 0.00127725 | 46/36015 = 0.001277246
  (   80,  161) |       1 | -2521/441784                | 0.00570641 | 2521/441784 = 0.005706409
  (   20,   60) |       0 | 61/144060                   | 0.00042343 | 0 = 0.000000000
  (   80,  240) |       0 | 11/14406                    | 0.00076357 | 0 = 0.000000000
  (   20,   33) |       1 | -16/396165                  | 0.00004039 | 16/396165 = 0.000040387
  (  101,  211) |       9 | -260737/511677110           | 0.00050957 | 2346633/511677110 = 0.004586160
  (  113,  251) |      25 | -640201/680995630           | 0.00094010 | 3201005/136199126 = 0.023502390
  (  127,  311) |      13 | -244847/948322970           | 0.00025819 | 3183011/948322970 = 0.003356463
  (  211,  499) |      20 | -1117273/2527988890         | 0.00044196 | 2234546/252798889 = 0.008839224
  (  307,  701) |      46 | 13997873/15501360210        | 0.00090301 | 321951079/7750680105 = 0.041538429
  (  401,  907) |      86 | 3432181/5239563042          | 0.00065505 | 147583783/2619781521 = 0.056334386
  MAX product = 147583783/2619781521 = 0.056334386 at pair (401, 907)

== CLAIM (b) ADVERSARIAL: maximize product over resonant families ==
  B=(0, 1, 2, 3, 4, 5, 6, 7): Phi_2=0.001958  worst product=59153/4826010 = 0.012257123 at (u,v)=(200,201) resdist=1 dev=0.012257
  B=(0, 1, 2, 4, 8): Phi_2=0.010204  worst product=2047/499800 = 0.004095638 at (u,v)=(50,51) resdist=1 dev=0.004096
  B=(0, 2, 4, 6, 8, 10, 12, 14): Phi_2=0.001958  worst product=46951/12245100 = 0.003834268 at (u,v)=(50,51) resdist=1 dev=-0.003834
  B=(0, 1, 3, 5, 7, 9, 11, 13): Phi_2=0.003883  worst product=139121/28863450 = 0.004819971 at (u,v)=(50,51) resdist=1 dev=-0.004820
  B=(0,): Phi_2=0.000000  (no nonzero product)

== CLAIM (b) CRUX: off-resonance, does product grow with resdist? ==
  fixed-ratio scaling family v ~ phi*u (golden, hardest to approximate):
    (u,v)          | resdist | |dev|        | product
  (   13,    21) |       2 | 0.00526383 | 1643/156065 = 0.010527665
  (   34,    55) |       5 | 0.00181126 | 24397/2693922 = 0.009056313
  (   89,   144) |      13 | 0.00105689 | 704639/51285360 = 0.013739574
  (  233,   377) |      34 | 0.00019241 | 13797557/2109062410 = 0.006542034
  (  610,   987) |      89 | 0.00051396 | 3148731/68836670 = 0.045742059
  ( 1597,  2584) |     233 | 0.00015047 | 1736887549/49540409240 = 0.035060016

  prime-ish coprime pairs with growing min-relation (v ~ 2.3 u):
    (u,v)          | resdist | |dev|        | product
  (  101,   233) |       8 | 0.00090732 | 2050644/282513665 = 0.007258566
  (  211,   487) |      16 | 0.00308719 | 60933592/1233597785 = 0.049395024
  (  401,   929) |      20 | 0.00021117 | 3777534/894442129 = 0.004223341
  (  809,  1873) |      44 | 0.00001574 | 12602062/18190660285 = 0.000692777
  ( 1601,  3697) |     116 | 0.00008173 | 673688618/71056358485 = 0.009481046

Adversarial v/u = p/q, q just > 7  (box<=7 misses relation):
 u      v      relation         resdist7  resdistTrue  |dev|       prod7    prodTrue
  4000   4889  9v-11u=1             444          1  0.0000569  0.02528  0.00006
  6000   7333  9v-11u=-3            665          3  0.0000430  0.02859  0.00013
  2000   2889  9v-13u=1             222          1  0.0001728  0.03837  0.00017
  4000   5777  9v-13u=-7            446          7  0.0000211  0.00942  0.00015
  2000   2727  11v-15u=-3           181          3  0.0000434  0.00785  0.00013
  2000   3251  8v-13u=8             247          8  0.0001322  0.03264  0.00106
  4000   6501  8v-13u=8             497          8  0.0001178  0.05853  0.00094
  6000   9751  8v-13u=8             747          8  0.0001033  0.07713  0.00083
  2000   3091  11v-17u=1            182        181  0.0002807  0.05109  0.05081
  4000   6181  11v-17u=-9           362        362  0.0001107  0.04006  0.04006

MAX prod7 in this family = 0.07713  (claimed bound ~0.01)
