================================================================================
  WIGGLY METAGRAPH: COMPLETE INVARIANT ANALYSIS
  kind-pasteur-2026-03-24-S20ev
================================================================================

######################################################################
  n = 4, V = 3, tiles = 3
######################################################################

  1. DEGREE SEQUENCES:
    Unweighted: min=2, max=2, avg=2.0
    Weighted (no SL): min=3, max=4, avg=3.3
    Strength (with SL): min=3, max=18, avg=8.0
    Self-loop: min=0, max=14, avg=4.7

  2. EIGENVALUES:
    Unweighted A (top 5): ['2.000', '-1.000', '-1.000']
    Weighted W (top 5):   ['3.372', '-1.000', '-2.372']
    W+SL (top 5):         ['14.589', '0.411', '-1.000']
    Spectral gap A: 3.0000
    Spectral gap W: 4.3723

  3. LAPLACIAN SPECTRUM:
    Unweighted (first 5): ['-0.000', '3.000', '3.000']
    Weighted (first 5):   ['-0.000', '4.000', '6.000']
    Algebraic connectivity A: 3.0000
    Algebraic connectivity W: 4.0000

  4. W/A RATIO (edge weights):
    min=1.0, max=2.0, avg=1.7
    W proportional to A? False
    Weight distribution: {1: 1, 2: 2}

  5. SELF-LOOP vs DEGREE CORRELATION: 1.0000
    SL fraction: min=0.0000, max=0.7778, avg=0.2593

  6. SPINE/RIBS/SEA (weighted):
        Type  Count     Weight   Avg weight   % of total
       SC-SC      0          0          0.0         0.0%
       SC-NS      2          4          2.0        80.0%
       NS-NS      1          1          1.0        20.0%

  7. RANDOM WALK:
    Stationary dist (top 5): [np.float64(0.75), np.float64(0.125), np.float64(0.125)]
    Entropy of stationary: 1.0613 (max=1.5850)
    Expected self-return: 0.5833
    Markov eigenvalues (top 5): ['1.0000', '0.1111', '-0.3333']
    Markov spectral gap: 0.8889
    Mixing time estimate: 1.1 steps

  8. EIGENVECTOR CORRELATION WITH H:
    Eigvec 0 (eval=3.37): |corr(H)|=0.000, |corr(tilings)|=1.000
    Eigvec 1 (eval=-1.00): |corr(H)|=0.000, |corr(tilings)|=0.000
    Eigvec 2 (eval=-2.37): |corr(H)|=0.000, |corr(tilings)|=1.000

  9. DISTANCES:
    Unweighted diameter: 1
    Resistance diameter: 1.0000
    Avg unweighted distance: 0.667
    Avg resistance distance: 0.444444

  10. SPECTRAL COMPARISON W vs A:
    Linear fit: eig_W ~ 1.69 * eig_A + 0.00
    R^2 = 0.947690
    Max residual: 0.6861
    W ~ 1.69 * A? NO (structure differs)

  Time: 4.7s

######################################################################
  n = 5, V = 9, tiles = 6
######################################################################

  1. DEGREE SEQUENCES:
    Unweighted: min=3, max=7, avg=4.7
    Weighted (no SL): min=6, max=78, avg=32.4
    Strength (with SL): min=6, max=114, avg=42.7
    Self-loop: min=0, max=42, avg=10.2

  2. EIGENVALUES:
    Unweighted A (top 5): ['4.932', '1.339', '0.856', '0.411', '-0.185']
    Weighted W (top 5):   ['54.808', '6.067', '1.906', '1.155', '-0.568']
    W+SL (top 5):         ['78.683', '16.569', '11.144', '10.238', '6.322']
    Spectral gap A: 3.5930
    Spectral gap W: 48.7416

  3. LAPLACIAN SPECTRUM:
    Unweighted (first 5): ['0.000', '2.401', '3.000', '3.591', '5.315']
    Weighted (first 5):   ['0.000', '5.820', '6.270', '7.532', '20.133']
    Algebraic connectivity A: 2.4014
    Algebraic connectivity W: 5.8203

  4. W/A RATIO (edge weights):
    min=1.0, max=25.0, avg=7.0
    W proportional to A? False
    Weight distribution: {1: 5, 2: 4, 3: 1, 4: 4, 7: 2, 9: 1, 21: 1, 22: 1, 23: 1, 25: 1}

  5. SELF-LOOP vs DEGREE CORRELATION: 0.5815
    SL fraction: min=0.0000, max=0.3684, avg=0.1547

  6. SPINE/RIBS/SEA (weighted):
        Type  Count     Weight   Avg weight   % of total
       SC-SC      0          0          0.0         0.0%
       SC-NS      4         54         13.5        37.0%
       NS-NS     17         92          5.4        63.0%

  7. RANDOM WALK:
    Stationary dist (top 5): [np.float64(0.296875), np.float64(0.21875), np.float64(0.203125), np.float64(0.078125), np.float64(0.078125)]
    Entropy of stationary: 2.6102 (max=3.1699)
    Expected self-return: 0.2396
    Markov eigenvalues (top 5): ['1.0000', '0.4639', '0.3529', '0.2357', '0.1671']
    Markov spectral gap: 0.5361
    Mixing time estimate: 1.9 steps

  8. EIGENVECTOR CORRELATION WITH H:
    Eigvec 0 (eval=54.81): |corr(H)|=0.793, |corr(tilings)|=0.935
    Eigvec 1 (eval=6.07): |corr(H)|=0.008, |corr(tilings)|=0.143
    Eigvec 2 (eval=1.91): |corr(H)|=0.737, |corr(tilings)|=0.743
    Eigvec 3 (eval=1.15): |corr(H)|=0.159, |corr(tilings)|=0.130
    Eigvec 4 (eval=-0.57): |corr(H)|=0.091, |corr(tilings)|=0.127

  9. DISTANCES:
    Unweighted diameter: 2
    Resistance diameter: 1.0000
    Avg unweighted distance: 1.259
    Avg resistance distance: 0.351879

  10. SPECTRAL COMPARISON W vs A:
    Linear fit: eig_W ~ 10.17 * eig_A + 0.00
    R^2 = 0.923955
    Max residual: 10.2058
    W ~ 10.17 * A? NO (structure differs)

  Time: 0.0s

######################################################################
  n = 6, V = 41, tiles = 10
######################################################################

  1. DEGREE SEQUENCES:
    Unweighted: min=3, max=24, avg=11.4
    Weighted (no SL): min=10, max=874, avg=226.9
    Strength (with SL): min=10, max=1250, avg=249.8
    Self-loop: min=0, max=376, avg=22.8

  2. EIGENVALUES:
    Unweighted A (top 5): ['13.125', '6.674', '4.290', '4.109', '3.701']
    Weighted W (top 5):   ['468.173', '175.063', '119.022', '73.570', '52.597']
    W+SL (top 5):         ['641.743', '259.878', '171.039', '91.797', '86.602']
    Spectral gap A: 6.4509
    Spectral gap W: 293.1107

  3. LAPLACIAN SPECTRUM:
    Unweighted (first 5): ['-0.000', '2.653', '3.608', '3.774', '4.474']
    Weighted (first 5):   ['-0.000', '8.587', '9.722', '9.748', '11.642']
    Algebraic connectivity A: 2.6530
    Algebraic connectivity W: 8.5868

  4. W/A RATIO (edge weights):
    min=1.0, max=194.0, avg=19.9
    W proportional to A? False
    Weight distribution: {1: 15, 2: 6, 3: 8, 4: 16, 5: 11, 6: 3, 7: 5, 8: 15, 9: 9, 10: 6, 11: 6, 12: 6, 13: 1, 14: 8, 15: 4, 16: 8, 17: 5, 18: 3, 19: 4, 20: 10, 21: 8, 22: 10, 23: 5, 24: 4, 25: 5, 26: 6, 27: 2, 28: 6, 29: 3, 30: 4, 31: 2, 32: 1, 36: 4, 37: 2, 44: 1, 46: 4, 48: 2, 50: 1, 54: 1, 58: 1, 59: 3, 66: 1, 68: 2, 78: 1, 82: 1, 88: 1, 99: 1, 112: 1, 163: 1, 194: 1}

  5. SELF-LOOP vs DEGREE CORRELATION: 0.6273
    SL fraction: min=0.0000, max=0.3008, avg=0.0611

  6. SPINE/RIBS/SEA (weighted):
        Type  Count     Weight   Avg weight   % of total
       SC-SC      1        194        194.0         4.2%
       SC-NS     31       1060         34.2        22.8%
       NS-NS    202       3398         16.8        73.0%

  7. RANDOM WALK:
    Stationary dist (top 5): [np.float64(0.1220703125), np.float64(0.0791015625), np.float64(0.068359375), np.float64(0.056640625), np.float64(0.056640625)]
    Entropy of stationary: 4.7342 (max=5.3576)
    Expected self-return: 0.0914
    Markov eigenvalues (top 5): ['1.0000', '0.6467', '0.5424', '0.4695', '0.4348']
    Markov spectral gap: 0.3533
    Mixing time estimate: 2.8 steps

  8. EIGENVECTOR CORRELATION WITH H:
    Eigvec 0 (eval=468.17): |corr(H)|=0.853, |corr(tilings)|=0.946
    Eigvec 1 (eval=175.06): |corr(H)|=0.357, |corr(tilings)|=0.160
    Eigvec 2 (eval=119.02): |corr(H)|=0.058, |corr(tilings)|=0.057
    Eigvec 3 (eval=73.57): |corr(H)|=0.117, |corr(tilings)|=0.026
    Eigvec 4 (eval=52.60): |corr(H)|=0.233, |corr(tilings)|=0.196

  9. DISTANCES:
    Unweighted diameter: 4
    Resistance diameter: 1.1329
    Avg unweighted distance: 1.795
    Avg resistance distance: 0.200840

  10. SPECTRAL COMPARISON W vs A:
    Linear fit: eig_W ~ 28.58 * eig_A + 0.00
    R^2 = 0.885069
    Max residual: 118.3047
    W ~ 28.58 * A? NO (structure differs)

  Time: 2.9s

DONE.
================================================================================
