THM4296_ENDPOINT_LABEL_EDIT_PROBE_V1
METRIC replacement_distance=popcount(xor)/2
CARRIER_SIDECAR 630:C632 629:C630 628:C629 627:C628 626:C628
TRANSITION 630_TO_629 BEFORE 2 AFTER 28 INTERSECTION 0
DIRECTED BEFORE_TO_AFTER HIST {1: 2} HAUSDORFF 1
DIRECTED AFTER_TO_BEFORE HIST {1: 2, 2: 5, 3: 9, 4: 9, 5: 2, 6: 1} HAUSDORFF 6
MIN_TOTAL_INJECTION SOURCE BEFORE TOTAL 2 BOTTLENECK 1 OPTIMUM_COUNT 1
MATCH 27841208 -> 27841088 EDIT 1 XOR 00000280
MATCH 27c81008 -> 27c41008 EDIT 1 XOR 000c0000
TRANSITION 629_TO_628 BEFORE 28 AFTER 4 INTERSECTION 0
DIRECTED BEFORE_TO_AFTER HIST {1: 3, 2: 10, 3: 14, 4: 1} HAUSDORFF 4
DIRECTED AFTER_TO_BEFORE HIST {1: 2, 2: 2} HAUSDORFF 2
MIN_TOTAL_INJECTION SOURCE AFTER TOTAL 6 BOTTLENECK 2 OPTIMUM_COUNT 12
MATCH 05346408 -> 07143408 EDIT 2 XOR 02205000
MATCH 15306408 -> 17306008 EDIT 1 XOR 02000400
MATCH 17581400 -> 071e1400 EDIT 2 XOR 10460000
MATCH 27d01008 -> 27903008 EDIT 1 XOR 00402000
RECURRENCE 636_TO_632 COUNT 3 BODIES 070c5408,07983008,27145008
RECURRENCE 632_TO_629 COUNT 2 BODIES 078c3008,07983008
RECURRENCE 629_TO_628 COUNT 0 BODIES -
RECURRENCE 628_TO_626 COUNT 4 BODIES 05346408,15306408,17581400,27d01008
EXACT_SUBSET F628_IN_F626 4_OF_4 YES
VERDICT PASS EXACT_LABEL_EDIT_AND_RECURRENCE_SIDECAR
