INCOMING_SIGNAL_DETACHED_EXCHANGE_AUDIT_V1
EXCHANGE DELETE 14 FNV a497f155f01aee9e ADD 14 FNV 8c648463d5cede1b CARRIER 9006 FNV 8062ce6d5728da1f
DELETE_MARGIN 00003e1a RANGE -13200775880949468..-45508835390634
DELETE_MARGIN 000132a3 RANGE -6810269052272490..-4460876861490
DELETE_MARGIN 00017464 RANGE -9786775972997268..-6992826930936
DELETE_MARGIN 00033388 RANGE -5036872586052762..-16080572596536
DELETE_MARGIN 000a16c2 RANGE -10706466925538370..-28090228955544
DELETE_MARGIN 000f8118 RANGE -11495185661109906..-55449317543760
DELETE_MARGIN 00142a1a RANGE -11597433140887398..-29704583072934
DELETE_MARGIN 00154348 RANGE -14458761569889126..-41736856545594
DELETE_MARGIN 00184ba0 RANGE -12047513788471392..-26591186647998
DELETE_MARGIN 001aa260 RANGE -7380091287134118..-28401877158732
DELETE_MARGIN 00202c2b RANGE -12657804221521998..-35267830037370
DELETE_MARGIN 002066a4 RANGE -5772631608209340..-15025853106810
DELETE_MARGIN 002b018a RANGE -12145116957079302..-42944581491714
DELETE_MARGIN 0030c2a2 RANGE -8721914327975520..-22907335575096
DELETE_STRICT_CELLS 126 EQUALITIES 0 FNV 640a94af980de74a
ADD_RESPONSE 18468880 LO 0003c0000008e030 HI 0000000000 MARGIN_A 50140001278458 MARGIN_B 4319703325646982
ADD_RESPONSE 080e8281 LO 842b800004002010 HI 0000000000 MARGIN_A 18193156937424 MARGIN_B 4416005545743960
ADD_RESPONSE 22081017 LO 000000000400001e HI 0000000000 MARGIN_A 454280361757110 MARGIN_B -3513524396387544
ADD_RESPONSE 08422a82 LO d4c689cdb3f7dec1 HI 0000000000 MARGIN_A 171922454312238 MARGIN_B 5521594598675568
ADD_RESPONSE 004cac40 LO cf12620000000000 HI 0000000000 MARGIN_A 173961208377936 MARGIN_B -1326167766053928
ADD_RESPONSE 19c04044 LO 0000000000000000 HI 0000003c71 MARGIN_A -35936386177230 MARGIN_B 80331088782420
ADD_RESPONSE 00c08ec0 LO 0ce0049179010700 HI 0000000000 MARGIN_A 110946033865800 MARGIN_B -2548335728586564
ADD_RESPONSE 10443016 LO 000002200000c800 HI 0000000000 MARGIN_A 99019932675300 MARGIN_B 664308360939132
ADD_RESPONSE 01609124 LO 0000000000000000 HI 010720430e MARGIN_A 1494641247492708 MARGIN_B 672313515704082
ADD_RESPONSE 10413209 LO 0000000000000000 HI 1e00470000 MARGIN_A -758931416310312 MARGIN_B 174608132909490
ADD_RESPONSE 01611640 LO 0000000000000000 HI 00088004b0 MARGIN_A 1807002819206172 MARGIN_B 346524896203920
ADD_RESPONSE 00606449 LO 2000100200000000 HI 0000000000 MARGIN_A 7224038096310 MARGIN_B -1845725101613568
ADD_RESPONSE 0128d084 LO 0000000000000000 HI 01c1304000 MARGIN_A 1280449809555084 MARGIN_B 58856980564746
ADD_RESPONSE 08806449 LO 0000000000000000 HI 0430088000 MARGIN_A -34052257340640 MARGIN_B 345001775121738
ADD_COVER 64,37 RESPONSE_MARGIN_FNV 6c7b10e7ea30e546
PAIR 100,637 ACTIVE 5670 ACTIVE_FNV c663178b4940d1f2 ACTIVE_MARGIN_MIN 19798840152 INACTIVE_MARGIN_MAX -83081347020 BODY_CHECKS 497128895 FAILURES 0
PAIR 294,637 ACTIVE 7666 ACTIVE_FNV ea36324274e62ea6 ACTIVE_MARGIN_MIN 34151129964 INACTIVE_MARGIN_MAX -7164336816 BODY_CHECKS 454328506 FAILURES 0
PAIR 520,637 ACTIVE 7646 ACTIVE_FNV 19b2fa64bf54036e ACTIVE_MARGIN_MIN 2289953106 INACTIVE_MARGIN_MAX -13237065576 BODY_CHECKS 465471493 FAILURES 0
PAIR 100,636 ACTIVE 3567 ACTIVE_FNV 16c10d3de13f45a4 ACTIVE_MARGIN_MIN 368199501264 INACTIVE_MARGIN_MAX -26729256330 BODY_CHECKS 584863862 FAILURES 0
PAIR 256,636 ACTIVE 3249 ACTIVE_FNV 2d1b9c1611108c9d ACTIVE_MARGIN_MIN 747031548312 INACTIVE_MARGIN_MAX -2962668167928 BODY_CHECKS 598620982 FAILURES 0
PAIR 294,636 ACTIVE 7972 ACTIVE_FNV 4557b5dad6866cd1 ACTIVE_MARGIN_MIN 1242724972230 INACTIVE_MARGIN_MAX -19452868848 BODY_CHECKS 440940919 FAILURES 0
PAIR 338,636 ACTIVE 8493 ACTIVE_FNV ec6edd802340bcaf ACTIVE_MARGIN_MIN 248426428320 INACTIVE_MARGIN_MAX -1065830971338 BODY_CHECKS 431670582 FAILURES 0
PAIR 372,636 ACTIVE 6898 ACTIVE_FNV da97157e50969930 ACTIVE_MARGIN_MIN 4826180657088 INACTIVE_MARGIN_MAX -4298482358226 BODY_CHECKS 476104645 FAILURES 0
PAIR 384,636 ACTIVE 6089 ACTIVE_FNV 387b60e510c195de ACTIVE_MARGIN_MIN 138519510696 INACTIVE_MARGIN_MAX -266394838248 BODY_CHECKS 494834478 FAILURES 0
BOUNDARY ROWS 9 BODIES 128764350 BODY_CHECKS 4443964362 FAILURES 0 EQUALITIES 0 FNV 3bf60326e0da05c8
SCOPE DETACHED_LITERAL_NINE_ROW_EXCHANGE_NO_PHYSICAL_ENTRY_NO_LRC14
VERDICT PASS STRICT_DELETIONS_RESPONSES_AND_EXHAUSTIVE_BOUNDARY_CLOSURE
