R629_MIXED_RESPONSE_ATLAS_DETACHED_V1
PAIR 100,629 GRID 3374614492048800 CELLS 8557 PAIR_TICKS 2479303131865560 FAILURE_CLASSES_RANK_LE9 2397
FAILURES 28 FNV 61ee3b61e7de8594
BODY 0 031c5208 LABELS {3,9,12,14,18,19,20,24,25}
BODY 1 035c5008 LABELS {3,12,14,18,19,20,22,24,25}
BODY 2 037c4008 LABELS {3,14,18,19,20,21,22,24,25}
BODY 3 039c3008 LABELS {3,12,13,18,19,20,23,24,25}
BODY 4 039e1008 LABELS {3,12,17,18,19,20,23,24,25}
BODY 5 064c5401 LABELS {0,10,12,14,18,19,22,25,26}
BODY 6 070c7008 LABELS {3,12,13,14,18,19,24,25,26}
BODY 7 07143408 LABELS {3,10,12,13,18,20,24,25,26}
BODY 8 071e1400 LABELS {10,12,17,18,19,20,24,25,26}
BODY 9 072c6008 LABELS {3,13,14,18,19,21,24,25,26}
BODY 10 07485401 LABELS {0,10,12,14,19,22,24,25,26}
BODY 11 074c5001 LABELS {0,12,14,18,19,22,24,25,26}
BODY 12 078c1088 LABELS {3,7,12,18,19,23,24,25,26}
BODY 13 078c3008 LABELS {3,12,13,18,19,23,24,25,26}
BODY 14 07983008 LABELS {3,12,13,19,20,23,24,25,26}
BODY 15 17087008 LABELS {3,12,13,14,19,24,25,26,28}
BODY 16 17107008 LABELS {3,12,13,14,20,24,25,26,28}
BODY 17 17286008 LABELS {3,13,14,19,21,24,25,26,28}
BODY 18 17306008 LABELS {3,13,14,20,21,24,25,26,28}
BODY 19 17883008 LABELS {3,12,13,19,23,24,25,26,28}
BODY 20 23346008 LABELS {3,13,14,18,20,21,24,25,29}
BODY 21 27841088 LABELS {3,7,12,18,23,24,25,26,29}
BODY 22 27903008 LABELS {3,12,13,20,23,24,25,26,29}
BODY 23 27c41008 LABELS {3,12,18,22,23,24,25,26,29}
BODY 24 33105088 LABELS {3,7,12,14,20,24,25,28,29}
BODY 25 33107008 LABELS {3,12,13,14,20,24,25,28,29}
BODY 26 33306001 LABELS {0,13,14,20,21,24,25,28,29}
BODY 27 33306008 LABELS {3,13,14,20,21,24,25,28,29}
RANK 8 RAW_INCIDENCES 5697720 RAW_CANDIDATES 1568282 ACTIVE_CANDIDATES 18299 ACTIVE_INCIDENCES 24237 RESPONSE_FNV a468c9f4b0103611 MAX_COVER 7 LEAST_MAX 04818642 FULL_RESPONDERS 0 LEAST_FULL 00000000
RANK 9 RAW_INCIDENCES 8230040 RAW_CANDIDATES 2678235 ACTIVE_CANDIDATES 255155 ACTIVE_INCIDENCES 379235 RESPONSE_FNV d3c3b6c6e425803f MAX_COVER 13 LEAST_MAX 088286c2 FULL_RESPONDERS 0 LEAST_FULL 00000000
MIXED_CLASSES 419 CLASSES_WITH_RANK8 144 CLASSES_WITH_RANK9 419 REPRESENTATIVES_PREFER_RANK8 144 CLASS_FNV 288fc0fd18371855
SCOPE IMPORT_FREE_LITERAL_WALL_FIXED_PAIR_LABELLED_RANK8_OR_RANK9_RESPONSE_QUOTIENT_NO_PHYSICAL_ENTRY_NO_LRC14
VERDICT PASS EXACT_MIXED_RESPONSE_QUOTIENT
