THM4295_CROSS_PACKET_TYPED_UNION_AUDIT_V1
LIVE rows=22647 fnv=df5374d4aca67677 sha256=14f9be0d9472bc573e582ec6f4cb92c7def6f583f6afaf0b747f2a9713330317
S rows=1219 fnv=3706723fd3574334 sha256=fdef599768aba3cc1738e330f35c9b431486ab845023ef59050c546f22605ef1
J rows=36 fnv=5c8af37cf2f002e7 sha256=c0406e8d10138ad743e3e99076b2171809945518cc4f708d3ef46a7b0fb70777
E rows=70 fnv=213e8d6fcbd0f1cd sha256=d3a8e25cacae5ef7f20a3ca9f37efb74254169a94cf5195417baeaef510f1a66
C rows=10 fnv=9926701692e6f8d4 sha256=00f37ae823268f8b2c79f2c5ce2634d487ef9c5f7c2864f5b172dd1f89fdefd6
H19 rows=36 fnv=5c8af37cf2f002e7 sha256=c0406e8d10138ad743e3e99076b2171809945518cc4f708d3ef46a7b0fb70777
H294 rows=21 fnv=eadefa2fae582ca7 sha256=07f6727333f3a677e61b20afd44b0a60d2621515020bce68cfe610904785f79b
H372 rows=54 fnv=47ab2af18f07ff59 sha256=1400300c4d0d43f935bbdb7c686f6053b70568bdb719a8cc61d4baaf49875eb0
RELATIONS
J H19 EQUAL
E C C_PROPER_SUBSET_E
PAIRWISE_INTERSECTIONS
S_AND_J rows=0 fnv=cbf29ce484222325 sha256=e3b0c44298fc1c149afbf4c8996fb92427ae41e4649b934ca495991b7852b855
S_AND_E rows=2 fnv=42f12accaf5cd9bd sha256=f0337fb2f190041d6369165bb43e7cf58ed52d429ea93e6641d5842221299a78
S_AND_E_ROWS (410,626) (506,626)
S_AND_C rows=0 fnv=cbf29ce484222325 sha256=e3b0c44298fc1c149afbf4c8996fb92427ae41e4649b934ca495991b7852b855
S_AND_H19 rows=0 fnv=cbf29ce484222325 sha256=e3b0c44298fc1c149afbf4c8996fb92427ae41e4649b934ca495991b7852b855
S_AND_H294 rows=18 fnv=5f10a36c14e47705 sha256=06d2ff4e8625de9bbbee8d58696ffcdbf94840dc661586d5e01cea1042d0ea5e
S_AND_H294_ROWS (147,267) (147,397) (147,402) (197,294) (213,294) (272,294) (294,321) (294,367) (294,425) (294,467) (294,473) (294,486) (294,500) (294,503) (294,517) (294,526) (294,535) (294,614)
S_AND_H372 rows=52 fnv=00010d9f5d39b3a6 sha256=13e3ae6bb636f72b28e2f5ecc5a8df40b927448a6cbb46a3ac1b1093d02ad76c
S_AND_H372_ROWS (27,186) (28,38) (28,72) (28,77) (28,79) (28,127) (28,161) (28,232) (28,263) (28,311) (28,385) (28,462) (28,495) (28,530) (28,540) (51,150) (55,107) (55,333) (55,472) (55,507) (55,526) (74,186) (76,349) (76,437) (79,109) (79,122) (79,135) (109,372) (117,256) (128,343) (128,351) (128,526) (135,258) (136,372) (186,289) (186,297) (186,329) (186,347) (186,360) (186,423) (186,441) (186,461) (186,464) (186,581) (186,600) (186,606) (249,372) (256,351) (318,372) (349,372) (372,443) (372,544)
J_AND_E rows=2 fnv=e73907a6fe947f51 sha256=00a0107c7a3c838ae059ff3ca950b68261c19a390cbcc34f9b0105bd2200f046
J_AND_E_ROWS (338,628) (338,636)
J_AND_C rows=1 fnv=3cca6e55a5ca6ab6 sha256=5ecd064f76e6f5fa48044470ecf58b94ce12a36a9804a44fac3a6d1c1020e0e9
J_AND_C_ROWS (338,636)
J_AND_H19 rows=36 fnv=5c8af37cf2f002e7 sha256=c0406e8d10138ad743e3e99076b2171809945518cc4f708d3ef46a7b0fb70777
J_AND_H19_ROWS (6,511) (6,522) (53,62) (53,338) (102,338) (108,124) (108,410) (125,338) (125,455) (162,338) (169,320) (169,420) (179,347) (189,338) (200,338) (205,338) (218,338) (265,338) (275,338) (314,338) (319,338) (320,411) (320,455) (320,546) (335,338) (338,347) (338,359) (338,397) (338,444) (338,455) (338,481) (338,488) (338,537) (338,628) (338,636) (420,478)
J_AND_H294 rows=0 fnv=cbf29ce484222325 sha256=e3b0c44298fc1c149afbf4c8996fb92427ae41e4649b934ca495991b7852b855
J_AND_H372 rows=0 fnv=cbf29ce484222325 sha256=e3b0c44298fc1c149afbf4c8996fb92427ae41e4649b934ca495991b7852b855
E_AND_C rows=10 fnv=9926701692e6f8d4 sha256=00f37ae823268f8b2c79f2c5ce2634d487ef9c5f7c2864f5b172dd1f89fdefd6
E_AND_C_ROWS (100,633) (100,634) (100,635) (100,636) (256,636) (294,636) (306,635) (338,636) (372,636) (384,636)
E_AND_H19 rows=2 fnv=e73907a6fe947f51 sha256=00a0107c7a3c838ae059ff3ca950b68261c19a390cbcc34f9b0105bd2200f046
E_AND_H19_ROWS (338,628) (338,636)
E_AND_H294 rows=1 fnv=84ecefdee9169b2a sha256=7f4ae1698db0764595d1d37fb9fb836e268b65f882c44d51637f4e6d5f2b1ea4
E_AND_H294_ROWS (294,636)
E_AND_H372 rows=1 fnv=998afbd26bc5c074 sha256=e4a02cb8900a808b9568f6f45249764669c8b2d88a9321d9ee45b09cec50060c
E_AND_H372_ROWS (372,636)
C_AND_H19 rows=1 fnv=3cca6e55a5ca6ab6 sha256=5ecd064f76e6f5fa48044470ecf58b94ce12a36a9804a44fac3a6d1c1020e0e9
C_AND_H19_ROWS (338,636)
C_AND_H294 rows=1 fnv=84ecefdee9169b2a sha256=7f4ae1698db0764595d1d37fb9fb836e268b65f882c44d51637f4e6d5f2b1ea4
C_AND_H294_ROWS (294,636)
C_AND_H372 rows=1 fnv=998afbd26bc5c074 sha256=e4a02cb8900a808b9568f6f45249764669c8b2d88a9321d9ee45b09cec50060c
C_AND_H372_ROWS (372,636)
H19_AND_H294 rows=0 fnv=cbf29ce484222325 sha256=e3b0c44298fc1c149afbf4c8996fb92427ae41e4649b934ca495991b7852b855
H19_AND_H372 rows=0 fnv=cbf29ce484222325 sha256=e3b0c44298fc1c149afbf4c8996fb92427ae41e4649b934ca495991b7852b855
H294_AND_H372 rows=0 fnv=cbf29ce484222325 sha256=e3b0c44298fc1c149afbf4c8996fb92427ae41e4649b934ca495991b7852b855
EXACT_MEMBERSHIP_PROFILES
PROFILE_E rows=57 fnv=a216a951bfe6e25b sha256=90df2a3680cde14a54cbc0fac2a9e24c9a8224aaa6ebe565e20f6e6c49f9f0b7
PROFILE_H294 rows=2 fnv=47e9f97431bb7000 sha256=6d49067a1086e4b1e0f863bcfb58ea5a857b4d7c063b5eb5389255797d39fac4
PROFILE_H372 rows=1 fnv=e627c17e3b8840e7 sha256=96305a358bc32892bb6eba97d3998b2bca8f48aab0d5d046ece9a98e00792242
PROFILE_S rows=1147 fnv=ff6b644b516e52fb sha256=3e68c3f90fb554480e07324ab5168bf14378df8d6626fbc79df9159f35023d6d
PROFILE_E+C rows=7 fnv=f27b8f4bb11f6419 sha256=d3873946ce8ad0170ba88b72353e5a8b12917dab5e74453e07016f96d7a9e57a
PROFILE_E+C_ROWS (100,633) (100,634) (100,635) (100,636) (256,636) (306,635) (384,636)
PROFILE_J+H19 rows=34 fnv=f0b33bcafd08c08b sha256=a7b70b7ecae4c3da37846607b27f1bc7e80cc46305d3c9d1041f5f7a1a697dd5
PROFILE_J+H19_ROWS (6,511) (6,522) (53,62) (53,338) (102,338) (108,124) (108,410) (125,338) (125,455) (162,338) (169,320) (169,420) (179,347) (189,338) (200,338) (205,338) (218,338) (265,338) (275,338) (314,338) (319,338) (320,411) (320,455) (320,546) (335,338) (338,347) (338,359) (338,397) (338,444) (338,455) (338,481) (338,488) (338,537) (420,478)
PROFILE_S+E rows=2 fnv=42f12accaf5cd9bd sha256=f0337fb2f190041d6369165bb43e7cf58ed52d429ea93e6641d5842221299a78
PROFILE_S+E_ROWS (410,626) (506,626)
PROFILE_S+H294 rows=18 fnv=5f10a36c14e47705 sha256=06d2ff4e8625de9bbbee8d58696ffcdbf94840dc661586d5e01cea1042d0ea5e
PROFILE_S+H294_ROWS (147,267) (147,397) (147,402) (197,294) (213,294) (272,294) (294,321) (294,367) (294,425) (294,467) (294,473) (294,486) (294,500) (294,503) (294,517) (294,526) (294,535) (294,614)
PROFILE_S+H372 rows=52 fnv=00010d9f5d39b3a6 sha256=13e3ae6bb636f72b28e2f5ecc5a8df40b927448a6cbb46a3ac1b1093d02ad76c
PROFILE_S+H372_ROWS (27,186) (28,38) (28,72) (28,77) (28,79) (28,127) (28,161) (28,232) (28,263) (28,311) (28,385) (28,462) (28,495) (28,530) (28,540) (51,150) (55,107) (55,333) (55,472) (55,507) (55,526) (74,186) (76,349) (76,437) (79,109) (79,122) (79,135) (109,372) (117,256) (128,343) (128,351) (128,526) (135,258) (136,372) (186,289) (186,297) (186,329) (186,347) (186,360) (186,423) (186,441) (186,461) (186,464) (186,581) (186,600) (186,606) (249,372) (256,351) (318,372) (349,372) (372,443) (372,544)
PROFILE_E+C+H294 rows=1 fnv=84ecefdee9169b2a sha256=7f4ae1698db0764595d1d37fb9fb836e268b65f882c44d51637f4e6d5f2b1ea4
PROFILE_E+C+H294_ROWS (294,636)
PROFILE_E+C+H372 rows=1 fnv=998afbd26bc5c074 sha256=e4a02cb8900a808b9568f6f45249764669c8b2d88a9321d9ee45b09cec50060c
PROFILE_E+C+H372_ROWS (372,636)
PROFILE_J+E+H19 rows=1 fnv=34a0a69dfd44bbbe sha256=4c7ea75be040f712df6379327898fa91fddb1d5d01670ed1dcb8acae44d5e6a7
PROFILE_J+E+H19_ROWS (338,628)
PROFILE_J+E+C+H19 rows=1 fnv=3cca6e55a5ca6ab6 sha256=5ecd064f76e6f5fa48044470ecf58b94ce12a36a9804a44fac3a6d1c1020e0e9
PROFILE_J+E+C+H19_ROWS (338,636)
OURS_UNION rows=1321 fnv=69bcc5c5fc86ac8e sha256=ed040ba5b26d40445e8917cc24c844d36c3a91f59bd08244f6a3bf0f3d38a44e
INCOMING_UNION rows=118 fnv=4cc16b6090fa8461 sha256=4893b22ddfaafb296094e60104de477d2291560ec69c8bc466a7109453a5254d
INCOMING_ALREADY_COVERED rows=115 fnv=b76619cbdaab8bfa sha256=1f613f6eeb34bacfed75b1be7e03019e6399e4fbdfa26629f7b5689702ee4bcb
INCOMING_STRICTLY_ADDED rows=3 fnv=e6305a4005d31bda sha256=195de9984ed41ef7f577c4b189c140fd3a8348107393b495f64303d4fe66be81
CROSS_PACKET_UNION rows=1324 fnv=f55ee025df29bb65 sha256=57bdcd932cc2c985e81e1b2d472a469cf4c2e11c9cb21dd4b1037c4ba098562a
FINAL_COMPLEMENT rows=21323 fnv=09a0dfc4515d556b sha256=a6fb3ea00f5017b2ad66cbccf75f89756aa94360652ff6a7dbf22c637a1c7656
FINAL_MAX 626 TOP (100,626) (256,626)
SCOPE FINITE_EXACT_TYPED_ROW_SET_UNION_NO_COMMON_DECK_NO_LRC14
