n=8 m=4: V=64 E=256 triangles=0; seeded 40 HCs
  181 path representatives
      round 1: pool 18; 400 uncertified listed (0s); resolving
      round 2: pool 122 cycles; DONE uncertified=0 leaves=164059875 local_uncertified=0 (0s) => CERTIFIED
   P=[(0, 0), (1, 2), (2, 4), (3, 6), (4, 0)]: lambda=5 [starve], local set blocks: True; all 4-sets leave an HC through P: True -> beta=lambda (2s, stored HCs 80)
      round 1: pool 50; 5 uncertified listed (0s); resolving
      round 2: pool 58 cycles; DONE uncertified=0 leaves=164059875 local_uncertified=0 (0s) => CERTIFIED
   P=[(0, 0), (1, 2), (2, 4), (3, 6), (5, 7)]: lambda=5 [starve], local set blocks: True; all 4-sets leave an HC through P: True -> beta=lambda (1s, stored HCs 85)
      round 1: pool 45; 50 uncertified listed (0s); resolving
      round 2: pool 96 cycles; DONE uncertified=0 leaves=164059875 local_uncertified=0 (0s) => CERTIFIED
   P=[(0, 0), (1, 2), (2, 4), (3, 6), (2, 0)]: lambda=5 [close], local set blocks: True; all 4-sets leave an HC through P: True -> beta=lambda (2s, stored HCs 125)
      round 1: pool 58; 1 uncertified listed (0s); resolving
      round 2: pool 59 cycles; DONE uncertified=0 leaves=164059875 local_uncertified=0 (0s) => CERTIFIED
   P=[(0, 0), (1, 2), (2, 4), (3, 6), (1, 7)]: lambda=5 [starve], local set blocks: True; all 4-sets leave an HC through P: True -> beta=lambda (1s, stored HCs 126)
      round 1: pool 77 cycles; DONE uncertified=0 leaves=164059875 local_uncertified=0 (0s) => CERTIFIED
   P=[(0, 0), (1, 2), (2, 4), (3, 6), (4, 4)]: lambda=5 [starve], local set blocks: True; all 4-sets leave an HC through P: True -> beta=lambda (0s, stored HCs 126)
      round 1: pool 50; 12 uncertified listed (0s); resolving
      round 2: pool 67 cycles; DONE uncertified=0 leaves=164059875 local_uncertified=0 (0s) => CERTIFIED
   P=[(0, 0), (1, 2), (2, 4), (3, 6), (5, 5)]: lambda=5 [starve], local set blocks: True; all 4-sets leave an HC through P: True -> beta=lambda (1s, stored HCs 138)
      round 1: pool 62; 2 uncertified listed (0s); resolving
      round 2: pool 65 cycles; DONE uncertified=0 leaves=164059875 local_uncertified=0 (0s) => CERTIFIED
   P=[(0, 0), (1, 2), (2, 4), (3, 6), (1, 5)]: lambda=5 [starve], local set blocks: True; all 4-sets leave an HC through P: True -> beta=lambda (1s, stored HCs 140)
      round 1: pool 42; 236 uncertified listed (0s); resolving
      round 2: pool 112 cycles; DONE uncertified=0 leaves=164059875 local_uncertified=0 (0s) => CERTIFIED
   P=[(0, 0), (1, 2), (2, 4), (4, 5), (5, 7)]: lambda=5 [starve], local set blocks: True; all 4-sets leave an HC through P: True -> beta=lambda (2s, stored HCs 180)
      round 1: pool 66; 1 uncertified listed (0s); resolving
      round 2: pool 68 cycles; DONE uncertified=0 leaves=164059875 local_uncertified=0 (0s) => CERTIFIED
   P=[(0, 0), (1, 2), (2, 4), (4, 5), (6, 6)]: lambda=5 [starve], local set blocks: True; all 4-sets leave an HC through P: True -> beta=lambda (1s, stored HCs 181)
      round 1: pool 65 cycles; DONE uncertified=0 leaves=164059875 local_uncertified=0 (0s) => CERTIFIED
   P=[(0, 0), (1, 2), (2, 4), (4, 5), (3, 7)]: lambda=5 [close], local set blocks: True; all 4-sets leave an HC through P: True -> beta=lambda (0s, stored HCs 181)
      round 1: pool 75 cycles; DONE uncertified=0 leaves=164059875 local_uncertified=0 (0s) => CERTIFIED
   P=[(0, 0), (1, 2), (2, 4), (4, 5), (2, 6)]: lambda=5 [starve], local set blocks: True; all 4-sets leave an HC through P: True -> beta=lambda (0s, stored HCs 181)
      round 1: pool 63 cycles; DONE uncertified=0 leaves=164059875 local_uncertified=0 (0s) => CERTIFIED
   P=[(0, 0), (1, 2), (2, 4), (4, 5), (5, 3)]: lambda=5 [starve], local set blocks: True; all 4-sets leave an HC through P: True -> beta=lambda (0s, stored HCs 181)
      round 1: pool 78 cycles; DONE uncertified=0 leaves=164059875 local_uncertified=0 (0s) => CERTIFIED
   P=[(0, 0), (1, 2), (2, 4), (4, 5), (6, 4)]: lambda=5 [starve], local set blocks: True; all 4-sets leave an HC through P: True -> beta=lambda (0s, stored HCs 181)
      round 1: pool 96; 12 uncertified listed (13s); resolving
      round 2: pool 110 cycles; DONE uncertified=0 leaves=8137369800 local_uncertified=0 (12s) => CERTIFIED
   P=[(0, 0), (1, 2), (2, 4), (4, 5), (3, 3)]: lambda=6 [starve], local set blocks: True; all 5-sets leave an HC through P: True -> beta=lambda (25s, stored HCs 193)
      round 1: pool 85 cycles; DONE uncertified=0 leaves=164059875 local_uncertified=0 (0s) => CERTIFIED
   P=[(0, 0), (1, 2), (2, 4), (1, 6), (2, 0)]: lambda=5 [starve], local set blocks: True; all 4-sets leave an HC through P: True -> beta=lambda (0s, stored HCs 193)
      round 1: pool 65 cycles; DONE uncertified=0 leaves=164059875 local_uncertified=0 (0s) => CERTIFIED
   P=[(0, 0), (1, 2), (2, 4), (1, 6), (3, 7)]: lambda=5 [starve], local set blocks: True; all 4-sets leave an HC through P: True -> beta=lambda (0s, stored HCs 193)
      round 1: pool 68; 1 uncertified listed (0s); resolving
      round 2: pool 69 cycles; DONE uncertified=0 leaves=164059875 local_uncertified=0 (0s) => CERTIFIED
   P=[(0, 0), (1, 2), (2, 4), (1, 6), (7, 7)]: lambda=5 [starve], local set blocks: True; all 4-sets leave an HC through P: True -> beta=lambda (1s, stored HCs 194)
      round 1: pool 88 cycles; DONE uncertified=0 leaves=164059875 local_uncertified=0 (0s) => CERTIFIED
   P=[(0, 0), (1, 2), (2, 4), (1, 6), (3, 5)]: lambda=5 [starve], local set blocks: True; all 4-sets leave an HC through P: True -> beta=lambda (0s, stored HCs 194)
      round 1: pool 100 cycles; DONE uncertified=0 leaves=164059875 local_uncertified=0 (0s) => CERTIFIED
   P=[(0, 0), (1, 2), (2, 4), (1, 6), (0, 4)]: lambda=5 [starve], local set blocks: True; all 4-sets leave an HC through P: True -> beta=lambda (0s, stored HCs 194)
      round 1: pool 73 cycles; DONE uncertified=0 leaves=164059875 local_uncertified=0 (0s) => CERTIFIED
   P=[(0, 0), (1, 2), (2, 4), (1, 6), (7, 5)]: lambda=5 [starve], local set blocks: True; all 4-sets leave an HC through P: True -> beta=lambda (0s, stored HCs 194)
      round 1: pool 75 cycles; DONE uncertified=0 leaves=164059875 local_uncertified=0 (0s) => CERTIFIED
   P=[(0, 0), (1, 2), (2, 4), (0, 5), (1, 7)]: lambda=5 [starve], local set blocks: True; all 4-sets leave an HC through P: True -> beta=lambda (0s, stored HCs 194)
      round 1: pool 83 cycles; DONE uncertified=0 leaves=164059875 local_uncertified=0 (0s) => CERTIFIED
   P=[(0, 0), (1, 2), (2, 4), (0, 5), (2, 6)]: lambda=5 [starve], local set blocks: True; all 4-sets leave an HC through P: True -> beta=lambda (0s, stored HCs 194)
      round 1: pool 65; 1 uncertified listed (0s); resolving
      round 2: pool 67 cycles; DONE uncertified=0 leaves=164059875 local_uncertified=0 (0s) => CERTIFIED
   P=[(0, 0), (1, 2), (2, 4), (0, 5), (7, 7)]: lambda=5 [close], local set blocks: True; all 4-sets leave an HC through P: True -> beta=lambda (1s, stored HCs 195)
      round 1: pool 72 cycles; DONE uncertified=0 leaves=164059875 local_uncertified=0 (0s) => CERTIFIED
   P=[(0, 0), (1, 2), (2, 4), (0, 5), (6, 6)]: lambda=5 [starve], local set blocks: True; all 4-sets leave an HC through P: True -> beta=lambda (0s, stored HCs 195)
      round 1: pool 79 cycles; DONE uncertified=0 leaves=164059875 local_uncertified=0 (0s) => CERTIFIED
   P=[(0, 0), (1, 2), (2, 4), (0, 5), (1, 3)]: lambda=5 [starve], local set blocks: True; all 4-sets leave an HC through P: True -> beta=lambda (0s, stored HCs 195)
      round 1: pool 89; 50 uncertified listed (12s); resolving
      round 2: pool 146 cycles; DONE uncertified=0 leaves=8137369800 local_uncertified=0 (13s) => CERTIFIED
   P=[(0, 0), (1, 2), (2, 4), (0, 5), (7, 3)]: lambda=6 [starve], local set blocks: True; all 5-sets leave an HC through P: True -> beta=lambda (26s, stored HCs 235)
      round 1: pool 76; 1 uncertified listed (0s); resolving
      round 2: pool 78 cycles; DONE uncertified=0 leaves=164059875 local_uncertified=0 (0s) => CERTIFIED
   P=[(0, 0), (1, 2), (2, 4), (0, 5), (6, 4)]: lambda=5 [starve], local set blocks: True; all 4-sets leave an HC through P: True -> beta=lambda (1s, stored HCs 236)
      round 1: pool 91 cycles; DONE uncertified=0 leaves=164059875 local_uncertified=0 (0s) => CERTIFIED
   P=[(0, 0), (1, 2), (2, 4), (3, 2), (4, 4)]: lambda=5 [starve], local set blocks: True; all 4-sets leave an HC through P: True -> beta=lambda (0s, stored HCs 236)
      round 1: pool 89 cycles; DONE uncertified=0 leaves=164059875 local_uncertified=0 (0s) => CERTIFIED
   P=[(0, 0), (1, 2), (2, 4), (3, 2), (5, 3)]: lambda=5 [starve], local set blocks: True; all 4-sets leave an HC through P: True -> beta=lambda (0s, stored HCs 236)
      round 1: pool 86 cycles; DONE uncertified=0 leaves=164059875 local_uncertified=0 (0s) => CERTIFIED
   P=[(0, 0), (1, 2), (2, 4), (3, 2), (1, 3)]: lambda=5 [starve], local set blocks: True; all 4-sets leave an HC through P: True -> beta=lambda (0s, stored HCs 236)
      round 1: pool 74 cycles; DONE uncertified=0 leaves=164059875 local_uncertified=0 (0s) => CERTIFIED
   P=[(0, 0), (1, 2), (2, 4), (3, 2), (4, 0)]: lambda=5 [starve], local set blocks: True; all 4-sets leave an HC through P: True -> beta=lambda (0s, stored HCs 236)
      round 1: pool 85 cycles; DONE uncertified=0 leaves=164059875 local_uncertified=0 (0s) => CERTIFIED
   P=[(0, 0), (1, 2), (2, 4), (3, 2), (5, 1)]: lambda=5 [starve], local set blocks: True; all 4-sets leave an HC through P: True -> beta=lambda (0s, stored HCs 236)
      round 1: pool 119 cycles; DONE uncertified=0 leaves=164059875 local_uncertified=0 (0s) => CERTIFIED
   P=[(0, 0), (1, 2), (2, 4), (3, 2), (2, 0)]: lambda=5 [close], local set blocks: True; all 4-sets leave an HC through P: True -> beta=lambda (0s, stored HCs 236)
      round 1: pool 81 cycles; DONE uncertified=0 leaves=164059875 local_uncertified=0 (0s) => CERTIFIED
   P=[(0, 0), (1, 2), (2, 4), (3, 2), (1, 1)]: lambda=5 [starve], local set blocks: True; all 4-sets leave an HC through P: True -> beta=lambda (0s, stored HCs 236)
      round 1: pool 92 cycles; DONE uncertified=0 leaves=164059875 local_uncertified=0 (0s) => CERTIFIED
   P=[(0, 0), (1, 2), (2, 4), (4, 3), (5, 5)]: lambda=5 [starve], local set blocks: True; all 4-sets leave an HC through P: True -> beta=lambda (0s, stored HCs 236)
      round 1: pool 81 cycles; DONE uncertified=0 leaves=164059875 local_uncertified=0 (0s) => CERTIFIED
   P=[(0, 0), (1, 2), (2, 4), (4, 3), (6, 4)]: lambda=5 [starve], local set blocks: True; all 4-sets leave an HC through P: True -> beta=lambda (0s, stored HCs 236)
      round 1: pool 74; 1 uncertified listed (0s); resolving
      round 2: pool 75 cycles; DONE uncertified=0 leaves=164059875 local_uncertified=0 (0s) => CERTIFIED
   P=[(0, 0), (1, 2), (2, 4), (4, 3), (3, 5)]: lambda=5 [close], local set blocks: True; all 4-sets leave an HC through P: True -> beta=lambda (0s, stored HCs 237)
      round 1: pool 90 cycles; DONE uncertified=0 leaves=164059875 local_uncertified=0 (0s) => CERTIFIED
   P=[(0, 0), (1, 2), (2, 4), (4, 3), (5, 1)]: lambda=5 [starve], local set blocks: True; all 4-sets leave an HC through P: True -> beta=lambda (0s, stored HCs 237)
      round 1: pool 99; 22 uncertified listed (11s); resolving
      round 2: pool 136 cycles; DONE uncertified=0 leaves=8137369800 local_uncertified=0 (11s) => CERTIFIED
   P=[(0, 0), (1, 2), (2, 4), (4, 3), (3, 1)]: lambda=6 [starve], local set blocks: True; all 5-sets leave an HC through P: True -> beta=lambda (23s, stored HCs 259)
      round 1: pool 103 cycles; DONE uncertified=0 leaves=164059875 local_uncertified=0 (0s) => CERTIFIED
   P=[(0, 0), (1, 2), (2, 4), (4, 3), (2, 2)]: lambda=5 [starve], local set blocks: True; all 4-sets leave an HC through P: True -> beta=lambda (0s, stored HCs 259)
      round 1: pool 107 cycles; DONE uncertified=0 leaves=164059875 local_uncertified=0 (0s) => CERTIFIED
   P=[(0, 0), (1, 2), (2, 4), (0, 3), (1, 5)]: lambda=5 [starve], local set blocks: True; all 4-sets leave an HC through P: True -> beta=lambda (0s, stored HCs 259)
      round 1: pool 81; 1 uncertified listed (0s); resolving
      round 2: pool 83 cycles; DONE uncertified=0 leaves=164059875 local_uncertified=0 (0s) => CERTIFIED
   P=[(0, 0), (1, 2), (2, 4), (0, 3), (7, 5)]: lambda=5 [close], local set blocks: True; all 4-sets leave an HC through P: True -> beta=lambda (1s, stored HCs 260)
      round 1: pool 74 cycles; DONE uncertified=0 leaves=164059875 local_uncertified=0 (0s) => CERTIFIED
   P=[(0, 0), (1, 2), (2, 4), (0, 3), (6, 4)]: lambda=5 [starve], local set blocks: True; all 4-sets leave an HC through P: True -> beta=lambda (0s, stored HCs 260)
      round 1: pool 88 cycles; DONE uncertified=0 leaves=164059875 local_uncertified=0 (0s) => CERTIFIED
   P=[(0, 0), (1, 2), (2, 4), (0, 3), (1, 1)]: lambda=5 [starve], local set blocks: True; all 4-sets leave an HC through P: True -> beta=lambda (0s, stored HCs 260)
      round 1: pool 96 cycles; DONE uncertified=0 leaves=164059875 local_uncertified=0 (0s) => CERTIFIED
   P=[(0, 0), (1, 2), (2, 4), (0, 3), (2, 2)]: lambda=5 [starve], local set blocks: True; all 4-sets leave an HC through P: True -> beta=lambda (0s, stored HCs 260)
      round 1: pool 103; 5 uncertified listed (15s); resolving
      round 2: pool 108 cycles; DONE uncertified=0 leaves=8137369800 local_uncertified=0 (13s) => CERTIFIED
   P=[(0, 0), (1, 2), (2, 4), (0, 3), (7, 1)]: lambda=6 [starve], local set blocks: True; all 5-sets leave an HC through P: True -> beta=lambda (28s, stored HCs 265)
      round 1: pool 102 cycles; DONE uncertified=0 leaves=164059875 local_uncertified=0 (0s) => CERTIFIED
   P=[(0, 0), (1, 2), (2, 4), (0, 3), (6, 2)]: lambda=5 [starve], local set blocks: True; all 4-sets leave an HC through P: True -> beta=lambda (0s, stored HCs 265)
      round 1: pool 100; 2 uncertified listed (0s); resolving
      round 2: pool 106 cycles; DONE uncertified=0 leaves=164059875 local_uncertified=0 (0s) => CERTIFIED
   P=[(0, 0), (1, 2), (3, 3), (4, 5), (6, 6)]: lambda=5 [starve], local set blocks: True; all 4-sets leave an HC through P: True -> beta=lambda (1s, stored HCs 267)
      round 1: pool 86; 1 uncertified listed (0s); resolving
      round 2: pool 87 cycles; DONE uncertified=0 leaves=164059875 local_uncertified=0 (0s) => CERTIFIED
   P=[(0, 0), (1, 2), (3, 3), (4, 5), (3, 7)]: lambda=5 [close], local set blocks: True; all 4-sets leave an HC through P: True -> beta=lambda (1s, stored HCs 268)
      round 1: pool 120 cycles; DONE uncertified=0 leaves=164059875 local_uncertified=0 (0s) => CERTIFIED
   P=[(0, 0), (1, 2), (3, 3), (4, 5), (2, 6)]: lambda=5 [starve], local set blocks: True; all 4-sets leave an HC through P: True -> beta=lambda (0s, stored HCs 268)
      round 1: pool 96 cycles; DONE uncertified=0 leaves=164059875 local_uncertified=0 (0s) => CERTIFIED
   P=[(0, 0), (1, 2), (3, 3), (4, 5), (5, 3)]: lambda=5 [starve], local set blocks: True; all 4-sets leave an HC through P: True -> beta=lambda (0s, stored HCs 268)
      round 1: pool 94 cycles; DONE uncertified=0 leaves=164059875 local_uncertified=0 (0s) => CERTIFIED
   P=[(0, 0), (1, 2), (3, 3), (4, 5), (6, 4)]: lambda=5 [starve], local set blocks: True; all 4-sets leave an HC through P: True -> beta=lambda (0s, stored HCs 268)
      round 1: pool 93; 7 uncertified listed (12s); resolving
      round 2: pool 103 cycles; DONE uncertified=0 leaves=8137369800 local_uncertified=0 (12s) => CERTIFIED
   P=[(0, 0), (1, 2), (3, 3), (4, 5), (2, 4)]: lambda=6 [starve], local set blocks: True; all 5-sets leave an HC through P: True -> beta=lambda (24s, stored HCs 275)
      round 1: pool 96 cycles; DONE uncertified=0 leaves=164059875 local_uncertified=0 (0s) => CERTIFIED
   P=[(0, 0), (1, 2), (3, 3), (5, 4), (6, 6)]: lambda=5 [starve], local set blocks: True; all 4-sets leave an HC through P: True -> beta=lambda (0s, stored HCs 275)
      round 1: pool 107 cycles; DONE uncertified=0 leaves=164059875 local_uncertified=0 (0s) => CERTIFIED
   P=[(0, 0), (1, 2), (3, 3), (5, 4), (4, 6)]: lambda=5 [starve], local set blocks: True; all 4-sets leave an HC through P: True -> beta=lambda (0s, stored HCs 275)
      round 1: pool 121 cycles; DONE uncertified=0 leaves=164059875 local_uncertified=0 (0s) => CERTIFIED
   P=[(0, 0), (1, 2), (3, 3), (5, 4), (3, 5)]: lambda=5 [starve], local set blocks: True; all 4-sets leave an HC through P: True -> beta=lambda (0s, stored HCs 275)
      round 1: pool 103 cycles; DONE uncertified=0 leaves=164059875 local_uncertified=0 (0s) => CERTIFIED
   P=[(0, 0), (1, 2), (3, 3), (5, 4), (6, 2)]: lambda=5 [starve], local set blocks: True; all 4-sets leave an HC through P: True -> beta=lambda (0s, stored HCs 275)
      round 1: pool 113; 1 uncertified listed (12s); resolving
      round 2: pool 114 cycles; DONE uncertified=0 leaves=8137369800 local_uncertified=0 (12s) => CERTIFIED
   P=[(0, 0), (1, 2), (3, 3), (5, 4), (7, 3)]: lambda=6 [starve], local set blocks: True; all 5-sets leave an HC through P: True -> beta=lambda (24s, stored HCs 276)
      round 1: pool 100 cycles; DONE uncertified=0 leaves=164059875 local_uncertified=0 (0s) => CERTIFIED
   P=[(0, 0), (1, 2), (3, 3), (5, 4), (4, 2)]: lambda=5 [close], local set blocks: True; all 4-sets leave an HC through P: True -> beta=lambda (0s, stored HCs 276)
      round 1: pool 76; 1 uncertified listed (0s); resolving
      round 2: pool 77 cycles; DONE uncertified=0 leaves=164059875 local_uncertified=0 (0s) => CERTIFIED
   P=[(0, 0), (1, 2), (3, 3), (2, 5), (3, 7)]: lambda=5 [starve], local set blocks: True; all 4-sets leave an HC through P: True -> beta=lambda (1s, stored HCs 277)
      round 1: pool 80 cycles; DONE uncertified=0 leaves=164059875 local_uncertified=0 (0s) => CERTIFIED
   P=[(0, 0), (1, 2), (3, 3), (2, 5), (4, 6)]: lambda=5 [starve], local set blocks: True; all 4-sets leave an HC through P: True -> beta=lambda (0s, stored HCs 277)
      round 1: pool 88 cycles; DONE uncertified=0 leaves=164059875 local_uncertified=0 (0s) => CERTIFIED
   P=[(0, 0), (1, 2), (3, 3), (2, 5), (0, 6)]: lambda=5 [starve], local set blocks: True; all 4-sets leave an HC through P: True -> beta=lambda (0s, stored HCs 277)
      round 1: pool 100 cycles; DONE uncertified=0 leaves=164059875 local_uncertified=0 (0s) => CERTIFIED
   P=[(0, 0), (1, 2), (3, 3), (2, 5), (4, 4)]: lambda=5 [starve], local set blocks: True; all 4-sets leave an HC through P: True -> beta=lambda (0s, stored HCs 277)
      round 1: pool 101 cycles; DONE uncertified=0 leaves=164059875 local_uncertified=0 (0s) => CERTIFIED
   P=[(0, 0), (1, 2), (3, 3), (2, 5), (1, 3)]: lambda=5 [starve], local set blocks: True; all 4-sets leave an HC through P: True -> beta=lambda (0s, stored HCs 277)
      round 1: pool 126; 3 uncertified listed (11s); resolving
      round 2: pool 131 cycles; DONE uncertified=0 leaves=8137369800 local_uncertified=0 (11s) => CERTIFIED
   P=[(0, 0), (1, 2), (3, 3), (2, 5), (0, 4)]: lambda=6 [starve], local set blocks: True; all 5-sets leave an HC through P: True -> beta=lambda (22s, stored HCs 280)
      round 1: pool 103 cycles; DONE uncertified=0 leaves=164059875 local_uncertified=0 (0s) => CERTIFIED
   P=[(0, 0), (1, 2), (3, 3), (1, 4), (2, 6)]: lambda=5 [starve], local set blocks: True; all 4-sets leave an HC through P: True -> beta=lambda (0s, stored HCs 280)
      round 1: pool 102 cycles; DONE uncertified=0 leaves=164059875 local_uncertified=0 (0s) => CERTIFIED
   P=[(0, 0), (1, 2), (3, 3), (1, 4), (3, 5)]: lambda=5 [starve], local set blocks: True; all 4-sets leave an HC through P: True -> beta=lambda (0s, stored HCs 280)
      round 1: pool 118 cycles; DONE uncertified=0 leaves=164059875 local_uncertified=0 (0s) => CERTIFIED
   P=[(0, 0), (1, 2), (3, 3), (1, 4), (0, 6)]: lambda=5 [starve], local set blocks: True; all 4-sets leave an HC through P: True -> beta=lambda (0s, stored HCs 280)
      round 1: pool 107 cycles; DONE uncertified=0 leaves=164059875 local_uncertified=0 (0s) => CERTIFIED
   P=[(0, 0), (1, 2), (3, 3), (1, 4), (2, 2)]: lambda=5 [starve], local set blocks: True; all 4-sets leave an HC through P: True -> beta=lambda (0s, stored HCs 280)
      round 1: pool 93 cycles; DONE uncertified=0 leaves=164059875 local_uncertified=0 (0s) => CERTIFIED
   P=[(0, 0), (1, 2), (3, 3), (1, 4), (0, 2)]: lambda=5 [close], local set blocks: True; all 4-sets leave an HC through P: True -> beta=lambda (0s, stored HCs 280)
      round 1: pool 114; 3 uncertified listed (11s); resolving
      round 2: pool 118 cycles; DONE uncertified=0 leaves=8137369800 local_uncertified=0 (11s) => CERTIFIED
   P=[(0, 0), (1, 2), (3, 3), (1, 4), (7, 3)]: lambda=6 [starve], local set blocks: True; all 5-sets leave an HC through P: True -> beta=lambda (22s, stored HCs 283)
      round 1: pool 118 cycles; DONE uncertified=0 leaves=164059875 local_uncertified=0 (0s) => CERTIFIED
   P=[(0, 0), (1, 2), (3, 3), (4, 1), (5, 3)]: lambda=5 [starve], local set blocks: True; all 4-sets leave an HC through P: True -> beta=lambda (0s, stored HCs 283)
      round 1: pool 84 cycles; DONE uncertified=0 leaves=164059875 local_uncertified=0 (0s) => CERTIFIED
   P=[(0, 0), (1, 2), (3, 3), (4, 1), (6, 2)]: lambda=5 [starve], local set blocks: True; all 4-sets leave an HC through P: True -> beta=lambda (0s, stored HCs 283)
      round 1: pool 124 cycles; DONE uncertified=0 leaves=164059875 local_uncertified=0 (0s) => CERTIFIED
   P=[(0, 0), (1, 2), (3, 3), (4, 1), (2, 2)]: lambda=5 [starve], local set blocks: True; all 4-sets leave an HC through P: True -> beta=lambda (0s, stored HCs 283)
      round 1: pool 97 cycles; DONE uncertified=0 leaves=164059875 local_uncertified=0 (0s) => CERTIFIED
   P=[(0, 0), (1, 2), (3, 3), (4, 1), (3, 7)]: lambda=5 [starve], local set blocks: True; all 4-sets leave an HC through P: True -> beta=lambda (0s, stored HCs 283)
      round 1: pool 127; 1 uncertified listed (11s); resolving
      round 2: pool 128 cycles; DONE uncertified=0 leaves=8137369800 local_uncertified=0 (11s) => CERTIFIED
   P=[(0, 0), (1, 2), (3, 3), (4, 1), (2, 0)]: lambda=6 [starve], local set blocks: True; all 5-sets leave an HC through P: True -> beta=lambda (22s, stored HCs 284)
      round 1: pool 90 cycles; DONE uncertified=0 leaves=164059875 local_uncertified=0 (0s) => CERTIFIED
   P=[(0, 0), (1, 2), (3, 3), (5, 2), (6, 4)]: lambda=5 [starve], local set blocks: True; all 4-sets leave an HC through P: True -> beta=lambda (0s, stored HCs 284)
      round 1: pool 97 cycles; DONE uncertified=0 leaves=164059875 local_uncertified=0 (0s) => CERTIFIED
   P=[(0, 0), (1, 2), (3, 3), (5, 2), (7, 3)]: lambda=5 [starve], local set blocks: True; all 4-sets leave an HC through P: True -> beta=lambda (0s, stored HCs 284)
      round 1: pool 96 cycles; DONE uncertified=0 leaves=164059875 local_uncertified=0 (0s) => CERTIFIED
   P=[(0, 0), (1, 2), (3, 3), (5, 2), (4, 4)]: lambda=5 [starve], local set blocks: True; all 4-sets leave an HC through P: True -> beta=lambda (0s, stored HCs 284)
      round 1: pool 84; 1 uncertified listed (0s); resolving
      round 2: pool 86 cycles; DONE uncertified=0 leaves=164059875 local_uncertified=0 (0s) => CERTIFIED
   P=[(0, 0), (1, 2), (3, 3), (5, 2), (6, 0)]: lambda=5 [starve], local set blocks: True; all 4-sets leave an HC through P: True -> beta=lambda (1s, stored HCs 285)
      round 1: pool 100 cycles; DONE uncertified=0 leaves=164059875 local_uncertified=0 (0s) => CERTIFIED
   P=[(0, 0), (1, 2), (3, 3), (5, 2), (4, 0)]: lambda=5 [close], local set blocks: True; all 4-sets leave an HC through P: True -> beta=lambda (0s, stored HCs 285)
      round 1: pool 112 cycles; DONE uncertified=0 leaves=164059875 local_uncertified=0 (0s) => CERTIFIED
   P=[(0, 0), (1, 2), (3, 3), (5, 2), (3, 1)]: lambda=5 [starve], local set blocks: True; all 4-sets leave an HC through P: True -> beta=lambda (0s, stored HCs 285)
      round 1: pool 124; 1 uncertified listed (11s); resolving
      round 2: pool 125 cycles; DONE uncertified=0 leaves=8137369800 local_uncertified=0 (10s) => CERTIFIED
   P=[(0, 0), (1, 2), (3, 3), (2, 1), (4, 2)]: lambda=6 [starve], local set blocks: True; all 5-sets leave an HC through P: True -> beta=lambda (21s, stored HCs 286)
      round 1: pool 119; 1 uncertified listed (10s); resolving
      round 2: pool 120 cycles; DONE uncertified=0 leaves=8137369800 local_uncertified=0 (10s) => CERTIFIED
   P=[(0, 0), (1, 2), (3, 3), (2, 1), (1, 3)]: lambda=6 [starve], local set blocks: True; all 5-sets leave an HC through P: True -> beta=lambda (21s, stored HCs 287)
      round 1: pool 113; 3 uncertified listed (11s); resolving
      round 2: pool 119 cycles; DONE uncertified=0 leaves=8137369800 local_uncertified=0 (11s) => CERTIFIED
   P=[(0, 0), (1, 2), (3, 3), (2, 1), (0, 2)]: lambda=6 [starve], local set blocks: True; all 5-sets leave an HC through P: True -> beta=lambda (22s, stored HCs 290)
      round 1: pool 119 cycles; DONE uncertified=0 leaves=8137369800 local_uncertified=0 (11s) => CERTIFIED
   P=[(0, 0), (1, 2), (3, 3), (2, 1), (3, 7)]: lambda=6 [starve], local set blocks: True; all 5-sets leave an HC through P: True -> beta=lambda (11s, stored HCs 290)
      round 1: pool 103; 3 uncertified listed (11s); resolving
      round 2: pool 107 cycles; DONE uncertified=0 leaves=8137369800 local_uncertified=0 (11s) => CERTIFIED
   P=[(0, 0), (1, 2), (3, 3), (2, 1), (4, 0)]: lambda=6 [starve], local set blocks: True; all 5-sets leave an HC through P: True -> beta=lambda (23s, stored HCs 293)
      round 1: pool 101 cycles; DONE uncertified=0 leaves=164059875 local_uncertified=0 (0s) => CERTIFIED
   P=[(0, 0), (1, 2), (0, 4), (1, 6), (7, 7)]: lambda=5 [starve], local set blocks: True; all 4-sets leave an HC through P: True -> beta=lambda (0s, stored HCs 293)
      round 1: pool 133 cycles; DONE uncertified=0 leaves=164059875 local_uncertified=0 (0s) => CERTIFIED
   P=[(0, 0), (1, 2), (0, 4), (1, 6), (2, 4)]: lambda=5 [starve], local set blocks: True; all 4-sets leave an HC through P: True -> beta=lambda (0s, stored HCs 293)
      round 1: pool 109 cycles; DONE uncertified=0 leaves=164059875 local_uncertified=0 (0s) => CERTIFIED
   P=[(0, 0), (1, 2), (0, 4), (1, 6), (3, 5)]: lambda=5 [starve], local set blocks: True; all 4-sets leave an HC through P: True -> beta=lambda (0s, stored HCs 293)
      round 1: pool 100 cycles; DONE uncertified=0 leaves=164059875 local_uncertified=0 (0s) => CERTIFIED
   P=[(0, 0), (1, 2), (0, 4), (1, 6), (7, 5)]: lambda=5 [starve], local set blocks: True; all 4-sets leave an HC through P: True -> beta=lambda (0s, stored HCs 293)
      round 1: pool 91 cycles; DONE uncertified=0 leaves=164059875 local_uncertified=0 (0s) => CERTIFIED
   P=[(0, 0), (1, 2), (0, 4), (2, 5), (1, 7)]: lambda=5 [starve], local set blocks: True; all 4-sets leave an HC through P: True -> beta=lambda (0s, stored HCs 293)
      round 1: pool 108 cycles; DONE uncertified=0 leaves=164059875 local_uncertified=0 (0s) => CERTIFIED
   P=[(0, 0), (1, 2), (0, 4), (2, 5), (0, 6)]: lambda=5 [starve], local set blocks: True; all 4-sets leave an HC through P: True -> beta=lambda (0s, stored HCs 293)
      round 1: pool 127; 1 uncertified listed (11s); resolving
      round 2: pool 129 cycles; DONE uncertified=0 leaves=8137369800 local_uncertified=0 (11s) => CERTIFIED
   P=[(0, 0), (1, 2), (0, 4), (2, 5), (3, 3)]: lambda=6 [starve], local set blocks: True; all 5-sets leave an HC through P: True -> beta=lambda (22s, stored HCs 294)
      round 1: pool 104 cycles; DONE uncertified=0 leaves=164059875 local_uncertified=0 (0s) => CERTIFIED
   P=[(0, 0), (1, 2), (0, 4), (2, 5), (4, 4)]: lambda=5 [starve], local set blocks: True; all 4-sets leave an HC through P: True -> beta=lambda (0s, stored HCs 294)
      round 1: pool 107 cycles; DONE uncertified=0 leaves=164059875 local_uncertified=0 (0s) => CERTIFIED
   P=[(0, 0), (1, 2), (0, 4), (2, 5), (1, 3)]: lambda=5 [starve], local set blocks: True; all 4-sets leave an HC through P: True -> beta=lambda (0s, stored HCs 294)
      round 1: pool 128 cycles; DONE uncertified=0 leaves=8137369800 local_uncertified=0 (10s) => CERTIFIED
   P=[(0, 0), (1, 2), (0, 4), (7, 6), (1, 7)]: lambda=6 [starve], local set blocks: True; all 5-sets leave an HC through P: True -> beta=lambda (10s, stored HCs 294)
      round 1: pool 112 cycles; DONE uncertified=0 leaves=8137369800 local_uncertified=0 (10s) => CERTIFIED
   P=[(0, 0), (1, 2), (0, 4), (7, 6), (1, 5)]: lambda=6 [starve], local set blocks: True; all 5-sets leave an HC through P: True -> beta=lambda (10s, stored HCs 294)
      round 1: pool 110 cycles; DONE uncertified=0 leaves=164059875 local_uncertified=0 (0s) => CERTIFIED
   P=[(0, 0), (1, 2), (0, 4), (7, 6), (6, 4)]: lambda=5 [close], local set blocks: True; all 4-sets leave an HC through P: True -> beta=lambda (0s, stored HCs 294)
      round 1: pool 92; 58 uncertified listed (11s); resolving
      round 2: pool 144 cycles; DONE uncertified=0 leaves=8137369800 local_uncertified=0 (12s) => CERTIFIED
   P=[(0, 0), (1, 2), (0, 4), (7, 6), (5, 5)]: lambda=6 [starve], local set blocks: True; all 5-sets leave an HC through P: True -> beta=lambda (24s, stored HCs 334)
      round 1: pool 113 cycles; DONE uncertified=0 leaves=164059875 local_uncertified=0 (0s) => CERTIFIED
   P=[(0, 0), (1, 2), (0, 4), (6, 5), (7, 7)]: lambda=5 [close], local set blocks: True; all 4-sets leave an HC through P: True -> beta=lambda (0s, stored HCs 334)
      round 1: pool 104 cycles; DONE uncertified=0 leaves=164059875 local_uncertified=0 (0s) => CERTIFIED
   P=[(0, 0), (1, 2), (0, 4), (6, 5), (0, 6)]: lambda=5 [starve], local set blocks: True; all 4-sets leave an HC through P: True -> beta=lambda (0s, stored HCs 334)
      round 1: pool 141; 2 uncertified listed (11s); resolving
      round 2: pool 143 cycles; DONE uncertified=0 leaves=8137369800 local_uncertified=0 (12s) => CERTIFIED
   P=[(0, 0), (1, 2), (0, 4), (6, 5), (7, 3)]: lambda=6 [starve], local set blocks: True; all 5-sets leave an HC through P: True -> beta=lambda (24s, stored HCs 336)
      round 1: pool 127 cycles; DONE uncertified=0 leaves=164059875 local_uncertified=0 (0s) => CERTIFIED
   P=[(0, 0), (1, 2), (0, 4), (6, 5), (5, 3)]: lambda=5 [close], local set blocks: True; all 4-sets leave an HC through P: True -> beta=lambda (0s, stored HCs 336)
      round 1: pool 88 cycles; DONE uncertified=0 leaves=164059875 local_uncertified=0 (0s) => CERTIFIED
   P=[(0, 0), (1, 2), (0, 4), (6, 5), (4, 4)]: lambda=5 [starve], local set blocks: True; all 4-sets leave an HC through P: True -> beta=lambda (0s, stored HCs 336)
      round 1: pool 116 cycles; DONE uncertified=0 leaves=164059875 local_uncertified=0 (0s) => CERTIFIED
   P=[(0, 0), (1, 2), (0, 4), (2, 3), (3, 5)]: lambda=5 [close], local set blocks: True; all 4-sets leave an HC through P: True -> beta=lambda (0s, stored HCs 336)
      round 1: pool 126 cycles; DONE uncertified=0 leaves=164059875 local_uncertified=0 (0s) => CERTIFIED
   P=[(0, 0), (1, 2), (0, 4), (2, 3), (4, 4)]: lambda=5 [starve], local set blocks: True; all 4-sets leave an HC through P: True -> beta=lambda (0s, stored HCs 336)
      round 1: pool 124 cycles; DONE uncertified=0 leaves=164059875 local_uncertified=0 (0s) => CERTIFIED
   P=[(0, 0), (1, 2), (0, 4), (2, 3), (1, 5)]: lambda=5 [starve], local set blocks: True; all 4-sets leave an HC through P: True -> beta=lambda (0s, stored HCs 336)
      round 1: pool 106 cycles; DONE uncertified=0 leaves=164059875 local_uncertified=0 (0s) => CERTIFIED
   P=[(0, 0), (1, 2), (0, 4), (2, 3), (1, 1)]: lambda=5 [starve], local set blocks: True; all 4-sets leave an HC through P: True -> beta=lambda (0s, stored HCs 336)
      round 1: pool 108 cycles; DONE uncertified=0 leaves=164059875 local_uncertified=0 (0s) => CERTIFIED
   P=[(0, 0), (1, 2), (0, 4), (2, 3), (0, 2)]: lambda=5 [starve], local set blocks: True; all 4-sets leave an HC through P: True -> beta=lambda (0s, stored HCs 336)
      round 1: pool 127; 1 uncertified listed (11s); resolving
      round 2: pool 128 cycles; DONE uncertified=0 leaves=8137369800 local_uncertified=0 (11s) => CERTIFIED
   P=[(0, 0), (1, 2), (0, 4), (7, 2), (1, 3)]: lambda=6 [starve], local set blocks: True; all 5-sets leave an HC through P: True -> beta=lambda (22s, stored HCs 337)
      round 1: pool 143 cycles; DONE uncertified=0 leaves=164059875 local_uncertified=0 (0s) => CERTIFIED
   P=[(0, 0), (1, 2), (0, 4), (7, 2), (6, 4)]: lambda=5 [close], local set blocks: True; all 4-sets leave an HC through P: True -> beta=lambda (0s, stored HCs 337)
      round 1: pool 138; 3 uncertified listed (11s); resolving
      round 2: pool 144 cycles; DONE uncertified=0 leaves=8137369800 local_uncertified=0 (11s) => CERTIFIED
   P=[(0, 0), (1, 2), (0, 4), (7, 2), (5, 3)]: lambda=6 [starve], local set blocks: True; all 5-sets leave an HC through P: True -> beta=lambda (23s, stored HCs 340)
      round 1: pool 159 cycles; DONE uncertified=0 leaves=8137369800 local_uncertified=0 (11s) => CERTIFIED
   P=[(0, 0), (1, 2), (0, 4), (7, 2), (1, 1)]: lambda=6 [starve], local set blocks: True; all 5-sets leave an HC through P: True -> beta=lambda (11s, stored HCs 340)
      round 1: pool 105 cycles; DONE uncertified=0 leaves=164059875 local_uncertified=0 (0s) => CERTIFIED
   P=[(0, 0), (1, 2), (0, 4), (6, 3), (7, 5)]: lambda=5 [close], local set blocks: True; all 4-sets leave an HC through P: True -> beta=lambda (0s, stored HCs 340)
      round 1: pool 127 cycles; DONE uncertified=0 leaves=164059875 local_uncertified=0 (0s) => CERTIFIED
   P=[(0, 0), (1, 2), (0, 4), (6, 3), (5, 5)]: lambda=5 [starve], local set blocks: True; all 4-sets leave an HC through P: True -> beta=lambda (0s, stored HCs 340)
      round 1: pool 172 cycles; DONE uncertified=0 leaves=8137369800 local_uncertified=0 (12s) => CERTIFIED
   P=[(0, 0), (1, 2), (0, 4), (6, 3), (7, 1)]: lambda=6 [starve], local set blocks: True; all 5-sets leave an HC through P: True -> beta=lambda (12s, stored HCs 340)
      round 1: pool 123 cycles; DONE uncertified=0 leaves=164059875 local_uncertified=0 (0s) => CERTIFIED
   P=[(0, 0), (1, 2), (0, 4), (6, 3), (0, 2)]: lambda=5 [starve], local set blocks: True; all 4-sets leave an HC through P: True -> beta=lambda (0s, stored HCs 340)
      round 1: pool 127 cycles; DONE uncertified=0 leaves=164059875 local_uncertified=0 (0s) => CERTIFIED
   P=[(0, 0), (1, 2), (7, 3), (0, 5), (6, 6)]: lambda=5 [starve], local set blocks: True; all 4-sets leave an HC through P: True -> beta=lambda (0s, stored HCs 340)
      round 1: pool 136 cycles; DONE uncertified=0 leaves=164059875 local_uncertified=0 (0s) => CERTIFIED
   P=[(0, 0), (1, 2), (7, 3), (0, 5), (1, 3)]: lambda=5 [starve], local set blocks: True; all 4-sets leave an HC through P: True -> beta=lambda (0s, stored HCs 340)
      round 1: pool 155 cycles; DONE uncertified=0 leaves=8137369800 local_uncertified=0 (12s) => CERTIFIED
   P=[(0, 0), (1, 2), (7, 3), (0, 5), (2, 4)]: lambda=6 [starve], local set blocks: True; all 5-sets leave an HC through P: True -> beta=lambda (12s, stored HCs 340)
      round 1: pool 112 cycles; DONE uncertified=0 leaves=164059875 local_uncertified=0 (0s) => CERTIFIED
   P=[(0, 0), (1, 2), (7, 3), (0, 5), (6, 4)]: lambda=5 [starve], local set blocks: True; all 4-sets leave an HC through P: True -> beta=lambda (0s, stored HCs 340)
      round 1: pool 122 cycles; DONE uncertified=0 leaves=164059875 local_uncertified=0 (0s) => CERTIFIED
   P=[(0, 0), (1, 2), (7, 3), (1, 4), (0, 6)]: lambda=5 [starve], local set blocks: True; all 4-sets leave an HC through P: True -> beta=lambda (0s, stored HCs 340)
      round 1: pool 116 cycles; DONE uncertified=0 leaves=164059875 local_uncertified=0 (0s) => CERTIFIED
   P=[(0, 0), (1, 2), (7, 3), (1, 4), (7, 5)]: lambda=5 [starve], local set blocks: True; all 4-sets leave an HC through P: True -> beta=lambda (0s, stored HCs 340)
      round 1: pool 145 cycles; DONE uncertified=0 leaves=164059875 local_uncertified=0 (0s) => CERTIFIED
   P=[(0, 0), (1, 2), (7, 3), (1, 4), (2, 2)]: lambda=5 [starve], local set blocks: True; all 4-sets leave an HC through P: True -> beta=lambda (0s, stored HCs 340)
      round 1: pool 116 cycles; DONE uncertified=0 leaves=164059875 local_uncertified=0 (0s) => CERTIFIED
   P=[(0, 0), (1, 2), (7, 3), (1, 4), (0, 2)]: lambda=5 [starve], local set blocks: True; all 4-sets leave an HC through P: True -> beta=lambda (0s, stored HCs 340)
      round 1: pool 112 cycles; DONE uncertified=0 leaves=164059875 local_uncertified=0 (0s) => CERTIFIED
   P=[(0, 0), (1, 2), (7, 3), (6, 5), (0, 6)]: lambda=5 [starve], local set blocks: True; all 4-sets leave an HC through P: True -> beta=lambda (0s, stored HCs 340)
      round 1: pool 114; 1 uncertified listed (12s); resolving
      round 2: pool 116 cycles; DONE uncertified=0 leaves=8137369800 local_uncertified=0 (13s) => CERTIFIED
   P=[(0, 0), (1, 2), (7, 3), (6, 5), (0, 4)]: lambda=6 [starve], local set blocks: True; all 5-sets leave an HC through P: True -> beta=lambda (25s, stored HCs 341)
      round 1: pool 133 cycles; DONE uncertified=0 leaves=164059875 local_uncertified=0 (0s) => CERTIFIED
   P=[(0, 0), (1, 2), (7, 3), (6, 5), (5, 3)]: lambda=5 [starve], local set blocks: True; all 4-sets leave an HC through P: True -> beta=lambda (0s, stored HCs 341)
      round 1: pool 110 cycles; DONE uncertified=0 leaves=164059875 local_uncertified=0 (0s) => CERTIFIED
   P=[(0, 0), (1, 2), (7, 3), (6, 5), (4, 4)]: lambda=5 [starve], local set blocks: True; all 4-sets leave an HC through P: True -> beta=lambda (0s, stored HCs 341)
      round 1: pool 166 cycles; DONE uncertified=0 leaves=164059875 local_uncertified=0 (0s) => CERTIFIED
   P=[(0, 0), (1, 2), (7, 3), (5, 4), (6, 6)]: lambda=5 [starve], local set blocks: True; all 4-sets leave an HC through P: True -> beta=lambda (0s, stored HCs 341)
      round 1: pool 126 cycles; DONE uncertified=0 leaves=164059875 local_uncertified=0 (0s) => CERTIFIED
   P=[(0, 0), (1, 2), (7, 3), (5, 4), (7, 5)]: lambda=5 [starve], local set blocks: True; all 4-sets leave an HC through P: True -> beta=lambda (0s, stored HCs 341)
      round 1: pool 129 cycles; DONE uncertified=0 leaves=164059875 local_uncertified=0 (0s) => CERTIFIED
   P=[(0, 0), (1, 2), (7, 3), (5, 4), (6, 2)]: lambda=5 [starve], local set blocks: True; all 4-sets leave an HC through P: True -> beta=lambda (0s, stored HCs 341)
      round 1: pool 105 cycles; DONE uncertified=0 leaves=164059875 local_uncertified=0 (0s) => CERTIFIED
   P=[(0, 0), (1, 2), (7, 3), (5, 4), (4, 2)]: lambda=5 [starve], local set blocks: True; all 4-sets leave an HC through P: True -> beta=lambda (0s, stored HCs 341)
      round 1: pool 142 cycles; DONE uncertified=0 leaves=164059875 local_uncertified=0 (0s) => CERTIFIED
   P=[(0, 0), (1, 2), (7, 3), (0, 1), (1, 3)]: lambda=5 [starve], local set blocks: True; all 4-sets leave an HC through P: True -> beta=lambda (0s, stored HCs 341)
      round 1: pool 140 cycles; DONE uncertified=0 leaves=164059875 local_uncertified=0 (0s) => CERTIFIED
   P=[(0, 0), (1, 2), (7, 3), (0, 1), (2, 2)]: lambda=5 [starve], local set blocks: True; all 4-sets leave an HC through P: True -> beta=lambda (0s, stored HCs 341)
      round 1: pool 123 cycles; DONE uncertified=0 leaves=164059875 local_uncertified=0 (0s) => CERTIFIED
   P=[(0, 0), (1, 2), (7, 3), (0, 1), (6, 2)]: lambda=5 [starve], local set blocks: True; all 4-sets leave an HC through P: True -> beta=lambda (0s, stored HCs 341)
      round 1: pool 138 cycles; DONE uncertified=0 leaves=164059875 local_uncertified=0 (0s) => CERTIFIED
   P=[(0, 0), (1, 2), (7, 3), (0, 1), (6, 0)]: lambda=5 [starve], local set blocks: True; all 4-sets leave an HC through P: True -> beta=lambda (0s, stored HCs 341)
      round 1: pool 138; 1 uncertified listed (13s); resolving
      round 2: pool 139 cycles; DONE uncertified=0 leaves=8137369800 local_uncertified=0 (13s) => CERTIFIED
   P=[(0, 0), (1, 2), (7, 3), (6, 1), (0, 2)]: lambda=6 [starve], local set blocks: True; all 5-sets leave an HC through P: True -> beta=lambda (26s, stored HCs 342)
      round 1: pool 160 cycles; DONE uncertified=0 leaves=8137369800 local_uncertified=0 (15s) => CERTIFIED
   P=[(0, 0), (1, 2), (7, 3), (6, 1), (5, 3)]: lambda=6 [starve], local set blocks: True; all 5-sets leave an HC through P: True -> beta=lambda (15s, stored HCs 342)
      round 1: pool 114 cycles; DONE uncertified=0 leaves=164059875 local_uncertified=0 (0s) => CERTIFIED
   P=[(0, 0), (1, 2), (7, 3), (5, 2), (6, 4)]: lambda=5 [starve], local set blocks: True; all 4-sets leave an HC through P: True -> beta=lambda (0s, stored HCs 342)
      round 1: pool 119 cycles; DONE uncertified=0 leaves=164059875 local_uncertified=0 (0s) => CERTIFIED
   P=[(0, 0), (1, 2), (7, 3), (5, 2), (4, 4)]: lambda=5 [starve], local set blocks: True; all 4-sets leave an HC through P: True -> beta=lambda (0s, stored HCs 342)
      round 1: pool 120 cycles; DONE uncertified=0 leaves=164059875 local_uncertified=0 (0s) => CERTIFIED
   P=[(0, 0), (1, 2), (7, 3), (5, 2), (6, 0)]: lambda=5 [starve], local set blocks: True; all 4-sets leave an HC through P: True -> beta=lambda (0s, stored HCs 342)
      round 1: pool 135 cycles; DONE uncertified=0 leaves=164059875 local_uncertified=0 (0s) => CERTIFIED
   P=[(0, 0), (1, 2), (7, 3), (5, 2), (7, 1)]: lambda=5 [starve], local set blocks: True; all 4-sets leave an HC through P: True -> beta=lambda (0s, stored HCs 342)
      round 1: pool 136 cycles; DONE uncertified=0 leaves=164059875 local_uncertified=0 (0s) => CERTIFIED
   P=[(0, 0), (1, 2), (2, 0), (3, 2), (1, 3)]: lambda=5 [starve], local set blocks: True; all 4-sets leave an HC through P: True -> beta=lambda (0s, stored HCs 342)
      round 1: pool 144 cycles; DONE uncertified=0 leaves=164059875 local_uncertified=0 (0s) => CERTIFIED
   P=[(0, 0), (1, 2), (2, 0), (3, 2), (4, 0)]: lambda=5 [starve], local set blocks: True; all 4-sets leave an HC through P: True -> beta=lambda (0s, stored HCs 342)
      round 1: pool 128 cycles; DONE uncertified=0 leaves=164059875 local_uncertified=0 (0s) => CERTIFIED
   P=[(0, 0), (1, 2), (2, 0), (3, 2), (1, 1)]: lambda=5 [starve], local set blocks: True; all 4-sets leave an HC through P: True -> beta=lambda (0s, stored HCs 342)
      round 1: pool 119 cycles; DONE uncertified=0 leaves=164059875 local_uncertified=0 (0s) => CERTIFIED
   P=[(0, 0), (1, 2), (2, 0), (4, 1), (2, 2)]: lambda=5 [starve], local set blocks: True; all 4-sets leave an HC through P: True -> beta=lambda (0s, stored HCs 342)
      round 1: pool 116 cycles; DONE uncertified=0 leaves=164059875 local_uncertified=0 (0s) => CERTIFIED
   P=[(0, 0), (1, 2), (2, 0), (4, 1), (5, 7)]: lambda=5 [starve], local set blocks: True; all 4-sets leave an HC through P: True -> beta=lambda (0s, stored HCs 342)
      round 1: pool 111 cycles; DONE uncertified=0 leaves=164059875 local_uncertified=0 (0s) => CERTIFIED
   P=[(0, 0), (1, 2), (2, 0), (4, 1), (3, 7)]: lambda=5 [close], local set blocks: True; all 4-sets leave an HC through P: True -> beta=lambda (0s, stored HCs 342)
      round 1: pool 120 cycles; DONE uncertified=0 leaves=164059875 local_uncertified=0 (0s) => CERTIFIED
   P=[(0, 0), (1, 2), (2, 0), (0, 1), (2, 2)]: lambda=5 [starve], local set blocks: True; all 4-sets leave an HC through P: True -> beta=lambda (0s, stored HCs 342)
      round 1: pool 120 cycles; DONE uncertified=0 leaves=164059875 local_uncertified=0 (0s) => CERTIFIED
   P=[(0, 0), (1, 2), (2, 0), (0, 1), (1, 7)]: lambda=5 [starve], local set blocks: True; all 4-sets leave an HC through P: True -> beta=lambda (0s, stored HCs 342)
      round 1: pool 127 cycles; DONE uncertified=0 leaves=164059875 local_uncertified=0 (0s) => CERTIFIED
   P=[(0, 0), (1, 2), (2, 0), (0, 1), (7, 7)]: lambda=5 [close], local set blocks: True; all 4-sets leave an HC through P: True -> beta=lambda (0s, stored HCs 342)
      round 1: pool 134 cycles; DONE uncertified=0 leaves=164059875 local_uncertified=0 (0s) => CERTIFIED
   P=[(0, 0), (1, 2), (2, 0), (3, 6), (4, 0)]: lambda=5 [starve], local set blocks: True; all 4-sets leave an HC through P: True -> beta=lambda (0s, stored HCs 342)
      round 1: pool 125 cycles; DONE uncertified=0 leaves=164059875 local_uncertified=0 (0s) => CERTIFIED
   P=[(0, 0), (1, 2), (2, 0), (3, 6), (1, 7)]: lambda=5 [starve], local set blocks: True; all 4-sets leave an HC through P: True -> beta=lambda (0s, stored HCs 342)
      round 1: pool 117 cycles; DONE uncertified=0 leaves=164059875 local_uncertified=0 (0s) => CERTIFIED
   P=[(0, 0), (1, 2), (2, 0), (3, 6), (1, 5)]: lambda=5 [starve], local set blocks: True; all 4-sets leave an HC through P: True -> beta=lambda (0s, stored HCs 342)
      round 1: pool 125 cycles; DONE uncertified=0 leaves=164059875 local_uncertified=0 (0s) => CERTIFIED
   P=[(0, 0), (1, 2), (2, 0), (4, 7), (5, 1)]: lambda=5 [starve], local set blocks: True; all 4-sets leave an HC through P: True -> beta=lambda (0s, stored HCs 342)
      round 1: pool 130; 3 uncertified listed (13s); resolving
      round 2: pool 134 cycles; DONE uncertified=0 leaves=8137369800 local_uncertified=0 (15s) => CERTIFIED
   P=[(0, 0), (1, 2), (2, 0), (4, 7), (3, 1)]: lambda=6 [starve], local set blocks: True; all 5-sets leave an HC through P: True -> beta=lambda (29s, stored HCs 345)
      round 1: pool 136 cycles; DONE uncertified=0 leaves=164059875 local_uncertified=0 (0s) => CERTIFIED
   P=[(0, 0), (1, 2), (2, 0), (4, 7), (2, 6)]: lambda=5 [starve], local set blocks: True; all 4-sets leave an HC through P: True -> beta=lambda (0s, stored HCs 345)
      round 1: pool 156 cycles; DONE uncertified=0 leaves=164059875 local_uncertified=0 (0s) => CERTIFIED
   P=[(0, 0), (1, 2), (2, 0), (1, 6), (3, 7)]: lambda=5 [starve], local set blocks: True; all 4-sets leave an HC through P: True -> beta=lambda (0s, stored HCs 345)
      round 1: pool 153 cycles; DONE uncertified=0 leaves=164059875 local_uncertified=0 (0s) => CERTIFIED
   P=[(0, 0), (1, 2), (2, 0), (1, 6), (3, 5)]: lambda=5 [starve], local set blocks: True; all 4-sets leave an HC through P: True -> beta=lambda (0s, stored HCs 345)
      round 1: pool 127 cycles; DONE uncertified=0 leaves=164059875 local_uncertified=0 (0s) => CERTIFIED
   P=[(0, 0), (1, 2), (2, 0), (0, 7), (1, 1)]: lambda=5 [starve], local set blocks: True; all 4-sets leave an HC through P: True -> beta=lambda (0s, stored HCs 345)
      round 1: pool 168; 1 uncertified listed (13s); resolving
      round 2: pool 170 cycles; DONE uncertified=0 leaves=8137369800 local_uncertified=0 (13s) => CERTIFIED
   P=[(0, 0), (1, 2), (2, 0), (0, 7), (7, 1)]: lambda=6 [starve], local set blocks: True; all 5-sets leave an HC through P: True -> beta=lambda (26s, stored HCs 346)
      round 1: pool 158 cycles; DONE uncertified=0 leaves=8137369800 local_uncertified=0 (13s) => CERTIFIED
   P=[(0, 0), (1, 2), (3, 1), (4, 3), (2, 4)]: lambda=6 [starve], local set blocks: True; all 5-sets leave an HC through P: True -> beta=lambda (13s, stored HCs 346)
      round 1: pool 141 cycles; DONE uncertified=0 leaves=164059875 local_uncertified=0 (0s) => CERTIFIED
   P=[(0, 0), (1, 2), (3, 1), (4, 3), (2, 2)]: lambda=5 [starve], local set blocks: True; all 4-sets leave an HC through P: True -> beta=lambda (0s, stored HCs 346)
      round 1: pool 98; 1 uncertified listed (0s); resolving
      round 2: pool 100 cycles; DONE uncertified=0 leaves=164059875 local_uncertified=0 (0s) => CERTIFIED
   P=[(0, 0), (1, 2), (3, 1), (5, 2), (6, 0)]: lambda=5 [starve], local set blocks: True; all 4-sets leave an HC through P: True -> beta=lambda (1s, stored HCs 347)
      round 1: pool 109 cycles; DONE uncertified=0 leaves=164059875 local_uncertified=0 (0s) => CERTIFIED
   P=[(0, 0), (1, 2), (3, 1), (5, 2), (4, 0)]: lambda=5 [close], local set blocks: True; all 4-sets leave an HC through P: True -> beta=lambda (0s, stored HCs 347)
      round 1: pool 110 cycles; DONE uncertified=0 leaves=164059875 local_uncertified=0 (0s) => CERTIFIED
   P=[(0, 0), (1, 2), (3, 1), (2, 3), (4, 4)]: lambda=5 [starve], local set blocks: True; all 4-sets leave an HC through P: True -> beta=lambda (0s, stored HCs 347)
      round 1: pool 110 cycles; DONE uncertified=0 leaves=164059875 local_uncertified=0 (0s) => CERTIFIED
   P=[(0, 0), (1, 2), (3, 1), (2, 3), (4, 2)]: lambda=5 [starve], local set blocks: True; all 4-sets leave an HC through P: True -> beta=lambda (0s, stored HCs 347)
      round 1: pool 134 cycles; DONE uncertified=0 leaves=8137369800 local_uncertified=0 (14s) => CERTIFIED
   P=[(0, 0), (1, 2), (3, 1), (4, 7), (2, 0)]: lambda=6 [starve], local set blocks: True; all 5-sets leave an HC through P: True -> beta=lambda (14s, stored HCs 347)
      round 1: pool 132 cycles; DONE uncertified=0 leaves=164059875 local_uncertified=0 (0s) => CERTIFIED
   P=[(0, 0), (1, 2), (3, 1), (4, 7), (2, 6)]: lambda=5 [starve], local set blocks: True; all 4-sets leave an HC through P: True -> beta=lambda (0s, stored HCs 347)
      round 1: pool 162 cycles; DONE uncertified=0 leaves=164059875 local_uncertified=0 (0s) => CERTIFIED
   P=[(0, 0), (1, 2), (3, 1), (5, 0), (6, 2)]: lambda=5 [starve], local set blocks: True; all 4-sets leave an HC through P: True -> beta=lambda (0s, stored HCs 347)
      round 1: pool 119 cycles; DONE uncertified=0 leaves=164059875 local_uncertified=0 (0s) => CERTIFIED
   P=[(0, 0), (1, 2), (3, 1), (5, 0), (4, 2)]: lambda=5 [starve], local set blocks: True; all 4-sets leave an HC through P: True -> beta=lambda (0s, stored HCs 347)
      round 1: pool 146 cycles; DONE uncertified=0 leaves=8137369800 local_uncertified=0 (13s) => CERTIFIED
   P=[(0, 0), (1, 2), (3, 1), (2, 7), (4, 0)]: lambda=6 [starve], local set blocks: True; all 5-sets leave an HC through P: True -> beta=lambda (13s, stored HCs 347)
      round 1: pool 141 cycles; DONE uncertified=0 leaves=164059875 local_uncertified=0 (0s) => CERTIFIED
   P=[(0, 0), (1, 2), (3, 1), (1, 0), (2, 2)]: lambda=5 [starve], local set blocks: True; all 4-sets leave an HC through P: True -> beta=lambda (0s, stored HCs 347)
      round 1: pool 118 cycles; DONE uncertified=0 leaves=164059875 local_uncertified=0 (0s) => CERTIFIED
   P=[(0, 0), (1, 2), (3, 1), (1, 0), (0, 2)]: lambda=5 [starve], local set blocks: True; all 4-sets leave an HC through P: True -> beta=lambda (0s, stored HCs 347)
      round 1: pool 122 cycles; DONE uncertified=0 leaves=164059875 local_uncertified=0 (0s) => CERTIFIED
   P=[(0, 0), (1, 2), (7, 1), (0, 3), (6, 2)]: lambda=5 [starve], local set blocks: True; all 4-sets leave an HC through P: True -> beta=lambda (0s, stored HCs 347)
      round 1: pool 128 cycles; DONE uncertified=0 leaves=164059875 local_uncertified=0 (0s) => CERTIFIED
   P=[(0, 0), (1, 2), (7, 1), (6, 3), (0, 2)]: lambda=5 [starve], local set blocks: True; all 4-sets leave an HC through P: True -> beta=lambda (0s, stored HCs 347)
      round 1: pool 72; 7 uncertified listed (0s); resolving
      round 2: pool 98 cycles; DONE uncertified=0 leaves=164059875 local_uncertified=0 (0s) => CERTIFIED
   P=[(0, 0), (1, 2), (7, 1), (5, 2), (6, 0)]: lambda=5 [starve], local set blocks: True; all 4-sets leave an HC through P: True -> beta=lambda (1s, stored HCs 354)
      round 1: pool 138 cycles; DONE uncertified=0 leaves=164059875 local_uncertified=0 (0s) => CERTIFIED
   P=[(0, 0), (1, 2), (7, 1), (1, 0), (0, 2)]: lambda=5 [starve], local set blocks: True; all 4-sets leave an HC through P: True -> beta=lambda (0s, stored HCs 354)
      round 1: pool 112 cycles; DONE uncertified=0 leaves=164059875 local_uncertified=0 (0s) => CERTIFIED
   P=[(0, 0), (1, 2), (7, 1), (5, 0), (6, 2)]: lambda=5 [starve], local set blocks: True; all 4-sets leave an HC through P: True -> beta=lambda (0s, stored HCs 354)
  SUMMARY n=8 m=4: {(5, 'beta=lambda'): 149, (6, 'beta=lambda'): 32}  total 724s
