[mersenne] recomputed (o, sigma_T) for 2 <= K <= 12800 in 45.0s
   data file has 12799 lines (K = 2..12800); mismatches with my recomputation: 0 []
(1.1) o-levels (K >= 5): 134; levels where sigma_T - K is not constant: 0
      including K = 2,3,4: levels with two keys: {}
      K=101: sigma_T - o log2 3 - log2 M_K = 0.1397996; sum log2(1+1/(3x)) = 0.1397996; diff 8.4e-14
      K=1001: sigma_T - o log2 3 - log2 M_K = 0.2296089; sum log2(1+1/(3x)) = 0.2296089; diff 4.6e-13
      K=5001: sigma_T - o log2 3 - log2 M_K = 0.2698951; sum log2(1+1/(3x)) = 0.2698951; diff -9.6e-13
      eps(M_K), 2 <= K <= 12800: range [0.0015, 0.3217], median 0.2265
      river offset: max_K>=5 dist(eps + o log2 3, Z) = 4.58e-02 (= |log2(1-2^-5)|); after removing log2(1-2^-K): 5.7e-14; max_K>=20 |eps - {-o log2 3}| = 1.4e-06
      jumps: 678; median ||dO log2 3|| = 0.0631; median |d eps| over jumps = 0.0617; max ||dO log2 3|| = 0.3038 vs max eps - min eps = 0.3202
      eps(M_K) for K >= 1000: quartiles 0.1629, 0.2286, 0.2713
(1.2) rivers (o-level sets, all K >= 2): 136
      maxK in [100,400):  13 rivers, span/sqrt(maxK) mean 1.85 +- 0.45, max 5.00
      maxK in [400,1600):  27 rivers, span/sqrt(maxK) mean 2.11 +- 0.24, max 4.84
      maxK in [1600,6400):  44 rivers, span/sqrt(maxK) mean 2.38 +- 0.21, max 5.29
      maxK in [6400,12801):  31 rivers, span/sqrt(maxK) mean 2.68 +- 0.25, max 5.87
      widest by span: [(10367, 10972, 360, 605, 5.78), (7763, 8298, 532, 535, 5.87), (9317, 9800, 356, 483, 4.88)]
      widest by span/sqrt(maxK): [(7763, 8298, 532, 5.87), (10367, 10972, 360, 5.78), (2209, 2472, 206, 5.29)]
      largest by members: [(7763, 8298, 532), (12007, 12390, 364), (10367, 10972, 360)]
      rivers with a member in (KMAX-200, KMAX] (censored spans): 2
(1.3) jumps in [100,400):   33, rate 0.1100, rate*sqrt(Kmid) 1.74
(1.3) jumps in [400,1600):  117, rate 0.0975, rate*sqrt(Kmid) 3.08
(1.3) jumps in [1600,6400):  261, rate 0.0544, rate*sqrt(Kmid) 3.44
(1.3) jumps in [6400,12801):  241, rate 0.0377, rate*sqrt(Kmid) 3.69
      births R(400) = 36; R/X^0.41 = 3.09
      births R(1600) = 62; R/X^0.41 = 3.01, local exponent 0.392
      births R(6400) = 106; R/X^0.41 = 2.92, local exponent 0.387
      births R(12800) = 136; R/X^0.41 = 2.82, local exponent 0.360
      orphan rate by m = v2(K-1) (odd K >= 200): m=1: 43/3150 = 0.0137, m=2: 37/1575 = 0.0235, m=3: 10/788 = 0.0127, m=4: 8/394 = 0.0203, m=5: 8/393 = 0.0204; chi2 (4 dof) = 7.42
      births at K >= 200: odd K 106, even K 0
      braid width W=50: mean 1.62, max 4
      braid width W=200: mean 2.72, max 7
      braid width W=1000: mean 8.36, max 18
[epsgen] eps(n) for 2 <= n <= 1000000: max 0.3256 at n = 993; #n with eps >= 0.33: 0; first few []
      n=3: eps = 0.2451 (o=2, sigma_T=5); check sigma_T - o log2 3 - log2 n = 0.2451
      n=7: eps = 0.2678 (o=5, sigma_T=11); check sigma_T - o log2 3 - log2 n = 0.2678
      n=9: eps = 0.3203 (o=6, sigma_T=13); check sigma_T - o log2 3 - log2 n = 0.3203
      n=27: eps = 0.2616 (o=41, sigma_T=70); check sigma_T - o log2 3 - log2 n = 0.2616
      n=993: eps = 0.3256 (o=32, sigma_T=61); check sigma_T - o log2 3 - log2 n = 0.3256
[landing] (superseded: the first run crashed on a float overflow in the (3/2)^D check; see partE_landing.out (D <= 4499) and partE_landing4000.out (D <= 4000))
DONE
