LRC14_ENDPOINT595_PAIR_TAGGED_SET_COVER_SOLVER_V1
ATLAS_ROWS 14619
CASE MODE mixed SCOPE all OBLIGATIONS 145 UNIQUE_TYPES 14619 MAXIMAL_TYPES 1573 EXACT_MINIMUM 10 COVER_MIP_NODES 1 DUAL_DENOMINATOR 1667 DUAL_TOTAL 15030 DUAL_VALUE 15030/1667 DUAL_MAX_LOAD 1667 DUAL_MIP_NODES FROZEN_EXACT_INTEGER_CHECK
COVER mixed all 0 MASK 02a08325 RANK 9 PROJECTED 180000fc7c003bc2a4e835de000e0808240 GLOBAL 835de000e0808240:000fc7c003bc2a4e:0000000000000000:00000000000000c0
COVER mixed all 1 MASK 00b0832c RANK 9 PROJECTED 40000834058300155870201230005e602f GLOBAL 70201230005e602f:0008340583001558:0000000000000000:0000000000000020
COVER mixed all 2 MASK 22c0a124 RANK 9 PROJECTED f83bc0ef8dc9e6e GLOBAL 0f83bc0ef8dc9e6e:0000000000000000:0000000000000000:0000000000000000
COVER mixed all 3 MASK 0228832c RANK 9 PROJECTED 9fff8331d952b6000000002000100 GLOBAL 6000000002000100:0009fff8331d952b:0000000000000000:0000000000000000
COVER mixed all 4 MASK 00e12642 RANK 9 PROJECTED a000000000180204c00000102014134429a GLOBAL 000102014134429a:0000000180204c00:0000000000000000:0000000000000500
COVER mixed all 5 MASK 1284812c RANK 9 PROJECTED 40000000000c018180200000d006010100 GLOBAL 200000d006010100:000000000c018180:0000000000000000:0000000000000020
COVER mixed all 6 MASK 10923282 RANK 9 PROJECTED 1ae000000044000000000018e00000000 GLOBAL 0000018e00000000:0000000004400000:0000000000001ae0:0000000000000000
COVER mixed all 7 MASK 10550a81 RANK 9 PROJECTED 1b03e51800000000000000000000000000000 GLOBAL 0000000000000000:0000000000000000:0000000000000518:000000000000d81f
COVER mixed all 8 MASK 106a600a RANK 9 PROJECTED 440000000002700200000000000000000000 GLOBAL 0000000000000000:0000000270020000:0000000000000000:0000000000002200
COVER mixed all 9 MASK 14050236 RANK 9 PROJECTED 700000000000000000000000010000 GLOBAL 0000000000010000:0000000000000000:0000000000000007:0000000000000000
DUAL_SUPPORT mixed all 4:361 11:49 12:153 13:52 16:664 17:714 26:202 27:1 28:184 32:345 33:168 36:157 38:91 42:160 43:449 49:119 50:295 52:386 53:440 55:167 64:254 66:128 69:649 73:160 81:312 91:553 94:31 97:626 98:304 101:715 107:49 117:649 118:354 120:265 123:153 124:136 125:135 127:729 128:97 129:128 130:8 132:248 133:176 135:537 136:112 137:312 138:394 139:649 141:706 142:304
CASE MODE mixed SCOPE 96,595 OBLIGATIONS 116 UNIQUE_TYPES 9951 MAXIMAL_TYPES 861 EXACT_MINIMUM 7 COVER_MIP_NODES 1 DUAL_DENOMINATOR 6 DUAL_TOTAL 37 DUAL_VALUE 37/6 DUAL_MAX_LOAD 6 DUAL_MIP_NODES 1
COVER mixed 96,595 0 MASK 0200813f RANK 9 PROJECTED fcfc0033e004a0a514508f0009200 GLOBAL 0a514508f0009200:000fcfc0033e004a:0000000000000000:0000000000000000
COVER mixed 96,595 1 MASK 20c12216 RANK 9 PROJECTED f83ba07e9f84efc GLOBAL 0f83ba07e9f84efc:0000000000000000:0000000000000000:0000000000000002
COVER mixed 96,595 2 MASK 00b0832c RANK 9 PROJECTED 834058300155870201230005e602f GLOBAL 70201230005e602f:0008340583001558:0000000000000000:0000000000000020
COVER mixed 96,595 3 MASK 0228832c RANK 9 PROJECTED 9fff8331d952b6000000002000100 GLOBAL 6000000002000100:0009fff8331d952b:0000000000000000:0000000000000000
COVER mixed 96,595 4 MASK 00b08325 RANK 9 PROJECTED 8040103802a5c902c200000800040 GLOBAL 902c200000800040:0008040103802a5c:0000000000000000:0000000000000003
COVER mixed 96,595 5 MASK 10432a88 RANK 9 PROJECTED 2e048500000000203a96c0000 GLOBAL 00000203a96c0000:00000002e0485000:0000000000000000:0000000000000000
COVER mixed 96,595 6 MASK 1204812e RANK 9 PROJECTED c018180200000d006010100 GLOBAL 200000d006010100:000000000c018180:0000000000000000:0000000000000000
DUAL_SUPPORT mixed 96,595 7:2 12:1 13:1 16:4 17:2 32:1 40:1 42:1 43:2 52:1 54:1 58:1 60:1 64:2 66:1 68:2 69:1 73:2 81:1 86:1 91:2 94:2 97:1 99:3
CASE MODE mixed SCOPE 100,595 OBLIGATIONS 13 UNIQUE_TYPES 80 MAXIMAL_TYPES 10 EXACT_MINIMUM 2 COVER_MIP_NODES 1 DUAL_DENOMINATOR 1 DUAL_TOTAL 2 DUAL_VALUE 2/1 DUAL_MAX_LOAD 1 DUAL_MIP_NODES 0
COVER mixed 100,595 0 MASK 109c0036 RANK 9 PROJECTED 77f GLOBAL 2000000000000000:0000000004800184:000000000000077f:0000000000000000
COVER mixed 100,595 1 MASK 009a2096 RANK 9 PROJECTED 1ee4 GLOBAL 0000000000000000:0000000000000000:0000000000001ee4:0000000000000000
DUAL_SUPPORT mixed 100,595 0:1 11:1
CASE MODE mixed SCOPE 210,595 OBLIGATIONS 16 UNIQUE_TYPES 181 MAXIMAL_TYPES 19 EXACT_MINIMUM 3 COVER_MIP_NODES 1 DUAL_DENOMINATOR 1 DUAL_TOTAL 3 DUAL_VALUE 3/1 DUAL_MAX_LOAD 1 DUAL_MIP_NODES 1
COVER mixed 210,595 0 MASK 10510a85 RANK 9 PROJECTED d81f GLOBAL 8000000400800840:0000000000002210:0000000000000000:000000000000d81f
COVER mixed 210,595 1 MASK 18652202 RANK 9 PROJECTED 2722 GLOBAL 0000000000000000:0000000000000000:0000000000000000:0000000000002722
COVER mixed 210,595 2 MASK 12650206 RANK 9 PROJECTED 1e0 GLOBAL 0000000000000000:0000000000000000:0000000000000008:00000000000001e0
DUAL_SUPPORT mixed 210,595 3:1 7:1 13:1
CASE MODE rank8 SCOPE all OBLIGATIONS 145 UNIQUE_TYPES 2210 MAXIMAL_TYPES 430 MIP_OPTIMUM_SCOUT 22 COVER_MIP_NODES 1 DUAL_CERTIFICATE none_denominator_le_12
COVER rank8 all 0 MASK 30612208 RANK 8 PROJECTED 201e97c42be GLOBAL 00000201e97c42be:0000000000000000:0000000000000000:0000000000000000
COVER rank8 all 1 MASK 02209125 RANK 8 PROJECTED 70b00001000020308a00010000000 GLOBAL 0308a00010000000:00070b0000100002:0000000000000000:0000000000000000
COVER rank8 all 2 MASK 00e92202 RANK 8 PROJECTED 2000000a00180087c00c000000000000000 GLOBAL c000000000000000:0000a00180087c00:0000000000000000:0000000000000100
COVER rank8 all 3 MASK 0230a281 RANK 8 PROJECTED 1802044800c200000800040 GLOBAL 800c200000800040:0000000001802044:0000000000000000:0000000000000000
COVER rank8 all 4 MASK 00510a89 RANK 8 PROJECTED 1b03800000000000000101820000000000000 GLOBAL 1820000000000000:0000000000000010:0000000000000000:000000000000d81c
COVER rank8 all 5 MASK 20522288 RANK 8 PROJECTED c00020a016c0000 GLOBAL 0c00020a016c0000:0000000000000000:0000000000000000:0000000000000000
COVER rank8 all 6 MASK 0280c125 RANK 8 PROJECTED 40c0002602000050400000000000 GLOBAL 0050400000000000:000040c000260200:0000000000000000:0000000000000000
COVER rank8 all 7 MASK 028085d0 RANK 8 PROJECTED 804000a0000080000007000002000 GLOBAL 0000007000002000:000804000a000008:0000000000000000:0000000000000000
COVER rank8 all 8 MASK 10750201 RANK 8 PROJECTED 1b82e00000000000000000000000000000000 GLOBAL 0000000000000000:0000000000000000:0000000000000000:000000000000dc17
COVER rank8 all 9 MASK 3240a009 RANK 8 PROJECTED 8f0009200 GLOBAL 00000008f0009200:0000000000000000:0000000000000000:0000000000000000
COVER rank8 all 10 MASK 1210b208 RANK 8 PROJECTED 8000000044000000000018a00000400 GLOBAL 0000018a00000400:0000000004400000:0000000000000080:0000000000000000
COVER rank8 all 11 MASK 126c8008 RANK 8 PROJECTED 40000000000000181802000000002000100 GLOBAL 2000000002000100:0000000000018180:0000000000000000:0000000000000200
COVER rank8 all 12 MASK 28c42202 RANK 8 PROJECTED 39c0000000000 GLOBAL 00039c0000000000:0000000000000000:0000000000000000:0000000000000000
COVER rank8 all 13 MASK 101c1016 RANK 8 PROJECTED 36200000040000000000000000000000 GLOBAL 0000000000000000:0000000004000000:0000000000000362:0000000000000000
COVER rank8 all 14 MASK 10d03003 RANK 8 PROJECTED 180000000000000000000000c00001800 GLOBAL 0000000c00001800:0000000000000000:0000000000001800:0000000000000000
COVER rank8 all 15 MASK 10696200 RANK 8 PROJECTED 440000000002700000000000000000000000 GLOBAL 0000000000000000:0000000270000000:0000000000000000:0000000000002200
COVER rank8 all 16 MASK 082a0a88 RANK 8 PROJECTED 38000000010000000000000000 GLOBAL 0000000000000000:0000003800000001:0000000000000000:0000000000000000
COVER rank8 all 17 MASK 03308124 RANK 8 PROJECTED 1004000000000000000000020001 GLOBAL 0000000000020001:0000100400000000:0000000000000000:0000000000000000
COVER rank8 all 18 MASK 14a1020a RANK 8 PROJECTED 500000000000200000000000010000 GLOBAL 0000000000010000:0000000000000020:0000000000000005:0000000000000000
COVER rank8 all 19 MASK 105c0007 RANK 8 PROJECTED 51800000000000000000000000000000 GLOBAL 0000000000000000:0000000000000000:0000000000000518:0000000000000000
COVER rank8 all 20 MASK 12658200 RANK 8 PROJECTED 5c000000000000000000000000000000000 GLOBAL 0000000000000000:0000000000000000:0000000000000000:00000000000002e0
COVER rank8 all 21 MASK 20651208 RANK 8 PROJECTED 80000004000000 GLOBAL 0080000004000000:0000000000000000:0000000000000000:0000000000000000
DUAL_SUPPORT rank8 all 
CASE MODE rank8 SCOPE 96,595 OBLIGATIONS 116 UNIQUE_TYPES 1551 MAXIMAL_TYPES 247 EXACT_MINIMUM 17 COVER_MIP_NODES 1 DUAL_DENOMINATOR 3 DUAL_TOTAL 49 DUAL_VALUE 49/3 DUAL_MAX_LOAD 3 DUAL_MIP_NODES 1
COVER rank8 96,595 0 MASK 30612208 RANK 8 PROJECTED 201e97c42be GLOBAL 00000201e97c42be:0000000000000000:0000000000000000:0000000000000000
COVER rank8 96,595 1 MASK 02209125 RANK 8 PROJECTED 70b00001000020308a00010000000 GLOBAL 0308a00010000000:00070b0000100002:0000000000000000:0000000000000000
COVER rank8 96,595 2 MASK 00e92202 RANK 8 PROJECTED a00180087c00c000000000000000 GLOBAL c000000000000000:0000a00180087c00:0000000000000000:0000000000000100
COVER rank8 96,595 3 MASK 0230a281 RANK 8 PROJECTED 1802044800c200000800040 GLOBAL 800c200000800040:0000000001802044:0000000000000000:0000000000000000
COVER rank8 96,595 4 MASK 10592208 RANK 8 PROJECTED 3f04054004000000000000000 GLOBAL 4000000000000000:00000003f0405400:0000000000000000:0000000000000000
COVER rank8 96,595 5 MASK 20d03202 RANK 8 PROJECTED c02280e00000c00 GLOBAL 0c02280e00000c00:0000000000000000:0000000000000000:0000000000000000
COVER rank8 96,595 6 MASK 0280c125 RANK 8 PROJECTED 40c0002602000050400000000000 GLOBAL 0050400000000000:000040c000260200:0000000000000000:0000000000000000
COVER rank8 96,595 7 MASK 028085d0 RANK 8 PROJECTED 804000a0000080000007000002000 GLOBAL 0000007000002000:000804000a000008:0000000000000000:0000000000000000
COVER rank8 96,595 8 MASK 3200a089 RANK 8 PROJECTED 108b0009000 GLOBAL 00000108b0009000:0000000000000000:0000000000000000:0000000000000000
COVER rank8 96,595 9 MASK 126c8008 RANK 8 PROJECTED 181802000000002000100 GLOBAL 2000000002000100:0000000000018180:0000000000000000:0000000000000200
COVER rank8 96,595 10 MASK 28c42202 RANK 8 PROJECTED 39c0000000000 GLOBAL 00039c0000000000:0000000000000000:0000000000000000:0000000000000000
COVER rank8 96,595 11 MASK 1206a088 RANK 8 PROJECTED c000080000000c000000000 GLOBAL 000000c000000000:000000000c000080:0000000000000000:0000000000000000
COVER rank8 96,595 12 MASK 00510a89 RANK 8 PROJECTED 101820000000000000 GLOBAL 1820000000000000:0000000000000010:0000000000000000:000000000000d81c
COVER rank8 96,595 13 MASK 082a0a88 RANK 8 PROJECTED 38000000010000000000000000 GLOBAL 0000000000000000:0000003800000001:0000000000000000:0000000000000000
COVER rank8 96,595 14 MASK 03308124 RANK 8 PROJECTED 1004000000000000000000020001 GLOBAL 0000000000020001:0000100400000000:0000000000000000:0000000000000000
COVER rank8 96,595 15 MASK 20651208 RANK 8 PROJECTED 80000004000000 GLOBAL 0080000004000000:0000000000000000:0000000000000000:0000000000000000
COVER rank8 96,595 16 MASK 14a1020a RANK 8 PROJECTED 200000000000010000 GLOBAL 0000000000010000:0000000000000020:0000000000000005:0000000000000000
DUAL_SUPPORT rank8 96,595 12:2 14:1 15:1 22:1 26:3 32:1 36:1 38:1 39:1 42:1 44:1 48:1 50:2 54:3 58:2 60:2 68:1 69:3 75:1 80:3 83:1 86:1 87:1 90:1 93:1 97:1 98:3 101:3 105:3 106:1 109:1
CASE MODE rank8 SCOPE 100,595 OBLIGATIONS 13 UNIQUE_TYPES 55 MAXIMAL_TYPES 16 EXACT_MINIMUM 4 COVER_MIP_NODES 1 DUAL_DENOMINATOR 2 DUAL_TOTAL 7 DUAL_VALUE 7/2 DUAL_MAX_LOAD 2 DUAL_MIP_NODES 1
COVER rank8 100,595 0 MASK 081a3280 RANK 8 PROJECTED 2e0 GLOBAL 0000000000000000:0000000000000000:00000000000002e0:0000000000000000
COVER rank8 100,595 1 MASK 105c0007 RANK 8 PROJECTED 518 GLOBAL 0000000000000000:0000000000000000:0000000000000518:0000000000000000
COVER rank8 100,595 2 MASK 101a3088 RANK 8 PROJECTED 18a0 GLOBAL 0000000000000000:0000000004400000:00000000000018a0:0000000000000000
COVER rank8 100,595 3 MASK 04190a82 RANK 8 PROJECTED 7 GLOBAL 0000000000000000:0000000000000000:0000000000000007:0000000000000000
DUAL_SUPPORT rank8 100,595 1:1 2:1 3:1 4:1 7:1 9:1 12:1
CASE MODE rank8 SCOPE 210,595 OBLIGATIONS 16 UNIQUE_TYPES 69 MAXIMAL_TYPES 9 EXACT_MINIMUM 4 COVER_MIP_NODES 1 DUAL_DENOMINATOR 2 DUAL_TOTAL 7 DUAL_VALUE 7/2 DUAL_MAX_LOAD 2 DUAL_MIP_NODES 1
COVER rank8 210,595 0 MASK 10750201 RANK 8 PROJECTED dc17 GLOBAL 0000000000000000:0000000000000000:0000000000000000:000000000000dc17
COVER rank8 210,595 1 MASK 20510a81 RANK 8 PROJECTED 1f GLOBAL 1820200400800840:0000000000000000:0000000000000000:000000000000001f
COVER rank8 210,595 2 MASK 18472200 RANK 8 PROJECTED 2720 GLOBAL 0000000000000000:0000000000000000:0000000000000000:0000000000002720
COVER rank8 210,595 3 MASK 12658200 RANK 8 PROJECTED 2e0 GLOBAL 0000000000000000:0000000000000000:0000000000000000:00000000000002e0
DUAL_SUPPORT rank8 210,595 1:1 3:1 6:2 13:2 14:1
SCOPE EXACT_FINITE_SET_COVER_ON_FROZEN_COMPLETE_RESPONSE_ATLAS
VERDICT PASS
