WITNESS 089284c0 RESPONSE 5 WEAKEST 59,271 GAP 6343763799127/9721929930336624
WITNESS 08330481 RESPONSE e WEAKEST 75,368 GAP 3342287461/47675757565800
DETACHED_INDEX297_COMMON_DECK_AUDIT_V1
IDEAL INDEX 297 ROWS 42 FNV 211843ee21a19170 MAX_ENDPOINT 550 ROWS 2,271 7,59 18,104 29,59 54,59 59,141 59,237 59,263 59,271 59,300 59,303 59,437 59,466 59,485 59,488 59,495 59,531 59,538 59,540 59,542 59,550 73,271 75,118 75,215 75,368 75,430 104,127 104,221 104,232 104,269 104,300 104,328 104,371 104,488 104,492 135,538 150,271 150,437 169,271 169,378 271,526 427,437
OLD_MASK 08b204c0 OBLIGATIONS 4 FNV 81e5ca5f045bb2cf UNION 374cf209 TARGET_DISJOINT 497420 RETAINED_CHECKS 12106063 BODIES 17087001 2248d208 27446008 3548a008
ACTIVITY ROWS 42 REPAIRS_PER_ROW 5852925 ZETA_OPERATIONS 5647909483 ACTIVITY_FNV 6eb200b50ace31c0
COMMON_ACTIVE 2208823 FNV dfc36b5aa486b0ea RESPONSE_FNV b1665afb732ece83 CLASSES 10 FULL_RESPONDERS 0
CLASS 0 LEAST 0000309f COVER 0 COUNT 2150434
CLASS 1 LEAST 003484c8 COVER 1 COUNT 1347
CLASS 2 LEAST 00162087 COVER 1 COUNT 34268
CLASS 4 LEAST 000896c1 COVER 1 COUNT 6140
CLASS 5 LEAST 089284c0 COVER 2 COUNT 2
CLASS 6 LEAST 18320083 COVER 2 COUNT 7
CLASS 8 LEAST 00005297 COVER 1 COUNT 16037
CLASS a LEAST 08160017 COVER 2 COUNT 34
CLASS c LEAST 00201297 COVER 2 COUNT 547
CLASS e LEAST 08330481 COVER 3 COUNT 7
MAXIMAL_ANTICHAIN 5,e DUAL y0=1,y3=1 VALUE 2 MAX_LOAD 1 EXACT_MINIMUM 2
STRICT_REBUILT_CELLS 17724 EQUALITIES 0 FNV 85492e234ee29b93 WITNESS_MARGIN_FNV 316025471d79aa27
GLOBAL_WEAKEST MASK 082022c9 PAIR 75,430 GAP 1439541641/81705193219650
REBUILT_DECK 422 FNV 60d75261322593ac BODY_SCAN 14307150 CHECKS 405172243 FAILURES 0 BODY_FNV 10c4c3ed46d44bf1
OLD_TYPED_UNION 1324 OVERLAP 0 OVERLAP_FNV cbf29ce484222325
SCOPE DETACHED_LITERAL_FIXED_POOL_SEPARATE_422_MASK_DECK_OLD_TYPED_UNION_OVERLAP_ONLY_NO_PHYSICAL_ENTRY_NO_LRC14
VERDICT PASS EXACT_INDEX297_MINIMUM_TWO_COMMON_DECK
