s= 1 survivors=         1 collisions=0
s= 2 survivors=         1 collisions=0
s= 3 survivors=         2 collisions=0
s= 4 survivors=         3 collisions=0
s= 5 survivors=         4 collisions=0
s= 6 survivors=         8 collisions=0
s= 7 survivors=        13 collisions=0
s= 8 survivors=        19 collisions=0
s= 9 survivors=        38 collisions=0
s=10 survivors=        64 collisions=0
s=11 survivors=       128 collisions=0
s=12 survivors=       226 collisions=0
s=13 survivors=       367 collisions=0
s=14 survivors=       734 collisions=0
s=15 survivors=      1295 collisions=0
s=16 survivors=      2114 collisions=0
s=17 survivors=      4228 collisions=0
s=18 survivors=      7495 collisions=0
s=19 survivors=     14990 collisions=0
s=20 survivors=     27328 collisions=0
s=21 survivors=     46611 collisions=0
s=22 survivors=     93222 collisions=0
s=23 survivors=    168807 collisions=0
s=24 survivors=    286581 collisions=0
s=25 survivors=    573162 collisions=0
s=26 survivors=   1037374 collisions=0
s=27 survivors=   1762293 collisions=0
s=28 survivors=   3524586 collisions=0
