==============================================================================
n=5, B=48: 1665356 primitive sets (71.9s); all have 0 < tau < 1/2
   tau = 19/42 = 0.452381: [(1, 5, 6, 7, 8)]
   tau = 79/180 = 0.438889: [(1, 3, 4, 5, 30)]
   tau = 13/30 = 0.433333: [(1, 3, 4, 5, 6), (1, 3, 4, 5, 12), (1, 3, 4, 5, 18), (1, 3, 4, 5, 24), (1, 3, 4, 5, 36), (1, 3, 4, 5, 42), (1, 3, 4, 5, 48), (1, 3, 5, 8, 18)]
   tau = 5/12 = 0.416667: [(1, 3, 4, 6, 10), (1, 4, 6, 8, 10), (1, 6, 8, 10, 18)]
   tau = 7/18 = 0.388889: [(1, 3, 4, 6, 15)]
   tau = 25/66 = 0.378788: [(1, 4, 6, 10, 11), (1, 9, 10, 11, 12)]
   max tau with vmin >= 2: 13/42 = 0.309524 at [(2, 5, 7, 9, 12)]
   record progression of max tau as B grows:
      B>=5: 1/6 (1, 2, 3, 4, 5)
      B>=6: 13/30 (1, 3, 4, 5, 6)
      B>=8: 19/42 (1, 5, 6, 7, 8)
==============================================================================
n=6, B=36: 1928298 primitive sets (83.5s); all have 0 < tau < 1/2
   tau = 19/42 = 0.452381: [(1, 3, 4, 5, 7, 18)]
   tau = 22/49 = 0.448980: [(1, 3, 4, 5, 6, 7), (1, 3, 4, 5, 7, 12), (1, 3, 4, 5, 7, 24)]
   tau = 43/98 = 0.438776: [(1, 3, 4, 5, 6, 14)]
   tau = 64/147 = 0.435374: [(1, 3, 4, 5, 6, 21)]
   tau = 85/196 = 0.433673: [(1, 3, 4, 5, 6, 28)]
   tau = 106/245 = 0.432653: [(1, 3, 4, 5, 6, 35)]
   max tau with vmin >= 2: 64/231 = 0.277056 at [(2, 9, 12, 15, 21, 33)]
   record progression of max tau as B grows:
      B>=6: 1/7 (1, 2, 3, 4, 5, 6)
      B>=7: 22/49 (1, 3, 4, 5, 6, 7)
      B>=18: 19/42 (1, 3, 4, 5, 7, 18)
==============================================================================
n=7, B=26: 656076 primitive sets (29.9s); all have 0 < tau < 1/2
   tau = 49/104 = 0.471154: [(1, 5, 6, 7, 8, 11, 13)]
   tau = 25/56 = 0.446429: [(1, 3, 4, 5, 6, 7, 8), (1, 3, 4, 5, 6, 7, 16), (1, 3, 4, 5, 6, 7, 24), (1, 3, 4, 5, 7, 8, 12), (1, 3, 4, 5, 7, 12, 16), (1, 3, 4, 5, 7, 12, 24)]
   tau = 7/16 = 0.437500: [(1, 3, 4, 5, 6, 8, 14)]
   tau = 33/80 = 0.412500: [(1, 4, 6, 8, 10, 14, 16), (1, 6, 8, 10, 11, 13, 14)]
   tau = 25/64 = 0.390625: [(1, 4, 6, 8, 14, 16, 20)]
   tau = 49/128 = 0.382812: [(1, 3, 4, 6, 14, 15, 16), (1, 4, 6, 10, 14, 16, 22), (1, 4, 6, 14, 16, 20, 22)]
   max tau with vmin >= 2: 33/112 = 0.294643 at [(2, 6, 8, 9, 11, 14, 15)]
   record progression of max tau as B grows:
      B>=7: 1/8 (1, 2, 3, 4, 5, 6, 7)
      B>=8: 25/56 (1, 3, 4, 5, 6, 7, 8)
      B>=13: 49/104 (1, 5, 6, 7, 8, 11, 13)
==============================================================================
Construction 'tight set T minus one speed s plus a multiple k(n+1)', k(n+1) <= 60:
   T = (1, 2): best tau = 4/9 = 0.444444 at (1, 3)
   T = (1, 2, 3): best tau = 7/16 = 0.437500 at (1, 3, 12)
   T = (1, 2, 3, 4): best tau = 11/25 = 0.440000 at (1, 3, 4, 5)
   T = (1, 3, 4, 7): best tau = 11/25 = 0.440000 at (1, 3, 4, 5)
   T = (1, 2, 3, 4, 5): best tau = 79/180 = 0.438889 at (1, 3, 4, 5, 30)
   T = (1, 3, 4, 5, 9): best tau = 79/180 = 0.438889 at (1, 3, 4, 5, 30)
   T = (1, 2, 3, 4, 5, 6): best tau = 22/49 = 0.448980 at (1, 3, 4, 5, 6, 7)
   T = (1, 2, 3, 4, 5, 6, 7): best tau = 201/448 = 0.448661 at (1, 3, 4, 5, 6, 7, 56)
   T = (1, 2, 3, 4, 5, 7, 12): best tau = 201/448 = 0.448661 at (1, 3, 4, 5, 7, 12, 56)
   T = (1, 4, 5, 6, 7, 11, 13): best tau = 49/104 = 0.471154 at (1, 5, 6, 7, 8, 11, 13)

Total time 185.4s
exit=0
