root-order dependence of the typical cold-frequency rate, N=1500, A=40
  q= 9 u= 1: rate 300..1500 = 0.5731   [35s]
  q= 9 u= 5: rate 300..1500 = 0.5725   [75s]
  q= 9 u= 7: rate 300..1500 = 0.5722   [114s]
  q= 9 u=11: rate 300..1500 = 0.5723   [150s]
  q= 9: mean 0.5725 +- 0.0004   (i.i.d. 0.5723 +- 0.0008; q=3 six units 0.5700 +- 0.0009)
  q=15 u= 1: rate 300..1500 = 0.5737   [185s]
  q=15 u= 7: rate 300..1500 = 0.5725   [220s]
  q=15 u=11: rate 300..1500 = 0.5705   [253s]
  q=15 u=13: rate 300..1500 = 0.5730   [284s]
  q=15: mean 0.5724 +- 0.0013   (i.i.d. 0.5723 +- 0.0008; q=3 six units 0.5700 +- 0.0009)
  q=21 u= 1: rate 300..1500 = 0.5712   [316s]
  q=21 u= 5: rate 300..1500 = 0.5742   [352s]
  q=21 u= 7: rate 300..1500 = 0.5727   [390s]
  q=21 u=11: rate 300..1500 = 0.5732   [443s]
  q=21: mean 0.5728 +- 0.0012   (i.i.d. 0.5723 +- 0.0008; q=3 six units 0.5700 +- 0.0009)
  q=27 u= 1: rate 300..1500 = 0.5743   [478s]
  q=27 u= 5: rate 300..1500 = 0.5714   [514s]
  q=27 u= 7: rate 300..1500 = 0.5728   [548s]
  q=27 u=11: rate 300..1500 = 0.5733   [583s]
  q=27: mean 0.5730 +- 0.0012   (i.i.d. 0.5723 +- 0.0008; q=3 six units 0.5700 +- 0.0009)
  q= 3 u= 1: rate 300..1500 = 0.5689   [617s]
  q= 3 u= 5: rate 300..1500 = 0.5701   [651s]
  q= 3 u= 7: rate 300..1500 = 0.5693   [683s]
  q= 3 u=11: rate 300..1500 = 0.5714   [720s]
  q= 3: mean 0.5699 +- 0.0011   (i.i.d. 0.5723 +- 0.0008; q=3 six units 0.5700 +- 0.0009)
DONE
