== (1) 3n+1 check: E_g(gamma) for m = 2, p = (1, 3) versus h(max(1/2, gamma/log_2 3)) ==
   gamma=0.7500: E_g = 1.00000   h(rho) = 1.00000
   gamma=0.7925: E_g = 1.00000   h(rho) = 1.00000
   gamma=0.8500: E_g = 0.99619   h(rho) = 0.99620
   gamma=0.9100: E_g = 0.98407   h(rho) = 0.98408
   gamma=0.9700: E_g = 0.96347   h(rho) = 0.96350
   gamma=1.0000: E_g = 0.94987   h(rho) = 0.94996
== m = 3 map g = x/3, (2x+1)/3, (4x+1)/3: additive-carry threshold log_3(4/3) = 0.26186 (not needed); uniform-law threshold gamma_0 = 0.63093 = log_3 2 ==
   gamma:        0.400    0.500    0.600    0.700    0.800    0.900    0.970    1.000
   E_g(gamma):  1.0000   1.0000   1.0000   0.9918   0.9503   0.8712   0.7905   0.7486
== (3) exact word counts W_t(gamma) (carry-free, DP): log_3 W_t / t ==
   t= 12:       0.9949   0.9835   0.9552   0.9037   0.8193   0.6953   0.5668   0.4795
   t= 14:       0.9973   0.9847   0.9613   0.9196   0.8455   0.7337   0.6008   0.5084
   t= 20:       0.9990   0.9939   0.9728   0.9338   0.8680   0.7642   0.6475   0.5677
   t= 30:       0.9997   0.9974   0.9855   0.9521   0.8889   0.7941   0.6808   0.6131
   t= 50:       1.0000   0.9993   0.9924   0.9668   0.9120   0.8196   0.7233   0.6518
   t=100:       1.0000   0.9999   0.9968   0.9779   0.9290   0.8428   0.7531   0.6924
   t=200:       1.0000   1.0000   0.9989   0.9838   0.9380   0.8553   0.7701   0.7163
   t=400:       1.0000   1.0000   0.9997   0.9871   0.9433   0.8625   0.7797   0.7302
== (2) exact orbit counts D(3^T - 1, gamma) [top row] and carry-free model Dw [second row], with log D / log X ==
   X=3^ 6 D :       573        502        382        249        136         62         26         20
          Dw:       573        502        380        249        135         61         26         20
     logD/logX: 0.9635   0.9434   0.9020   0.8370   0.7453   0.6261   0.4943   0.4545
   X=3^ 7 D :      1900       1618       1227        797        423        168         56         44
          Dw:      1900       1618       1223        795        422        167         56         44
     logD/logX: 0.9817   0.9608   0.9248   0.8687   0.7864   0.6663   0.5234   0.4921
   X=3^ 8 D :      5921       5097       3748       2443       1232        450        140         80
          Dw:      5921       5093       3744       2439       1229        449        140         80
     logD/logX: 0.9883   0.9713   0.9363   0.8876   0.8097   0.6951   0.5623   0.4986
   X=3^ 9 D :     18112      15685      11371       7316       3452       1029        288        164
          Dw:     18112      15664      11361       7312       3449       1028        288        164
     logD/logX: 0.9916   0.9770   0.9445   0.8999   0.8239   0.7015   0.5727   0.5158
   X=3^10 D :     54975      47871      34627      21697       8845       2592        650        312
          Dw:     54975      47842      34612      21685       8842       2591        650        312
     logD/logX: 0.9935   0.9809   0.9514   0.9089   0.8272   0.7155   0.5896   0.5228
   X=3^11 D :    166612     144804     105128      63194      25202       5972       1352        674
          Dw:    166612     144775     105110      63173      25199       5971       1352        674
     logD/logX: 0.9949   0.9833   0.9568   0.9147   0.8386   0.7195   0.5966   0.5390
   X=3^12 D :    503032     436960     318614     183781      71606      15865       3190       1350
          Dw:    503032     436903     318579     183740      71603      15864       3190       1350
     logD/logX: 0.9958   0.9852   0.9612   0.9195   0.8480   0.7336   0.6120   0.5467
   X=3^13 D :   1520280    1328429     963666     530315     194411      39154       7247       2462
          Dw:   1520152    1328372     963631     530273     194408      39153       7247       2462
     logD/logX: 0.9967   0.9872   0.9647   0.9229   0.8527   0.7405   0.6223   0.5468
   X=3^14 D :   4588907    4033977    2910767    1510093     516660     100446      17767       5142
          Dw:   4588779    4033618    2910732    1510042     516657     100445      17767       5142
     logD/logX: 0.9973   0.9889   0.9677   0.9250   0.8553   0.7488   0.6362   0.5556
   X=3^15 D :  13824559   12231510    8783805    4361461    1490539     267990      39490      10120
          Dw:  13824429   12231151    8783770    4361410    1490536     267989      39490      10120
     logD/logX: 0.9977   0.9903   0.9702   0.9277   0.8626   0.7585   0.6423   0.5596
   slope 3^ 6->3^10:  1.0385   1.0371   1.0256   1.0166   0.9501   0.8495   0.7325   0.6252
   slope 3^ 7->3^11:  1.0181   1.0227   1.0128   0.9951   0.9301   0.8126   0.7245   0.6210
   slope 3^ 8->3^12:  1.0109   1.0129   1.0110   0.9832   0.9245   0.8107   0.7114   0.6430
   slope 3^ 9->3^13:  1.0081   1.0101   1.0103   0.9747   0.9173   0.8281   0.7340   0.6164
   slope 3^10->3^14:  1.0068   1.0090   1.0084   0.9655   0.9256   0.8322   0.7528   0.6377
   slope 3^11->3^15:  1.0055   1.0095   1.0071   0.9636   0.9284   0.8656   0.7679   0.6165
