root orders q = 25, 49, 45, 33, 5: typical rate of |mu_hat_n(u)|, N=1200, A=40
  q=25 u= 1: rate 250..1200 = 0.5721   (Parseval q^(-1/2) = 0.2000, incoherent 0.5774)   [19s]
  q=25 u= 2: rate 250..1200 = 0.5722   (Parseval q^(-1/2) = 0.2000, incoherent 0.5774)   [38s]
  q=25 u= 7: rate 250..1200 = 0.5711   (Parseval q^(-1/2) = 0.2000, incoherent 0.5774)   [57s]
  q=25: mean 0.5718 +- 0.0006
  q=49 u= 1: rate 250..1200 = 0.5731   (Parseval q^(-1/2) = 0.1429, incoherent 0.5774)   [76s]
  q=49 u= 2: rate 250..1200 = 0.5731   (Parseval q^(-1/2) = 0.1429, incoherent 0.5774)   [96s]
  q=49 u=11: rate 250..1200 = 0.5727   (Parseval q^(-1/2) = 0.1429, incoherent 0.5774)   [115s]
  q=49: mean 0.5730 +- 0.0002
  q=45 u= 1: rate 250..1200 = 0.5727   (Parseval q^(-1/2) = 0.1491, incoherent 0.5774)   [134s]
  q=45 u= 2: rate 250..1200 = 0.5727   (Parseval q^(-1/2) = 0.1491, incoherent 0.5774)   [154s]
  q=45 u= 7: rate 250..1200 = 0.5737   (Parseval q^(-1/2) = 0.1491, incoherent 0.5774)   [173s]
  q=45: mean 0.5730 +- 0.0006
  q=33 u= 1: rate 250..1200 = 0.5712   (Parseval q^(-1/2) = 0.1741, incoherent 0.5774)   [192s]
  q=33 u= 2: rate 250..1200 = 0.5713   (Parseval q^(-1/2) = 0.1741, incoherent 0.5774)   [210s]
  q=33 u= 7: rate 250..1200 = 0.5724   (Parseval q^(-1/2) = 0.1741, incoherent 0.5774)   [228s]
  q=33: mean 0.5716 +- 0.0007
  q= 5 u= 1: rate 250..1200 = 0.5733   (Parseval q^(-1/2) = 0.4472, incoherent 0.5774)   [246s]
  q= 5 u= 2: rate 250..1200 = 0.5733   (Parseval q^(-1/2) = 0.4472, incoherent 0.5774)   [263s]
  q= 5 u= 7: rate 250..1200 = 0.5728   (Parseval q^(-1/2) = 0.4472, incoherent 0.5774)   [282s]
  q= 5: mean 0.5731 +- 0.0003
