pressure experiment: N=100, samples=200000, Mmax=5N; exact control: P(1) = -log 3 = -1.09861, i.e. (1/N) log E|f|^2 = -1.09861
tower3: [59s] lambda_N (mean L_N/N) = -0.57037; (L_N - L_N/2)/(N/2) = -0.56600 +- 0.00005 (rate 0.56779)
   P_N(s) at s=0.1, 0.25, 0.5, 0.75, 0.9, 1.0, 1.25, 1.5:  -0.1138, -0.2832, -0.5619, -0.8343, -0.9926, -1.0954, -1.3466, -1.5947   [P(1) exact -1.0986]
   second-moment share of top 0.1% / 1% / 10% of samples: 0.771 / 0.885 / 0.974
   quantiles of L_N/N (0.1%,1%,10%,50%,90%,99%,99.9%): -0.6114, -0.5998, -0.5859, -0.5706, -0.5545, -0.5399, -0.5282
   Var(L_N)/N = 0.0157; Var(L_N - L_N/2)/(N/2) = 0.0250; skew of L_N: 0.065
tower5: [118s] lambda_N (mean L_N/N) = -0.56462; (L_N - L_N/2)/(N/2) = -0.56025 +- 0.00005 (rate 0.57106)
   P_N(s) at s=0.1, 0.25, 0.5, 0.75, 0.9, 1.0, 1.25, 1.5:  -0.1126, -0.2806, -0.5575, -0.8307, -0.9926, -1.0997, -1.3647, -1.6264   [P(1) exact -1.0986]
   second-moment share of top 0.1% / 1% / 10% of samples: 0.304 / 0.585 / 0.885
   quantiles of L_N/N (0.1%,1%,10%,50%,90%,99%,99.9%): -0.6051, -0.5931, -0.5794, -0.5646, -0.5496, -0.5367, -0.5272
   Var(L_N)/N = 0.0140; Var(L_N - L_N/2)/(N/2) = 0.0231; skew of L_N: -0.037
tower7: [177s] lambda_N (mean L_N/N) = -0.56570; (L_N - L_N/2)/(N/2) = -0.56127 +- 0.00005 (rate 0.57048)
   P_N(s) at s=0.1, 0.25, 0.5, 0.75, 0.9, 1.0, 1.25, 1.5:  -0.1128, -0.2810, -0.5581, -0.8308, -0.9918, -1.0978, -1.3578, -1.6124   [P(1) exact -1.0986]
   second-moment share of top 0.1% / 1% / 10% of samples: 0.453 / 0.690 / 0.919
   quantiles of L_N/N (0.1%,1%,10%,50%,90%,99%,99.9%): -0.6062, -0.5948, -0.5811, -0.5657, -0.5502, -0.5369, -0.5262
   Var(L_N)/N = 0.0148; Var(L_N - L_N/2)/(N/2) = 0.0241; skew of L_N: -0.009
tower9: [238s] lambda_N (mean L_N/N) = -0.56417; (L_N - L_N/2)/(N/2) = -0.56025 +- 0.00005 (rate 0.57107)
   P_N(s) at s=0.1, 0.25, 0.5, 0.75, 0.9, 1.0, 1.25, 1.5:  -0.1126, -0.2804, -0.5572, -0.8302, -0.9922, -1.0995, -1.3651, -1.6277   [P(1) exact -1.0986]
   second-moment share of top 0.1% / 1% / 10% of samples: 0.273 / 0.563 / 0.877
   quantiles of L_N/N (0.1%,1%,10%,50%,90%,99%,99.9%): -0.6037, -0.5925, -0.5790, -0.5642, -0.5492, -0.5363, -0.5265
   Var(L_N)/N = 0.0139; Var(L_N - L_N/2)/(N/2) = 0.0233; skew of L_N: -0.036
iid: [323s] lambda_N (mean L_N/N) = -0.56524; (L_N - L_N/2)/(N/2) = -0.56075 +- 0.00005 (rate 0.57078)
   P_N(s) at s=0.1, 0.25, 0.5, 0.75, 0.9, 1.0, 1.25, 1.5:  -0.1127, -0.2807, -0.5576, -0.8303, -0.9918, -1.0985, -1.3623, -1.6225   [P(1) exact -1.0986]
   second-moment share of top 0.1% / 1% / 10% of samples: 0.341 / 0.632 / 0.903
   quantiles of L_N/N (0.1%,1%,10%,50%,90%,99%,99.9%): -0.6065, -0.5943, -0.5807, -0.5652, -0.5497, -0.5364, -0.5255
   Var(L_N)/N = 0.0150; Var(L_N - L_N/2)/(N/2) = 0.0240; skew of L_N: -0.025
