== (1) Lucas identities, norms in Z[phi], the monotile's torsion orders ==
 phi^8 + (-1)^4 = 47.9787137637, L_4 phi^4 = 47.9787137637 -> phi^(2n) + (-1)^n = L_n phi^n with L_4 = 7
 phi^10 + (-1)^5 = 121.9918693812, L_5 phi^5 = 121.9918693812 -> phi^(2n) + (-1)^n = L_n phi^n with L_5 = 11
 exact in Q(sqrt5) for n < 30: True
 |Z[phi]/(phi^j - 1)| = |N(phi^j - 1)| = |L_j - 1 - (-1)^j| (Theorem E(ii) of the monotile paper):
  (j, L_j, order, field?): [(2, 3, 1, ''), (3, 4, 4, 'field'), (4, 7, 5, 'field'), (5, 11, 11, 'field'), (6, 18, 16, ''), (7, 29, 29, 'field'), (8, 47, 45, ''), (9, 76, 76, ''), (10, 123, 121, ''), (11, 199, 199, 'field'), (12, 322, 320, ''), (13, 521, 521, 'field'), (14, 843, 841, ''), (15, 1364, 1364, ''), (16, 2207, 2205, ''), (17, 3571, 3571, 'field'), (18, 5778, 5776, ''), (19, 9349, 9349, 'field'), (20, 15127, 15125, '')]
 j = 4 -> 5 (F_5), j = 5 -> 11 (F_11), j = 10 -> 121 = 11^2 = 5! + 1: the Brocard roots of the eighth note; L_4 = 7 and L_5 = 11 are the owner's coefficients
== (2) the shared prefix of the continued fractions of log_2 3 and phi, and the negative cycles ==
 log_2 3 = [1, 1, 1, 2, 2, 3, 1, 5, 2, 23]..., phi = [1, 1, 1, 1, 1, 1, 1, 1, 1, 1]...
 convergents of log_2 3: [(1, 1), (2, 1), (3, 2), (8, 5), (19, 12), (65, 41), (84, 53)]
 convergents of phi:     [(1, 1), (2, 1), (3, 2), (5, 3), (8, 5), (13, 8), (21, 13)]
 common convergents: [(1, 1), (2, 1), (3, 2), (8, 5)] (1/1, 2/1, 3/2 from the shared prefix [1; 1, 1]; 8/5 = F_6/F_5 is a convergent of both although log_2 3 skips 5/3)
 cycle -1: (A, p) = (1, 1), A/p = 1, 2^A - 3^p = -1 (unit), x = S/(2^A - 3^p) = 1/-1 = -1
 cycle +1: (A, p) = (2, 1), A/p = 2, 2^A - 3^p = 1 (unit), x = S/(2^A - 3^p) = 1/1 = 1
 cycle -5: (A, p) = (3, 2), A/p = 3/2, 2^A - 3^p = -1 (unit), x = S/(2^A - 3^p) = 5/-1 = -5
 cycle -17: (A, p) = (11, 7), A/p = 11/7, 2^A - 3^p = -139 (prime), x = S/(2^A - 3^p) = 2363/-139 = -17
 (1,1) = F_2/F_1, (3,2) = F_4/F_3, (11,7) = L_5/L_4 = (F_4 + F_6)/(F_3 + F_5) = mediant(3/2, 8/5): True
 Gersonides (1343): 3^p - 2^A = +-1 only for (p, A) in {(1,1), (1,2), (2,3)} -- checked for p, A <= 60: True
 reading: the golden numbers in the Collatz cycle data are the shared initial segment of two continued fractions; the -17 cycle's (p, A) = (L_4, L_5) = (7, 11) is the Lucas mediant one step past the shared segment, with 3^7 - 2^11 = 139 prime
== (3) discrepancy of the tower's skew-Hadamard matrices against Sylvester (Reis-Song, arXiv:2609.34471) ==
 skew tower order  2: S S^T = nI: True; disc(S) = 2 (exact), sqrt(n) = 1.414, ratio 1.414
 skew tower order  4: S S^T = nI: True; disc(S) = 2 (exact), sqrt(n) = 2.000, ratio 1.000
 skew tower order  8: S S^T = nI: True; disc(S) = 4 (exact), sqrt(n) = 2.828, ratio 1.414
 skew tower order 16: S S^T = nI: True; disc(S) = 6 (exact), sqrt(n) = 4.000, ratio 1.500
 Sylvester H_2 (m = 1): disc = 2 (exact), sqrt(n) = 1.414; paper: = sqrt(n) at even m via H_4 y = 2y, y = (1,1,1,-1)
 Sylvester H_4 (m = 2): disc = 2 (exact), sqrt(n) = 2.000; paper: = sqrt(n) at even m via H_4 y = 2y, y = (1,1,1,-1)
 Sylvester H_8 (m = 3): disc = 4 (exact), sqrt(n) = 2.828; paper: = sqrt(n) at even m via H_4 y = 2y, y = (1,1,1,-1)
 Sylvester H_16 (m = 4): disc = 4 (exact), sqrt(n) = 4.000; paper: = sqrt(n) at even m via H_4 y = 2y, y = (1,1,1,-1)
 Sylvester H_32 (m = 5): disc = 8 (local search), sqrt(n) = 5.657; paper: = sqrt(n) at even m via H_4 y = 2y, y = (1,1,1,-1)
 reading: the L^2 identity S S^T = nI forces every signing to have a coordinate of size sqrt(n) -- a rigidity valid for all 2^n signings at once,
 which is the kind of universal statement the Collatz thread lacks for orbits: Terras's bijection says every word occurs, so no residue is forced to descend
== (4) the cycle ring and the Lucas quadratics ==
 cycle -5: all 2 rotations have S_w = 0 mod |2^A - 3^p| = 1: True; points [-5, -7]
 cycle -17: all 7 rotations have S_w = 0 mod |2^A - 3^p| = 139: True; points [-17, -25, -37, -55, -41, -61, -91]
 Lucas quadratic x^2 - 4 x - 1 = 0 (x^2 - L_n x + (-1)^n) has roots phi^3, psi^3: True
 Lucas quadratic x^2 - 7 x + 1 = 0 (x^2 - L_n x + (-1)^n) has roots phi^4, psi^4: True
 Lucas quadratic x^2 - 11 x - 1 = 0 (x^2 - L_n x + (-1)^n) has roots phi^5, psi^5: True
 Lucas quadratic x^2 - 18 x + 1 = 0 (x^2 - L_n x + (-1)^n) has roots phi^6, psi^6: True
 torsion of the monotile tower: |L_j - 1 - (-1)^j| for j = 3, 6, 9, 12: [4, 16, 76, 320] (orders L_(3n) or L_(3n) - 2); Collatz cycle 'torsion' 3^p - 2^A along the convergents of log_2 3: [(1, 1, 1), (2, 1, -1), (3, 2, 1), (8, 5, -13), (19, 12, 7153), (65, 41, -420491770248316829)]
