A. Haar model of Mersenne switching (NUMERICAL, seed 2026, N = 1200, 12000-bit 2-adic precision, odd D <= 41)
     T =    27: non-switch q(T) = 0.8475   lag-1 non-merge = 0.8567   sqrt(T)*lag1 =   4.45
     T =    50: non-switch q(T) = 0.7558   lag-1 non-merge = 0.7917   sqrt(T)*lag1 =   5.60
     T =   100: non-switch q(T) = 0.6042   lag-1 non-merge = 0.7117   sqrt(T)*lag1 =   7.12
     T =   200: non-switch q(T) = 0.4450   lag-1 non-merge = 0.6225   sqrt(T)*lag1 =   8.80
     T =   400: non-switch q(T) = 0.3233   lag-1 non-merge = 0.5425   sqrt(T)*lag1 =  10.85
     T =   800: non-switch q(T) = 0.2067   lag-1 non-merge = 0.4492   sqrt(T)*lag1 =  12.70
     T =  1600: non-switch q(T) = 0.1200   lag-1 non-merge = 0.3475   sqrt(T)*lag1 =  13.90
     T =  3200: non-switch q(T) = 0.0725   lag-1 non-merge = 0.2600   sqrt(T)*lag1 =  14.71
     T =  6400: non-switch q(T) = 0.0400   lag-1 non-merge = 0.1817   sqrt(T)*lag1 =  14.53
     T =  9600: non-switch q(T) = 0.0267   lag-1 non-merge = 0.1467   sqrt(T)*lag1 =  14.37
  ok   Haar switch share at T = 27 is 0.1525 +- 0.0104; certified exact share at K = 27 is 0.1556 (consistent)
     LS fit on T >= 400: q(T) ~ 37.34 T^-0.782   (the S19 large run, seed 7, N = 3000, 20000 bits, D <= 61: alpha ~ 0.66)
B. Exact debt bookkeeping for lag-1 pairs x0 = 3 2^v y0 + 1
  ok   transition law b_t = v_2(2^(L+a) y' + D) exact on the first 60 steps of all 1000 pairs
  ok   kicked-Collatz law D'_odd = U(D_odd) - 2^(L'-w'), v_2(D') = w' = v_2(3 D_odd + 1), in all 28693 generic steps tested
  ok   every one of the 834 merges: one step earlier D = 0, L even and nonzero, Delta = (2^L - 1)/3 (a sibling x = 4^k y + (4^k-1)/3, k = L/2)
C. The L-walk (NUMERICAL)
     L <= 0 :   593893 steps, mean increment +0.0006, variance 3.982
     L 1-6  :    37599 steps, mean increment -0.0502, variance 4.042
     L 7-15 :    58083 steps, mean increment +0.0116, variance 4.005
     L >= 16:   621011 steps, mean increment +0.0023, variance 4.017
  ok   all increments: mean +0.0004, variance 4.002 (Var of a difference of two Geom(1/2) = 4)
     L one step before merge: [(-2, 489), (2, 301), (-4, 20), (4, 11), (6, 7), (-6, 5), (-8, 1)]
     P(no merge by step   100) = 0.6270   sqrt(T) P =  6.27
     P(no merge by step   300) = 0.4900   sqrt(T) P =  8.49
     P(no merge by step  1000) = 0.3240   sqrt(T) P = 10.25
     P(no merge by step  3000) = 0.2160   sqrt(T) P = 11.83
     P(no merge by step  4800) = 0.1660   sqrt(T) P = 11.50
D. Actual exponents: sigma(M_a) census for a <= 2001 vs the Haar prediction
     odd a in [1001, 2001]: share with a smaller sigma-partner 0.970 (Haar prediction 0.974); share with sigma(M_(a-1)) 0.824 (Haar prediction 0.863 from sqrt(T) q1(T) = 14.54)
     post-run template total / a = 7.678;  #distinct sigma values for a <= 100, 400, 1000, 2001: 23, 37, 54, 69
     Haar-predicted level counts: {100: 24.2, 400: 41.4, 1000: 55.8, 2001: 68.6}
  ok   Haar model predicts the switching share of actual exponents within 0.03 (NUMERICAL agreement)
  ok   sigma(M_a) takes 23 and 37 values for a <= 100, 400 (THM-4556 (vi), HYP-9213)

ALL CHECKS PASSED  (97s)
