INPUT_SHA256 4f0e8da3fdab8bd5a0e14f3b4fa30050602025f63486aa35e0cf03374e6e3832
ROWS 24223 DISTINCT_SIGNATURES 17604 INACTIVE_INCIDENCES 864784
FORCED_SINGLETON_CORE 215 SINGLETON_ROWS 5038 LEDGER_FNV 2094642e3a07e1c8 COVERED_ROWS 24222 UNCOVERED_ROWS 1
FORCED_SINGLETON_MASKS 0:0a10d120 2:2a904060 3:09034019 5:024085d0 10:04518811 11:18492600 12:12904122 16:0c82044a 19:1804aa01 20:19801c80 21:0202a129 23:10740051 24:0812412c 25:0230106c 27:0b2a0802 29:0080501f 31:32a40801 32:1e808042 35:02380a81 36:10864540 38:0090c4a4 40:0a204449 41:01e05110 42:38060490 43:22088c42 44:01508125 45:0ac44140 48:1a048128 50:19104884 53:00e8240a 55:06220849 57:08c0a980 59:080a2a0c 62:1802001f 65:08068a81 66:16005805 68:1024304a 69:28632200 71:0200a1a5 72:11420c88 74:0840e805 75:21948006 76:09828640 77:05800683 80:08940509 83:30026601 84:23d00880 89:03208321 90:2210812c 91:19c00c40 93:30168440 95:11b80108 97:02423007 98:06110a82 99:08506205 102:1c210049 106:22a40482 107:128c8900 108:201a0416 111:082a1828 113:1180c043 115:34221420 119:02c1c300 121:11440883 124:01b04124 125:002884c9 128:12c80482 130:2b02080a 131:30700448 133:02289121 138:20804487 139:10259240 140:01860c09 141:12048446 147:00e03092 148:28144428 150:11419201 151:00da0809 152:1200208f 155:0314480c 158:088248c8 159:1e220042 160:04c10690 162:0184c121 163:390084c0 165:20a81604 167:22560801 173:0280b206 174:21b40108 175:01884c44 176:08430a81 177:23410209 178:30c48500 180:04710841 183:03648840 184:00662680 187:28062405 188:2030a209 189:06854300 194:18c0c140 195:0200c5d0 196:122e0808 197:32a0800a 198:08c42c01 200:18283044 201:03941808 202:06418124 203:118284c0 206:014a8809 210:00c4c444 212:20611608 213:210804a5 214:0110c125 217:0481a288 218:16410206 219:002c248c 222:009041ac 224:01b00548 226:18822601 227:03c04043 228:0a9c8040 229:0b044881 232:38428808 233:00aa3402 234:24908c40 236:1a440803 240:002490c9 243:30960500 245:01901588 247:2380c108 249:18324404 250:21344440 252:3a800403 255:1006480d 257:32260808 262:0d0a0884 265:20820649 266:22360081 267:005c4481 269:1844c804 271:2848280a 275:1aa28002 276:0d068084 278:14438600 280:2140448c 281:2b420880 282:0030912c 283:01a48441 284:03b40900 285:1380020b 292:09a44044 294:0230c124 295:04110a91 297:08b204c0 298:18da8000 300:20a09640 301:32868100 308:11c24240 313:01e44140 314:0520c441 316:10ec8040 320:0806c80c 321:0b2c0088 322:0c380c40 324:10348680 326:16010219 327:19328040 329:301414c0 333:16a20003 334:1886010c 336:2888044c 339:01e08c40 340:020885d0 341:031a8088 342:04289085 345:18868880 350:004e240c 351:0070ac01 353:037400c0 354:10c1a280 355:12002287 357:18740480 360:2812180c 361:2902c440 364:0092a109 365:00a0268a 367:02188125 372:14250203 373:0a022096 374:20027016 375:03580811 376:008270c1 377:1a101c10 380:0e008550 384:20d04124 386:27204804 387:08423818 388:18246c00 389:02641484 390:00d43005 393:28820c81 394:10a41016 395:18146030 396:082022c9 397:0262a202 399:3880b200 400:0d600c40 401:118c0540 404:00026097 405:2051d200 408:02609124 412:02501483 414:11640c40 417:01188550 419:1104c086
SOLE_UNCOVERED_ROW 70,302 INACTIVE 78:36414020 368:05c48880
EXACT_MINIMUM_HOSTILE_BASES SIZE 216 COUNT 2 EXTENSIONS 78:36414020 368:05c48880 LOWER_BOUND 215_FORCED_PLUS_ONE_UNCOVERED_ROW
WEIGHT_RANGE 1 421 MEAN_NUM 864784 MEAN_DEN 24223
WEIGHT_DISTRIBUTION
1 5038
2 2343
3 1569
4 1105
5 926
6 762
7 604
8 486
9 486
10 412
11 349
12 374
13 304
14 264
15 253
16 233
17 224
18 216
19 215
20 169
21 172
22 169
23 171
24 170
25 132
26 139
27 122
28 115
29 140
30 112
31 119
32 97
33 104
34 111
35 106
36 101
37 95
38 91
39 83
40 85
41 88
42 85
43 76
44 88
45 71
46 80
47 83
48 60
49 71
50 65
51 66
52 52
53 61
54 51
55 70
56 56
57 55
58 61
59 54
60 67
61 55
62 61
63 48
64 36
65 37
66 39
67 49
68 40
69 39
70 42
71 43
72 42
73 39
74 48
75 49
76 35
77 40
78 34
79 39
80 39
81 32
82 36
83 36
84 30
85 36
86 34
87 35
88 28
89 39
90 28
91 30
92 36
93 46
94 28
95 26
96 24
97 34
98 30
99 22
100 30
101 30
102 19
103 25
104 29
105 31
106 25
107 23
108 35
109 20
110 19
111 23
112 15
113 23
114 21
115 27
116 17
117 22
118 20
119 9
120 25
121 10
122 18
123 14
124 24
125 35
126 20
127 18
128 19
129 22
130 18
131 24
132 21
133 16
134 14
135 22
136 14
137 14
138 14
139 16
140 22
141 20
142 13
143 14
144 15
145 17
146 13
147 21
148 17
149 17
150 13
151 9
152 11
153 9
154 13
155 10
156 10
157 15
158 7
159 11
160 12
161 14
162 14
163 19
164 16
165 10
166 12
167 8
168 9
169 15
170 11
171 11
172 15
173 10
174 11
175 7
176 12
177 16
178 12
179 7
180 9
181 8
182 6
183 8
184 5
185 13
186 10
187 12
188 10
189 12
190 13
191 7
192 12
193 12
194 10
195 5
196 3
197 12
198 4
199 18
200 13
201 7
202 7
203 8
204 4
205 11
206 8
207 14
208 9
209 8
210 10
211 6
212 14
213 7
214 7
215 4
216 6
217 6
218 1
219 7
220 7
221 3
222 5
223 11
224 10
225 8
226 9
227 7
228 6
229 4
230 8
231 1
232 9
233 4
234 9
235 9
236 8
237 9
238 3
239 6
240 10
241 4
242 3
243 6
244 10
245 13
246 12
247 5
248 5
249 6
250 5
251 6
252 6
253 4
254 8
255 5
256 6
257 7
258 10
259 7
260 3
261 5
262 7
263 5
264 8
265 3
266 9
267 5
268 6
269 10
270 4
271 4
272 4
273 6
274 5
275 4
276 7
277 7
278 8
279 7
280 3
281 11
282 11
283 3
284 4
285 6
286 8
287 7
288 7
289 6
290 2
291 6
292 8
293 4
294 3
295 4
296 9
297 6
298 5
299 7
300 2
301 5
302 5
303 12
304 7
305 2
306 4
307 8
308 5
309 3
310 5
311 6
312 5
313 7
314 2
315 1
317 3
318 7
319 5
320 11
321 1
322 2
323 2
324 7
325 7
326 2
327 7
328 4
329 3
330 5
331 1
332 5
333 2
334 3
335 7
336 5
337 3
338 8
339 2
340 1
341 4
342 4
343 3
344 3
345 5
346 3
347 5
348 5
349 3
350 3
351 2
352 4
353 3
354 3
355 5
356 7
357 3
358 4
359 1
360 3
361 3
362 4
363 2
364 3
365 3
366 2
367 2
368 1
369 7
370 2
371 1
373 4
374 4
375 3
376 4
378 1
379 6
380 5
382 1
383 1
384 2
385 2
386 2
387 2
388 7
389 4
390 5
391 4
392 1
393 4
394 3
396 3
397 3
398 4
400 2
401 3
402 2
403 5
405 4
406 2
407 3
408 4
409 3
410 3
411 2
413 4
414 2
415 3
416 3
417 3
418 1
419 1
420 3
421 4
FIBRE_SIZE_DISTRIBUTION size,n_fibres,n_rows
1 16801 16801
2 363 726
3 133 399
4 67 268
5 40 200
6 28 168
7 18 126
8 17 136
9 5 45
10 5 50
11 6 66
12 9 108
13 7 91
14 6 84
15 5 75
16 1 16
17 4 68
18 4 72
19 5 95
20 1 20
21 3 63
22 3 66
23 3 69
24 3 72
25 2 50
26 6 156
27 2 54
28 2 56
29 3 87
30 1 30
31 3 93
32 1 32
33 1 33
34 2 68
35 1 35
36 1 36
37 1 37
38 4 152
39 2 78
41 1 41
42 1 42
43 1 43
45 2 90
46 2 92
49 1 49
53 1 53
55 1 55
56 1 56
57 1 57
60 1 60
62 1 62
64 1 64
66 1 66
68 2 136
69 2 138
71 1 71
75 1 75
80 1 80
83 1 83
95 1 95
103 1 103
116 1 116
118 1 118
120 1 120
124 1 124
125 1 125
126 1 126
146 1 146
371 1 371
485 1 485
LARGEST_FIBRES
485 1 4,153;11,65;11,69;11,316;17,158;17,316;18,23;18,46;18,93;18,125;18,153;18,313 ...
371 1 3,115;12,148;25,380;31,57;31,81;31,89;31,148;31,162;31,197;31,219;31,230;31,242 ...
146 1 1,206;6,98;6,180;22,178;22,181;22,273;22,326;22,328;22,343;22,393;22,417;22,449 ...
126 1 7,146;28,67;29,31;29,520;31,455;31,478;51,146;52,146;53,146;59,253;64,87;64,284 ...
125 1 5,48;13,48;27,48;34,48;41,48;43,48;48,49;48,81;48,89;48,107;48,118;48,123 ...
124 1 1,94;1,265;2,35;4,70;6,159;6,318;6,449;6,456;6,477;6,503;6,514;11,265 ...
120 1 1,46;1,270;1,372;2,381;2,410;2,437;2,519;2,550;11,263;24,77;25,386;26,75 ...
118 1 1,122;7,47;7,152;7,250;11,137;11,201;11,231;11,250;11,254;11,454;11,462;17,151 ...
116 1 3,378;29,164;32,65;32,69;32,73;32,86;32,122;32,125;32,146;32,164;32,172;32,177 ...
103 1 1,160;2,160;7,160;14,160;23,160;53,160;61,160;62,160;73,160;83,160;87,160;102,160 ...
95 1 9,294;18,44;29,44;44,57;44,67;44,83;44,134;44,135;44,137;44,141;44,175;44,178 ...
83 1 11,26;11,108;11,173;11,225;11,279;11,288;11,297;11,300;11,346;11,375;11,378;11,409 ...
80 1 1,320;3,27;3,54;12,54;38,155;38,310;54,147;54,148;54,172;57,320;74,320;81,147 ...
75 1 2,36;2,118;2,223;2,258;2,378;2,466;7,36;7,94;7,282;36,45;36,47;36,59 ...
71 1 3,255;3,434;3,502;6,68;6,77;6,149;6,167;6,194;6,202;6,217;6,218;6,229 ...
69 1 6,424;19,61;47,76;76,328;83,519;86,204;93,216;122,242;136,216;139,260;154,520;155,260 ...
69 1 7,130;24,515;26,316;39,130;58,130;58,316;65,74;65,358;65,462;65,515;74,316;83,204 ...
68 1 6,34;7,204;7,440;34,61;34,92;34,166;34,192;34,220;34,416;34,440;34,520;36,440 ...
68 1 3,261;6,276;11,19;11,224;17,306;22,56;22,138;22,324;22,427;26,92;26,330;38,112 ...
66 1 1,62;3,199;3,343;3,356;3,576;6,480;52,158;55,227;56,75;62,156;62,157;62,158 ...
MASK_INACTIVE_RANGE 106 7486 ZERO 0 ALL 0
MASKS_MOST_INACTIVE
57:08c0a980 7486
198:08c42c01 7020
265:20820649 6953
301:32868100 6471
107:128c8900 6129
236:1a440803 6053
36:10864540 6036
31:32a40801 5985
345:18868880 5896
275:1aa28002 5733
91:19c00c40 5715
178:30c48500 5673
397:0262a202 5656
257:32260808 5629
74:0840e805 5570
334:1886010c 5477
80:08940509 5450
183:03648840 5394
396:082022c9 5332
399:3880b200 5266
32:1e808042 5261
197:32a0800a 5214
388:18246c00 5164
45:0ac44140 5077
243:30960500 5072
75:21948006 4953
21:0202a129 4850
19:1804aa01 4828
393:28820c81 4761
42:38060490 4720
MASKS_LEAST_NONZERO_INACTIVE
287:21185202 106
270:2028d440 145
22:25085012 172
238:25035200 202
7:284a2012 218
52:209c4120 233
172:20482096 258
418:0d038201 259
346:20981209 266
315:0d0d1200 279
359:230c4006 299
79:10585003 319
237:228c4006 327
103:054d0210 333
190:00b8d010 364
253:258c8002 369
114:01584448 377
104:218840a4 380
96:300c4016 381
88:240c001b 389
161:25290088 389
244:01301125 402
299:20882603 405
46:24118a80 427
205:23081206 445
332:04991600 446
204:24111601 448
28:041d0c80 452
39:31090089 464
306:10c8c440 475
MASKS_ZERO_INACTIVE 
COLUMN_EQUIVALENCE_CLASSES 421 NONTRIVIAL 0
DIRECTED_IMPLICATIONS 11 STRICT 11
TOP_STRICT_IMPLICATION_SOURCES
287:21185202 106 3 TARGETS 75:21948006 374:20027016 405:2051d200
22:25085012 172 2 TARGETS 75:21948006 374:20027016
270:2028d440 145 2 TARGETS 300:20a09640 374:20027016
103:054d0210 333 1 TARGETS 160:04c10690
132:091e0280 590 1 TARGETS 327:19328040
315:0d0d1200 279 1 TARGETS 139:10259240
418:0d038201 259 1 TARGETS 159:1e220042
TOP_STRICT_IMPLICATION_TARGETS
374:20027016 3369 3 SOURCES 22:25085012 270:2028d440 287:21185202
75:21948006 4953 2 SOURCES 22:25085012 287:21185202
139:10259240 4334 1 SOURCES 315:0d0d1200
159:1e220042 4536 1 SOURCES 418:0d038201
160:04c10690 3415 1 SOURCES 103:054d0210
300:20a09640 2167 1 SOURCES 270:2028d440
327:19328040 3328 1 SOURCES 132:091e0280
405:2051d200 2533 1 SOURCES 287:21185202
TOP_COINACTIVE_INTERSECTION
107:128c8900 301:32868100 INTER 4985 UNION 7615 LEFT 6129 RIGHT 6471
57:08c0a980 198:08c42c01 INTER 4738 UNION 9768 LEFT 7486 RIGHT 7020
74:0840e805 198:08c42c01 INTER 4609 UNION 7981 LEFT 5570 RIGHT 7020
31:32a40801 236:1a440803 INTER 4553 UNION 7485 LEFT 5985 RIGHT 6053
31:32a40801 257:32260808 INTER 4456 UNION 7158 LEFT 5985 RIGHT 5629
198:08c42c01 236:1a440803 INTER 4449 UNION 8624 LEFT 7020 RIGHT 6053
31:32a40801 301:32868100 INTER 4427 UNION 8029 LEFT 5985 RIGHT 6471
257:32260808 301:32868100 INTER 4374 UNION 7726 LEFT 5629 RIGHT 6471
57:08c0a980 74:0840e805 INTER 4345 UNION 8711 LEFT 7486 RIGHT 5570
275:1aa28002 301:32868100 INTER 4344 UNION 7860 LEFT 5733 RIGHT 6471
91:19c00c40 198:08c42c01 INTER 4297 UNION 8438 LEFT 5715 RIGHT 7020
36:10864540 301:32868100 INTER 4293 UNION 8214 LEFT 6036 RIGHT 6471
198:08c42c01 388:18246c00 INTER 4230 UNION 7954 LEFT 7020 RIGHT 5164
198:08c42c01 265:20820649 INTER 4178 UNION 9795 LEFT 7020 RIGHT 6953
32:1e808042 275:1aa28002 INTER 4159 UNION 6835 LEFT 5261 RIGHT 5733
178:30c48500 301:32868100 INTER 4131 UNION 8013 LEFT 5673 RIGHT 6471
197:32a0800a 301:32868100 INTER 4106 UNION 7579 LEFT 5214 RIGHT 6471
36:10864540 178:30c48500 INTER 4103 UNION 7606 LEFT 6036 RIGHT 5673
57:08c0a980 301:32868100 INTER 4087 UNION 9870 LEFT 7486 RIGHT 6471
236:1a440803 301:32868100 INTER 4087 UNION 8437 LEFT 6053 RIGHT 6471
334:1886010c 345:18868880 INTER 4079 UNION 7294 LEFT 5477 RIGHT 5896
301:32868100 345:18868880 INTER 4063 UNION 8304 LEFT 6471 RIGHT 5896
178:30c48500 198:08c42c01 INTER 4035 UNION 8658 LEFT 5673 RIGHT 7020
236:1a440803 257:32260808 INTER 4006 UNION 7676 LEFT 6053 RIGHT 5629
36:10864540 345:18868880 INTER 4001 UNION 7931 LEFT 6036 RIGHT 5896
36:10864540 198:08c42c01 INTER 3990 UNION 9066 LEFT 6036 RIGHT 7020
19:1804aa01 388:18246c00 INTER 3985 UNION 6007 LEFT 4828 RIGHT 5164
275:1aa28002 345:18868880 INTER 3978 UNION 7651 LEFT 5733 RIGHT 5896
31:32a40801 198:08c42c01 INTER 3976 UNION 9029 LEFT 5985 RIGHT 7020
31:32a40801 107:128c8900 INTER 3963 UNION 8151 LEFT 5985 RIGHT 6129
TOP_JACCARD_NONIDENTICAL
127:0c130a01 242:04530888 INTER 668 UNION 943 JACCARD_NUM_DEN 668 943
262:0d0a0884 276:0d068084 INTER 1486 UNION 2104 JACCARD_NUM_DEN 1486 2104
209:0d0e8004 276:0d068084 INTER 1432 UNION 2045 JACCARD_NUM_DEN 1432 2045
193:29068808 320:0806c80c INTER 2860 UNION 4228 JACCARD_NUM_DEN 2860 4228
209:0d0e8004 262:0d0a0884 INTER 1294 UNION 1913 JACCARD_NUM_DEN 1294 1913
388:18246c00 395:18146030 INTER 3693 UNION 5473 JACCARD_NUM_DEN 3693 5473
168:0c158808 261:04368808 INTER 954 UNION 1420 JACCARD_NUM_DEN 954 1420
195:0200c5d0 340:020885d0 INTER 626 UNION 936 JACCARD_NUM_DEN 626 936
152:1200208f 355:12002287 INTER 3449 UNION 5165 JACCARD_NUM_DEN 3449 5165
19:1804aa01 388:18246c00 INTER 3985 UNION 6007 JACCARD_NUM_DEN 3985 6007
291:042c90c0 342:04289085 INTER 1316 UNION 1984 JACCARD_NUM_DEN 1316 1984
127:0c130a01 192:0d010a81 INTER 691 UNION 1050 JACCARD_NUM_DEN 691 1050
187:28062405 226:18822601 INTER 3171 UNION 4827 JACCARD_NUM_DEN 3171 4827
107:128c8900 301:32868100 INTER 4985 UNION 7615 JACCARD_NUM_DEN 4985 7615
42:38060490 393:28820c81 INTER 3743 UNION 5738 JACCARD_NUM_DEN 3743 5738
94:0c0b4480 127:0c130a01 INTER 709 UNION 1095 JACCARD_NUM_DEN 709 1095
149:100a6284 263:10007684 INTER 1248 UNION 1928 JACCARD_NUM_DEN 1248 1928
160:04c10690 278:14438600 INTER 2346 UNION 3642 JACCARD_NUM_DEN 2346 3642
10:04518811 180:04710841 INTER 1127 UNION 1750 JACCARD_NUM_DEN 1127 1750
268:08461888 391:086a0888 INTER 1667 UNION 2591 JACCARD_NUM_DEN 1667 2591
4:3c601010 115:34221420 INTER 1144 UNION 1781 JACCARD_NUM_DEN 1144 1781
192:0d010a81 242:04530888 INTER 646 UNION 1006 JACCARD_NUM_DEN 646 1006
63:2010348a 410:2014248a INTER 1050 UNION 1643 JACCARD_NUM_DEN 1050 1643
221:28080a89 317:200a0a89 INTER 714 UNION 1124 JACCARD_NUM_DEN 714 1124
4:3c601010 8:0ca81140 INTER 1101 UNION 1739 JACCARD_NUM_DEN 1101 1739
3:09034019 181:080e001b INTER 1558 UNION 2461 JACCARD_NUM_DEN 1558 2461
11:18492600 69:28632200 INTER 1514 UNION 2400 JACCARD_NUM_DEN 1514 2400
249:18324404 327:19328040 INTER 2463 UNION 3909 JACCARD_NUM_DEN 2463 3909
135:3002e280 149:100a6284 INTER 1351 UNION 2147 JACCARD_NUM_DEN 1351 2147
59:080a2a0c 360:2812180c INTER 1538 UNION 2446 JACCARD_NUM_DEN 1538 2446
TOP663_SIGNATURES_AND_NEAREST
TOP 256,663 WEIGHT 7 FIBRE 1 MIN_DISTANCE 2 NEAREST_COUNT 3 NEAREST 256,287;256,558;256,575
INACTIVE 75:21948006 107:128c8900 139:10259240 374:20027016 394:10a41016 405:2051d200 417:01188550
DELTA 256,287 REMOVED 107:128c8900 417:01188550 ADDED 
DELTA 256,558 REMOVED 405:2051d200 417:01188550 ADDED 
DELTA 256,575 REMOVED 107:128c8900 405:2051d200 ADDED 
TOP 366,663 WEIGHT 1 FIBRE 26 MIN_DISTANCE 0 NEAREST_COUNT 25 NEAREST 17,112;31,112;45,437;62,112;67,109;75,112;75,113;90,332;109,122;109,127;109,151;109,302;109,381;109,462;109,516;112,127;112,144;112,151;112,274;112,302;127,428;127,462;127,518;227,370;308,381
INACTIVE 367:02188125
DELTA 17,112 REMOVED  ADDED 
DELTA 31,112 REMOVED  ADDED 
DELTA 45,437 REMOVED  ADDED 
DELTA 62,112 REMOVED  ADDED 
DELTA 67,109 REMOVED  ADDED 
DELTA 75,112 REMOVED  ADDED 
DELTA 75,113 REMOVED  ADDED 
DELTA 90,332 REMOVED  ADDED 
DELTA 109,122 REMOVED  ADDED 
DELTA 109,127 REMOVED  ADDED 
TOP 520,663 WEIGHT 5 FIBRE 1 MIN_DISTANCE 1 NEAREST_COUNT 1 NEAREST 520,589
INACTIVE 57:08c0a980 107:128c8900 222:009041ac 275:1aa28002 345:18868880
DELTA 520,589 REMOVED 222:009041ac ADDED 
