Q3/Q11 COLLAR CELL/PATH SCOUT
global_cells=193;global_roots=587;common42_cells=42;horn20_cells=20
common42=roots:114;root_multiplicity:((2, 12), (3, 30));semantic:(((True, False, True), 114),);survive14h:((False, 6), (True, 108))
common42_path_lengths=((2, 6), (14, 6), (17, 6), (28, 12), (40, 6), (54, 6), (66, 6), (80, 6), (92, 6), (95, 36), (118, 6), (144, 12))
common42_root_mod13=((10, 72), (11, 42))
common42_root_holes=((('E3',), 78), (('E3', 'c2'), 6), (('c2',), 30));M1_all_six=((True, 114),);M2_all_six=((True, 114),);R_shifted_all_six=((True, 114),)
horn20=roots:52;root_multiplicity:((2, 8), (3, 12));semantic:(((True, False, True), 52),);survive14h:((True, 52),)
horn20_path_lengths=((14, 4), (17, 4), (28, 4), (40, 4), (54, 4), (80, 4), (95, 16), (118, 4), (144, 8))
horn20_root_mod13=((10, 32), (11, 20))
horn20_root_holes=((('E3',), 36), (('E3', 'c2'), 4), (('c2',), 12));M1_all_six=((True, 52),);M2_all_six=((True, 52),);R_shifted_all_six=((True, 52),)
extra22=roots:62;root_multiplicity:((2, 4), (3, 18));semantic:(((True, False, True), 62),);survive14h:((False, 6), (True, 56))
extra22_path_lengths=((2, 6), (14, 2), (17, 2), (28, 8), (40, 2), (54, 2), (66, 6), (80, 2), (92, 6), (95, 20), (118, 2), (144, 4))
extra22_root_mod13=((10, 40), (11, 22))
extra22_root_holes=((('E3',), 42), (('E3', 'c2'), 2), (('c2',), 18));M1_all_six=((True, 62),);M2_all_six=((True, 62),);R_shifted_all_six=((True, 62),)
outside=roots:473;root_multiplicity:((2, 50), (3, 38), (4, 56), (5, 7));semantic:(((False, True, False), 14), ((True, False, True), 459));survive14h:((False, 54), (True, 419))
outside_path_lengths=((2, 54), (14, 3), (17, 10), (21, 7), (28, 55), (40, 3), (43, 9), (54, 31), (66, 3), (69, 16), (73, 42), (80, 31), (92, 3), (95, 60), (118, 3), (121, 7), (144, 24), (145, 7), (158, 14), (184, 14), (210, 21), (236, 21), (262, 21), (288, 14))
outside_root_mod13=((8, 7), (10, 427), (11, 39))
cell_types=((('extra', 2, (95, 118)), 2), (('extra', 2, (95, 144)), 2), (('extra', 3, (2, 92, 95)), 6), (('extra', 3, (14, 80, 95)), 2), (('extra', 3, (17, 28, 144)), 2), (('extra', 3, (28, 66, 95)), 6), (('extra', 3, (40, 54, 95)), 2), (('horn', 2, (95, 118)), 4), (('horn', 2, (95, 144)), 4), (('horn', 3, (14, 80, 95)), 4), (('horn', 3, (17, 28, 144)), 4), (('horn', 3, (40, 54, 95)), 4))
root_index_profiles=((('extra', (0, 1)), 4), (('extra', (0, 1, 2)), 18), (('horn', (0, 1)), 8), (('horn', (0, 1, 2)), 12))
horn20_common_atoms=4076;common42_selected_I_roots=42;distinguished_labelled_roots=20;distinguished_physical_roots=1;R=(142004190428100, 142004216872980);M1=(142004591508780, 142004617953660);M2=(142004992589460, 142005019034340)
distinguished_root_indices=((0, 20),);path_lengths=((14, 4), (40, 4), (118, 4), (144, 8));root_holes=((('E3',), 20),)
distinguished_cell_lengths=(((1, 0, 5), 144), ((1, 0, 6), 144), ((1, 0, 9), 144), ((1, 0, 10), 144), ((1, 3, 5), 144), ((1, 3, 6), 144), ((1, 3, 9), 144), ((1, 3, 10), 144), ((1, 8, 5), 14), ((1, 8, 6), 14), ((1, 8, 9), 14), ((1, 8, 10), 14), ((1, 9, 5), 40), ((1, 9, 6), 40), ((1, 9, 9), 40), ((1, 9, 10), 40), ((1, 12, 5), 118), ((1, 12, 6), 118), ((1, 12, 9), 118), ((1, 12, 10), 118))
pulled_allocation_atom_membership={0: True, 3: False, 7: False, 11: False};q0_is_selected_M2=1
ALL EXACT CHECKS PASSED
