==============================================================================
PART B: n=14 -- AP, GW, dilates, construction, perturbation
==============================================================================

B1. AP {1..13}: Lambda vs Farey gap-sum (exact equality test)
  r=         1/100  Lambda=         416523/500500  Farey=         416523/500500  equal=True
  r=          1/30  Lambda=          66173/150150  Farey=          66173/150150  equal=True
  r=          1/20  Lambda=         126293/720720  Farey=         126293/720720  equal=True
  r=          1/15  Lambda=            1666/96525  Farey=            1666/96525  equal=True
  r=   9999/140000  Lambda=          833/32175000  Farey=          833/32175000  equal=True

B2. AP       M(S) = 1/14 = 0.071429   #maximizers=6
      witness t=1/14   binding=[1, 13]
      witness t=3/14   binding=[5, 9]
      witness t=5/14   binding=[3, 11]
      witness t=9/14   binding=[3, 11]
      witness t=11/14   binding=[5, 9]
      witness t=13/14   binding=[1, 13]

B2. GW       M(S) = 1/14 = 0.071429   #maximizers=6
      witness t=1/14   binding=[1, 13]
      witness t=3/14   binding=[5, 9]
      witness t=5/14   binding=[3, 11]
      witness t=9/14   binding=[3, 11]
      witness t=11/14   binding=[5, 9]
      witness t=13/14   binding=[1, 13]

B2. CONSTR   M(S) = 14/183 = 0.076503   #maximizers=2
      witness t=14/183   binding=[1, 182]
      witness t=169/183   binding=[1, 182]

B2. PERT36   M(S) = 3/41 = 0.073171   #maximizers=2
      witness t=17/41   binding=[5, 36]
      witness t=24/41   binding=[5, 36]

B3. collapse rates c(S) = lim Lambda/(1-14r)
  hand-derived target c(AP) = 2(1/13+1/33+1/45) = 1666/6435 = 0.258897
  formula (2/n)*Hx(n)       = 1666/6435 = 0.258897
  AP             c = 1666/6435 = 0.258897   linear-regime=True   witness-formula=1666/6435  match=True
  GW             c = 1666/6435 = 0.258897   linear-regime=True   witness-formula=1666/6435  match=True
  2*AP (dilate)  c = 1666/6435 = 0.258897   linear-regime=True   witness-formula=1666/6435  match=True

B4. Lambda at r=1/14 (exact)
  CONSTR {1..12,182}     Lambda(1/14) = 4637/194040 = 0.023897
  PERT36 {1..11,13,36}   Lambda(1/14) = 1/1260 = 0.000794
  AP                     Lambda(1/14) = 0 = 0.000000
  GW                     Lambda(1/14) = 0 = 0.000000
  (THM-523 single-perturbation infimum is 1/1260 = 0.000794 -- PERT36 should match)

==============================================================================
PART C: general n -- c(AP_n) = (2/n) Hx(n); GW-family universality
==============================================================================

C1. AP_n = {1..n-1}
  n= 4  M=   1/4  #wit= 2 (phi=2)  c=             2/3 = 0.666667  (2/n)Hx=             2/3  match=True
  n= 5  M=   1/5  #wit= 4 (phi=4)  c=             5/6 = 0.833333  (2/n)Hx=             5/6  match=True
  n= 6  M=   1/6  #wit= 2 (phi=2)  c=             2/5 = 0.400000  (2/n)Hx=             2/5  match=True
  n= 7  M=   1/7  #wit= 6 (phi=6)  c=            7/10 = 0.700000  (2/n)Hx=            7/10  match=True
  n= 8  M=   1/8  #wit= 4 (phi=4)  c=          44/105 = 0.419048  (2/n)Hx=          44/105  match=True
  n= 9  M=   1/9  #wit= 6 (phi=6)  c=          69/140 = 0.492857  (2/n)Hx=          69/140  match=True
  n=10  M=  1/10  #wit= 4 (phi=4)  c=           20/63 = 0.317460  (2/n)Hx=           20/63  match=True
  n=11  M=  1/11  #wit=10 (phi=10)  c=        671/1260 = 0.532540  (2/n)Hx=        671/1260  match=True
  n=12  M=  1/12  #wit= 4 (phi=4)  c=          92/385 = 0.238961  (2/n)Hx=          92/385  match=True
  n=13  M=  1/13  #wit=12 (phi=12)  c=      6617/13860 = 0.477417  (2/n)Hx=      6617/13860  match=True
  n=14  M=  1/14  #wit= 6 (phi=6)  c=       1666/6435 = 0.258897  (2/n)Hx=       1666/6435  match=True
  n=15  M=  1/15  #wit= 8 (phi=8)  c=       1205/4004 = 0.300949  (2/n)Hx=       1205/4004  match=True
  n=16  M=  1/16  #wit= 8 (phi=8)  c=     11384/45045 = 0.252725  (2/n)Hx=     11384/45045  match=True

C2. GW family {1..m-2, m, 2(m-1)}, m=n-1=1 mod 6 -> tight at 1/n; universality c(GW_n)=c(AP_n)?
  m= 7 (n= 8)  S=[1, 2, 3, 4, 5, 7, 12]  M=1/8  tight=True  #wit=4  c=44/105  =c(AP)? True
  m=13 (n=14)  S=[1, 2, 3, 4, 5, 6, 7, 8, 9, 10, 11, 13, 24]  M=1/14  tight=True  #wit=6  c=1666/6435  =c(AP)? True
  m=19 (n=20)  S=[1, 2, 3, 4, 5, 6, 7, 8, 9, 10, 11, 12, 13, 14, 15, 16, 17, 19, 36]  M=1/20  tight=True  #wit=8  c=543160/2909907  =c(AP)? True

==============================================================================
PART D: profile crossing + small-n lonely envelope
==============================================================================

D1. Lambda_S(r) table (floats for readability; exact inside)
         r              AP              GW       PRIMES>13  BLOCK 100..112          CONSTR           RAND0           RAND1           RAND2
   0.00100        0.983221        0.982888        0.974652        0.974997        0.983155        0.975213        0.975811        0.975071
   0.01000        0.832214        0.828880        0.747585        0.760812        0.832653        0.770479        0.772156        0.769291
   0.02000        0.664428        0.657761        0.549642        0.561520        0.672779        0.588404        0.589773        0.585152
   0.03571        0.400764        0.394684        0.350763        0.332009        0.432161        0.377893        0.380697        0.376841
   0.05000        0.175232        0.183801        0.242892        0.209959        0.231603        0.249535        0.256646        0.247858
   0.06250        0.042243        0.046112        0.182430        0.151865        0.092610        0.171636        0.177170        0.176758
   0.06667        0.017260        0.018371        0.166581        0.138763        0.057472        0.150266        0.154748        0.158363
   0.07000        0.005178        0.005178        0.156266        0.129844        0.032381        0.134861        0.138221        0.144933
   0.07143        0.000000        0.000000        0.151934        0.126527        0.023897        0.128871        0.132146        0.139149
  union-bound floor 1-26r at r=1/1000: 0.974

D2. small-n exhaustive lonely envelope: n=4 (3 speeds <= 15, primitive)
  r=  1/100  min Lambda=0.942762 at [1, 14, 15]   Lambda(AP)=0.956667   AP-is-min=False
  r=   1/30  min Lambda=0.809206 at [1, 14, 15]   Lambda(AP)=0.855556   AP-is-min=False
  r=   1/12  min Lambda=0.545455 at [1, 10, 11]   Lambda(AP)=0.638889   AP-is-min=False
  r=    1/8  min Lambda=0.357143 at [1, 6, 7]   Lambda(AP)=0.458333   AP-is-min=False
  r=    1/5  min Lambda=0.100000 at [1, 3, 4]   Lambda(AP)=0.133333   AP-is-min=False
  r=   9/40  min Lambda=0.066667 at [1, 2, 3]   Lambda(AP)=0.066667   AP-is-min=True
  r=    1/4  min Lambda=0.000000 at [1, 2, 3]   Lambda(AP)=0.000000   AP-is-min=True

D3. small-n exhaustive: n=5 (4 speeds <= 12, primitive)
  r=  1/100  min Lambda=0.926040 at [1, 9, 10, 11]   Lambda(AP)=0.946667   AP-is-min=False
  r=   1/30  min Lambda=0.753468 at [1, 9, 10, 11]   Lambda(AP)=0.822222   AP-is-min=False
  r=   1/12  min Lambda=0.422222 at [1, 5, 6, 7]   Lambda(AP)=0.555556   AP-is-min=False
  r=    1/7  min Lambda=0.128571 at [1, 3, 4, 5]   Lambda(AP)=0.238095   AP-is-min=False
  r=    1/6  min Lambda=0.050000 at [1, 3, 4, 5]   Lambda(AP)=0.138889   AP-is-min=False
  r= 19/100  min Lambda=0.029000 at [1, 3, 4, 5]   Lambda(AP)=0.041667   AP-is-min=False
  r=    1/5  min Lambda=0.000000 at [1, 2, 3, 4]   Lambda(AP)=0.000000   AP-is-min=True

==============================================================================
PART E: mean loneliness E(S) = int_0^1 m_S dt = int_0^inf Lambda dr
==============================================================================

E1. E(AP_13) vs Farey closed form (1/2) sum 1/(q q' (q+q'))
  E(AP) = 62836087/2059318800 = 0.03051304   Farey = 62836087/2059318800   equal=True
  exact comparison: E(GW) < E(AP)? True   (E(GW)-E(AP) = -4.669e-05)

E2. E over families (does AP minimize?  scale-matching predicts NO)
  AP              E = 0.03051304   (exact 62836087/2059318800)
  GW              E = 0.03046635   (exact 2086918199459/68499121244400)
  PRIMES>13       E = 0.04058340   (exact 1777546172018540859613/43799828993343420117120)
  BLOCK 100..112  E = 0.04056339   (exact 518830532450165080559711478048419/12790610184976578668428633497098520)
  CONSTR          E = 0.03261704   (exact 347847652526169092785434670887070433/10664599055993970210595734919235409600)
  RAND0           E = 0.03540573   (exact 84178096392763286056372369725697249061899676139140713462391945953759983001375339271610581652717718209205510451/2377527808882673757629350911460841282640687434528622272502614967614723818418427440553200545035374024716986581760)

E3. exhaustive n=4 (3 speeds <= 15): min E and where AP ranks
  min E = 0.10952381 at (1, 3, 4);  E(AP)=0.11666667 rank 35/409
  bottom five: [(0.10952380952380952, (1, 3, 4)), (0.11072261072261072, (3, 5, 8)), (0.11089743589743589, (1, 6, 7)), (0.1109391124871001, (5, 7, 12)), (0.11098484848484849, (2, 7, 9))]

DONE.
