THM-990 scale-24 literal-CRT sorted-vector referee
scope: primitive proper AP-centred common-scale Hamming-six owner-local gate only
supports 924; hereditary divisor words 108813; labelled order rows 100543212
literal state words/support 167165952; raw labelled state contexts 154461339648
grammar: at least two orders carrying 8 and at least two carrying 3; all six leave-one-out lcms audited
literal CRT-base FNV64 bef281a507266cdb
literal owner-mask FNV64 b700276da083bd75
cubic three-class nerve FNV64 e20047236f3ef6ab
hereditary weighted-grammar FNV64 920cab3b660cae8b
scalar contexts 66984 on 854 supports across 202 multiplicity profiles
scalar-bank FNV64 c68102afc4f81501
capacity-bank FNV64 d12d66fd9b744f21
distinct scalar capacity vectors 18432
all-support scalar-context histogram 0:70 12:24 14:24 22:24 26:24 31:96 32:30 46:96 52:96 53:24 54:96 55:24 63:96 74:24 102:12 132:24 142:24 152:12 173:24 185:6 224:24 226:24 374:24 801:2
owner-local rows 401904; feasible rows 2304
feasible-owner/context histogram 0:64962 1:1800 2:192 4:30
feasible-owner-mask histogram 0x0:64962 0x1:349 0x2:250 0x3:15 0x4:301 0x5:13 0x6:15 0x8:301 0x9:14 0xa:13 0xc:10 0x10:250 0x11:12 0x12:10 0x14:13 0x17:2 0x18:15 0x1d:2 0x1e:1 0x20:349 0x21:8 0x22:12 0x24:14 0x27:2 0x28:13 0x2d:7 0x2e:2 0x30:15 0x33:10 0x39:2 0x3a:2
maximum reachable sheet-union histogram 12:72 14:2136 15:1644 16:15876 17:24420 18:76296 19:94872 20:104592 21:53040 22:24948 23:1704 24:2304
distinct owner maximum vectors 20302
unique exact normalized owner problems 33492
largest reachable bank 7728; largest intermediate layer 7728; total reachable masks 101961528; bank-size bins 674
canonical owner-bank FNV64 cf86c2c61edbacb9
reachable-count histogram 1:2616 2:7272 3:2700 4:7920 6:3864 7:1488 8:8184 9:1440 10:3024 11:48 12:7704 13:1224 14:3336 15:576 16:5520 17:144 18:1368 19:384 20:6768 21:384 22:1872 23:192 24:9888 25:12 26:3408 27:108 28:5952 29:180 30:3444 31:168 32:5568 33:432 34:768 35:24 36:2832 37:468 38:3312 39:60 40:6216 42:2796 43:792 44:3912 45:156 46:624 48:7104 49:144 50:948 51:12 52:4212 54:840 56:12888 57:24 58:264 59:360 60:3756 61:120 62:1848 63:288 64:8208 65:192 66:780 67:12 68:2688 69:36 70:1776 72:5760 73:108 74:1224 75:336 76:4536 78:720 80:5868 81:264 82:1632 83:144 84:3504 86:792 87:324 88:2388 89:12 90:552 91:108 92:1296 93:84 94:960 95:48 96:2724 98:48 100:2604 101:240 102:600 103:48 104:1632 106:2352 108:3720 110:192 111:96 112:5904 113:12 114:1056 115:24 116:4560 118:336 120:4128 121:96 122:576 124:1920 126:1128 128:4500 129:96 130:432 131:48 132:1224 133:12 134:1176 135:48 136:2520 138:1188 139:12 140:1344 142:168 143:60 144:3936 145:96 146:240 148:852 149:96 150:960 151:12 152:2688 154:312 155:24 156:2424 158:192 160:2808 162:216 163:12 164:1200 165:48 166:324 167:192 168:1224 170:48 172:1224 174:816 175:240 176:3360 180:1560 182:480 183:12 184:1944 186:600 188:1032 189:192 190:216 191:24 192:2760 193:120 194:192 195:48 196:1464 198:264 200:2352 202:120 204:1776 206:888 208:960 210:48 212:816 214:24 216:1728 218:96 220:1776 222:48 224:2304 228:1200 229:48 230:360 231:48 232:1584 234:336 236:816 237:96 238:96 240:1536 242:48 244:1392 246:48 248:1200 249:24 250:36 252:840 254:96 256:3528 258:12 260:1152 262:384 263:48 264:2016 266:432 268:552 272:768 273:48 276:1236 278:36 280:1248 282:12 284:768 285:96 287:96 288:792 290:96 291:96 292:528 294:24 296:2616 298:624 300:624 301:96 302:504 303:48 304:1224 308:588 310:12 312:528 314:24 316:672 318:120 320:1536 322:384 324:336 326:456 328:624 330:24 331:24 332:48 334:312 336:816 340:72 342:120 344:1392 346:120 348:312 350:48 352:1512 354:96 355:48 356:312 358:192 360:288 362:96 363:24 364:48 368:720 371:12 372:336 373:48 374:24 376:912 380:240 382:96 384:636 386:360 388:192 390:48 392:192 393:216 394:60 396:672 400:672 404:240 406:96 408:480 410:96 412:552 414:480 416:720 418:48 420:528 422:192 424:1368 425:96 428:456 432:984 436:336 438:432 440:864 442:480 444:384 448:1104 450:168 451:48 454:192 455:48 456:528 458:48 460:288 462:144 463:96 464:576 465:192 466:72 468:480 472:408 474:72 476:72 480:432 484:456 488:192 489:48 490:96 492:204 494:72 496:600 498:72 500:444 504:264 506:144 507:48 508:288 512:636 516:96 520:144 524:96 526:96 528:408 530:24 532:240 536:336 540:96 542:336 544:48 548:672 550:96 552:72 556:312 560:576 564:360 566:48 572:576 574:48 576:816 580:192 584:120 588:24 590:24 592:288 594:24 596:144 598:96 599:48 600:672 602:48 604:144 608:432 612:96 614:24 616:384 618:96 620:24 624:624 628:96 632:252 634:108 636:96 638:48 640:240 642:48 644:48 646:144 652:168 654:24 656:288 660:312 662:96 664:288 668:240 672:312 674:192 676:48 678:120 680:24 683:96 686:144 692:144 696:288 700:552 702:24 704:624 710:288 712:168 720:672 724:120 726:48 730:96 732:48 734:96 736:240 738:24 740:48 744:360 746:96 752:576 756:24 760:384 762:48 764:120 766:96 770:24 776:96 780:48 784:144 792:168 796:192 798:24 800:168 804:96 806:288 808:288 812:288 814:96 816:192 818:96 820:96 824:264 832:96 836:96 840:240 842:96 844:96 846:48 848:24 850:48 852:48 856:48 860:288 864:648 870:12 872:1008 874:24 880:408 888:96 889:12 896:432 900:96 904:144 906:48 908:96 912:264 916:48 928:432 938:48 940:240 942:168 952:96 956:96 968:264 970:48 972:96 976:48 984:264 990:24 992:48 993:48 998:192 1002:48 1008:192 1014:24 1016:192 1018:96 1019:48 1024:48 1032:48 1040:48 1056:24 1058:192 1068:12 1089:48 1100:96 1102:192 1104:144 1106:48 1116:48 1118:288 1120:48 1124:624 1126:96 1134:48 1136:240 1138:48 1140:72 1144:96 1148:120 1152:192 1160:96 1164:48 1170:192 1172:144 1180:96 1181:48 1184:288 1194:48 1198:96 1200:192 1208:192 1216:288 1222:96 1232:48 1246:96 1264:144 1270:96 1272:24 1276:192 1280:192 1284:72 1292:192 1293:96 1294:96 1296:72 1300:144 1302:24 1308:192 1316:192 1318:96 1320:288 1328:576 1332:240 1336:192 1338:48 1340:48 1352:96 1360:48 1364:144 1376:96 1384:144 1400:360 1406:120 1408:288 1414:96 1416:192 1432:96 1440:48 1444:48 1446:48 1468:24 1472:48 1478:48 1480:192 1488:96 1492:96 1496:48 1500:48 1504:192 1512:192 1520:96 1544:48 1560:288 1568:96 1580:48 1584:48 1596:192 1610:48 1612:24 1614:96 1616:192 1632:72 1648:240 1664:24 1684:48 1688:96 1712:96 1724:48 1750:48 1760:216 1764:96 1776:48 1786:48 1790:96 1816:48 1828:24 1856:96 1864:96 1874:48 1876:192 1896:192 1900:96 1920:312 1930:48 1932:96 1940:96 1952:72 1962:24 1996:48 2000:192 2016:48 2026:144 2044:96 2064:48 2076:144 2108:48 2112:96 2156:48 2160:48 2168:48 2176:24 2188:48 2200:96 2208:192 2212:96 2224:48 2248:96 2286:48 2288:48 2324:24 2356:96 2368:48 2400:48 2478:48 2482:48 2528:96 2534:96 2572:48 2592:48 2600:48 2648:96 2728:48 2740:48 2764:96 2800:96 2822:96 2872:96 2888:192 2928:96 2936:192 2944:96 2964:24 3002:48 3060:48 3242:192 3292:48 3296:48 3322:96 3328:48 3336:24 3364:48 3452:72 3500:192 3572:24 3804:48 3808:48 3866:96 3938:96 3948:48 4018:48 4048:24 4168:96 4304:48 4360:48 4428:96 4474:48 4536:48 4576:96 4662:48 4730:96 4788:24 5048:48 5262:48 5424:48 5624:48 6146:48 6324:96 6920:24 7152:48 7728:48
maximum-mask-count histogram 1:20256 2:41460 4:81024 6:13332 8:89880 10:4464 12:21768 14:528 16:45732 18:2976 20:10452 22:1152 24:23232 26:264 28:3168 30:288 32:12360 34:192 36:2784 38:288 40:6816 44:1560 48:5160 50:912 52:936 54:336 56:1728 60:912 64:1344 68:48 72:1296 76:120 80:696 84:144 88:48 90:48 92:672 96:576 100:240 104:360 108:192 112:624 120:432 128:192 144:96 152:192 168:72 172:96 188:288 192:96 246:24 248:48
largest-layer histogram 1:24 2:168 3:348 4:1728 6:840 7:228 8:7608 9:852 10:1656 12:3648 13:744 14:2784 15:48 16:13392 17:48 18:1368 19:132 20:5664 21:264 22:624 24:6960 25:12 26:2640 27:108 28:4716 29:24 30:1320 32:19272 33:264 34:360 36:1908 37:432 38:1008 39:36 40:5412 42:1248 43:552 44:2880 45:48 46:480 48:7668 50:468 51:24 52:5064 54:516 56:11220 57:24 58:432 60:5424 61:48 62:516 63:144 64:12900 66:504 68:1800 70:912 72:6252 74:780 75:24 76:4200 77:84 78:216 79:60 80:5724 81:192 82:1272 84:3444 86:612 87:180 88:4428 90:408 92:1056 93:24 94:960 95:48 96:5088 98:120 100:1272 102:288 104:1296 106:1908 108:3600 110:216 111:96 112:7152 114:744 115:24 116:3816 118:444 120:2844 121:96 122:624 124:1680 126:672 128:8592 129:60 130:312 131:48 132:984 134:96 135:48 136:3828 138:948 140:1176 142:72 143:24 144:4296 146:72 148:576 149:48 150:840 152:3504 154:144 156:2964 158:456 160:3552 161:48 162:96 163:12 164:432 165:48 166:396 168:720 172:1860 174:864 175:72 176:3588 180:1044 182:480 183:36 184:1488 186:672 188:1872 189:96 190:408 191:60 192:2796 194:96 196:1824 198:144 200:2220 202:72 204:2568 206:864 208:960 210:72 212:816 214:48 216:2316 218:60 220:2112 224:2388 228:972 229:72 230:336 232:1668 234:408 236:432 238:96 239:12 240:2928 242:48 244:1260 248:2448 250:24 252:1116 254:48 256:5892 258:12 260:960 262:384 263:48 264:1332 266:336 268:576 270:12 272:840 273:12 276:1176 278:24 280:1440 282:12 284:1056 287:96 288:1728 291:96 292:288 294:24 296:3384 298:528 299:24 300:336 301:48 302:504 303:48 304:1332 306:216 308:804 310:12 312:960 316:792 318:156 320:2064 322:288 324:636 326:468 328:432 330:24 331:24 332:24 334:144 336:672 340:48 342:48 344:1968 346:324 348:288 350:96 352:1872 354:48 356:456 358:192 360:576 362:96 363:12 364:336 368:792 370:144 371:12 372:456 373:48 374:24 376:840 378:48 380:192 382:192 384:1056 386:360 388:336 390:48 392:1200 393:204 394:72 396:480 400:684 402:144 404:540 406:96 408:240 410:48 412:240 414:480 416:1728 420:576 422:192 424:1548 428:360 432:1380 434:24 436:192 438:432 440:888 442:240 444:408 448:1296 450:192 454:192 455:48 456:1104 458:48 460:516 462:48 463:96 464:480 465:192 466:96 468:336 472:816 474:84 476:540 478:96 480:1440 484:192 488:588 489:24 490:96 492:216 494:72 496:648 500:468 504:648 506:72 507:48 508:432 512:1152 516:144 520:48 524:144 526:120 528:840 530:24 532:240 536:336 540:24 542:288 544:156 548:648 550:96 552:96 556:216 558:24 560:1020 564:144 566:96 568:192 572:528 574:48 576:768 580:192 584:120 588:84 590:24 592:624 594:24 596:144 598:96 600:600 608:288 612:192 614:24 616:384 618:96 624:672 628:96 632:456 634:108 636:204 638:96 640:240 642:24 646:120 652:144 656:156 660:60 662:96 664:144 668:240 672:312 674:192 676:72 678:24 680:48 686:144 688:48 692:48 696:192 700:264 702:24 704:1008 708:96 710:288 712:480 720:672 724:144 726:48 734:120 736:144 738:24 740:48 744:360 746:96 750:12 752:432 758:48 760:396 762:84 764:60 766:96 768:84 770:24 776:288 784:312 792:24 796:216 800:96 806:288 808:720 812:312 816:816 820:144 824:144 826:24 832:108 834:24 836:96 838:96 840:144 842:96 844:144 846:48 848:120 850:48 852:48 856:108 860:288 864:1080 872:1056 874:24 880:384 888:96 889:12 892:96 894:48 896:576 900:72 904:144 906:48 908:96 912:72 920:216 928:552 936:144 938:48 940:240 942:168 944:624 952:336 960:360 964:96 968:216 972:48 976:384 984:432 990:24 992:120 993:48 998:192 1000:96 1002:48 1004:48 1008:60 1014:24 1016:192 1018:96 1019:48 1024:192 1032:216 1040:216 1048:48 1056:96 1058:192 1064:96 1068:12 1088:216 1089:48 1096:60 1100:96 1102:192 1104:72 1106:72 1116:144 1118:96 1120:48 1124:564 1126:96 1128:24 1134:24 1136:192 1138:48 1140:48 1144:144 1148:120 1152:360 1160:144 1164:24 1168:96 1170:192 1172:96 1176:24 1180:96 1181:48 1184:288 1198:96 1200:192 1202:24 1208:192 1212:108 1216:276 1222:48 1232:72 1240:96 1264:48 1270:96 1272:48 1276:192 1280:144 1284:60 1292:144 1293:96 1296:24 1300:96 1308:192 1316:192 1318:96 1320:192 1328:624 1332:264 1340:48 1344:96 1352:96 1356:24 1360:48 1364:48 1376:144 1384:192 1400:360 1406:24 1408:240 1414:96 1416:192 1432:144 1440:48 1444:48 1446:48 1468:24 1478:48 1480:192 1488:144 1492:96 1496:48 1500:144 1504:480 1512:192 1520:96 1544:384 1560:288 1564:24 1568:108 1580:48 1596:48 1608:96 1610:48 1614:96 1616:192 1632:24 1640:48 1648:240 1664:216 1676:24 1680:24 1684:48 1688:96 1708:24 1728:48 1750:48 1760:216 1764:96 1770:24 1790:96 1792:48 1816:48 1824:48 1840:48 1848:96 1852:96 1856:144 1864:96 1872:120 1874:48 1876:192 1880:240 1888:96 1896:120 1900:96 1904:96 1912:96 1920:336 1928:48 1932:96 1934:48 1940:96 1952:72 1960:96 1992:96 1996:48 2000:192 2016:48 2020:24 2026:48 2044:96 2056:48 2064:72 2068:48 2072:24 2076:144 2108:48 2112:96 2124:48 2128:48 2136:24 2156:96 2160:96 2164:12 2168:48 2188:72 2200:96 2208:192 2212:96 2224:48 2248:120 2256:48 2286:48 2324:12 2328:12 2356:96 2368:48 2396:48 2400:48 2404:24 2460:24 2478:48 2482:24 2492:24 2504:48 2528:96 2534:96 2572:48 2592:48 2600:48 2648:96 2652:96 2712:48 2718:96 2740:48 2764:96 2784:48 2800:288 2816:48 2822:192 2856:12 2872:96 2888:192 2928:96 2936:144 2944:96 2964:24 3002:48 3020:48 3104:96 3120:24 3124:48 3194:48 3208:96 3242:192 3296:48 3322:96 3328:48 3336:72 3452:72 3456:48 3488:24 3500:192 3528:48 3544:48 3588:48 3648:96 3656:48 3718:12 3800:24 3804:48 3808:48 3866:96 3908:24 3948:48 3984:24 4018:48 4048:24 4168:96 4260:48 4304:48 4360:24 4428:96 4536:48 4576:96 4662:48 4672:24 4730:96 4788:12 5048:48 5100:24 5148:48 5262:48 5276:48 5424:48 5492:48 5624:48 6012:96 6060:48 6146:48 6224:48 6324:96 6424:48 6484:24 6920:24 7048:24 7152:48 7720:12 7728:48
tournament carrier owner obligations; pair observable (feasible,max-union,capacity,reachable-count,maximum-mask-count); lexicographic switch; coordinate tie path
tournament fingerprints: all 66984 transitive; score word 0,1,2,3,4,5; triangles 0; SCCs 6; Hamiltonian paths 1
tournament tie-edge histogram 0:38928 1:23064 2:4104 3:744 4:24 6:72 7:48
tournament edge-flip histogram 0:135 1:425 2:1259 3:2690 4:4808 5:7017 6:9594 7:10755 8:9843 9:8000 10:5625 11:3615 12:1970 13:900 14:302 15:46
tournament aggregate scores 0:66984 1:66984 2:66984 3:66984 4:66984 5:66984
tournament-bank FNV64 642fc69a5f1edc21
four-feasible exceptional rows 30; multiplication-orbit sizes 6:1 12:2
four-feasible cubic type counts (high-order,ratio-distance) (8,3):12 (8,6):6 (24,3):12; exact-row FNV64 d40b8aa5ee61cb18
four-feasible order profiles n1,n2,n3,n4,n6,n8,n12,n24 0,0,4,0,0,0,0,2:12 0,0,4,0,0,2,0,0:18
missing-owner unordered ratio-exponent distances 3:24 6:6
missing-owner graph edges 1-5:2 1-8:2 1-12:1 2-3:2 2-10:2 2-11:1 3-10:1 3-11:2 4-6:2 4-7:2 4-9:1 5-8:1 5-12:2 6-7:1 6-9:2 7-9:2 8-12:2 10-11:2
missing-owner graph degrees 1:5 2:5 3:5 4:5 5:5 6:5 7:5 8:5 9:5 10:5 11:5 12:5
cubic classification: for primitive root 2, C0={1,5,8,12}, C1={2,3,10,11}, C2={4,6,7,9}; every exceptional support is a*C2 union E with E a two-subset of a*C0 and a*C1 absent; the feasible owners are exactly a*C2
missing-owner Cayley multigraph: exponent steps +/-3 have multiplicity two (high orders 8 and 24), while step 6 has multiplicity one (high order 8); every label has degree 5
three-class nerve proof: at a low owner, D3 ratios in C0 cover sheet classes 2,0,1 mod 3.  At a high owner, D3 ratios in C2 have two empty fibres and two fibres confined to one of classes 0,1; if those classes differ they cover 16, and the two high-order fibres add at most 3 points in the remaining class.  Therefore the high-owner maximum is 19 (attained), versus low-owner maximum 24
four-row 0 support=1,2,3,5,8,12 orders=3,8,8,3,3,3 missing=2,3 capacities=30,25,25,30,30,30 maxima=24,19,19,24,24,24 feasible-mask=0x39
four-row 1 support=1,2,3,5,8,12 orders=3,24,24,3,3,3 missing=2,3 capacities=32,24,24,32,32,32 maxima=24,19,19,24,24,24 feasible-mask=0x39
four-row 2 support=1,2,5,8,10,12 orders=3,8,3,3,8,3 missing=2,10 capacities=30,25,30,30,25,30 maxima=24,19,24,24,19,24 feasible-mask=0x2d
four-row 3 support=1,2,5,8,10,12 orders=3,24,3,3,24,3 missing=2,10 capacities=32,24,32,32,24,32 maxima=24,19,24,24,19,24 feasible-mask=0x2d
four-row 4 support=1,2,5,8,11,12 orders=3,8,3,3,8,3 missing=2,11 capacities=30,25,30,30,25,30 maxima=24,19,24,24,19,24 feasible-mask=0x2d
four-row 5 support=1,3,5,8,10,12 orders=3,8,3,3,8,3 missing=3,10 capacities=30,25,30,30,25,30 maxima=24,19,24,24,19,24 feasible-mask=0x2d
four-row 6 support=1,3,5,8,11,12 orders=3,8,3,3,8,3 missing=3,11 capacities=30,25,30,30,25,30 maxima=24,19,24,24,19,24 feasible-mask=0x2d
four-row 7 support=1,3,5,8,11,12 orders=3,24,3,3,24,3 missing=3,11 capacities=32,24,32,32,24,32 maxima=24,19,24,24,19,24 feasible-mask=0x2d
four-row 8 support=1,4,5,6,7,9 orders=8,3,8,3,3,3 missing=1,5 capacities=25,30,25,30,30,30 maxima=19,24,19,24,24,24 feasible-mask=0x3a
four-row 9 support=1,4,5,6,7,9 orders=24,3,24,3,3,3 missing=1,5 capacities=24,32,24,32,32,32 maxima=19,24,19,24,24,24 feasible-mask=0x3a
four-row 10 support=1,4,6,7,8,9 orders=8,3,3,3,8,3 missing=1,8 capacities=25,30,30,30,25,30 maxima=19,24,24,24,19,24 feasible-mask=0x2e
four-row 11 support=1,4,6,7,8,9 orders=24,3,3,3,24,3 missing=1,8 capacities=24,32,32,32,24,32 maxima=19,24,24,24,19,24 feasible-mask=0x2e
four-row 12 support=1,4,6,7,9,12 orders=8,3,3,3,3,8 missing=1,12 capacities=25,30,30,30,30,25 maxima=19,24,24,24,24,19 feasible-mask=0x1e
four-row 13 support=1,5,8,10,11,12 orders=3,3,3,8,8,3 missing=10,11 capacities=30,30,30,25,25,30 maxima=24,24,24,19,19,24 feasible-mask=0x27
four-row 14 support=1,5,8,10,11,12 orders=3,3,3,24,24,3 missing=10,11 capacities=32,32,32,24,24,32 maxima=24,24,24,19,19,24 feasible-mask=0x27
four-row 15 support=2,3,4,6,10,11 orders=3,3,8,8,3,3 missing=4,6 capacities=30,30,25,25,30,30 maxima=24,24,19,19,24,24 feasible-mask=0x33
four-row 16 support=2,3,4,6,10,11 orders=3,3,24,24,3,3 missing=4,6 capacities=32,32,24,24,32,32 maxima=24,24,19,19,24,24 feasible-mask=0x33
four-row 17 support=2,3,4,7,10,11 orders=3,3,8,8,3,3 missing=4,7 capacities=30,30,25,25,30,30 maxima=24,24,19,19,24,24 feasible-mask=0x33
four-row 18 support=2,3,4,7,10,11 orders=3,3,24,24,3,3 missing=4,7 capacities=32,32,24,24,32,32 maxima=24,24,19,19,24,24 feasible-mask=0x33
four-row 19 support=2,3,4,9,10,11 orders=3,3,8,8,3,3 missing=4,9 capacities=30,30,25,25,30,30 maxima=24,24,19,19,24,24 feasible-mask=0x33
four-row 20 support=2,3,6,7,10,11 orders=3,3,8,8,3,3 missing=6,7 capacities=30,30,25,25,30,30 maxima=24,24,19,19,24,24 feasible-mask=0x33
four-row 21 support=2,3,6,9,10,11 orders=3,3,8,8,3,3 missing=6,9 capacities=30,30,25,25,30,30 maxima=24,24,19,19,24,24 feasible-mask=0x33
four-row 22 support=2,3,6,9,10,11 orders=3,3,24,24,3,3 missing=6,9 capacities=32,32,24,24,32,32 maxima=24,24,19,19,24,24 feasible-mask=0x33
four-row 23 support=2,3,7,9,10,11 orders=3,3,8,8,3,3 missing=7,9 capacities=30,30,25,25,30,30 maxima=24,24,19,19,24,24 feasible-mask=0x33
four-row 24 support=2,3,7,9,10,11 orders=3,3,24,24,3,3 missing=7,9 capacities=32,32,24,24,32,32 maxima=24,24,19,19,24,24 feasible-mask=0x33
four-row 25 support=4,5,6,7,8,9 orders=3,8,3,3,8,3 missing=5,8 capacities=30,25,30,30,25,30 maxima=24,19,24,24,19,24 feasible-mask=0x2d
four-row 26 support=4,5,6,7,9,12 orders=3,8,3,3,3,8 missing=5,12 capacities=30,25,30,30,30,25 maxima=24,19,24,24,24,19 feasible-mask=0x1d
four-row 27 support=4,5,6,7,9,12 orders=3,24,3,3,3,24 missing=5,12 capacities=32,24,32,32,32,24 maxima=24,19,24,24,24,19 feasible-mask=0x1d
four-row 28 support=4,6,7,8,9,12 orders=3,3,3,8,3,8 missing=8,12 capacities=30,30,30,25,30,25 maxima=24,24,24,19,24,19 feasible-mask=0x17
four-row 29 support=4,6,7,8,9,12 orders=3,3,3,24,3,24 missing=8,12 capacities=32,32,32,24,32,24 maxima=24,24,24,19,24,19 feasible-mask=0x17
preserved: exact FULL-mask feasibility, maximum deficit, absolute 24-sheet masks, all local unit choices, and every labelled owner obligation
lost: an owner projection forgets simultaneous cross-owner unit gluing; the tournament also forgets exact masks, sheet identities, threshold magnitude, and witness incidence
challenged vertices: providers, sheets, wall events, residue states, gaps, boundaries, cover arcs, Fourier modes, and matroid circuits all need incidence sidecars; owner proof obligations are terminal-faithful here
verdict: independent literal replay agrees; every scalar row has at least two impossible owners, so the scale-24 common H6 face is empty
