LRC14 THM2941 critical seven-slot scalar wall
universe=(six_body_roots=3003,body_labels=1..14,external_labels>=15)
counts=(q7_gt_h_over_7=3003,B2_gt_2h_over_7=3003,lambda_eq_h_over_7=3003,scalar_closures=0)
q7_gap_min=11/2548;body=(1, 2, 3, 4, 6, 13)
q7_gap_max=26077/1284192;body=(4, 6, 9, 12, 13, 14)
pair_gap_min=1756/77175;body=(1, 3, 5, 7, 11, 14)
pair_gap_max=203624/2207205;body=(2, 4, 8, 10, 13, 14)
envelope_gap_min=6847/120120;body=(1, 2, 3, 4, 6, 13)
envelope_gap_max=200138/945945;body=(2, 4, 6, 10, 12, 14)
pair_tail_gap_min=1/21351330;body=(1, 2, 4, 5, 6, 13)
maximum_pair_horizon=6635
maximum_top7_scan_horizon=2000
minimum_longest_component=23/1092;body=(1, 6, 7, 8, 10, 13)
critical_owner_bound_histogram=((1, 39), (2, 1601), (3, 1049), (4, 283), (5, 28), (6, 3))
balanced_pointwise_cover_boundary=EMPTY;zero excess assigns each closed positive carrier component to one open tooth, forcing an owner<=6<15
hypothetical_balanced_partition_gram=(h/49)(7I-J);rank=6;kernel=span(all_ones)
next_object=multi-slope restricted Gram plus component owner/address-transition ledger; scalar pair cap is insufficient
row_semantic_sha256=04d4bbbac0d606678aa6b4f3d34b2463c3a023a2169be8f9bbe0cfcb97aeaf39
scope=complete scalar-wall and balanced-boundary audit on the six-body/seven-tail rung; arbitrary positive-excess covers OPEN
not_unrestricted_LRC14=TRUE
semantic_sha256=d559fa14e23e40db1de9428822b22ab409379f215ba20722cebc515e1bde5c58
all_exact_controls=PASS
