CARRIER_CEGAR_ROUND4_V1
ROUND3 UNION 8319 FNV e08b227730f6793c
SEED_FULL_DISCOVERY PAIR 520,688 PREFIX 5398 PREFIX_FNV 6ab471da88c8e1d1 OVERLAP_ROUND3 5199 NOVEL 199 NOVEL_FNV 772162cabf9167f9 PREFIX_MAX_CHECKS 5398
OLD_SEED ACTIVE 5934 FAILURES 2 FIRST_FAILURE 7187008 SECOND_FAILURE 27503008 FIRST_LABELS {16,85,88,95,145,168,193,240,252} SECOND_LABELS {16,85,88,168,176,193,240,252,290}
ROUND4 UNION 8518 FNV 1603e3fe970f8428 ATOM_COMPONENT_LEDGER b0e486cdd9ce6f4e ACTIVE_NOVEL 199 DISJOINT_FIRST 1 DISJOINT_SECOND 1 FIRST_WITNESS 20810e81 FIRST_WITNESS_LABELS {8,42,63,80,84,126,190,290} NEW_SEED_ACTIVE 6133 NEW_SEED_FAILURES 0 NEW_SEED_CHECKS 486545771 NEW_SEED_MAX_CHECKS 6111
LAYER 688 ROWS 1 RESISTANT 0 ACTIVE_SUM 6133 CHECKS 486545771 MAX_CHECKS 6111 ROW_LEDGER baac56865f346292
LAYER 687 ROWS 126 RESISTANT 0 ACTIVE_SUM 1060587 CHECKS 52881634482 MAX_CHECKS 2634 ROW_LEDGER f95dcdabfc92bbd3
LAYER 686 ROWS 126 RESISTANT 0 ACTIVE_SUM 1065834 CHECKS 52726263660 MAX_CHECKS 1494 ROW_LEDGER 53ea5dfbd9df51de
LAYER 685 ROWS 127 RESISTANT 0 ACTIVE_SUM 1073726 CHECKS 53152857075 MAX_CHECKS 1978 ROW_LEDGER 2eb6453fa888f817
LAYER 684 ROWS 130 RESISTANT 0 ACTIVE_SUM 1101636 CHECKS 54372801378 MAX_CHECKS 1612 ROW_LEDGER 9bd539a3065b3ec8
LAYER 683 ROWS 133 RESISTANT 0 ACTIVE_SUM 1127995 CHECKS 55589595981 MAX_CHECKS 2026 ROW_LEDGER ecdcb076cc68e41d
LAYER 682 ROWS 135 RESISTANT 0 ACTIVE_SUM 1136576 CHECKS 56614477058 MAX_CHECKS 2433 ROW_LEDGER 2f2982f998da399b
LAYER 681 ROWS 136 RESISTANT 0 ACTIVE_SUM 1142810 CHECKS 57164560033 MAX_CHECKS 2795 ROW_LEDGER 67b55aea7f511afa
LAYER 680 ROWS 139 RESISTANT 0 ACTIVE_SUM 1178748 CHECKS 58089976627 MAX_CHECKS 2775 ROW_LEDGER a277797eeebcfe3e
LAYER 679 ROWS 143 RESISTANT 0 ACTIVE_SUM 1206203 CHECKS 59972858467 MAX_CHECKS 2030 ROW_LEDGER bf83e75d7bcc6df4
LAYER 678 ROWS 144 RESISTANT 0 ACTIVE_SUM 1214425 CHECKS 60405033771 MAX_CHECKS 1668 ROW_LEDGER 8105dca5a3431acf
LAYER 677 ROWS 146 RESISTANT 0 ACTIVE_SUM 1224030 CHECKS 61447325201 MAX_CHECKS 4597 ROW_LEDGER 154cbb7af25ad572
LAYER 676 ROWS 149 RESISTANT 0 ACTIVE_SUM 1251414 CHECKS 62610893923 MAX_CHECKS 2043 ROW_LEDGER f34196314c82a27d
LAYER 675 ROWS 153 RESISTANT 0 ACTIVE_SUM 1286625 CHECKS 64396223274 MAX_CHECKS 2699 ROW_LEDGER 567dc9389357266d
LAYER 674 ROWS 156 RESISTANT 0 ACTIVE_SUM 1316919 CHECKS 65337762631 MAX_CHECKS 4566 ROW_LEDGER 6310d1c3770c8736
LAYER 673 ROWS 159 RESISTANT 0 ACTIVE_SUM 1337644 CHECKS 66732971221 MAX_CHECKS 3732 ROW_LEDGER 1d4158050cbb3f94
LAYER 672 ROWS 161 RESISTANT 0 ACTIVE_SUM 1360554 CHECKS 67391966035 MAX_CHECKS 3118 ROW_LEDGER 8858ad7a488ae86e
LAYER 671 ROWS 162 RESISTANT 2 ACTIVE_SUM 1346277 CHECKS 68664122494 MAX_CHECKS 5988 ROW_LEDGER 2d2c325d27425b3b
RESISTANT PAIR 256,671 ACTIVE 4290 FAILURES 26 FIRST_FAILURE 6166401 FIRST_FAILURE_LABELS {8,80,88,95,132,143,168,240,252} BEST_DISJOINT_REPAIR 39201280 BEST_DISJOINT_LABELS {42,63,85,170,193,264,286,290} BEST_DISJOINT_MARGIN_NUM -89508336872746176 DEN 43867507598953758720
RESISTANT PAIR 384,671 ACTIVE 5988 FAILURES 1 FIRST_FAILURE d186401 FIRST_FAILURE_LABELS {8,80,88,95,145,168,193,252,264} BEST_DISJOINT_REPAIR 10479200 BEST_DISJOINT_LABELS {63,85,120,126,132,143,176,286} BEST_DISJOINT_MARGIN_NUM -721295701293847680 DEN 65801261398430638080
STOP FIRST_RESISTANT_LAYER 671 VERDICT BOUNDARY_FOUND
