PAIR 220,644 DEN 9045426131444102400 ACTIVE_ALL 3096611 ACTIVE_ALL_FNV e25cd7111fdbe71d ALL_MIN_ACTIVE 2c018a40:2061056788560 ALL_CLOSEST_INACTIVE 028a8301:-1553293692720
CARRIER ACTIVE 7324 INACTIVE 1673 ACTIVE_FNV 63999d83cf5a9783 MIN_ACTIVE 0e048422:1626450297650640 CLOSEST_INACTIVE 18314a00:-621708020619840 REPAIR_014c9084 2005543760579583840
INACTIVE_JOINT 25:0230106c:-14492547216378000
PAIR 256,644 DEN 10525586771134955520 ACTIVE_ALL 1465388 ACTIVE_ALL_FNV 7ee496dd5e3b67c6 ALL_MIN_ACTIVE 0a02e840:1095748875648 ALL_CLOSEST_INACTIVE 0d004e01:-4591842264576
CARRIER ACTIVE 4125 INACTIVE 4872 ACTIVE_FNV f07d2c694c9621e1 MIN_ACTIVE 14252404:3630460073857344 CLOSEST_INACTIVE 2c160044:-2161429822056960 REPAIR_014c9084 150690435472027584
INACTIVE_JOINT 9:22205c02:-419872309296229440 29:0080501f:-84217158265742208 32:1e808042:-179529489965052864 75:21948006:-1224292356751665600 137:140d0205:-57779950466032704 139:10259240:-1495867657007558016 150:11419201:-80306071955081280 159:1e220042:-55618893128606976 174:21b40108:-155642059239355584 205:23081206:-434457938341393344 218:16410206:-28779163770204288 309:22a89002:-9383281930262016 333:16a20003:-58299510873078720 347:22045c04:-42621503353486848 358:230c1082:-468061157780927424 374:20027016:-1154864939827257792 394:10a41016:-1444744490580308736 399:3880b200:-108420905363690304 405:2051d200:-155269248487960320 416:010d1209:-656033705704694016 417:01188550:-628877964574306944
PAIR 258,644 DEN 21215635835568894720 ACTIVE_ALL 3957432 ACTIVE_ALL_FNV 17fe914235c41d6a ALL_MIN_ACTIVE 01540431:2411180475984 ALL_CLOSEST_INACTIVE 022019c8:-2505538063728
CARRIER ACTIVE 8504 INACTIVE 493 ACTIVE_FNV cf134150fef0e024 MIN_ACTIVE 02076220:1892306162096784 CLOSEST_INACTIVE 21108216:-243626289577776 REPAIR_014c9084 6660513702632628720
INACTIVE_JOINT 412:02501483:-68686124067694224
PAIR 294,644 DEN 3453708159278657280 ACTIVE_ALL 3290605 ACTIVE_ALL_FNV 73c1d8e05b9d6db8 ALL_MIN_ACTIVE 11006149:1127617878240 ALL_CLOSEST_INACTIVE 14820286:-292390959168
CARRIER ACTIVE 7878 INACTIVE 1119 ACTIVE_FNV a0a32e4d0da30feb MIN_ACTIVE 03848508:207374904783648 CLOSEST_INACTIVE 0500c384:-333971045421552 REPAIR_014c9084 692219178331145136
INACTIVE_JOINT 173:0280b206:-36986430671148672
PAIR 366,644 DEN 30096599673714013440 ACTIVE_ALL 2383426 ACTIVE_ALL_FNV 3275a21c0f85fc9d ALL_MIN_ACTIVE 091201a1:7623474721632 ALL_CLOSEST_INACTIVE 30282098:-7016341490928
CARRIER ACTIVE 6180 INACTIVE 2817 ACTIVE_FNV a9e11049dee97722 MIN_ACTIVE 06055900:1497737755549728 CLOSEST_INACTIVE 0600c423:-2638804564824624 REPAIR_014c9084 3767019948395993520
INACTIVE_JOINT 396:082022c9:-923409115699210560
PAIR 416,644 DEN 17104078503094302720 ACTIVE_ALL 3098275 ACTIVE_ALL_FNV 790be8ea06091783 ALL_MIN_ACTIVE 1a105050:1530466636608 ALL_CLOSEST_INACTIVE 0302980a:-4737882554496
CARRIER ACTIVE 7623 INACTIVE 1374 ACTIVE_FNV e1518080bf06e72e MIN_ACTIVE 1201a490:954159027389568 CLOSEST_INACTIVE 001a8451:-2761365033318528 REPAIR_014c9084 5508291898125656640
INACTIVE_JOINT 236:1a440803:-1239049729308763008
PAIR 512,644 DEN 21051173542269911040 ACTIVE_ALL 2271751 ACTIVE_ALL_FNV 9f37456f9594fb36 ALL_MIN_ACTIVE 15c00821:802382720832 ALL_CLOSEST_INACTIVE 05018740:-3418181657856
CARRIER ACTIVE 5972 INACTIVE 3025 ACTIVE_FNV 24dbc649e06c9113 MIN_ACTIVE 20902286:238976726389632 CLOSEST_INACTIVE 050420b2:-5838833552057856 REPAIR_014c9084 3829032520825978368
INACTIVE_JOINT 107:128c8900:-193499999741333376 374:20027016:-1129195510082148096
PAIR 256,638 DEN 20855044596223918080 ACTIVE_ALL 1183137 ACTIVE_ALL_FNV 710bf6bd4f59ebab ALL_MIN_ACTIVE 22510089:8658938756160 ALL_CLOSEST_INACTIVE 15201016:-8241754618944
CARRIER ACTIVE 3304 INACTIVE 5693 ACTIVE_FNV b59e6995074df7e1 MIN_ACTIVE 2295a000:316794702470400 CLOSEST_INACTIVE 16208502:-3711627422838720 REPAIR_014c9084 2043866209962975552
INACTIVE_JOINT 0:0a10d120:-291679572852581760 2:2a904060:-2442476076276785472 8:0ca81140:-1695360807101763648 9:22205c02:-1703730258331383744 12:12904122:-1762004853793400832 16:0c82044a:-78727558879214784 20:19801c80:-1283204864765444544 21:0202a129:-1829817212623690752 25:0230106c:-493294321749265344 26:30182016:-775293885542195712 27:0b2a0802:-1409138833638900672 29:0080501f:-6455059439294809728 31:32a40801:-552709696646435328 32:1e808042:-2279111255609525568 40:0a204449:-510288085685746368 42:38060490:-1427198835552602112 45:0ac44140:-4173241630485799872 48:1a048128:-133893560484395712 51:200a3405:-171760981198314816 57:08c0a980:-1533792164580156096 60:23801083:-89834466770693568 62:1802001f:-1200788209026806400 73:3a0c0a00:-1339122271372389504 75:21948006:-1509480475834205952 80:08940509:-46930836183517440 85:28a05140:-4240234481290803072 90:2210812c:-626885154224727552 91:19c00c40:-23618741833475712 97:02423007:-866674552185731520 106:22a40482:-988065021876210432 107:128c8900:-764238640651694208 108:201a0416:-1741843946345646528 111:082a1828:-1863797256661963392 123:0321120c:-240936057391208256 128:12c80482:-1188659328118327296 130:2b02080a:-682862116514276160 133:02289121:-2158129564456751424 138:20804487:-1312040823419164608 139:10259240:-2837344842507599424 147:00e03092:-1012208999222703744 148:28144428:-494676143743231296 154:000c7007:-888905423647555776 158:088248c8:-2926858458203773632 159:1e220042:-726979880285632512 165:20a81604:-1160023892410861632 173:0280b206:-2653814337131821248 174:21b40108:-1751228242664193216 187:28062405:-1443664044473865984 190:00b8d010:-132788870457255936 194:18c0c140:-2177534365027914816 197:32a0800a:-2712166565325364224 198:08c42c01:-1603569411591884352 200:18283044:-3297200020601610816 215:2220d088:-619562040048306432 222:009041ac:-561459141869738112 226:18822601:-31083821504721216 228:0a9c8040:-1705572958036457664 233:00aa3402:-1269801995193103680 236:1a440803:-564873370510280832 237:228c4006:-587491146532426752 247:2380c108:-663886947439279872 251:280a2007:-2360575135112527872 252:3a800403:-2995991516690061120 257:32260808:-374692503739986432 258:00d82282:-75306605044188672 265:20820649:-2402120769326264448 271:2848280a:-739080956595244032 275:1aa28002:-3193391709487425600 277:1088048b:-246160272750860160 281:2b420880:-489508127370706752 282:0030912c:-183324917778444288 285:1380020b:-665077115539400256 292:09a44044:-1224593445206621952 297:08b204c0:-1496199662108319168 299:20882603:-465700606212796416 300:20a09640:-1305212998423783680 301:32868100:-128221537523631552 303:080a4087:-2481640977489968448 305:10845142:-499917942168188544 309:22a89002:-2909063514280271040 321:0b2c0088:-1276739824269837312 330:36801006:-444870955987387776 333:16a20003:-1746920986900867008 334:1886010c:-37066961993757696 336:2888044c:-4058399559500193600 345:18868880:-751134495809617920 347:22045c04:-987753046399612416 355:12002287:-273781305889261632 365:00a0268a:-1238229000627030720 373:0a022096:-2545699461494644224 374:20027016:-6831616859541847296 376:008270c1:-438082596939113280 377:1a101c10:-101453585559657408 383:0a085c04:-1243335852291322944 388:18246c00:-619094590831708992 391:086a0888:-1349290830724341120 393:28820c81:-4275556240942103040 394:10a41016:-6519781252605164544 396:082022c9:-2468160822530430720 397:0262a202:-482344196763312576 399:3880b200:-4909017178540379520 404:00026097:-4773036989221079040 405:2051d200:-240135892597871424 413:0a38400a:-37982008175614272 416:010d1209:-576308154900006144
NEXT_WITNESS 02203226:863430188391251712 081e1084:1322889050855477952 08a89440:20822587869504960 180a8281:784243748299290048 18261042:219800942835522048 18a0d040:1250826577586707968 1a82a200:676750340471147712 202a9440:651617227845505152 280a0a88:308856495733099776
LEDGER 6f5f5d55d7aabf59
