LRC14 THM2915 ordered-third-centre ledger
THIRD_RECURSIVE;E=1,2,4,6,8,10,14;rank=1;a=22;P=22;x=26;earlier=;y=18;yearlier=;lambda3=29024/945945;delta3=116096/6621615;N3=253;H1=48:33569/840840,24:7141/210210,16:664/21021;closed=1
THIRD;E=1,2,4,6,8,10,14;rank=1;a=22;P=22;x=26;earlier=;y=18;yearlier=;z=48;zearlier=;h=26297/504504;r=26;M=2000;B2=16175/504504;B2w=16,20;B2tail=334513943/11777645880;B2gap=5386429/1472205735;paid=18;margin=241/12012;closed=1
THIRD;E=1,2,4,6,8,10,14;rank=1;a=22;P=22;x=26;earlier=;y=18;yearlier=;z=24;zearlier=48;h=7325/126126;r=20;M=2000;B2=3148/63063;B2w=16,20;B2tail=24676259/588882294;B2gap=1573255/196294098;paid=5;margin=7/858;closed=1
THIRD;E=1,2,4,6,8,10,14;rank=1;a=22;P=22;x=26;earlier=;y=18;yearlier=;z=16;zearlier=48,24;h=19064/315315;r=16;M=2000;B2=3613/95004;B2w=58,60;B2tail=49607312/1472205735;B2gap=8507519/1962940980;paid=11;margin=273473/12192180;closed=1
THIRD_RECURSIVE;E=1,2,6,7,10,11,13;rank=1;a=16;P=16;x=17;earlier=;y=23;yearlier=;lambda3=5611/183260;delta3=5611/320705;N3=300;H1=18:215021/6262256,27:267481/8128890,36:711803/22416030,19:144583/4710860;closed=1
THIRD;E=1,2,6,7,10,11,13;rank=1;a=16;P=16;x=17;earlier=;y=23;yearlier=;z=18;zearlier=;h=12606533/219178960;r=20;M=2000;B2=9726753/244964720;B2w=19,78;B2tail=31420958719/845373248720;B2gap=28237709/11123332220;paid=17;margin=481619/27041560;closed=1
THIRD;E=1,2,6,7,10,11,13;rank=1;a=16;P=16;x=17;earlier=;y=23;yearlier=;z=27;zearlier=18;h=609869/10345860;r=22;M=2000;B2=4070201/100212840;B2w=19,78;B2tail=7688020289/195086134320;B2gap=483421529/400439959920;paid=26;margin=2677001/146024424;closed=1
THIRD;E=1,2,6,7,10,11,13;rank=1;a=16;P=16;x=17;earlier=;y=23;yearlier=;z=36;zearlier=18,27;h=4233991/70450380;r=26;M=2000;B2=680033/16576560;B2w=19,78;B2tail=28426927/715071357;B2gap=1862557/1466813040;paid=19;margin=54297/2846480;closed=1
THIRD;E=1,2,6,7,10,11,13;rank=1;a=16;P=16;x=17;earlier=;y=23;yearlier=;z=19;zearlier=18,27,36;h=69973/1144066;r=20;M=2000;B2=42983399/1138682160;B2w=45,47;B2tail=979932797/27869447760;B2gap=2541296393/982398033540;paid=16;margin=41202307/1759781520;closed=1
THIRD_RECURSIVE;E=1,3,4,5,7,11,13;rank=1;a=18;P=18;x=17;earlier=;y=23;yearlier=;lambda3=7366057/295891596;delta3=7366057/517810293;N3=312;H1=16:376979/11955216,24:60143/1992536,40:219/7820,48:50861/1992536;closed=1
THIRD;E=1,3,4,5,7,11,13;rank=1;a=18;P=18;x=17;earlier=;y=23;yearlier=;z=16;zearlier=;h=17023921/394522128;r=18;M=2000;B2=432764369/12493200720;B2w=19,60;B2tail=212369023/7700768460;B2gap=53732905997/7608359238480;paid=5;margin=876317/102965940;closed=1
THIRD;E=1,3,4,5,7,11,13;rank=1;a=18;P=18;x=17;earlier=;y=23;yearlier=;z=24;zearlier=16;h=8777957/197261064;r=20;M=2000;B2=75176043/2082200120;B2w=19,50;B2tail=2739026306/95104490481;B2gap=1462398859/200219979960;paid=4;margin=216101/25741485;closed=1
THIRD;E=1,3,4,5,7,11,13;rank=1;a=18;P=18;x=17;earlier=;y=23;yearlier=;z=40;zearlier=16,24;h=5754872/123288165;r=24;M=2000;B2=2954260801/93699005400;B2w=19,25;B2tail=116720685941/3804179619240;B2gap=619673573/731573003700;paid=22;margin=202777417/13385572200;closed=1
THIRD;E=1,3,4,5,7,11,13;rank=1;a=18;P=18;x=17;earlier=;y=23;yearlier=;z=48;zearlier=16,24,40;h=9696875/197261064;r=26;M=2000;B2=63434313/2082200120;B2w=19,50;B2tail=58221504053/2002199799600;B2gap=3102136559/2237752717200;paid=19;margin=962347/51482970;closed=1
THIRD_RECURSIVE;E=1,3,4,7,10,11,12;rank=2;a=26;P=18,26;x=27;earlier=;y=23;yearlier=;lambda3=496939/14504490;delta3=993878/50765715;N3=247;H1=19:765209/21474180,16:1219357/34810776,32:69577/2018016;closed=1
THIRD;E=1,3,4,7,10,11,12;rank=2;a=26;P=18,26;x=27;earlier=;y=23;yearlier=;z=19;zearlier=;h=22206409/330702372;r=18;M=2000;B2=27812809/576609264;B2w=16,17;B2tail=10391755081/223775271720;B2gap=1518926889/845373248720;paid=24;margin=3198017/169080912;closed=1
THIRD;E=1,3,4,7,10,11,12;rank=2;a=26;P=18,26;x=27;earlier=;y=23;yearlier=;z=16;zearlier=19;h=1684717/24864840;r=20;M=2000;B2=189945671/4724319600;B2w=38,75;B2tail=5944104877/171617125680;B2gap=5624461/1009762600;paid=9;margin=1690267/61354800;closed=1
THIRD;E=1,3,4,7,10,11,12;rank=2;a=26;P=18,26;x=27;earlier=;y=23;yearlier=;z=32;zearlier=19,16;h=2264531/33153120;r=26;M=2000;B2=354322909/9448639200;B2w=38,75;B2tail=84534587/2588493600;B2gap=232185539/47951843940;paid=13;margin=13230383/429483600;closed=1
THIRD_RECURSIVE;E=1,3,4,7,10,11,13;rank=1;a=18;P=18;x=17;earlier=;y=16;yearlier=;lambda3=786343/34306272;delta3=957791/70630560;N3=297;H1=23:934369/30347856,19:4921229/181060880;closed=1
THIRD;E=1,3,4,7,10,11,13;rank=1;a=18;P=18;x=17;earlier=;y=16;yearlier=;z=23;zearlier=;h=17130233/493152660;r=20;M=2000;B2=3365324141/112438806480;B2w=19,108;B2tail=17314880017/585258402960;B2gap=197011999/570626942886;paid=28;margin=7017779/1460244240;closed=1
THIRD;E=1,3,4,7,10,11,13;rank=1;a=18;P=18;x=17;earlier=;y=16;yearlier=;z=19;zearlier=23;h=3124237/81477396;r=18;M=2000;B2=4872157/203693490;B2w=25,60;B2tail=55573749863/2536119746160;B2gap=3052711735/1521671847696;paid=24;margin=103/7140;closed=1
THIRD_RECURSIVE;E=1,3,4,7,10,11,13;rank=1;a=18;P=18;x=17;earlier=;y=24;yearlier=16;lambda3=389275/15111096;delta3=406165/25242399;N3=276;H1=23:45019/1379448;closed=1
THIRD;E=1,3,4,7,10,11,13;rank=1;a=18;P=18;x=17;earlier=;y=24;yearlier=16;z=23;zearlier=;h=3457639/98630532;r=22;M=2000;B2=23628413/892371480;B2w=19,21;B2tail=10617153991/475522452405;B2gap=831089089/200219979960;paid=5;margin=66127/7708680;closed=1
THIRD_RECURSIVE;E=1,3,4,7,10,11,13;rank=3;a=17;P=18,24,17;x=16;earlier=;y=36;yearlier=;lambda3=55857629/1972610640;delta3=45514387/2761654896;N3=343;H1=23:103723/2758896,19:744707/25865840;closed=1
THIRD;E=1,3,4,7,10,11,13;rank=3;a=17;P=18,24,17;x=16;earlier=;y=36;yearlier=;z=23;zearlier=;h=1821827/40257360;r=26;M=2000;B2=2973526223/87452405040;B2w=19,49;B2tail=3619908181/108690846264;B2gap=279116249/400439959920;paid=22;margin=2064523/183466584;closed=1
THIRD;E=1,3,4,7,10,11,13;rank=3;a=17;P=18,24,17;x=16;earlier=;y=36;yearlier=;z=19;zearlier=23;h=9788007/181060880;r=26;M=2000;B2=75851057/2388809808;B2w=29,46;B2tail=116114768927/3804179619240;B2gap=1039564299/845373248720;paid=18;margin=1102053413/49404930120;closed=1
THIRD_RECURSIVE;E=1,3,4,10,11,13,14;rank=1;a=18;P=18;x=17;earlier=;y=16;yearlier=;lambda3=11109451/483406560;delta3=4957271/375982880;N3=337;H1=19:4921229/181060880,23:11863/481712;closed=1
THIRD;E=1,3,4,10,11,13,14;rank=1;a=18;P=18;x=17;earlier=;y=16;yearlier=;z=19;zearlier=;h=3372947/81477396;r=18;M=2000;B2=6094403569/198106468560;B2w=23,37;B2tail=211371270109/7608359238480;B2gap=16142509183/5413640227380;paid=10;margin=1340612087/126067752720;closed=1
THIRD;E=1,3,4,10,11,13,14;rank=1;a=18;P=18;x=17;earlier=;y=16;yearlier=;z=23;zearlier=19;h=21674333/493152660;r=24;M=2000;B2=46878409/1588335840;B2w=31,96;B2tail=114088843961/4137879585840;B2gap=2836667489/1460428089120;paid=16;margin=1765597091/122301859680;closed=1
THIRD_RECURSIVE;E=1,3,4,10,12,13,14;rank=1;a=22;P=22;x=16;earlier=;y=18;yearlier=;lambda3=3030913/95855760;delta3=4137403/223663440;N3=283;H1=17:330689/7796880;closed=1
THIRD;E=1,3,4,10,12,13,14;rank=1;a=22;P=22;x=16;earlier=;y=18;yearlier=;z=17;zearlier=;h=4239847/85765680;r=20;M=2000;B2=11932007/328768440;B2w=19,23;B2tail=2874411704/95104490481;B2gap=23088784837/3804179619240;paid=5;margin=1524967/116035920;closed=1
THIRD_RECURSIVE;E=1,4,5,6,7,10,13;rank=1;a=22;P=22;x=23;earlier=;y=17;yearlier=;lambda3=477781/13698685;delta3=1911124/95890795;N3=263;H1=27:667109/16257780,16:538413/13698685,18:9629/270963;closed=1
THIRD;E=1,4,5,6,7,10,13;rank=1;a=22;P=22;x=23;earlier=;y=17;yearlier=;z=27;zearlier=;h=18818825/295891596;r=24;M=2000;B2=926729435/19824736932;B2w=16,67;B2tail=4427197637/100109989980;B2gap=1153719352/457320636045;paid=21;margin=1325920/78669591;closed=1
THIRD;E=1,4,5,6,7,10,13;rank=1;a=22;P=22;x=23;earlier=;y=17;yearlier=;z=16;zearlier=27;h=7782/119119;r=20;M=2000;B2=7235147/156165009;B2w=36,38;B2tail=296841133/6673999332;B2gap=78319279/42268662436;paid=29;margin=32605/1716099;closed=1
THIRD;E=1,4,5,6,7,10,13;rank=1;a=22;P=22;x=23;earlier=;y=17;yearlier=;z=18;zearlier=27,16;h=8518892/123288165;r=24;M=2000;B2=1469357/32876844;B2w=19,24;B2tail=8505041003/200219979960;B2gap=443343127/200219979960;paid=14;margin=12035213/493152660;closed=1
THIRD_RECURSIVE;E=1,4,5,6,7,11,13;rank=1;a=17;P=17;x=16;earlier=;y=23;yearlier=;lambda3=267583/10115952;delta3=267583/17702916;N3=267;H1=18:215021/6262256,27:105877/3251556,36:30845/996268;closed=1
THIRD;E=1,4,5,6,7,11,13;rank=1;a=17;P=17;x=16;earlier=;y=23;yearlier=;z=18;zearlier=;h=246679/5479474;r=16;M=2000;B2=109884611/3123300180;B2w=19,60;B2tail=5956664433/211343312180;B2gap=2218291367/317014968270;paid=6;margin=337609/34321980;closed=1
THIRD;E=1,4,5,6,7,11,13;rank=1;a=17;P=17;x=16;earlier=;y=23;yearlier=;z=27;zearlier=18;h=4260185/91043568;r=16;M=2000;B2=8348065/227149104;B2w=19,60;B2tail=65135888/2151685305;B2gap=49297937207/7608359238480;paid=5;margin=474385/47243196;closed=1
THIRD;E=1,4,5,6,7,11,13;rank=1;a=17;P=17;x=16;earlier=;y=23;yearlier=;z=36;zearlier=18,27;h=303057/6262256;r=20;M=2000;B2=2351/60214;B2w=19,20;B2tail=741079331/24153521392;B2gap=11880741/1420795376;paid=3;margin=5323/569296;closed=1
THIRD_RECURSIVE;E=1,4,5,6,7,11,13;rank=1;a=17;P=17;x=23;earlier=16;y=18;yearlier=27;lambda3=4611073/164384220;delta3=542699/33843810;N3=251;H1=19:3225581/104110006,24:60143/1992536;closed=1
THIRD;E=1,4,5,6,7,11,13;rank=1;a=17;P=17;x=23;earlier=16;y=18;yearlier=27;z=19;zearlier=;h=33184345/624660036;r=18;M=2000;B2=4463709/94645460;B2w=24,50;B2tail=206500303/5561666110;B2gap=163111591/16257177860;paid=4;margin=2224/373065;closed=1
THIRD;E=1,4,5,6,7,11,13;rank=1;a=17;P=17;x=23;earlier=16;y=18;yearlier=27;z=24;zearlier=19;h=3545579/65753688;r=18;M=2000;B2=292846529/7808250450;B2w=38,50;B2tail=10316431847/333699966600;B2gap=491519723/74591757240;paid=3;margin=1061623/64664600;closed=1
THIRD_RECURSIVE;E=1,4,6,7,9,10,13;rank=1;a=22;P=22;x=16;earlier=;y=23;yearlier=;lambda3=12817121/438357920;delta3=162324367/9205516320;N3=229;H1=17:717089/18786768,19:644447/18843440;closed=1
THIRD;E=1,4,6,7,9,10,13;rank=1;a=22;P=22;x=16;earlier=;y=23;yearlier=;z=17;zearlier=;h=589989/13698685;r=18;M=2000;B2=15296227/455217840;B2w=19,108;B2tail=1613173073/49727838160;B2gap=1326083875/1141253885772;paid=30;margin=49711/5250960;closed=1
THIRD;E=1,4,6,7,9,10,13;rank=1;a=22;P=22;x=16;earlier=;y=23;yearlier=;z=19;zearlier=17;h=308648/6561555;r=16;M=2000;B2=36085937/1338557220;B2w=34,36;B2tail=1081799819/45287852610;B2gap=49096841/15983947980;paid=9;margin=282929/14090076;closed=1
THIRD_RECURSIVE;E=1,4,6,7,10,11,13;rank=1;a=17;P=17;x=16;earlier=;y=23;yearlier=;lambda3=8667/366520;delta3=8667/641410;N3=358;H1=18:215021/6262256,27:174269/5419260,36:711803/22416030,19:2154671/80084620,72:66845/2561832;closed=1
THIRD;E=1,4,6,7,10,11,13;rank=1;a=17;P=17;x=16;earlier=;y=23;yearlier=;z=18;zearlier=;h=8022863/219178960;r=18;M=2000;B2=16472552/540571185;B2w=19,108;B2tail=5104728113/169074649744;B2gap=6398740393/22825077715440;paid=42;margin=389293/63488880;closed=1
THIRD;E=1,4,6,7,10,11,13;rank=1;a=17;P=17;x=16;earlier=;y=23;yearlier=;z=27;zearlier=18;h=2942441/75869640;r=18;M=2000;B2=9251661451/278138100240;B2w=24,47;B2tail=3339816047/103280894640;B2gap=165498156053/178796442104280;paid=53;margin=3987863/722436624;closed=1
THIRD;E=1,4,6,7,10,11,13;rank=1;a=17;P=17;x=16;earlier=;y=23;yearlier=;z=36;zearlier=18,27;h=5521337/140900760;r=24;M=4259;B2=21077717/669278610;B2w=19,22;B2tail=11026893929/350138388600;B2gap=507443/2217543127800;paid=86;margin=105613/13728792;closed=1
THIRD;E=1,4,6,7,10,11,13;rank=1;a=17;P=17;x=16;earlier=;y=23;yearlier=;z=19;zearlier=18,27,36;h=201517/4576264;r=18;M=2000;B2=901/29640;B2w=45,156;B2tail=7420496843/271727115660;B2gap=1678988177/543454231320;paid=40;margin=1521176/111546435;closed=1
THIRD;E=1,4,6,7,10,11,13;rank=1;a=17;P=17;x=16;earlier=;y=23;yearlier=;z=72;zearlier=18,27,36,19;h=22116683/493152660;r=32;M=3278;B2=2714737/108135720;B2w=47,249;B2tail=539632483373/21495299039760;B2gap=289133401/1252672852551120;paid=54;margin=8440144841/427508561480;closed=1
THIRD_RECURSIVE;E=1,4,6,7,10,11,13;rank=1;a=17;P=17;x=16;earlier=;y=27;yearlier=23,18;lambda3=157351759/5917831920;delta3=8092307/517810293;N3=310;H1=19:1010411/34186320,46:146465/5123664;closed=1
THIRD;E=1,4,6,7,10,11,13;rank=1;a=17;P=17;x=16;earlier=;y=27;yearlier=23,18;z=19;zearlier=;h=28827367/611080470;r=22;M=2000;B2=72832771/2044341936;B2w=46,84;B2tail=152608278191/4565015543088;B2gap=2506824863/1141253885772;paid=16;margin=652807/56530320;closed=1
THIRD;E=1,4,6,7,10,11,13;rank=1;a=17;P=17;x=16;earlier=;y=27;yearlier=23,18;z=46;zearlier=19;h=1217567/25289880;r=22;M=2000;B2=397524437/12092960880;B2w=24,47;B2tail=23127546187/868646682288;B2gap=19597283011/3136779686040;paid=4;margin=77231633/5057056368;closed=1
THIRD_RECURSIVE;E=1,4,6,7,10,11,13;rank=1;a=17;P=17;x=23;earlier=16;y=19;yearlier=24;lambda3=5730199/208220012;delta3=5730199/364385021;N3=282;H1=18:1497079/44618574,27:43103/1337220,36:257333/8691930;closed=1
THIRD;E=1,4,6,7,10,11,13;rank=1;a=17;P=17;x=23;earlier=16;y=19;yearlier=24;z=18;zearlier=;h=30612685/624660036;r=18;M=2000;B2=16922893/480507720;B2w=32,84;B2tail=81840851227/2536119746160;B2gap=2492726009/845373248720;paid=9;margin=2609977/189290920;closed=1
THIRD;E=1,4,6,7,10,11,13;rank=1;a=17;P=17;x=23;earlier=16;y=19;yearlier=24;z=27;zearlier=18;h=117888536/2342475135;r=18;M=2000;B2=41035075/1153218528;B2w=32,84;B2tail=52619821239/1690746497440;B2gap=33939711737/7608359238480;paid=8;margin=1105153277/74959204320;closed=1
THIRD;E=1,4,6,7,10,11,13;rank=1;a=17;P=17;x=23;earlier=16;y=19;yearlier=24;z=36;zearlier=18,27;h=496171891/9369900540;r=22;M=2000;B2=382199/10599435;B2w=25,32;B2tail=252885282929/7608359238480;B2gap=7153405621/2536119746160;paid=7;margin=71795/4249388;closed=1
THIRD_RECURSIVE;E=1,4,6,7,10,11,13;rank=1;a=17;P=17;x=23;earlier=16;y=24;yearlier=;lambda3=225359/8219211;delta3=3621001/230137908;N3=308;H1=18:43811/1174173,27:1153139/32515560;closed=1
THIRD;E=1,4,6,7,10,11,13;rank=1;a=17;P=17;x=23;earlier=16;y=24;yearlier=;z=18;zearlier=;h=1462343/32876844;r=20;M=2000;B2=30854093/892371480;B2w=19,21;B2tail=2001550487/63402993654;B2gap=66888709/22246664440;paid=8;margin=8483/856520;closed=1
THIRD;E=1,4,6,7,10,11,13;rank=1;a=17;P=17;x=23;earlier=16;y=24;yearlier=;z=27;zearlier=18;h=137078941/2958915960;r=20;M=2000;B2=134256011/4015671660;B2w=19,21;B2tail=175127291333/5706269428860;B2gap=411855271/150164984970;paid=18;margin=2101205/162954792;closed=1
THIRD_RECURSIVE;E=1,4,6,7,10,13,14;rank=1;a=22;P=22;x=16;earlier=;y=23;yearlier=36;lambda3=83702/2417415;delta3=334808/16921905;N3=245;H1=17:1717061/43835792,18:9137/255024,27:6707/191268;closed=1
THIRD;E=1,4,6,7,10,13,14;rank=1;a=22;P=22;x=16;earlier=;y=23;yearlier=36;z=17;zearlier=;h=616593/9529520;r=22;M=2000;B2=456683/9606870;B2w=27,60;B2tail=55150433909/1201319879760;B2gap=391372375/240263975952;paid=29;margin=1562885/91043568;closed=1
THIRD;E=1,4,6,7,10,13,14;rank=1;a=22;P=22;x=16;earlier=;y=23;yearlier=36;z=18;zearlier=17;h=7895753/116035920;r=22;M=2000;B2=31002637/734894160;B2w=19,60;B2tail=1005258718/27971908965;B2gap=559293289/89510108688;paid=4;margin=1096373/42397740;closed=1
THIRD;E=1,4,6,7,10,13,14;rank=1;a=22;P=22;x=16;earlier=;y=23;yearlier=36;z=27;zearlier=17,18;h=5988131/87026940;r=22;M=2000;B2=29310917/739728990;B2w=34,60;B2tail=10755556013/300329969940;B2gap=381558763/100109989980;paid=13;margin=369029/12644940;closed=1
THIRD_RECURSIVE;E=1,4,6,9,10,11,13;rank=1;a=21;P=21;x=17;earlier=;y=19;yearlier=;lambda3=6687803/203693490;delta3=10858261/570341772;N3=297;H1=23:953474/24657633,16:18755/569772;closed=1
THIRD;E=1,4,6,9,10,11,13;rank=1;a=21;P=21;x=17;earlier=;y=19;yearlier=;z=23;zearlier=;h=180817477/3123300180;r=24;M=2000;B2=8499823/189290920;B2w=22,24;B2tail=49665663623/1268059873080;B2gap=3637325327/634029936540;paid=8;margin=16228159/1249320072;closed=1
THIRD;E=1,4,6,9,10,11,13;rank=1;a=21;P=21;x=17;earlier=;y=19;yearlier=;z=16;zearlier=23;h=308668/4849845;r=26;M=2000;B2=446116393/12493200720;B2w=22,46;B2tail=3515333131/113219631525;B2gap=2813848963/603838034800;paid=11;margin=69802475/2498640144;closed=1
THIRD_RECURSIVE;E=1,4,6,9,10,13,14;rank=1;a=22;P=22;x=16;earlier=;y=23;yearlier=;lambda3=276673/10548720;delta3=276673/18460260;N3=350;H1=19:644447/18843440,17:21072379/657536880,36:9362/345345;closed=1
THIRD;E=1,4,6,9,10,13,14;rank=1;a=22;P=22;x=16;earlier=;y=23;yearlier=;z=19;zearlier=;h=4086403/91861770;r=22;M=2000;B2=79825027/2204682480;B2w=17,36;B2tail=78349546867/2536119746160;B2gap=5053440947/951044904810;paid=6;margin=192091/23207184;closed=1
THIRD;E=1,4,6,9,10,13,14;rank=1;a=22;P=22;x=16;earlier=;y=23;yearlier=;z=17;zearlier=19;h=638864/13698685;r=20;M=2000;B2=9302843/283936380;B2w=36,38;B2tail=843818153/33369996660;B2gap=17176462/2297209915;paid=3;margin=2548807/183723540;closed=1
THIRD;E=1,4,6,9,10,13,14;rank=1;a=22;P=22;x=16;earlier=;y=23;yearlier=;z=36;zearlier=19,17;h=28911/560560;r=28;M=2000;B2=153302987/4684950270;B2w=34,38;B2tail=12797797459/447550543440;B2gap=8475437/2053538256;paid=3;margin=141318895/7495920432;closed=1
THIRD_RECURSIVE;E=1,4,6,10,11,13,14;rank=1;a=16;P=16;x=17;earlier=;y=36;yearlier=18,27;lambda3=110745113/3945221280;delta3=30355879/1841103264;N3=441;H1=23:91723/2758896,19:225367/7834365;closed=1
THIRD;E=1,4,6,10,11,13,14;rank=1;a=16;P=16;x=17;earlier=;y=36;yearlier=18,27;z=23;zearlier=;h=15726143/328768440;r=32;M=2000;B2=29402024/780825045;B2w=19,22;B2tail=6858375521/200219979960;B2gap=12937526029/3804179619240;paid=4;margin=12716105/1249320072;closed=1
THIRD;E=1,4,6,10,11,13,14;rank=1;a=16;P=16;x=17;earlier=;y=36;yearlier=18,27;z=19;zearlier=23;h=85247023/1629547920;r=30;M=2000;B2=8466937/254963280;B2w=22,46;B2tail=111837699163/3804179619240;B2gap=28986468691/7608359238480;paid=9;margin=3768641/197261064;closed=1
THIRD_RECURSIVE;E=1,4,6,10,12,13,14;rank=1;a=22;P=22;x=16;earlier=;y=18;yearlier=;lambda3=378173/11981970;delta3=2078971/111831720;N3=260;H1=17:289349/7796880;closed=1
THIRD;E=1,4,6,10,12,13,14;rank=1;a=22;P=22;x=16;earlier=;y=18;yearlier=;z=17;zearlier=;h=4604827/85765680;r=20;M=2000;B2=341823/8429960;B2w=19,23;B2tail=3645992551/100109989980;B2gap=826652971/200219979960;paid=9;margin=1524967/116035920;closed=1
THIRD_RECURSIVE;E=1,4,7,9,10,11,13;rank=1;a=17;P=17;x=24;earlier=;y=23;yearlier=;lambda3=2397409153/102646203660;delta3=9910244111/718523425620;N3=351;H1=19:827587/29745716;closed=1
THIRD;E=1,4,7,9,10,11,13;rank=1;a=17;P=17;x=24;earlier=;y=23;yearlier=;z=19;zearlier=;h=616093/15747732;r=18;M=2000;B2=1520695285/54770611896;B2w=37,47;B2tail=1693825083/65711786140;B2gap=110529694057/55592171074440;paid=24;margin=76319/6719496;closed=1
THIRD_RECURSIVE;E=1,4,7,9,10,12,13;rank=1;a=22;P=22;x=16;earlier=;y=17;yearlier=;lambda3=7317347/257297040;delta3=7317347/450269820;N3=273;H1=23:128847/3985072,19:766807/25865840,46:72901/2561832;closed=1
THIRD;E=1,4,7,9,10,12,13;rank=1;a=22;P=22;x=16;earlier=;y=17;yearlier=;z=23;zearlier=;h=3732847/70450380;r=20;M=2000;B2=77294293/2097855760;B2w=19,67;B2tail=396522985/11441141712;B2gap=1047684167/479097809190;paid=16;margin=196997/12204720;closed=1
THIRD;E=1,4,7,9,10,12,13;rank=1;a=22;P=22;x=16;earlier=;y=17;yearlier=;z=19;zearlier=23;h=5670047/101846745;r=16;M=2000;B2=137481187/3824449200;B2w=25,46;B2tail=3474224573/110266075920;B2gap=3839042941/864586277100;paid=8;margin=880283/44629200;closed=1
THIRD;E=1,4,7,9,10,12,13;rank=1;a=22;P=22;x=16;earlier=;y=17;yearlier=;z=46;zearlier=23,19;h=112165211/1972610640;r=22;M=2000;B2=408093043/11712375675;B2w=25,38;B2tail=222913818077/7608359238480;B2gap=9170309273/1653991138800;paid=7;margin=42337/1922800;closed=1
THIRD_RECURSIVE;E=1,5,6,7,8,11,13;rank=1;a=19;P=19;x=17;earlier=27;y=18;yearlier=;lambda3=5711843/244432188;delta3=5711843/427756329;N3=332;H1=50:134821/4748100,23:14330753/535422888,60:17804/692835;closed=1
THIRD;E=1,5,6,7,8,11,13;rank=1;a=19;P=19;x=17;earlier=27;y=18;yearlier=;z=50;zearlier=;h=866917/20785050;r=20;M=2000;B2=3309460859/103738184550;B2w=23,31;B2tail=18912544529/679317789150;B2gap=42765836989/10529425731825;paid=9;margin=906704/92458275;closed=1
THIRD;E=1,5,6,7,8,11,13;rank=1;a=19;P=19;x=17;earlier=27;y=18;yearlier=;z=23;zearlier=50;h=18047723/416440024;r=16;M=2000;B2=17985053/567872760;B2w=25,60;B2tail=11671554039/422686624360;B2gap=643245154/158507484135;paid=11;margin=400441/34321980;closed=1
THIRD;E=1,5,6,7,8,11,13;rank=1;a=19;P=19;x=17;earlier=27;y=18;yearlier=;z=60;zearlier=50,23;h=18090463/407386980;r=26;M=2000;B2=557085/18106088;B2w=20,25;B2tail=109101820901/3804179619240;B2gap=993065378/475522452405;paid=11;margin=653/47880;closed=1
THIRD_RECURSIVE;E=1,5,6,7,8,11,13;rank=1;a=19;P=19;x=27;earlier=;y=17;yearlier=;lambda3=35769473/1629547920;delta3=431609743/34220506320;N3=416;H1=50:2174617/85465800,23:3133561/133855722;closed=1
THIRD;E=1,5,6,7,8,11,13;rank=1;a=19;P=19;x=27;earlier=;y=17;yearlier=;z=50;zearlier=;h=322687/8083075;r=24;M=2000;B2=18396233/581981400;B2w=23,72;B2tail=648158824/22643926305;B2gap=8112952997/2717271156600;paid=7;margin=40649/4890600;closed=1
THIRD;E=1,5,6,7,8,11,13;rank=1;a=19;P=19;x=27;earlier=;y=17;yearlier=;z=23;zearlier=50;h=36288001/864913896;r=20;M=2000;B2=8029211081/281097016200;B2w=20,25;B2tail=269180255297/11412538857720;B2gap=3641391961/731573003700;paid=5;margin=12222043/912652650;closed=1
THIRD_RECURSIVE;E=1,6,7,8,10,11,13;rank=1;a=19;P=19;x=17;earlier=;y=18;yearlier=;lambda3=5220695/244432188;delta3=5220695/427756329;N3=364;H1=23:1023653/41186376,25:2718161/123450600,37:12217/555555;closed=1
THIRD;E=1,6,7,8,10,11,13;rank=1;a=19;P=19;x=17;earlier=;y=18;yearlier=;z=23;zearlier=;h=16333283/416440024;r=16;M=2000;B2=10617076051/385207022200;B2w=25,37;B2tail=294171071517/13103285355160;B2gap=364459157597/71297287961900;paid=9;margin=1121681/96205550;closed=1
THIRD;E=1,6,7,8,10,11,13;rank=1;a=19;P=19;x=17;earlier=;y=18;yearlier=;z=25;zearlier=23;h=1882807/44767800;r=16;M=2000;B2=38249/1210825;B2w=26,37;B2tail=222231378361/7733771753400;B2gap=22072328447/7733771753400;paid=12;margin=17339227/1656408600;closed=1
THIRD;E=1,6,7,8,10,11,13;rank=1;a=19;P=19;x=17;earlier=;y=18;yearlier=;z=37;zearlier=23,25;h=48796687/1159486020;r=22;M=2000;B2=28434209/1018942260;B2w=29,50;B2tail=341053938109/13534100568450;B2gap=73246885867/27068201136900;paid=25;margin=34055359/2401792470;closed=1
THIRD_RECURSIVE;E=1,6,7,10,11,12,13;rank=1;a=23;P=23;x=17;earlier=;y=16;yearlier=;lambda3=84737/2683824;delta3=30893/1681680;N3=285;H1=27:44623/1161270,18:215021/6262256;closed=1
THIRD;E=1,6,7,10,11,12,13;rank=1;a=23;P=23;x=17;earlier=;y=16;yearlier=;z=27;zearlier=;h=122051/2260440;r=22;M=2000;B2=9985531/243374040;B2w=19,78;B2tail=40523378263/1086908462640;B2gap=12606821/3365041680;paid=11;margin=10289/793611;closed=1
THIRD;E=1,6,7,10,11,12,13;rank=1;a=23;P=23;x=17;earlier=;y=16;yearlier=;z=18;zearlier=27;h=59957/1032240;r=20;M=2000;B2=180639203/4255925520;B2w=19,31;B2tail=43417799/1211715120;B2gap=50112873/7578534040;paid=10;margin=504269/32241860;closed=1
THIRD_RECURSIVE;E=2,3,4,6,8,10,14;rank=1;a=22;P=22;x=18;earlier=;y=26;yearlier=;lambda3=30949/945945;delta3=123796/6621615;N3=259;H1=48:35249/840840,16:761/21021,24:7561/210210;closed=1
THIRD;E=2,3,4,6,8,10,14;rank=1;a=22;P=22;x=18;earlier=;y=26;yearlier=;z=48;zearlier=;h=2579/45864;r=26;M=2000;B2=3598663/96696600;B2w=46,100;B2tail=176676679/5888822940;B2gap=38619907/5353475400;paid=4;margin=212161/11157300;closed=1
THIRD;E=2,3,4,6,8,10,14;rank=1;a=22;P=22;x=18;earlier=;y=26;yearlier=;z=16;zearlier=48;h=19534/315315;r=18;M=2000;B2=33923/630630;B2w=20,24;B2tail=137316629/2944411470;B2gap=3511643/490735245;paid=6;margin=7/858;closed=1
THIRD;E=2,3,4,6,8,10,14;rank=1;a=22;P=22;x=18;earlier=;y=26;yearlier=;z=24;zearlier=48,16;h=713/11466;r=20;M=2000;B2=89329/2018016;B2w=20,32;B2tail=31988183/856556064;B2gap=452827/65431366;paid=3;margin=12053/672672;closed=1
THIRD_RECURSIVE;E=2,3,4,8,10,12,14;rank=1;a=22;P=22;x=18;earlier=;y=26;yearlier=;lambda3=54443/1891890;delta3=108886/6621615;N3=294;H1=16:761/21021,32:11/364,48:8413/280280;closed=1
THIRD;E=2,3,4,8,10,12,14;rank=1;a=22;P=22;x=18;earlier=;y=26;yearlier=;z=16;zearlier=;h=31613/630630;r=18;M=2000;B2=5375/144144;B2w=40,96;B2tail=393784147/11777645880;B2gap=90787331/23555291760;paid=14;margin=151/11760;closed=1
THIRD;E=2,3,4,8,10,12,14;rank=1;a=22;P=22;x=18;earlier=;y=26;yearlier=;z=32;zearlier=16;h=70771/1261260;r=28;M=2000;B2=24539/630630;B2w=40,168;B2tail=415741057/11777645880;B2gap=42549307/11777645880;paid=10;margin=1033/60060;closed=1
THIRD;E=2,3,4,8,10,12,14;rank=1;a=22;P=22;x=18;earlier=;y=26;yearlier=;z=48;zearlier=16,32;h=28411/504504;r=22;M=2000;B2=80209/2234232;B2w=40,62;B2tail=1858855/53534754;B2gap=85992527/73021404456;paid=31;margin=53213/2606604;closed=1
THIRD_RECURSIVE;E=2,4,5,6,7,8,14;rank=1;a=22;P=22;x=26;earlier=;y=20;yearlier=;lambda3=4581/112112;delta3=8717/356720;N3=214;H1=36:340/7007,18:1853/42042;closed=1
THIRD;E=2,4,5,6,7,8,14;rank=1;a=22;P=22;x=26;earlier=;y=20;yearlier=;z=36;zearlier=;h=2328/35035;r=26;M=2000;B2=283259/6222216;B2w=16,37;B2tail=59368051/1308627320;B2gap=11413847/72628816260;paid=40;margin=59179/2828280;closed=1
THIRD;E=2,4,5,6,7,8,14;rank=1;a=22;P=22;x=26;earlier=;y=20;yearlier=;z=18;zearlier=36;h=2129/30030;r=24;M=2000;B2=151/2940;B2w=16,24;B2tail=8402997/186946760;B2gap=3596071/560840280;paid=14;margin=8213/420420;closed=1
THIRD_RECURSIVE;E=2,4,5,6,8,10,14;rank=1;a=22;P=22;x=26;earlier=;y=18;yearlier=;lambda3=20857/630630;delta3=84353/4414410;N3=274;H1=48:31817/840840,16:7883/210210;closed=1
THIRD;E=2,4,5,6,8,10,14;rank=1;a=22;P=22;x=26;earlier=;y=18;yearlier=;z=48;zearlier=;h=151133/2522520;r=30;M=2000;B2=110351/2522520;B2w=16,20;B2tail=420356551/11777645880;B2gap=23718067/2944411470;paid=7;margin=971/60060;closed=1
THIRD;E=2,4,5,6,8,10,14;rank=1;a=22;P=22;x=26;earlier=;y=18;yearlier=;z=16;zearlier=48;h=37997/630630;r=18;M=2000;B2=138233/2522520;B2w=20,24;B2tail=484316057/11777645880;B2gap=2684897/196294098;paid=3;margin=131/24024;closed=1
THIRD_RECURSIVE;E=2,4,5,6,8,10,14;rank=1;a=22;P=22;x=26;earlier=;y=36;yearlier=18;lambda3=213641/5045040;delta3=45959/1681680;N3=266;H1=16:12179/280280;closed=1
THIRD;E=2,4,5,6,8,10,14;rank=1;a=22;P=22;x=26;earlier=;y=36;yearlier=18;z=16;zearlier=;h=155563/2522520;r=32;M=2000;B2=118213/2522520;B2w=20,24;B2tail=47196647/1070695080;B2gap=546223/196294098;paid=13;margin=415/28028;closed=1
THIRD_RECURSIVE;E=2,4,5,6,8,12,14;rank=1;a=22;P=22;x=20;earlier=;y=18;yearlier=;lambda3=1401/35035;delta3=203279/8828820;N3=298;H1=26:65071/1261260,16:5473/129360;closed=1
THIRD;E=2,4,5,6,8,12,14;rank=1;a=22;P=22;x=20;earlier=;y=18;yearlier=;z=26;zearlier=;h=14117/210210;r=20;M=2000;B2=37/735;B2w=16,48;B2tail=24101873/490735245;B2gap=200602/163578415;paid=27;margin=101/6006;closed=1
THIRD;E=2,4,5,6,8,12,14;rank=1;a=22;P=22;x=20;earlier=;y=18;yearlier=;z=16;zearlier=26;h=5933/77616;r=28;M=2000;B2=269851/5045040;B2w=24,52;B2tail=294983063/5888822940;B2gap=80002067/23555291760;paid=17;margin=919/40040;closed=1
THIRD_RECURSIVE;E=2,4,5,6,8,12,14;rank=1;a=22;P=22;x=20;earlier=;y=26;yearlier=18;lambda3=12949/305760;delta3=591761/23543520;N3=192;H1=16:12179/280280;closed=1
THIRD;E=2,4,5,6,8,12,14;rank=1;a=22;P=22;x=20;earlier=;y=26;yearlier=18;z=16;zearlier=;h=21597/280280;r=20;M=2206;B2=1879/35035;B2w=36,48;B2tail=696678197/12990137160;B2gap=9907/12990137160;paid=56;margin=101/4312;closed=1
THIRD_RECURSIVE;E=2,4,5,6,8,12,14;rank=2;a=20;P=22,20;x=44;earlier=;y=18;yearlier=;lambda3=2193/43120;delta3=27257/905520;N3=281;H1=26:8039/140140;closed=1
THIRD;E=2,4,5,6,8,12,14;rank=2;a=20;P=22,20;x=44;earlier=;y=18;yearlier=;z=26;zearlier=;h=3697/42042;r=28;M=2000;B2=1307/21560;B2w=16,48;B2tail=58283179/981470490;B2gap=4860221/3925881960;paid=28;margin=3281/120120;closed=1
THIRD_RECURSIVE;E=2,4,5,6,10,12,14;rank=1;a=22;P=22;x=16;earlier=;y=26;yearlier=;lambda3=31319/840840;delta3=31319/1471470;N3=265;H1=18:27917/504504,27:14675/378378,54:407/10584,36:457/12012;closed=1
THIRD;E=2,4,5,6,10,12,14;rank=1;a=22;P=22;x=16;earlier=;y=26;yearlier=;z=18;zearlier=;h=71143/1261260;r=22;M=2000;B2=46547/1198197;B2w=20,38;B2tail=18406459/535347540;B2gap=499608929/111887635860;paid=16;margin=6679/380380;closed=1
THIRD;E=2,4,5,6,10,12,14;rank=1;a=22;P=22;x=16;earlier=;y=26;yearlier=;z=27;zearlier=18;h=552113/7567560;r=28;M=2000;B2=4313251/101846745;B2w=17,38;B2tail=451053371/11777645880;B2gap=15418312519/3804179619240;paid=17;margin=14962895/488864376;closed=1
THIRD;E=2,4,5,6,10,12,14;rank=1;a=22;P=22;x=16;earlier=;y=26;yearlier=;z=54;zearlier=18,27;h=69326/945945;r=38;M=2000;B2=2524789/55301400;B2w=38,100;B2tail=39552313/981470490;B2gap=17978207473/3356629075800;paid=15;margin=2837929/102702600;closed=1
THIRD;E=2,4,5,6,10,12,14;rank=1;a=22;P=22;x=16;earlier=;y=26;yearlier=;z=36;zearlier=18,27,54;h=61967/840840;r=32;M=2000;B2=1327/28028;B2w=20,84;B2tail=16345411/356898360;B2gap=6073369/3925881960;paid=22;margin=22157/840840;closed=1
THIRD_RECURSIVE;E=2,4,6,7,8,10,14;rank=1;a=22;P=22;x=18;earlier=;y=26;yearlier=;lambda3=30067/1009008;delta3=86239/5045040;N3=283;H1=48:64349/1681680,16:1471/42042;closed=1
THIRD;E=2,4,6,7,8,10,14;rank=1;a=22;P=22;x=18;earlier=;y=26;yearlier=;z=48;zearlier=;h=51125/1009008;r=28;M=2000;B2=34841/1009008;B2w=16,20;B2tail=656932883/23555291760;B2gap=78215131/11777645880;paid=3;margin=1357/84084;closed=1
THIRD;E=2,4,6,7,8,10,14;rank=1;a=22;P=22;x=18;earlier=;y=26;yearlier=;z=16;zearlier=48;h=34019/630630;r=16;M=2000;B2=118961/2522520;B2w=20,24;B2tail=455300369/11777645880;B2gap=1668809/196294098;paid=4;margin=163/24024;closed=1
THIRD_RECURSIVE;E=2,4,6,7,10,11,13;rank=1;a=16;P=16;x=17;earlier=18;y=23;yearlier=;lambda3=19478959/563603040;delta3=548197957/27616548960;N3=264;H1=27:52216/1354815,19:131177/3481940;closed=1
THIRD;E=2,4,6,7,10,11,13;rank=1;a=16;P=16;x=17;earlier=18;y=23;yearlier=;z=27;zearlier=;h=9777617/151739280;r=22;M=2000;B2=5384959/112326480;B2w=19,84;B2tail=41413971653/877887604440;B2gap=448116941/585258402960;paid=30;margin=4196539/254386440;closed=1
THIRD;E=2,4,6,7,10,11,13;rank=1;a=16;P=16;x=17;earlier=18;y=23;yearlier=;z=19;zearlier=27;h=25987/397936;r=22;M=2000;B2=6869936407/155272637520;B2w=29,36;B2tail=44733365857/1086908462640;B2gap=1792836/580613495;paid=15;margin=148639139/7057847160;closed=1
THIRD_RECURSIVE;E=2,4,6,7,10,12,14;rank=1;a=22;P=22;x=16;earlier=;y=18;yearlier=;lambda3=30181/840840;delta3=1871/90090;N3=311;H1=26:142979/2522520,52:94469/2522520;closed=1
THIRD;E=2,4,6,7,10,12,14;rank=1;a=22;P=22;x=16;earlier=;y=18;yearlier=;z=26;zearlier=;h=62053/1261260;r=20;M=2000;B2=291899/9216900;B2w=38,100;B2tail=203306357/7361028675;B2gap=755370157/186479393100;paid=21;margin=58343/3328325;closed=1
THIRD;E=2,4,6,7,10,12,14;rank=1;a=22;P=22;x=16;earlier=;y=18;yearlier=;z=52;zearlier=26;h=21577/315315;r=24;M=2000;B2=4063/105105;B2w=60,84;B2tail=1009547477/29444114700;B2gap=128661343/29444114700;paid=18;margin=9388/315315;closed=1
THIRD_RECURSIVE;E=2,4,6,8,9,10,14;rank=1;a=22;P=22;x=26;earlier=;y=16;yearlier=48;lambda3=17867/560560;delta3=17867/980980;N3=244;H1=36:346/9009,24:7561/210210,18:33461/1009008;closed=1
THIRD;E=2,4,6,8,9,10,14;rank=1;a=22;P=22;x=26;earlier=;y=16;yearlier=48;z=36;zearlier=;h=288649/5045040;r=28;M=2000;B2=4861/114660;B2w=20,24;B2tail=784385911/23555291760;B2gap=42847697/4711058352;paid=2;margin=14953/1009008;closed=1
THIRD;E=2,4,6,8,9,10,14;rank=1;a=22;P=22;x=26;earlier=;y=16;yearlier=48;z=24;zearlier=36;h=20063/336336;r=18;M=2000;B2=5773/112112;B2w=18,20;B2tail=64043008/1472205735;B2gap=188248037/23555291760;paid=4;margin=7/858;closed=1
THIRD;E=2,4,6,8,9,10,14;rank=1;a=22;P=22;x=26;earlier=;y=16;yearlier=48;z=18;zearlier=36,24;h=19694/315315;r=18;M=2000;B2=3613/95004;B2w=58,60;B2tail=50324819/1472205735;B2gap=7550843/1962940980;paid=15;margin=297833/12192180;closed=1
THIRD_RECURSIVE;E=2,4,6,8,10,11,14;rank=1;a=26;P=26;x=18;earlier=;y=22;yearlier=;lambda3=31523/1009008;delta3=635801/35315280;N3=269;H1=48:4253/105105,16:1627/42042;closed=1
THIRD;E=2,4,6,8,10,11,14;rank=1;a=26;P=26;x=18;earlier=;y=22;yearlier=;z=48;zearlier=;h=3292/63063;r=26;M=2000;B2=38161/1009008;B2w=16,20;B2tail=696578321/23555291760;B2gap=4047713/490735245;paid=3;margin=691/48048;closed=1
THIRD;E=2,4,6,8,10,11,14;rank=1;a=26;P=26;x=18;earlier=;y=22;yearlier=;z=16;zearlier=48;h=34033/630630;r=16;M=2000;B2=122377/2522520;B2w=20,24;B2tail=93062141/2355529176;B2gap=8838959/981470490;paid=4;margin=131/24024;closed=1
THIRD_RECURSIVE;E=2,4,6,8,10,12,14;rank=1;a=22;P=22;x=16;earlier=18,26;y=52;yearlier=;lambda3=24769/630630;delta3=9916/441441;N3=251;H1=36:757/18018,54:706/17199;closed=1
THIRD;E=2,4,6,8,10,12,14;rank=1;a=22;P=22;x=16;earlier=18,26;y=52;yearlier=;z=36;zearlier=;h=23864/315315;r=32;M=2000;B2=3867/70070;B2w=20,24;B2tail=15186331/294441147;B2gap=10631897/2944411470;paid=10;margin=235/11466;closed=1
THIRD;E=2,4,6,8,10,12,14;rank=1;a=22;P=22;x=16;earlier=18,26;y=52;yearlier=;z=54;zearlier=36;h=145009/1891890;r=32;M=2000;B2=92969/1891890;B2w=20,24;B2tail=26892923/588882294;B2gap=15339208/4416617205;paid=10;margin=5204/189189;closed=1
THIRD_RECURSIVE;E=2,4,6,8,10,12,14;rank=1;a=22;P=22;x=18;earlier=;y=16;yearlier=26;lambda3=17527/582120;delta3=17527/1018710;N3=375;H1=52:94799/2522520,78:88639/2522520,20:1649/48510;closed=1
THIRD;E=2,4,6,8,10,12,14;rank=1;a=22;P=22;x=18;earlier=;y=16;yearlier=26;z=52;zearlier=;h=33263/630630;r=20;M=2000;B2=14899/315315;B2w=20,24;B2tail=57639623/1472205735;B2gap=917216/113246595;paid=5;margin=1/182;closed=1
THIRD;E=2,4,6,8,10,12,14;rank=1;a=22;P=22;x=18;earlier=;y=16;yearlier=26;z=78;zearlier=52;h=3867/70070;r=24;M=2000;B2=4838/105105;B2w=20,24;B2tail=927417/25165910;B2gap=9007981/981470490;paid=3;margin=5/546;closed=1
THIRD;E=2,4,6,8,10,12,14;rank=1;a=22;P=22;x=18;earlier=;y=16;yearlier=26;z=20;zearlier=52,78;h=10931/194040;r=28;M=2000;B2=8621/194040;B2w=24,104;B2tail=215243213/5888822940;B2gap=92782411/11777645880;paid=9;margin=1/84;closed=1
THIRD_RECURSIVE;E=2,4,6,8,10,12,14;rank=1;a=22;P=22;x=18;earlier=;y=26;yearlier=;lambda3=25684/945945;delta3=102736/6621615;N3=312;H1=16:950/21021,48:7561/210210,32:51/1456,80:1/35;closed=0
THIRD;E=2,4,6,8,10,12,14;rank=1;a=22;P=22;x=18;earlier=;y=26;yearlier=;z=16;zearlier=;h=11434/315315;r=16;M=2000;B2=11434/315315;B2w=20,24;B2tail=45489254/1472205735;B2gap=7896092/1472205735;paid=11;margin=0/1;closed=0
THIRD;E=2,4,6,8,10,12,14;rank=1;a=22;P=22;x=18;earlier=;y=26;yearlier=;z=48;zearlier=16;h=5737/126126;r=24;M=2000;B2=35639/1009008;B2w=20,32;B2tail=97236823/2944411470;B2gap=54097871/23555291760;paid=23;margin=263/25872;closed=1
THIRD;E=2,4,6,8,10,12,14;rank=1;a=22;P=22;x=18;earlier=;y=26;yearlier=;z=32;zearlier=16,48;h=234229/5045040;r=28;M=2000;B2=11434/315315;B2w=20,24;B2tail=790575671/23555291760;B2gap=12717973/4711058352;paid=21;margin=263/25872;closed=1
THIRD;E=2,4,6,8,10,12,14;rank=1;a=22;P=22;x=18;earlier=;y=26;yearlier=;z=80;zearlier=16,48,32;h=3335/63063;r=40;M=2000;B2=11302271/401080680;B2w=106,216;B2tail=109211161/3925881960;B2gap=338289751/936322847460;paid=14;margin=9908329/401080680;closed=1
THIRD_RECURSIVE;E=2,4,6,8,10,12,14;rank=1;a=22;P=22;x=26;earlier=18;y=16;yearlier=;lambda3=28753/840840;delta3=28753/1471470;N3=248;H1=36:58/1287,54:50/1323,72:8873/252252;closed=1
THIRD;E=2,4,6,8,10,12,14;rank=1;a=22;P=22;x=26;earlier=18;y=16;yearlier=;z=36;zearlier=;h=145097/2522520;r=28;M=2000;B2=13103/280280;B2w=20,120;B2tail=507425543/11777645880;B2gap=2158781/588882294;paid=10;margin=19/1764;closed=1
THIRD;E=2,4,6,8,10,12,14;rank=1;a=22;P=22;x=26;earlier=18;y=16;yearlier=;z=54;zearlier=36;h=490331/7567560;r=36;M=2000;B2=44003/1081080;B2w=20,120;B2tail=1373875381/35332937640;B2gap=16068667/8833234410;paid=19;margin=6077/252252;closed=1
THIRD;E=2,4,6,8,10,12,14;rank=1;a=22;P=22;x=26;earlier=18;y=16;yearlier=;z=72;zearlier=36,54;h=170047/2522520;r=32;M=2000;B2=140167/3027024;B2w=20,27;B2tail=8135753/181194552;B2gap=19850989/14133175056;paid=20;margin=319447/15135120;closed=1
THIRD_RECURSIVE;E=2,4,6,8,10,12,14;rank=2;a=18;P=22,18;x=16;earlier=26;y=44;yearlier=;lambda3=2119/52920;delta3=2119/92610;N3=388;H1=52:12501/280280,78:109919/2522520,20:982/24255;closed=1
THIRD;E=2,4,6,8,10,12,14;rank=2;a=18;P=22,18;x=16;earlier=26;y=44;yearlier=;z=52;zearlier=;h=47627/630630;r=32;M=2000;B2=18994/315315;B2w=20,24;B2tail=11349781/226493190;B2gap=29818819/2944411470;paid=3;margin=153/10010;closed=1
THIRD;E=2,4,6,8,10,12,14;rank=2;a=18;P=22,18;x=16;earlier=26;y=44;yearlier=;z=78;zearlier=52;h=32183/420420;r=36;M=2000;B2=6203/105105;B2w=20,24;B2tail=93453599/1962940980;B2gap=7464543/654313660;paid=2;margin=27/1540;closed=1
THIRD;E=2,4,6,8,10,12,14;rank=2;a=18;P=22,18;x=16;earlier=26;y=44;yearlier=;z=20;zearlier=52,78;h=1717/21560;r=40;M=2000;B2=46411/840840;B2w=24,104;B2tail=13330399/301990920;B2gap=328771/29741530;paid=6;margin=367/15015;closed=1
THIRD_RECURSIVE;E=2,4,6,8,10,12,14;rank=2;a=18;P=22,18;x=26;earlier=;y=44;yearlier=;lambda3=381649/10090080;delta3=1541711/70630560;N3=333;H1=16:2173/42042,48:1013/25480;closed=1
THIRD;E=2,4,6,8,10,12,14;rank=2;a=18;P=22,18;x=26;earlier=;y=44;yearlier=;z=16;zearlier=;h=76039/1261260;r=28;M=2000;B2=15529/315315;B2w=20,24;B2tail=49508671/1177764588;B2gap=42476249/5888822940;paid=4;margin=17/1540;closed=1
THIRD;E=2,4,6,8,10,12,14;rank=2;a=18;P=22,18;x=26;earlier=;y=44;yearlier=;z=48;zearlier=16;h=16561/229320;r=40;M=2000;B2=536027/11603592;B2w=20,184;B2tail=529428997/11777645880;B2gap=1829801/1472205735;paid=17;margin=251633/9669660;closed=1
THIRD_RECURSIVE;E=2,4,6,10,11,13,14;rank=1;a=16;P=16;x=17;earlier=18,36;y=27;yearlier=;lambda3=205436053/5917831920;delta3=419288449/20712411720;N3=279;H1=19:1222091/34186320;closed=1
THIRD;E=2,4,6,10,11,13,14;rank=1;a=16;P=16;x=17;earlier=18,36;y=27;yearlier=;z=19;zearlier=;h=6676247/101846745;r=24;M=2000;B2=1165244477/22487761296;B2w=22,23;B2tail=1058328315043/22825077715440;B2gap=15549353639/2853134714430;paid=4;margin=1544354303/112438806480;closed=1
semantic_sha256=55c2e237e4b22475d2daa1dd08f8d8df25653952387c62813dd33edc2f66ae67
scope=49 failed-grandchild recursive rows;not canon
