scale k: [2^(k-1), 2^k)  densities of basins (-1, -5, -17)   cut fraction (basin(m) != basin(m+1))   residue spread mod 3, 4, 9
k= 2  1.0000 0.0000 0.0000   cuts 0.0000   spread(-1 basin) mod3 0.0000 mod4 0.0000 mod9 0.0000
k= 3  0.5000 0.5000 0.0000   cuts 1.0000   spread(-1 basin) mod3 0.5000 mod4 0.5000 mod9 0.5000
k= 4  0.5000 0.5000 0.0000   cuts 0.5000   spread(-1 basin) mod3 0.5000 mod4 0.5000 mod9 0.5000
k= 5  0.3125 0.3750 0.3125   cuts 0.6875   spread(-1 basin) mod3 0.1125 mod4 0.3125 mod9 0.6875
k= 6  0.3125 0.3125 0.3750   cuts 0.6562   spread(-1 basin) mod3 0.1125 mod4 0.1875 mod9 0.6875
k= 7  0.3906 0.2812 0.3281   cuts 0.5156   spread(-1 basin) mod3 0.0639 mod4 0.1094 mod9 0.4665
k= 8  0.3906 0.2891 0.3203   cuts 0.5078   spread(-1 basin) mod3 0.0418 mod4 0.0781 mod9 0.2478
k= 9  0.3477 0.3125 0.3398   cuts 0.4492   spread(-1 basin) mod3 0.0065 mod4 0.0820 mod9 0.1752
k=10  0.3281 0.3164 0.3555   cuts 0.4141   spread(-1 basin) mod3 0.0281 mod4 0.0781 mod9 0.0929
k=11  0.3223 0.3223 0.3555   cuts 0.4033   spread(-1 basin) mod3 0.0152 mod4 0.0254 mod9 0.0854
k=12  0.3242 0.3242 0.3516   cuts 0.4121   spread(-1 basin) mod3 0.0109 mod4 0.0098 mod9 0.0486
k=13  0.3228 0.3289 0.3484   cuts 0.4260   spread(-1 basin) mod3 0.0062 mod4 0.0034 mod9 0.0355
k=14  0.3263 0.3256 0.3481   cuts 0.4150   spread(-1 basin) mod3 0.0055 mod4 0.0062 mod9 0.0243
k=15  0.3307 0.3245 0.3448   cuts 0.4090   spread(-1 basin) mod3 0.0024 mod4 0.0121 mod9 0.0144
k=16  0.3330 0.3215 0.3455   cuts 0.3998   spread(-1 basin) mod3 0.0056 mod4 0.0067 mod9 0.0141
k=17  0.3313 0.3215 0.3472   cuts 0.3914   spread(-1 basin) mod3 0.0021 mod4 0.0040 mod9 0.0075
k=18  0.3294 0.3219 0.3487   cuts 0.3825   spread(-1 basin) mod3 0.0007 mod4 0.0043 mod9 0.0040
k=19  0.3280 0.3233 0.3487   cuts 0.3758   spread(-1 basin) mod3 0.0014 mod4 0.0037 mod9 0.0048
k=20  0.3278 0.3240 0.3482   cuts 0.3704   spread(-1 basin) mod3 0.0010 mod4 0.0017 mod9 0.0036
k=21  0.3277 0.3243 0.3481   cuts 0.3654   spread(-1 basin) mod3 0.0002 mod4 0.0003 mod9 0.0020
k=22  0.3277 0.3243 0.3480   cuts 0.3611   spread(-1 basin) mod3 0.0004 mod4 0.0002 mod9 0.0020
k=23  0.3275 0.3243 0.3481   cuts 0.3571   spread(-1 basin) mod3 0.0002 mod4 0.0003 mod9 0.0007
k=24  0.3274 0.3244 0.3482   cuts 0.3533   spread(-1 basin) mod3 0.0003 mod4 0.0004 mod9 0.0008
k=25  0.3271 0.3244 0.3485   cuts 0.3496   spread(-1 basin) mod3 0.0001 mod4 0.0004 mod9 0.0005
k=26  0.3270 0.3245 0.3485   cuts 0.3458   spread(-1 basin) mod3 0.0001 mod4 0.0005 mod9 0.0002
k=27  0.3269 0.3246 0.3485   cuts 0.3424   spread(-1 basin) mod3 0.0000 mod4 0.0003 mod9 0.0002
k=28  0.3268 0.3248 0.3484   cuts 0.3392   spread(-1 basin) mod3 0.0000 mod4 0.0001 mod9 0.0001
