THM4303_ENDPOINT595_INDEPENDENT_REPLAY_V1
CARRIER 9019 FNV 892fef44a9e6b37e RANK8 8961 RANK9 58
ROWS_DERIVED_FROM_TYPED_RESIDUAL 28 FNV 47981ce64825ef2a BODY_UNIVERSE_PER_ROW 14307150 WORKERS 8
PAIR 96,595 ACTIVE 2652 ACTIVE_FNV 2d6c5b4eb0ba9f91 JOINT 228 NONJOINT 2424 EXPOSED 110889 EXPOSED_FNV c995d9284deb5c41 FAILURES 116 FAILURE_FNV fedacdbff3f31981
PAIR 100,595 ACTIVE 3167 ACTIVE_FNV 2ef953a344b7f42f JOINT 248 NONJOINT 2919 EXPOSED 109048 EXPOSED_FNV 8efa8be4055e0940 FAILURES 13 FAILURE_FNV 3ac9ac8b4b9ad93f
PAIR 147,595 ACTIVE 7475 ACTIVE_FNV 4076d2cb40625324 JOINT 418 NONJOINT 7057 EXPOSED 44 EXPOSED_FNV 002da50d4031cc12 FAILURES 0 FAILURE_FNV cbf29ce484222325
PAIR 186,595 ACTIVE 6782 ACTIVE_FNV 483256b031d5ecaa JOINT 407 NONJOINT 6375 EXPOSED 271 EXPOSED_FNV 233e4b04a6089e10 FAILURES 0 FAILURE_FNV cbf29ce484222325
PAIR 192,595 ACTIVE 4063 ACTIVE_FNV 5632df2c6bddabed JOINT 320 NONJOINT 3743 EXPOSED 13992 EXPOSED_FNV 4f9b43efe6098e0d FAILURES 0 FAILURE_FNV cbf29ce484222325
PAIR 206,595 ACTIVE 5476 ACTIVE_FNV 753b226eff0437c1 JOINT 394 NONJOINT 5082 EXPOSED 694 EXPOSED_FNV fedb90e9b086cde0 FAILURES 0 FAILURE_FNV cbf29ce484222325
PAIR 210,595 ACTIVE 3727 ACTIVE_FNV 3067753a1673905b JOINT 271 NONJOINT 3456 EXPOSED 63302 EXPOSED_FNV f520fbc2305991f7 FAILURES 16 FAILURE_FNV a6a226f12c168d3a
PAIR 220,595 ACTIVE 6906 ACTIVE_FNV 52545114e5bfdb92 JOINT 412 NONJOINT 6494 EXPOSED 192 EXPOSED_FNV c9334d5549099d97 FAILURES 0 FAILURE_FNV cbf29ce484222325
PAIR 244,595 ACTIVE 6783 ACTIVE_FNV a85812108890d3c5 JOINT 417 NONJOINT 6366 EXPOSED 50 EXPOSED_FNV 023e7a1d8fcb8359 FAILURES 0 FAILURE_FNV cbf29ce484222325
PAIR 256,595 ACTIVE 3623 ACTIVE_FNV bf20b8677a0b0e0a JOINT 366 NONJOINT 3257 EXPOSED 1864 EXPOSED_FNV 03425aa4b01988aa FAILURES 0 FAILURE_FNV cbf29ce484222325
PAIR 260,595 ACTIVE 6794 ACTIVE_FNV e1b71ee16670247c JOINT 394 NONJOINT 6400 EXPOSED 653 EXPOSED_FNV c2bb71a90ebbf8f6 FAILURES 0 FAILURE_FNV cbf29ce484222325
PAIR 265,595 ACTIVE 8321 ACTIVE_FNV 72ba972f681ebe88 JOINT 420 NONJOINT 7901 EXPOSED 7 EXPOSED_FNV fa4bd48eab47073e FAILURES 0 FAILURE_FNV cbf29ce484222325
PAIR 294,595 ACTIVE 6380 ACTIVE_FNV aa48423b1fc65711 JOINT 399 NONJOINT 5981 EXPOSED 536 EXPOSED_FNV 42fc4cba6d0c766b FAILURES 0 FAILURE_FNV cbf29ce484222325
PAIR 296,595 ACTIVE 8108 ACTIVE_FNV ab40aee0e6639d39 JOINT 420 NONJOINT 7688 EXPOSED 10 EXPOSED_FNV 1813ce557ac44329 FAILURES 0 FAILURE_FNV cbf29ce484222325
PAIR 306,595 ACTIVE 7021 ACTIVE_FNV aa146000df24e9ce JOINT 414 NONJOINT 6607 EXPOSED 93 EXPOSED_FNV b04c400d171b2c5e FAILURES 0 FAILURE_FNV cbf29ce484222325
PAIR 320,595 ACTIVE 6849 ACTIVE_FNV 7ee6b3e85056cb09 JOINT 411 NONJOINT 6438 EXPOSED 166 EXPOSED_FNV 17fc891da1b7323d FAILURES 0 FAILURE_FNV cbf29ce484222325
PAIR 332,595 ACTIVE 7185 ACTIVE_FNV 541be7cf8dc29248 JOINT 416 NONJOINT 6769 EXPOSED 61 EXPOSED_FNV 6843bd9f5d3ba163 FAILURES 0 FAILURE_FNV cbf29ce484222325
PAIR 338,595 ACTIVE 7885 ACTIVE_FNV 8a2f925ee1686ca0 JOINT 418 NONJOINT 7467 EXPOSED 13 EXPOSED_FNV 3d073718271e07b2 FAILURES 0 FAILURE_FNV cbf29ce484222325
PAIR 346,595 ACTIVE 7887 ACTIVE_FNV 31fc337f0bf5e148 JOINT 420 NONJOINT 7467 EXPOSED 6 EXPOSED_FNV bf5f21c4019b8a65 FAILURES 0 FAILURE_FNV cbf29ce484222325
PAIR 366,595 ACTIVE 4945 ACTIVE_FNV 8b7ffcdb3c6fbacd JOINT 384 NONJOINT 4561 EXPOSED 902 EXPOSED_FNV 68d97b7843946f68 FAILURES 0 FAILURE_FNV cbf29ce484222325
PAIR 370,595 ACTIVE 8006 ACTIVE_FNV c32a441903770dca JOINT 418 NONJOINT 7588 EXPOSED 52 EXPOSED_FNV 0796d78dc24f93aa FAILURES 0 FAILURE_FNV cbf29ce484222325
PAIR 372,595 ACTIVE 7536 ACTIVE_FNV 3dd20279131f1128 JOINT 418 NONJOINT 7118 EXPOSED 23 EXPOSED_FNV b55ad287f69e9991 FAILURES 0 FAILURE_FNV cbf29ce484222325
PAIR 384,595 ACTIVE 6589 ACTIVE_FNV ff8d70388eb8a195 JOINT 417 NONJOINT 6172 EXPOSED 32 EXPOSED_FNV 5f81e50679decd50 FAILURES 0 FAILURE_FNV cbf29ce484222325
PAIR 416,595 ACTIVE 6988 ACTIVE_FNV b346e3c76e25088a JOINT 401 NONJOINT 6587 EXPOSED 495 EXPOSED_FNV c7975ca8df20fb7e FAILURES 0 FAILURE_FNV cbf29ce484222325
PAIR 420,595 ACTIVE 8239 ACTIVE_FNV 2c2b82f9b5907d47 JOINT 420 NONJOINT 7819 EXPOSED 24 EXPOSED_FNV 50d763002d8e3373 FAILURES 0 FAILURE_FNV cbf29ce484222325
PAIR 440,595 ACTIVE 7487 ACTIVE_FNV cfcba7fd3679e1f2 JOINT 417 NONJOINT 7070 EXPOSED 87 EXPOSED_FNV 9fcb484bb8b46c56 FAILURES 0 FAILURE_FNV cbf29ce484222325
PAIR 512,595 ACTIVE 6614 ACTIVE_FNV 8f54eb9eebdeb9a0 JOINT 419 NONJOINT 6195 EXPOSED 19 EXPOSED_FNV 5c78647e7da45886 FAILURES 0 FAILURE_FNV cbf29ce484222325
PAIR 520,595 ACTIVE 7851 ACTIVE_FNV 17f35b24e89258ff JOINT 416 NONJOINT 7435 EXPOSED 58 EXPOSED_FNV 2473fbd208659dc4 FAILURES 0 FAILURE_FNV cbf29ce484222325
BOUNDARY_CLOSED 25 FNV 1ad4f3c2ab6ea09d BOUNDARY_SURVIVORS 3 FNV 9853e590efc73022
SURVIVING_TOP_ROWS (96,595) (100,595) (210,595)
ENLARGED_TYPED_UNION 1658 FNV 43317f1aee06e8bd ENLARGED_RESIDUAL 20989 FNV b0fbaa28440a118f
SCOPE FINITE_EXACT_FIXED_CARRIER_ROW_CONSEQUENCES_ONLY_NO_PHYSICAL_ENTRY_NO_LRC14
VERDICT PASS
