TYPED_GRAPH_OLD_K597_H297_INDEPENDENT_V1
UNIVERSE rows=22647 fnv=df5374d4aca67677 sha256=14f9be0d9472bc573e582ec6f4cb92c7def6f583f6afaf0b747f2a9713330317
OLD rows=1324 fnv=f55ee025df29bb65 sha256=57bdcd932cc2c985e81e1b2d472a469cf4c2e11c9cb21dd4b1037c4ba098562a
OLD_RESIDUAL rows=21323 fnv=09a0dfc4515d556b sha256=a6fb3ea00f5017b2ad66cbccf75f89756aa94360652ff6a7dbf22c637a1c7656
K597_COMPLETE_PREFIX rows=354 fnv=33b0069ca994b786 sha256=e653857c9bfe1ef50e7724cfad05232b3695f88534ca289844a46d914ca52df5
K597_ENDPOINT_RANGE 597..636
H297 rows=42 fnv=211843ee21a19170 sha256=ebe58d57e62a60be8325c7618146cb3e18cf9a20b51ee7270615290c109f06e6
H297_ENDPOINT_RANGE 59..550
PAIRWISE_AND_TRIPLE_OVERLAPS
OLD_AND_K597 rows=96 fnv=7b59a3a3d74b98a8 sha256=4baa9aa7b345383db9fed34626ded5935a2dee98a054784ec3d2d92148e9b852
OLD_AND_H297 rows=0 fnv=cbf29ce484222325 sha256=e3b0c44298fc1c149afbf4c8996fb92427ae41e4649b934ca495991b7852b855
K597_AND_H297 rows=0 fnv=cbf29ce484222325 sha256=e3b0c44298fc1c149afbf4c8996fb92427ae41e4649b934ca495991b7852b855
OLD_AND_K597_AND_H297 rows=0 fnv=cbf29ce484222325 sha256=e3b0c44298fc1c149afbf4c8996fb92427ae41e4649b934ca495991b7852b855
EXACT_MEMBERSHIP_PROFILES
PROFILE_H297 rows=42 fnv=211843ee21a19170 sha256=ebe58d57e62a60be8325c7618146cb3e18cf9a20b51ee7270615290c109f06e6
PROFILE_K597 rows=258 fnv=ad8b461ad53af2ab sha256=80f8a84c0245f6df9221a343381497cac9b8bc2b432e0e80e3ab07ad75e3df04
PROFILE_OLD rows=1228 fnv=bbd8dcc0d82b62b0 sha256=80e42414cbf00b8b62e190d396dd8c9529f15ec6ff90e0f9d5554cc6f2d93087
PROFILE_OLD+K597 rows=96 fnv=7b59a3a3d74b98a8 sha256=4baa9aa7b345383db9fed34626ded5935a2dee98a054784ec3d2d92148e9b852
K597_STRICTLY_ADDED rows=258 fnv=ad8b461ad53af2ab sha256=80f8a84c0245f6df9221a343381497cac9b8bc2b432e0e80e3ab07ad75e3df04
H297_STRICTLY_ADDED rows=42 fnv=211843ee21a19170 sha256=ebe58d57e62a60be8325c7618146cb3e18cf9a20b51ee7270615290c109f06e6
FINAL_TYPED_UNION rows=1624 fnv=11414a33ab91fef6 sha256=ef9102553cd030f67ab1bdb7d6965c3efaf4b0d8aa85daa1092354c9703caf26
FINAL_RESIDUAL rows=21023 fnv=e93e8089e9dc58c0 sha256=ce215cb53a742e5e0d0d4f16e344687da9583ce5dc1417c7ea70399fb0bf70ba
FINAL_MAX_ENDPOINT 596 TOP_ROWS (96,596) (100,596) (192,596) (210,596) (256,596) (260,596) (294,596) (306,596) (384,596)
FINAL_LAYER_596 rows=9 fnv=1f9be79f9df5bf16 sha256=1632cdf580e32ceaf627b0b9bb9d2580fabe18f5000f6a5d4c6b2d1f86b830c3
FINAL_LAYER_595 rows=28 fnv=47981ce64825ef2a sha256=c607dab04e4f6849a2226f518771e43b1301d4fc582b47bfa5752c4643c93702
FINAL_LAYER_594 rows=25 fnv=cce015c81f7121d9 sha256=920638d6fb23a8f6492d34cf50e7dc247c2eddfe7ba3f2088c59155e1a56167e
FINAL_LAYER_593 rows=16 fnv=5424c07fa724011f sha256=a4bf3d1e9aff29be4fb07d2644912cc098dbd996bc527b4f22dee980f36a6ce6
FINAL_LAYER_592 rows=37 fnv=0f74d55a77402834 sha256=8b35806dcdece13f78ea7e18cb0935a60ff83a2e43b238a67e6887017896a3ca
FINAL_LAYER_591 rows=14 fnv=7ffc68797f5a424a sha256=f9b9921af049ef264a423df877c95940b8ff310cdc8686c66ff5653f69d683ee
FINAL_LAYER_590 rows=13 fnv=44aa8a793d162cf9 sha256=eefb84e9fec0bcd809830a3c5ed18b0bb2aea1a2f2cb8b4994fafeaf1f5d01ce
FINAL_LAYER_589 rows=28 fnv=5d9429c9f9971322 sha256=005306a28c756a93862fd1745414fc058032f4d99e32086c079c29607bfed0c6
FINAL_LAYER_588 rows=66 fnv=18cf9a572cf9a5be sha256=a490630678d4ba088b98e24f2ca3098fe2b9407e197ace1a4696df823cfeda69
FINAL_LAYER_587 rows=10 fnv=f48ca5f1904d6f52 sha256=e2e841bccef0773513cc71d6b60ed03aa227cc701e19bc8a4673b4b7971d2a63
TYPE_GUARD typed_row_set_join_only_no_common_deck_no_LRC14
VERDICT PASS
