LRC14 j6 two-survivor H4 child q3+B2 probe
totals=(2, 651, 412, 602, 602, 49, 4883)
parent_rows=(((1, 3, 7, 8, 10, 11, 13), 18, Fraction(21237, 140140), Fraction(66259, 1331330), Fraction(282883, 18638620), Fraction(379, 14896), 1171, (17, 19, 21, 23, 25, 29, 34, 37, 38, 42, 46, 47, 53, 68, 75, 80, 84, 100, 104, 125, 130, 143, 156, 173, 216), 300, 225, 287, 287), ((1, 4, 9, 10, 12, 13, 14), 22, Fraction(4643, 25740), Fraction(29257, 504504), Fraction(48721, 2522520), Fraction(308729, 10090080), 1422, (16, 17, 19, 23, 24, 29, 32, 34, 38, 40, 43, 46, 48, 62, 69, 74, 75, 79, 86, 108, 115, 125, 130, 140, 156, 175, 182), 351, 187, 315, 315))
minimum=((1, 4, 9, 10, 12, 13, 14), 22, (19, 34), '-555503/37934820', '-59209/2408560', (16, 23))
failure_count=49
FAIL E=(1, 3, 7, 8, 10, 11, 13);a=18;L=(17, 25);top3=-49706357/7207615800;q3B2=-5013469/1932476700;Bmax=(19, 37)
FAIL E=(1, 3, 7, 8, 10, 11, 13);a=18;L=(17, 29);top3=-899862829/108690846264;q3B2=-75012397/33625094580;Bmax=(19, 37)
FAIL E=(1, 3, 7, 8, 10, 11, 13);a=18;L=(19, 37);top3=-3799116707/257792391780;q3B2=-18087787/19048698900;Bmax=(17, 25)
FAIL E=(1, 3, 7, 8, 10, 11, 13);a=18;L=(19, 47);top3=-120997402907/12771174436020;q3B2=-74076095/167120585016;Bmax=(17, 37)
FAIL E=(1, 3, 7, 8, 10, 11, 13);a=18;L=(21, 37);top3=-580309/70271880;q3B2=-177749/70271880;Bmax=(17, 19)
FAIL E=(1, 3, 7, 8, 10, 11, 13);a=18;L=(23, 37);top3=-8321624347/693372639960;q3B2=-1574964427/693372639960;Bmax=(17, 19)
FAIL E=(1, 3, 7, 8, 10, 11, 13);a=18;L=(25, 37);top3=-1647517/93217800;q3B2=-304907/38383800;Bmax=(17, 19)
FAIL E=(1, 3, 7, 8, 10, 11, 13);a=18;L=(25, 47);top3=-11132601/1075422040;q3B2=-95503/153631720;Bmax=(17, 19)
FAIL E=(1, 3, 7, 8, 10, 11, 13);a=18;L=(29, 37);top3=-5361139681/437126229540;q3B2=-1107810601/437126229540;Bmax=(17, 19)
FAIL E=(1, 3, 7, 8, 10, 11, 13);a=18;L=(37, 47);top3=-2225936623/143670858660;q3B2=-827989303/143670858660;Bmax=(17, 19)
FAIL E=(1, 3, 7, 8, 10, 11, 13);a=18;L=(37, 84);top3=-60826123/4803584940;q3B2=-14086243/4803584940;Bmax=(17, 19)
FAIL E=(1, 3, 7, 8, 10, 11, 13);a=18;L=(37, 100);top3=-1810376789/168125472900;q3B2=-219971131/84062736450;Bmax=(17, 19)
FAIL E=(1, 3, 7, 8, 10, 11, 13);a=18;L=(37, 125);top3=-5110807679/666704461500;q3B2=-147530591/666704461500;Bmax=(17, 19)
FAIL E=(1, 4, 9, 10, 12, 13, 14);a=22;L=(16, 34);top3=-140789353/12493200720;q3B2=-3202427/5354228880;Bmax=(23, 38)
FAIL E=(1, 4, 9, 10, 12, 13, 14);a=22;L=(16, 38);top3=-1395871/120126930;q3B2=-3241675/1070845776;Bmax=(23, 34)
FAIL E=(1, 4, 9, 10, 12, 13, 14);a=22;L=(17, 19);top3=-82211/4144140;q3B2=-89177353/12493200720;Bmax=(16, 23)
FAIL E=(1, 4, 9, 10, 12, 13, 14);a=22;L=(17, 29);top3=-1533878293/114411417120;q3B2=-192189889/57205708560;Bmax=(16, 46)
FAIL E=(1, 4, 9, 10, 12, 13, 14);a=22;L=(17, 34);top3=-22047439/1315073760;q3B2=-684416/123288165;Bmax=(16, 23)
FAIL E=(1, 4, 9, 10, 12, 13, 14);a=22;L=(17, 38);top3=-10070881/734894160;q3B2=-28682999/9369900540;Bmax=(16, 23)
FAIL E=(1, 4, 9, 10, 12, 13, 14);a=22;L=(17, 108);top3=-11027827/986305320;q3B2=-19757887/5917831920;Bmax=(16, 23)
FAIL E=(1, 4, 9, 10, 12, 13, 14);a=22;L=(17, 125);top3=-980850659/98630532000;q3B2=-44563/43835792;Bmax=(16, 23)
FAIL E=(1, 4, 9, 10, 12, 13, 14);a=22;L=(17, 130);top3=-287813/17932824;q3B2=-153889/657536880;Bmax=(16, 23)
FAIL E=(1, 4, 9, 10, 12, 13, 14);a=22;L=(17, 182);top3=-34631/3659760;q3B2=-4387/16859920;Bmax=(16, 23)
FAIL E=(1, 4, 9, 10, 12, 13, 14);a=22;L=(19, 29);top3=-35057653/3365041680;q3B2=-89561/186946760;Bmax=(16, 23)
FAIL E=(1, 4, 9, 10, 12, 13, 14);a=22;L=(19, 34);top3=-59209/2408560;q3B2=-555503/37934820;Bmax=(16, 23)
FAIL E=(1, 4, 9, 10, 12, 13, 14);a=22;L=(19, 62);top3=-53293103/7194227040;q3B2=-35892863/7194227040;Bmax=(16, 23)
FAIL E=(1, 4, 9, 10, 12, 13, 14);a=22;L=(19, 74);top3=-1099753/94358880;q3B2=-69737/10484320;Bmax=(23, 32)
FAIL E=(1, 4, 9, 10, 12, 13, 14);a=22;L=(19, 79);top3=-35574131/3055612560;q3B2=-2311871/1145854710;Bmax=(16, 23)
FAIL E=(1, 4, 9, 10, 12, 13, 14);a=22;L=(19, 108);top3=-28943/1912680;q3B2=-118231/13388760;Bmax=(16, 23)
FAIL E=(1, 4, 9, 10, 12, 13, 14);a=22;L=(19, 130);top3=-3284269/232071840;q3B2=-2197529/489929440;Bmax=(23, 32)
FAIL E=(1, 4, 9, 10, 12, 13, 14);a=22;L=(19, 140);top3=-1286359/232071840;q3B2=-31623/12892880;Bmax=(23, 32)
FAIL E=(1, 4, 9, 10, 12, 13, 14);a=22;L=(19, 182);top3=-2108149/232071840;q3B2=-789629/489929440;Bmax=(23, 32)
FAIL E=(1, 4, 9, 10, 12, 13, 14);a=22;L=(23, 38);top3=-63228229/4409364960;q3B2=-529611/832880048;Bmax=(16, 34)
FAIL E=(1, 4, 9, 10, 12, 13, 14);a=22;L=(29, 34);top3=-532007561/38137139040;q3B2=-458873813/114411417120;Bmax=(16, 23)
FAIL E=(1, 4, 9, 10, 12, 13, 14);a=22;L=(29, 46);top3=-127940923/10401037920;q3B2=-1277291/305912880;Bmax=(16, 17)
FAIL E=(1, 4, 9, 10, 12, 13, 14);a=22;L=(34, 38);top3=-834767/39369330;q3B2=-24834347/2204682480;Bmax=(16, 23)
FAIL E=(1, 4, 9, 10, 12, 13, 14);a=22;L=(34, 62);top3=-516878/109198089;q3B2=-3459193/1528773246;Bmax=(16, 23)
FAIL E=(1, 4, 9, 10, 12, 13, 14);a=22;L=(34, 74);top3=-14803/1758120;q3B2=-16943183/18246648420;Bmax=(23, 32)
FAIL E=(1, 4, 9, 10, 12, 13, 14);a=22;L=(34, 79);top3=-3969962653/311672481120;q3B2=-970230203/311672481120;Bmax=(16, 23)
FAIL E=(1, 4, 9, 10, 12, 13, 14);a=22;L=(34, 108);top3=-35326579/2958915960;q3B2=-16680809/2958915960;Bmax=(16, 23)
FAIL E=(1, 4, 9, 10, 12, 13, 14);a=22;L=(34, 125);top3=-415396321/32876844000;q3B2=-491329429/98630532000;Bmax=(16, 23)
FAIL E=(1, 4, 9, 10, 12, 13, 14);a=22;L=(34, 130);top3=-297127/19925360;q3B2=-767495/197261064;Bmax=(16, 23)
FAIL E=(1, 4, 9, 10, 12, 13, 14);a=22;L=(34, 156);top3=-615479/82192110;q3B2=-2391161/1972610640;Bmax=(16, 23)
FAIL E=(1, 4, 9, 10, 12, 13, 14);a=22;L=(34, 175);top3=-559183/54794740;q3B2=-18725809/9863053200;Bmax=(16, 23)
FAIL E=(1, 4, 9, 10, 12, 13, 14);a=22;L=(34, 182);top3=-40301/3516240;q3B2=-16309/5274360;Bmax=(16, 23)
FAIL E=(1, 4, 9, 10, 12, 13, 14);a=22;L=(38, 108);top3=-355747/33745140;q3B2=-1568233/734894160;Bmax=(16, 23)
FAIL E=(1, 4, 9, 10, 12, 13, 14);a=22;L=(38, 130);top3=-15149/1413258;q3B2=-26459/33918192;Bmax=(16, 23)
FAIL E=(1, 4, 9, 10, 12, 13, 14);a=22;L=(62, 108);top3=-11588519/3083240160;q3B2=-28918913/21582681120;Bmax=(16, 23)
FAIL E=(1, 4, 9, 10, 12, 13, 14);a=22;L=(74, 130);top3=-1235711/195151320;q3B2=-1203373/2862219360;Bmax=(23, 32)
canonical_ledger_sha256=38970a4608a9be8de0afe9f8093496e756c3fca4fd1f2ed9a9c25c3209c02b8c
scope=two marked first-apex branches;651 H4 children
all_exact_controls=PASS
